4 [('glue', 'dest_foreign_moving', 2, (1, -1, -1)), ('glue', 'dest_foreign_moving', 5, (3, -1, -1))]
8 [('glue', 'dest_foreign_moving', 2, (3, -1, 3)), ('glue', 'dest_foreign_moving', 5, (5, -1, 3)), ('glue', 'dest_foreign_moving', 2, (3, -2, 3)), ('glue', 'dest_foreign_moving', 5, (5, -2, 3)), ('glue', 'dest_foreign_moving', 2, (3, -2, 2))]
s000009_L28 28 [18, 18, 21]
s000010_L30 30 [23, 20, 19]
13 [('glue', 'dest_foreign_moving', 2, (3, -1, -1)), ('glue', 'dest_foreign_moving', 5, (5, -1, -1)), ('glue', 'dest_foreign_moving', 2, (3, -1, 3)), ('glue', 'dest_foreign_moving', 5, (5, -1, 3))]
21 [('glue', 'dest_foreign_moving', 2, (3, 1, 1)), ('glue', 'dest_foreign_moving', 5, (5, 1, 1))]
28 [('glue', 'dest_foreign_moving', 1, (-1, -1, -1)), ('glue', 'dest_foreign_moving', 4, (1, -1, -1)), ('glue', 'dest_foreign_moving', 2, (3, -1, -1)), ('glue', 'dest_foreign_moving', 5, (5, -1, -1))]
49 [('glue', 'dest_foreign_moving', 1, (-2, 1, 0)), ('glue', 'dest_foreign_moving', 4, (0, 1, 0))]
51 [('glue', 'dest_foreign_moving', 2, (1, 2, -2)), ('glue', 'dest_foreign_moving', 5, (3, 2, -2)), ('glue', 'dest_foreign_moving', 2, (5, 3, 2)), ('glue', 'dest_foreign_moving', 5, (7, 3, 2)), ('glue', 'dest_foreign_moving', 2, (5, 3, 1))]
55 [('glue', 'dest_foreign_moving', 2, (1, 0, -2)), ('glue', 'dest_foreign_moving', 5, (3, 0, -2))]
66 [('glue', 'dest_foreign_moving', 1, (2, -2, 2)), ('glue', 'dest_foreign_moving', 4, (4, -2, 2)), ('glue', 'dest_foreign_moving', 1, (2, -1, 1)), ('glue', 'dest_foreign_moving', 4, (4, -1, 1)), ('glue', 'dest_foreign_moving', 1, (2, 0, -1))]
69 [('glue', 'dest_foreign_moving', 0, (0, -2, 2)), ('glue', 'dest_foreign_moving', 3, (2, -2, 2))]
71 [('glue', 'dest_foreign_moving', 0, (3, 2, 1)), ('glue', 'dest_foreign_moving', 3, (5, 2, 1)), ('glue', 'dest_foreign_moving', 0, (3, 2, 0)), ('glue', 'dest_foreign_moving', 3, (5, 2, 0)), ('glue', 'dest_foreign_moving', 0, (0, -2, -1))]
s000081_L29 29 [22, 21, 21]
86 [('glue', 'dest_foreign_moving', 1, (0, 6, -2)), ('glue', 'dest_foreign_moving', 4, (2, 6, -2))]
100 [('glue', 'dest_foreign_moving', 1, (2, -1, 3)), ('glue', 'dest_foreign_moving', 4, (4, -1, 3)), ('glue', 'dest_foreign_moving', 1, (2, -1, 2)), ('glue', 'dest_foreign_moving', 4, (4, -1, 2))]
117 [('glue', 'dest_foreign_moving', 2, (2, 3, -1)), ('glue', 'dest_foreign_moving', 5, (4, 3, -1))]
121 [('glue', 'dest_foreign_moving', 2, (3, 1, 1)), ('glue', 'dest_foreign_moving', 5, (5, 1, 1)), ('glue', 'dest_foreign_moving', 2, (3, 1, 0)), ('glue', 'dest_foreign_moving', 5, (5, 1, 0)), ('glue', 'dest_foreign_moving', 2, (3, 1, -1))]
123 [('glue', 'dest_foreign_moving', 2, (2, 3, 0)), ('glue', 'dest_foreign_moving', 5, (4, 3, 0)), ('glue', 'dest_foreign_moving', 2, (2, 3, 1)), ('glue', 'dest_foreign_moving', 5, (4, 3, 1))]
s000128_L30 30 [21, 15, 23]
132 [('glue', 'dest_foreign_moving', 2, (2, 3, -3)), ('glue', 'dest_foreign_moving', 5, (4, 3, -3))]
136 [('glue', 'dest_foreign_moving', 0, (0, 3, 0)), ('glue', 'dest_foreign_moving', 3, (2, 3, 0))]
137 [('glue', 'dest_foreign_moving', 2, (4, -3, 1)), ('glue', 'dest_foreign_moving', 5, (6, -3, 1))]
143 [('glue', 'dest_foreign_moving', 2, (3, 3, 1)), ('glue', 'dest_foreign_moving', 5, (5, 3, 1))]
s000146_L28 28 [18, 19, 21]
150 [('glue', 'dest_foreign_moving', 2, (1, 1, 0)), ('glue', 'dest_foreign_moving', 5, (3, 1, 0))]
155 [('glue', 'dest_foreign_moving', 1, (-1, 0, -3)), ('glue', 'dest_foreign_moving', 4, (1, 0, -3)), ('glue', 'dest_foreign_moving', 1, (-1, -2, -4)), ('glue', 'dest_foreign_moving', 4, (1, -2, -4))]
159 [('glue', 'dest_foreign_moving', 2, (1, 0, -1)), ('glue', 'dest_foreign_moving', 5, (3, 0, -1))]
162 [('glue', 'dest_foreign_moving', 2, (3, -3, -1)), ('glue', 'dest_foreign_moving', 5, (5, -3, -1))]
s000167_L29 29 [20, 15, 22]
180 [('glue', 'dest_foreign_moving', 2, (3, -3, -2)), ('glue', 'dest_foreign_moving', 5, (5, -3, -2)), ('glue', 'dest_foreign_moving', 2, (3, -3, -1)), ('glue', 'dest_foreign_moving', 5, (5, -3, -1))]
185 [('glue', 'dest_foreign_moving', 1, (1, -3, 0)), ('glue', 'dest_foreign_moving', 4, (3, -3, 0))]
s000186_L29 29 [19, 22, 21]
210 [('glue', 'dest_foreign_moving', 2, (1, 0, 1)), ('glue', 'dest_foreign_moving', 5, (3, 0, 1))]
221 [('glue', 'dest_foreign_moving', 1, (2, 4, 1)), ('glue', 'dest_foreign_moving', 4, (4, 4, 1))]
222 [('glue', 'dest_foreign_moving', 2, (3, 1, 1)), ('glue', 'dest_foreign_moving', 5, (5, 1, 1))]
230 [('glue', 'dest_foreign_moving', 0, (3, 0, 1)), ('glue', 'dest_foreign_moving', 3, (5, 0, 1))]
s000236_L30 30 [19, 20, 23]
240 [('glue', 'dest_foreign_moving', 1, (0, -1, -1)), ('glue', 'dest_foreign_moving', 4, (2, -1, -1))]
244 [('glue', 'dest_foreign_moving', 0, (3, 1, -2)), ('glue', 'dest_foreign_moving', 3, (5, 1, -2)), ('glue', 'dest_foreign_moving', 1, (0, -3, 0)), ('glue', 'dest_foreign_moving', 4, (2, -3, 0)), ('glue', 'dest_foreign_moving', 1, (0, -3, -1))]
248 [('glue', 'dest_foreign_moving', 2, (1, -1, 0)), ('glue', 'dest_foreign_moving', 5, (3, -1, 0)), ('glue', 'dest_foreign_moving', 2, (1, -2, 0)), ('glue', 'dest_foreign_moving', 5, (3, -2, 0))]
s000251_L25 25 [15, 18, 18]
256 [('glue', 'dest_foreign_moving', 2, (1, 1, 0)), ('glue', 'dest_foreign_moving', 5, (3, 1, 0))]
280 [('glue', 'dest_foreign_moving', 0, (1, 3, 6)), ('glue', 'dest_foreign_moving', 3, (3, 3, 6)), ('glue', 'dest_foreign_moving', 0, (1, 2, 6)), ('glue', 'dest_foreign_moving', 3, (3, 2, 6)), ('glue', 'dest_foreign_moving', 0, (1, 1, 6))]
295 [('glue', 'dest_foreign_moving', 2, (2, 1, 1)), ('glue', 'dest_foreign_moving', 5, (4, 1, 1)), ('glue', 'dest_foreign_moving', 2, (2, -2, 1)), ('glue', 'dest_foreign_moving', 5, (4, -2, 1)), ('glue', 'dest_foreign_moving', 2, (2, -1, 1))]
297 [('glue', 'dest_foreign_moving', 1, (-1, -2, 0)), ('glue', 'dest_foreign_moving', 4, (1, -2, 0))]
307 [('glue', 'dest_foreign_moving', 0, (3, 2, 1)), ('glue', 'dest_foreign_moving', 3, (5, 2, 1))]
320 [('glue', 'dest_foreign_moving', 0, (3, 0, -2)), ('glue', 'dest_foreign_moving', 3, (5, 0, -2))]
323 [('glue', 'dest_foreign_moving', 1, (2, -1, 3)), ('glue', 'dest_foreign_moving', 4, (4, -1, 3)), ('glue', 'dest_foreign_moving', 1, (2, -1, 2)), ('glue', 'dest_foreign_moving', 4, (4, -1, 2))]
335 [('glue', 'dest_foreign_moving', 1, (-1, 2, 2)), ('glue', 'dest_foreign_moving', 4, (1, 2, 2)), ('glue', 'dest_foreign_moving', 1, (-1, 1, 2)), ('glue', 'dest_foreign_moving', 4, (1, 1, 2))]
336 [('glue', 'dest_foreign_moving', 1, (-1, 1, 2)), ('glue', 'dest_foreign_moving', 4, (1, 1, 2))]
337 [('glue', 'dest_foreign_moving', 2, (3, 3, 0)), ('glue', 'dest_foreign_moving', 5, (5, 3, 0))]
354 [('glue', 'dest_foreign_moving', 2, (3, -3, 1)), ('glue', 'dest_foreign_moving', 5, (5, -3, 1)), ('glue', 'dest_foreign_moving', 2, (3, -3, 0)), ('glue', 'dest_foreign_moving', 5, (5, -3, 0)), ('glue', 'dest_foreign_moving', 2, (3, -3, -1))]
364 [('glue', 'dest_foreign_moving', 2, (2, -1, 3)), ('glue', 'dest_foreign_moving', 5, (4, -1, 3))]
366 [('glue', 'dest_foreign_moving', 2, (1, -1, 1)), ('glue', 'dest_foreign_moving', 5, (3, -1, 1))]
s000378_L29 29 [16, 19, 22]
385 [('glue', 'dest_foreign_moving', 2, (3, 3, -1)), ('glue', 'dest_foreign_moving', 5, (5, 3, -1)), ('glue', 'dest_foreign_moving', 2, (3, 3, -2)), ('glue', 'dest_foreign_moving', 5, (5, 3, -2))]
s000391_L30 30 [23, 23, 17]
397 [('glue', 'dest_foreign_moving', 1, (-1, 2, 1)), ('glue', 'dest_foreign_moving', 4, (1, 2, 1))]
401 [('glue', 'dest_foreign_moving', 2, (3, 0, 2)), ('glue', 'dest_foreign_moving', 5, (5, 0, 2))]
s000402_L28 28 [21, 20, 21]
406 [('glue', 'dest_foreign_moving', 2, (1, 1, -2)), ('glue', 'dest_foreign_moving', 5, (3, 1, -2)), ('glue', 'dest_foreign_moving', 0, (3, 1, -2)), ('glue', 'dest_foreign_moving', 3, (5, 1, -2))]
410 [('glue', 'dest_foreign_moving', 1, (-1, 0, -1)), ('glue', 'dest_foreign_moving', 4, (1, 0, -1)), ('glue', 'dest_foreign_moving', 1, (-1, -1, -1)), ('glue', 'dest_foreign_moving', 4, (1, -1, -1))]
s000412_L26 26 [19, 17, 17]
416 [('glue', 'dest_foreign_moving', 2, (1, 1, 2)), ('glue', 'dest_foreign_moving', 5, (3, 1, 2))]
422 [('glue', 'dest_foreign_moving', 2, (2, -3, 0)), ('glue', 'dest_foreign_moving', 5, (4, -3, 0))]
424 [('glue', 'dest_foreign_moving', 1, (1, 0, -2)), ('glue', 'dest_foreign_moving', 4, (3, 0, -2))]
429 [('glue', 'dest_foreign_moving', 0, (-1, -5, -2)), ('glue', 'dest_foreign_moving', 3, (1, -5, -2)), ('glue', 'dest_foreign_moving', 0, (-1, -4, -3)), ('glue', 'dest_foreign_moving', 3, (1, -4, -3))]
s000434_L30 30 [23, 21, 20]
438 [('glue', 'dest_foreign_moving', 2, (3, 2, 1)), ('glue', 'dest_foreign_moving', 5, (5, 2, 1)), ('glue', 'dest_foreign_moving', 2, (3, 1, 1)), ('glue', 'dest_foreign_moving', 5, (5, 1, 1))]
441 [('glue', 'dest_foreign_moving', 1, (4, -1, 4)), ('glue', 'dest_foreign_moving', 4, (6, -1, 4)), ('glue', 'dest_foreign_moving', 1, (2, -2, 1)), ('glue', 'dest_foreign_moving', 4, (4, -2, 1))]
443 [('glue', 'dest_foreign_moving', 1, (2, -2, -1)), ('glue', 'dest_foreign_moving', 4, (4, -2, -1)), ('glue', 'dest_foreign_moving', 1, (2, -1, -1)), ('glue', 'dest_foreign_moving', 4, (4, -1, -1))]
444 [('glue', 'dest_foreign_moving', 2, (2, 2, 0)), ('glue', 'dest_foreign_moving', 5, (4, 2, 0))]
s000449_L30 30 [17, 22, 22]
455 [('glue', 'dest_foreign_moving', 0, (3, 0, -1)), ('glue', 'dest_foreign_moving', 3, (5, 0, -1))]
460 [('glue', 'dest_foreign_moving', 2, (1, -1, -2)), ('glue', 'dest_foreign_moving', 5, (3, -1, -2))]
s000461_L30 30 [22, 23, 22]
s000463_L30 30 [17, 19, 23]
464 [('glue', 'dest_foreign_moving', 2, (3, 2, -2)), ('glue', 'dest_foreign_moving', 5, (5, 2, -2))]
468 [('glue', 'dest_foreign_moving', 1, (-1, 2, 0)), ('glue', 'dest_foreign_moving', 4, (1, 2, 0)), ('glue', 'dest_foreign_moving', 1, (-1, 2, -1)), ('glue', 'dest_foreign_moving', 4, (1, 2, -1))]
473 [('glue', 'dest_foreign_moving', 2, (1, -1, -1)), ('glue', 'dest_foreign_moving', 5, (3, -1, -1))]
476 [('glue', 'dest_foreign_moving', 2, (1, 2, 2)), ('glue', 'dest_foreign_moving', 5, (3, 2, 2)), ('glue', 'dest_foreign_moving', 2, (3, 2, -2)), ('glue', 'dest_foreign_moving', 5, (5, 2, -2)), ('glue', 'dest_foreign_moving', 2, (3, 2, -1))]
478 [('glue', 'dest_foreign_moving', 0, (3, 0, 1)), ('glue', 'dest_foreign_moving', 3, (5, 0, 1))]
480 [('glue', 'dest_foreign_moving', 2, (1, 1, 0)), ('glue', 'dest_foreign_moving', 5, (3, 1, 0))]
488 [('glue', 'dest_foreign_moving', 2, (3, 2, -1)), ('glue', 'dest_foreign_moving', 5, (5, 2, -1)), ('glue', 'dest_foreign_moving', 2, (3, 3, -1)), ('glue', 'dest_foreign_moving', 5, (5, 3, -1)), ('glue', 'dest_foreign_moving', 2, (3, 1, -2))]
510 [('glue', 'dest_foreign_moving', 0, (0, -1, -3)), ('glue', 'dest_foreign_moving', 3, (2, -1, -3))]
518 [('glue', 'dest_foreign_moving', 2, (3, 1, -1)), ('glue', 'dest_foreign_moving', 5, (5, 1, -1))]
530 [('glue', 'dest_foreign_moving', 0, (3, 0, -1)), ('glue', 'dest_foreign_moving', 3, (5, 0, -1)), ('glue', 'dest_foreign_moving', 0, (3, 1, -1)), ('glue', 'dest_foreign_moving', 3, (5, 1, -1))]
538 [('glue', 'dest_foreign_moving', 2, (1, 0, -1)), ('glue', 'dest_foreign_moving', 5, (3, 0, -1))]
546 [('glue', 'dest_foreign_moving', 1, (-1, 1, -1)), ('glue', 'dest_foreign_moving', 4, (1, 1, -1)), ('glue', 'dest_foreign_moving', 1, (-1, 0, -1)), ('glue', 'dest_foreign_moving', 4, (1, 0, -1))]
547 [('glue', 'dest_foreign_moving', 1, (0, 5, -1)), ('glue', 'dest_foreign_moving', 4, (2, 5, -1))]
558 [('glue', 'dest_foreign_moving', 0, (3, -1, -1)), ('glue', 'dest_foreign_moving', 3, (5, -1, -1))]
s000571_L30 30 [22, 21, 23]
575 [('glue', 'dest_foreign_moving', 2, (1, 0, 2)), ('glue', 'dest_foreign_moving', 5, (3, 0, 2))]
s000578_L29 29 [15, 21, 19]
586 [('glue', 'dest_foreign_moving', 0, (1, 1, -2)), ('glue', 'dest_foreign_moving', 3, (3, 1, -2))]
589 [('glue', 'dest_foreign_moving', 1, (3, -2, -4)), ('glue', 'dest_foreign_moving', 4, (5, -2, -4))]
595 [('glue', 'dest_foreign_moving', 2, (3, -1, -1)), ('glue', 'dest_foreign_moving', 5, (5, -1, -1)), ('glue', 'dest_foreign_moving', 0, (-2, 1, 1)), ('glue', 'dest_foreign_moving', 3, (0, 1, 1))]
605 [('glue', 'dest_foreign_moving', 2, (3, 1, 1)), ('glue', 'dest_foreign_moving', 5, (5, 1, 1))]
613 [('glue', 'dest_foreign_moving', 2, (2, 0, 3)), ('glue', 'dest_foreign_moving', 5, (4, 0, 3))]
615 [('glue', 'dest_foreign_moving', 1, (2, -4, 0)), ('glue', 'dest_foreign_moving', 4, (4, -4, 0))]
616 [('glue', 'dest_foreign_moving', 1, (-1, 0, 3)), ('glue', 'dest_foreign_moving', 4, (1, 0, 3))]
617 [('glue', 'dest_foreign_moving', 1, (-1, 0, 1)), ('glue', 'dest_foreign_moving', 4, (1, 0, 1))]
619 [('glue', 'dest_foreign_moving', 0, (0, -2, 3)), ('glue', 'dest_foreign_moving', 3, (2, -2, 3))]
634 [('glue', 'dest_foreign_moving', 1, (2, -1, -2)), ('glue', 'dest_foreign_moving', 4, (4, -1, -2)), ('glue', 'dest_foreign_moving', 1, (2, -2, -3)), ('glue', 'dest_foreign_moving', 4, (4, -2, -3)), ('glue', 'dest_foreign_moving', 1, (2, -1, -3))]
649 [('glue', 'dest_foreign_moving', 0, (2, -4, -2)), ('glue', 'dest_foreign_moving', 3, (4, -4, -2)), ('glue', 'dest_foreign_moving', 0, (3, -3, -2)), ('glue', 'dest_foreign_moving', 3, (5, -3, -2)), ('glue', 'dest_foreign_moving', 0, (3, -2, -2))]
s000650_L29 29 [20, 18, 22]
651 [('glue', 'dest_foreign_moving', 1, (0, -1, -2)), ('glue', 'dest_foreign_moving', 4, (2, -1, -2)), ('glue', 'dest_foreign_moving', 1, (0, -1, -1)), ('glue', 'dest_foreign_moving', 4, (2, -1, -1))]
653 [('glue', 'dest_foreign_moving', 0, (0, 0, 2)), ('glue', 'dest_foreign_moving', 3, (2, 0, 2))]
s000655_L30 30 [19, 21, 23]
s000658_L30 30 [22, 20, 23]
s000663_L28 28 [20, 21, 20]
s000664_L28 28 [18, 21, 21]
672 [('glue', 'dest_foreign_moving', 1, (-1, -4, 1)), ('glue', 'dest_foreign_moving', 4, (1, -4, 1)), ('glue', 'dest_foreign_moving', 1, (-1, -3, 1)), ('glue', 'dest_foreign_moving', 4, (1, -3, 1))]
675 [('glue', 'dest_foreign_moving', 1, (2, -4, -1)), ('glue', 'dest_foreign_moving', 4, (4, -4, -1))]
s000676_L30 30 [23, 18, 23]
685 [('glue', 'dest_foreign_moving', 2, (2, 0, 2)), ('glue', 'dest_foreign_moving', 5, (4, 0, 2)), ('glue', 'dest_foreign_moving', 2, (2, 1, 2)), ('glue', 'dest_foreign_moving', 5, (4, 1, 2))]
689 [('glue', 'dest_foreign_moving', 1, (-1, -1, -2)), ('glue', 'dest_foreign_moving', 4, (1, -1, -2))]
692 [('glue', 'dest_foreign_moving', 2, (1, -1, -1)), ('glue', 'dest_foreign_moving', 5, (3, -1, -1)), ('glue', 'dest_foreign_moving', 2, (1, -2, -1)), ('glue', 'dest_foreign_moving', 5, (3, -2, -1))]
693 [('glue', 'dest_foreign_moving', 0, (3, -2, -2)), ('glue', 'dest_foreign_moving', 3, (5, -2, -2)), ('glue', 'dest_foreign_moving', 0, (3, -2, -3)), ('glue', 'dest_foreign_moving', 3, (5, -2, -3))]
s000696_L30 30 [17, 23, 20]
s000700_L30 30 [20, 18, 23]
714 [('glue', 'dest_foreign_moving', 1, (2, -3, 0)), ('glue', 'dest_foreign_moving', 4, (4, -3, 0)), ('glue', 'dest_foreign_moving', 1, (2, -2, 0)), ('glue', 'dest_foreign_moving', 4, (4, -2, 0)), ('glue', 'dest_foreign_moving', 1, (2, -2, 2))]
726 [('glue', 'dest_foreign_moving', 0, (-1, 0, -1)), ('glue', 'dest_foreign_moving', 3, (1, 0, -1))]
s000734_L28 28 [20, 21, 18]
735 [('glue', 'dest_foreign_moving', 2, (1, 0, -1)), ('glue', 'dest_foreign_moving', 5, (3, 0, -1)), ('glue', 'dest_foreign_moving', 0, (3, 2, -1)), ('glue', 'dest_foreign_moving', 3, (5, 2, -1)), ('glue', 'dest_foreign_moving', 2, (1, 0, -2))]
749 [('glue', 'dest_foreign_moving', 2, (3, -2, -3)), ('glue', 'dest_foreign_moving', 5, (5, -2, -3))]
754 [('glue', 'dest_foreign_moving', 2, (3, -2, 0)), ('glue', 'dest_foreign_moving', 5, (5, -2, 0))]
755 [('glue', 'dest_foreign_moving', 0, (-3, 0, -1)), ('glue', 'dest_foreign_moving', 3, (-1, 0, -1))]
760 [('glue', 'dest_foreign_moving', 2, (3, 3, 2)), ('glue', 'dest_foreign_moving', 5, (5, 3, 2)), ('glue', 'dest_foreign_moving', 2, (3, 2, 2)), ('glue', 'dest_foreign_moving', 5, (5, 2, 2))]
763 [('glue', 'dest_foreign_moving', 0, (-1, -4, 1)), ('glue', 'dest_foreign_moving', 3, (1, -4, 1))]
770 [('glue', 'dest_foreign_moving', 2, (1, 0, -1)), ('glue', 'dest_foreign_moving', 5, (3, 0, -1)), ('glue', 'dest_foreign_moving', 0, (0, -2, 1)), ('glue', 'dest_foreign_moving', 3, (2, -2, 1))]
771 [('glue', 'dest_foreign_moving', 2, (1, 0, -1)), ('glue', 'dest_foreign_moving', 5, (3, 0, -1))]
781 [('glue', 'dest_foreign_moving', 2, (3, -1, 2)), ('glue', 'dest_foreign_moving', 5, (5, -1, 2)), ('glue', 'dest_foreign_moving', 2, (3, 0, 2)), ('glue', 'dest_foreign_moving', 5, (5, 0, 2))]
799 [('glue', 'dest_foreign_moving', 1, (1, -3, 0)), ('glue', 'dest_foreign_moving', 4, (3, -3, 0)), ('glue', 'dest_foreign_moving', 1, (1, -2, 0)), ('glue', 'dest_foreign_moving', 4, (3, -2, 0)), ('glue', 'dest_foreign_moving', 1, (1, -4, 0))]
814 [('glue', 'dest_foreign_moving', 1, (2, -3, 2)), ('glue', 'dest_foreign_moving', 4, (4, -3, 2))]
s000820_L30 30 [23, 16, 19]
823 [('glue', 'dest_foreign_moving', 0, (-3, 2, 0)), ('glue', 'dest_foreign_moving', 3, (-1, 2, 0)), ('glue', 'dest_foreign_moving', 0, (-3, 1, 0)), ('glue', 'dest_foreign_moving', 3, (-1, 1, 0)), ('glue', 'dest_foreign_moving', 0, (-3, 0, 0))]
s000831_L28 28 [20, 18, 14]
s000836_L28 28 [21, 21, 20]
s000841_L30 30 [23, 22, 17]
845 [('glue', 'dest_foreign_moving', 2, (3, 2, 3)), ('glue', 'dest_foreign_moving', 5, (5, 2, 3)), ('glue', 'dest_foreign_moving', 2, (3, 2, 2)), ('glue', 'dest_foreign_moving', 5, (5, 2, 2))]
s000848_L30 30 [19, 19, 23]
850 [('glue', 'dest_foreign_moving', 2, (1, 2, 0)), ('glue', 'dest_foreign_moving', 5, (3, 2, 0)), ('glue', 'dest_foreign_moving', 2, (1, -1, 1)), ('glue', 'dest_foreign_moving', 5, (3, -1, 1)), ('glue', 'dest_foreign_moving', 2, (1, 0, 1))]
854 [('glue', 'dest_foreign_moving', 2, (1, -1, 0)), ('glue', 'dest_foreign_moving', 5, (3, -1, 0)), ('glue', 'dest_foreign_moving', 2, (1, -1, -1)), ('glue', 'dest_foreign_moving', 5, (3, -1, -1)), ('glue', 'dest_foreign_moving', 2, (1, 2, -4))]
867 [('glue', 'dest_foreign_moving', 1, (-1, -2, -2)), ('glue', 'dest_foreign_moving', 4, (1, -2, -2)), ('glue', 'dest_foreign_moving', 1, (-1, -2, -1)), ('glue', 'dest_foreign_moving', 4, (1, -2, -1))]
869 [('glue', 'dest_foreign_moving', 0, (3, -1, 1)), ('glue', 'dest_foreign_moving', 3, (5, -1, 1))]
s000872_L29 29 [20, 22, 22]
885 [('glue', 'dest_foreign_moving', 2, (1, 1, 0)), ('glue', 'dest_foreign_moving', 5, (3, 1, 0))]
s000894_L30 30 [21, 23, 22]
898 [('glue', 'dest_foreign_moving', 0, (1, -3, 4)), ('glue', 'dest_foreign_moving', 3, (3, -3, 4)), ('glue', 'dest_foreign_moving', 0, (2, 0, 3)), ('glue', 'dest_foreign_moving', 3, (4, 0, 3))]
905 [('glue', 'dest_foreign_moving', 0, (1, 1, -4)), ('glue', 'dest_foreign_moving', 3, (3, 1, -4)), ('glue', 'dest_foreign_moving', 1, (3, 1, -5)), ('glue', 'dest_foreign_moving', 4, (5, 1, -5))]
912 [('glue', 'dest_foreign_moving', 0, (3, 3, 0)), ('glue', 'dest_foreign_moving', 3, (5, 3, 0)), ('glue', 'dest_foreign_moving', 0, (3, 3, -1)), ('glue', 'dest_foreign_moving', 3, (5, 3, -1))]
914 [('glue', 'dest_foreign_moving', 2, (1, -1, -1)), ('glue', 'dest_foreign_moving', 5, (3, -1, -1))]
918 [('glue', 'dest_foreign_moving', 0, (-2, 1, -1)), ('glue', 'dest_foreign_moving', 3, (0, 1, -1)), ('glue', 'dest_foreign_moving', 0, (-2, 2, -1)), ('glue', 'dest_foreign_moving', 3, (0, 2, -1))]
923 [('glue', 'dest_foreign_moving', 0, (2, -2, 1)), ('glue', 'dest_foreign_moving', 3, (4, -2, 1)), ('glue', 'dest_foreign_moving', 0, (2, -1, 1)), ('glue', 'dest_foreign_moving', 3, (4, -1, 1)), ('glue', 'dest_foreign_moving', 0, (2, 0, 1))]
929 [('glue', 'dest_foreign_moving', 1, (0, -2, 2)), ('glue', 'dest_foreign_moving', 4, (2, -2, 2))]
935 [('glue', 'dest_foreign_moving', 1, (0, 2, 1)), ('glue', 'dest_foreign_moving', 4, (2, 2, 1)), ('glue', 'dest_foreign_moving', 1, (1, 3, 2)), ('glue', 'dest_foreign_moving', 4, (3, 3, 2))]
939 [('glue', 'dest_foreign_moving', 2, (4, -2, -1)), ('glue', 'dest_foreign_moving', 5, (6, -2, -1)), ('glue', 'dest_foreign_moving', 2, (4, -1, -2)), ('glue', 'dest_foreign_moving', 5, (6, -1, -2))]
941 [('glue', 'dest_foreign_moving', 0, (3, 2, -2)), ('glue', 'dest_foreign_moving', 3, (5, 2, -2))]
945 [('glue', 'dest_foreign_moving', 2, (5, 1, -1)), ('glue', 'dest_foreign_moving', 5, (7, 1, -1)), ('glue', 'dest_foreign_moving', 2, (5, 1, -2)), ('glue', 'dest_foreign_moving', 5, (7, 1, -2))]
950 [('glue', 'dest_foreign_moving', 1, (-1, -2, 0)), ('glue', 'dest_foreign_moving', 4, (1, -2, 0))]
{'ok': 246, 'overload': 211, 'route': 128, 'template': 490, 'final': 127, 'carry': 5, 'holder': 3, 'rs': 1}
