restart-end (26, 53) (('S', 'H', 'S'), [(5, (0, 0, 0)), (2, (-1, -3, 0)), (6, (-1, 1, -2))], [0, 1, 1])
restart-end (26, 54) (('S', 'S', 'H'), [(1, (0, 0, 0)), (0, (3, 0, -3)), (7, (-2, 2, 3))], [0, 0, 0])
restart-end (25, 49) (('S', 'S', 'H'), [(6, (0, 0, 0)), (5, (-1, 0, 1)), (3, (2, -1, 3))], [1, 1, 0])
restart-end (28, 58) (('S', 'S', 'H'), [(7, (0, 0, 0)), (1, (1, 3, -3)), (6, (-1, -3, 2))], [1, 0, 1])
restart-end (24, 50) (('S', 'H', 'S'), [(6, (0, 0, 0)), (0, (-1, 3, -1)), (6, (0, 0, 3))], [1, 0, 0])
restart-end (28, 54) (('H', 'S', 'S'), [(5, (0, 0, 0)), (2, (-1, 0, -1)), (6, (0, 2, -3))], [1, 0, 1])
restart-end (26, 48) (('S', 'H', 'S'), [(7, (0, 0, 0)), (5, (-1, 2, -1)), (6, (0, -1, -3))], [1, 1, 1])
restart-end (26, 53) (('S', 'S', 'H'), [(6, (0, 0, 0)), (1, (0, 3, 1)), (0, (-2, 2, -2))], [1, 0, 1])
restart-end (24, 47) (('S', 'H', 'S'), [(6, (0, 0, 0)), (2, (-2, 2, 2)), (2, (-2, 0, 3))], [0, 0, 1])
restart-end (27, 57) (('S', 'S', 'H'), [(3, (0, 0, 0)), (4, (2, 2, -2)), (6, (2, -3, 2))], [1, 1, 1])
restart-end (25, 50) (('H', 'S', 'S'), [(1, (0, 0, 0)), (0, (-1, 2, -3)), (2, (-2, 2, 2))], [1, 0, 0])
restart-end (23, 45) (('S', 'H', 'S'), [(6, (0, 0, 0)), (3, (-1, 2, 3)), (2, (-2, 3, 0))], [0, 1, 1])
saved r53_38299_L23_g45
restart-end (25, 46) (('S', 'S', 'H'), [(4, (0, 0, 0)), (6, (0, -2, -1)), (7, (-2, 2, -2))], [0, 1, 1])
restart-end (25, 46) (('H', 'S', 'S'), [(0, (0, 0, 0)), (3, (0, -1, -1)), (7, (2, 2, -1))], [1, 0, 0])
restart-end (26, 54) (('H', 'S', 'S'), [(4, (0, 0, 0)), (5, (-1, 2, -3)), (5, (-1, -2, -2))], [0, 1, 1])
restart-end (24, 50) (('S', 'H', 'S'), [(4, (0, 0, 0)), (1, (1, -1, -3)), (0, (-1, 3, -2))], [1, 0, 1])
restart-end (25, 53) (('S', 'H', 'S'), [(3, (0, 0, 0)), (3, (-1, -1, -2)), (7, (2, 2, 1))], [0, 1, 1])
restart-end (25, 50) (('H', 'S', 'S'), [(1, (0, 0, 0)), (4, (-1, -3, -2)), (7, (-1, 1, 3))], [0, 0, 1])
restart-end (25, 47) (('S', 'H', 'S'), [(3, (0, 0, 0)), (1, (-1, 2, 1)), (0, (-2, 1, -2))], [0, 0, 0])
restart-end (25, 49) (('H', 'S', 'S'), [(6, (0, 0, 0)), (5, (2, 1, 2)), (7, (0, -1, 2))], [0, 0, 0])
restart-end (24, 49) (('H', 'S', 'S'), [(3, (0, 0, 0)), (2, (-1, -1, 3)), (5, (-3, 2, -1))], [1, 1, 1])
restart-end (25, 49) (('S', 'S', 'H'), [(3, (0, 0, 0)), (4, (0, -3, 2)), (0, (-2, 0, 2))], [1, 0, 0])
restart-end (23, 44) (('H', 'S', 'S'), [(5, (0, 0, 0)), (2, (-1, 0, -1)), (3, (2, -2, -1))], [1, 1, 1])
saved r53_39689_L23_g44
restart-end (24, 48) (('H', 'S', 'S'), [(7, (0, 0, 0)), (7, (-1, 2, 2)), (5, (-2, -1, 3))], [1, 1, 1])
restart-end (26, 47) (('H', 'S', 'S'), [(1, (0, 0, 0)), (1, (-1, 1, -2)), (5, (2, -1, 2))], [1, 1, 1])
restart-end (22, 43) (('S', 'S', 'H'), [(3, (0, 0, 0)), (6, (-1, 2, 0)), (3, (2, 2, 1))], [0, 0, 0])
saved r53_40098_L22_g43
restart-end (26, 50) (('H', 'S', 'S'), [(0, (0, 0, 0)), (5, (1, -1, 1)), (7, (2, -2, 0))], [1, 0, 0])
restart-end (26, 51) (('S', 'H', 'S'), [(6, (0, 0, 0)), (5, (-1, 0, -3)), (2, (2, -2, 1))], [1, 1, 0])
restart-end (24, 51) (('S', 'S', 'H'), [(1, (0, 0, 0)), (1, (4, -1, -2)), (5, (-3, 2, 1))], [1, 1, 0])
restart-end (24, 48) (('S', 'S', 'H'), [(0, (0, 0, 0)), (1, (0, -1, 3)), (7, (2, 3, 3))], [0, 0, 1])
restart-end (23, 44) (('S', 'H', 'S'), [(4, (0, 0, 0)), (3, (-1, 2, -2)), (5, (2, 3, -2))], [1, 1, 0])
saved r53_40725_L23_g44
restart-end (23, 44) (('S', 'H', 'S'), [(5, (0, 0, 0)), (6, (-1, -4, 0)), (5, (2, -1, -2))], [0, 1, 1])
saved r53_40856_L23_g44
restart-end (26, 50) (('H', 'S', 'S'), [(3, (0, 0, 0)), (6, (2, 0, -3)), (3, (2, 2, 2))], [0, 0, 0])
restart-end (26, 55) (('S', 'H', 'S'), [(6, (0, 0, 0)), (3, (2, -3, -2)), (6, (0, -2, -2))], [0, 0, 1])
restart-end (26, 52) (('H', 'S', 'S'), [(1, (0, 0, 0)), (0, (3, 1, 1)), (4, (2, 1, -2))], [0, 0, 0])
restart-end (23, 44) (('S', 'H', 'S'), [(7, (0, 0, 0)), (0, (-1, 2, 1)), (4, (-2, -2, 1))], [0, 0, 0])
saved r53_41218_L23_g44
restart-end (27, 57) (('S', 'H', 'S'), [(5, (0, 0, 0)), (5, (-1, 1, -3)), (0, (0, -3, 2))], [0, 1, 0])
restart-end (26, 49) (('S', 'H', 'S'), [(7, (0, 0, 0)), (3, (-1, -3, -1)), (0, (-1, -3, 0))], [0, 0, 0])
restart-end (27, 55) (('S', 'H', 'S'), [(6, (0, 0, 0)), (2, (0, -3, 3)), (3, (2, -3, 0))], [0, 1, 0])
restart-end (24, 48) (('H', 'S', 'S'), [(0, (0, 0, 0)), (0, (-1, -3, -3)), (3, (1, -3, 0))], [1, 1, 0])
restart-end (26, 52) (('H', 'S', 'S'), [(6, (0, 0, 0)), (3, (1, -3, -2)), (7, (-1, 1, -3))], [0, 1, 1])
restart-end (23, 47) (('S', 'H', 'S'), [(7, (0, 0, 0)), (0, (-1, -1, 2)), (6, (2, -3, 3))], [0, 1, 0])
saved r53_41569_L23_g47
restart-end (27, 53) (('S', 'S', 'H'), [(1, (0, 0, 0)), (0, (-1, 1, 3)), (4, (2, -4, 2))], [1, 0, 1])
restart-end (25, 53) (('S', 'H', 'S'), [(2, (0, 0, 0)), (5, (-1, 1, 2)), (3, (-2, 1, -3))], [1, 1, 1])
restart-end (24, 51) (('S', 'S', 'H'), [(2, (0, 0, 0)), (0, (2, -3, -3)), (5, (2, 3, -2))], [1, 1, 1])
restart-end (27, 48) (('S', 'S', 'H'), [(2, (0, 0, 0)), (2, (-1, 2, 1)), (6, (0, -2, -1))], [1, 0, 1])
restart-end (25, 46) (('H', 'S', 'S'), [(4, (0, 0, 0)), (6, (-1, -2, 1)), (4, (-3, 1, 2))], [0, 0, 1])
restart-end (24, 48) (('H', 'S', 'S'), [(6, (0, 0, 0)), (4, (-1, -1, 2)), (4, (-2, 2, 2))], [0, 0, 0])
restart-end (25, 49) (('S', 'S', 'H'), [(0, (0, 0, 0)), (4, (-1, -3, 0)), (0, (2, 1, 2))], [1, 0, 1])
restart-end (27, 58) (('S', 'H', 'S'), [(4, (0, 0, 0)), (7, (1, -1, -1)), (3, (1, 3, -1))], [0, 1, 0])
restart-end (24, 49) (('S', 'H', 'S'), [(1, (0, 0, 0)), (4, (-1, 1, -2)), (3, (2, 3, 1))], [1, 1, 1])
restart-end (27, 51) (('H', 'S', 'S'), [(0, (0, 0, 0)), (7, (1, 3, -3)), (6, (-1, -1, -2))], [1, 1, 0])
restart-end (25, 48) (('H', 'S', 'S'), [(3, (0, 0, 0)), (4, (-1, 1, 1)), (2, (2, 1, -2))], [0, 1, 1])
restart-end (26, 52) (('S', 'H', 'S'), [(5, (0, 0, 0)), (7, (1, 3, -2)), (7, (-1, 0, -2))], [1, 0, 1])
restart-end (26, 53) (('H', 'S', 'S'), [(5, (0, 0, 0)), (2, (-1, 1, -1)), (6, (-1, -4, -1))], [0, 1, 0])
restart-end (25, 51) (('S', 'H', 'S'), [(6, (0, 0, 0)), (7, (1, -2, -1)), (4, (-2, -3, 1))], [1, 0, 0])
restart-end (24, 47) (('S', 'S', 'H'), [(7, (0, 0, 0)), (1, (3, -2, -2)), (5, (-3, 0, 1))], [0, 1, 0])
restart-end (25, 54) (('S', 'S', 'H'), [(3, (0, 0, 0)), (2, (-1, -2, 3)), (3, (-2, -1, -3))], [1, 0, 0])
restart-end (25, 50) (('S', 'H', 'S'), [(5, (0, 0, 0)), (5, (1, -2, 3)), (1, (0, -2, -2))], [0, 1, 1])
restart-end (23, 42) (('S', 'S', 'H'), [(4, (0, 0, 0)), (0, (-1, 0, -3)), (2, (-3, 2, 0))], [1, 1, 1])
saved r53_43297_L23_g42
restart-end (27, 55) (('S', 'S', 'H'), [(6, (0, 0, 0)), (1, (-1, -1, -2)), (4, (0, 1, 1))], [0, 1, 1])
restart-end (26, 52) (('S', 'H', 'S'), [(5, (0, 0, 0)), (4, (2, -2, 2)), (4, (2, -5, 0))], [1, 1, 1])
restart-end (24, 48) (('H', 'S', 'S'), [(2, (0, 0, 0)), (6, (3, -3, 1)), (1, (2, -2, -3))], [0, 1, 0])
restart-end (24, 50) (('H', 'S', 'S'), [(1, (0, 0, 0)), (3, (-1, -2, 1)), (1, (-1, 3, 0))], [0, 0, 1])
restart-end (27, 54) (('S', 'S', 'H'), [(0, (0, 0, 0)), (4, (-1, -2, -1)), (7, (-1, -3, 3))], [0, 0, 1])
restart-end (24, 47) (('S', 'S', 'H'), [(6, (0, 0, 0)), (3, (-1, 2, 3)), (6, (2, -1, 2))], [1, 0, 1])
restart-end (26, 53) (('S', 'S', 'H'), [(0, (0, 0, 0)), (0, (1, -3, -3)), (1, (-1, -1, 2))], [0, 0, 0])
restart-end (25, 51) (('S', 'H', 'S'), [(4, (0, 0, 0)), (6, (-2, 1, -1)), (5, (0, -1, -2))], [0, 0, 0])
restart-end (26, 51) (('H', 'S', 'S'), [(4, (0, 0, 0)), (3, (-1, -3, 0)), (6, (2, -3, -1))], [0, 1, 0])
restart-end (23, 44) (('H', 'S', 'S'), [(0, (0, 0, 0)), (1, (-1, -2, -1)), (5, (-3, 0, 2))], [1, 0, 0])
saved r53_44476_L23_g44
restart-end (25, 52) (('S', 'H', 'S'), [(2, (0, 0, 0)), (0, (2, 3, -3)), (3, (-2, -1, -1))], [0, 0, 1])
restart-end (23, 47) (('S', 'S', 'H'), [(5, (0, 0, 0)), (1, (3, -2, -1)), (7, (-1, 1, -2))], [0, 1, 0])
saved r53_44754_L23_g47
restart-end (27, 57) (('S', 'H', 'S'), [(0, (0, 0, 0)), (6, (-1, -3, -2)), (4, (0, -2, 3))], [0, 1, 1])
restart-end (24, 49) (('H', 'S', 'S'), [(7, (0, 0, 0)), (2, (2, 1, 3)), (0, (0, 3, 0))], [1, 1, 0])
restart-end (23, 47) (('H', 'S', 'S'), [(5, (0, 0, 0)), (5, (-1, 0, -3)), (3, (2, -2, -2))], [0, 0, 1])
saved r53_45029_L23_g47
restart-end (27, 56) (('S', 'S', 'H'), [(6, (0, 0, 0)), (7, (1, 0, -3)), (6, (-2, -1, 3))], [0, 1, 1])
restart-end (29, 55) (('S', 'S', 'H'), [(3, (0, 0, 0)), (3, (-1, 3, 0)), (0, (-1, 1, -3))], [0, 0, 0])
restart-end (25, 49) (('S', 'S', 'H'), [(2, (0, 0, 0)), (1, (3, -1, -1)), (4, (0, 0, 3))], [0, 1, 1])
restart-end (23, 45) (('H', 'S', 'S'), [(4, (0, 0, 0)), (2, (1, 0, -3)), (4, (2, -2, -2))], [1, 0, 1])
saved r53_45347_L23_g45
restart-end (26, 51) (('S', 'H', 'S'), [(3, (0, 0, 0)), (7, (-2, 2, -1)), (6, (2, 1, -3))], [0, 0, 0])
restart-end (25, 53) (('S', 'S', 'H'), [(1, (0, 0, 0)), (7, (0, 2, -2)), (4, (-2, -2, -3))], [0, 0, 1])
restart-end (27, 54) (('S', 'S', 'H'), [(2, (0, 0, 0)), (3, (1, 1, -3)), (2, (0, -2, 1))], [1, 1, 1])
restart-end (25, 49) (('S', 'S', 'H'), [(4, (0, 0, 0)), (7, (0, 0, -2)), (0, (-2, 3, -1))], [1, 0, 1])
restart-end (23, 42) (('H', 'S', 'S'), [(7, (0, 0, 0)), (0, (-1, 0, 1)), (4, (2, -2, 2))], [1, 0, 1])
saved r53_46005_L23_g42
restart-end (25, 48) (('S', 'S', 'H'), [(3, (0, 0, 0)), (0, (-1, 2, 1)), (1, (2, 0, 1))], [0, 1, 0])
restart-end (26, 53) (('S', 'H', 'S'), [(0, (0, 0, 0)), (3, (-2, 0, 3)), (5, (-1, -2, -1))], [0, 1, 0])
