restart-end (24, 51) (('S', 'S', 'H'), [(0, (0, 0, 0)), (6, (-1, -1, -2)), (4, (-1, 2, -3))], [0, 0, 1])
restart-end (24, 45) (('S', 'H', 'S'), [(7, (0, 0, 0)), (7, (-1, -2, 2)), (5, (2, -1, 2))], [0, 0, 1])
restart-end (26, 49) (('S', 'S', 'H'), [(6, (0, 0, 0)), (4, (-1, 2, 0)), (6, (0, 0, 3))], [0, 1, 0])
restart-end (24, 50) (('S', 'S', 'H'), [(0, (0, 0, 0)), (4, (-1, 1, 2)), (0, (2, -2, 1))], [0, 0, 1])
restart-end (25, 51) (('H', 'S', 'S'), [(7, (0, 0, 0)), (0, (-1, 1, -2)), (7, (-2, 0, 3))], [1, 0, 0])
restart-end (25, 48) (('S', 'H', 'S'), [(2, (0, 0, 0)), (3, (-1, -1, 2)), (4, (-3, -4, -1))], [1, 1, 0])
restart-end (26, 52) (('H', 'S', 'S'), [(0, (0, 0, 0)), (1, (-1, 1, -3)), (2, (1, 2, -2))], [1, 1, 0])
restart-end (25, 52) (('S', 'H', 'S'), [(6, (0, 0, 0)), (7, (-2, 3, 2)), (1, (2, 0, 1))], [0, 1, 0])
restart-end (23, 48) (('H', 'S', 'S'), [(4, (0, 0, 0)), (3, (-1, 2, -1)), (2, (2, 3, -1))], [1, 1, 0])
saved r54_37755_L23_g48
restart-end (25, 52) (('S', 'H', 'S'), [(6, (0, 0, 0)), (4, (-1, 2, -1)), (7, (1, 1, 3))], [1, 0, 1])
restart-end (24, 50) (('H', 'S', 'S'), [(4, (0, 0, 0)), (2, (2, 3, -2)), (5, (2, 4, 0))], [0, 0, 1])
restart-end (27, 55) (('H', 'S', 'S'), [(5, (0, 0, 0)), (1, (1, 2, 3)), (1, (0, 1, -2))], [1, 0, 0])
restart-end (25, 46) (('H', 'S', 'S'), [(7, (0, 0, 0)), (2, (4, -1, 3)), (0, (2, 2, 1))], [0, 0, 0])
restart-end (24, 43) (('S', 'H', 'S'), [(5, (0, 0, 0)), (7, (-1, 3, 0)), (6, (-3, -1, 0))], [1, 0, 0])
restart-end (23, 45) (('S', 'H', 'S'), [(3, (0, 0, 0)), (0, (-1, 2, -1)), (2, (-2, 0, -2))], [1, 0, 0])
saved r54_38638_L23_g45
restart-end (26, 48) (('H', 'S', 'S'), [(1, (0, 0, 0)), (7, (-1, 2, -2)), (2, (1, 2, 0))], [1, 1, 1])
restart-end (25, 52) (('S', 'S', 'H'), [(1, (0, 0, 0)), (0, (0, -2, -4)), (1, (-3, 1, -2))], [0, 1, 0])
restart-end (23, 47) (('H', 'S', 'S'), [(0, (0, 0, 0)), (0, (-1, 3, 0)), (5, (-3, 1, 2))], [0, 0, 1])
saved r54_38926_L23_g47
restart-end (25, 47) (('S', 'H', 'S'), [(0, (0, 0, 0)), (4, (2, 2, 2)), (4, (-2, 0, 3))], [0, 0, 0])
restart-end (24, 50) (('H', 'S', 'S'), [(4, (0, 0, 0)), (5, (3, 1, 3)), (6, (1, -3, 4))], [1, 1, 1])
restart-end (28, 59) (('S', 'S', 'H'), [(0, (0, 0, 0)), (5, (0, -2, 3)), (5, (0, 3, 2))], [0, 0, 1])
restart-end (23, 46) (('S', 'S', 'H'), [(2, (0, 0, 0)), (4, (2, -1, 2)), (0, (0, 2, 2))], [0, 1, 0])
saved r54_39554_L23_g46
restart-end (26, 55) (('H', 'S', 'S'), [(2, (0, 0, 0)), (1, (-1, 2, -3)), (7, (-1, -2, 1))], [1, 0, 1])
restart-end (27, 55) (('S', 'H', 'S'), [(4, (0, 0, 0)), (6, (-2, 2, -1)), (3, (0, 0, -2))], [1, 1, 1])
restart-end (23, 46) (('H', 'S', 'S'), [(1, (0, 0, 0)), (6, (-1, -2, -1)), (0, (-3, 1, 0))], [0, 0, 1])
saved r54_39939_L23_g46
restart-end (23, 46) (('S', 'S', 'H'), [(7, (0, 0, 0)), (2, (2, 1, 1)), (1, (0, 3, -2))], [0, 0, 0])
saved r54_40061_L23_g46
restart-end (25, 52) (('H', 'S', 'S'), [(5, (0, 0, 0)), (4, (-1, -1, 2)), (4, (-3, 1, -2))], [1, 0, 0])
restart-end (24, 49) (('S', 'H', 'S'), [(2, (0, 0, 0)), (4, (-1, -3, -3)), (2, (0, 1, -3))], [0, 1, 0])
restart-end (24, 47) (('S', 'H', 'S'), [(1, (0, 0, 0)), (1, (-1, 1, -2)), (4, (-1, 1, 2))], [1, 0, 0])
restart-end (27, 60) (('S', 'S', 'H'), [(7, (0, 0, 0)), (6, (-3, 2, -2)), (7, (-2, -3, 0))], [0, 0, 0])
restart-end (23, 45) (('S', 'H', 'S'), [(5, (0, 0, 0)), (3, (-1, 2, -1)), (6, (2, 0, -2))], [1, 1, 1])
saved r54_40864_L23_g45
restart-end (24, 51) (('S', 'S', 'H'), [(0, (0, 0, 0)), (1, (1, 1, 3)), (5, (2, -2, 1))], [1, 1, 1])
restart-end (27, 57) (('S', 'S', 'H'), [(3, (0, 0, 0)), (0, (0, 0, 2)), (5, (-1, -3, 0))], [1, 0, 1])
restart-end (27, 54) (('S', 'H', 'S'), [(6, (0, 0, 0)), (0, (0, -2, 1)), (2, (2, 2, -1))], [0, 1, 0])
restart-end (24, 48) (('H', 'S', 'S'), [(3, (0, 0, 0)), (6, (-1, 1, -2)), (4, (0, 2, 0))], [0, 1, 1])
restart-end (26, 53) (('H', 'S', 'S'), [(1, (0, 0, 0)), (7, (2, 3, 1)), (3, (2, -2, -1))], [1, 1, 1])
restart-end (25, 52) (('S', 'S', 'H'), [(4, (0, 0, 0)), (6, (0, 2, 3)), (0, (-2, 1, -1))], [0, 1, 0])
restart-end (23, 42) (('S', 'H', 'S'), [(2, (0, 0, 0)), (0, (-1, 2, -3)), (6, (-3, -1, -2))], [0, 1, 1])
saved r54_41446_L23_g42
restart-end (26, 51) (('H', 'S', 'S'), [(4, (0, 0, 0)), (0, (1, -2, -1)), (1, (1, -2, 2))], [1, 1, 1])
restart-end (26, 54) (('S', 'S', 'H'), [(7, (0, 0, 0)), (0, (1, -2, 2)), (3, (2, 2, 1))], [1, 0, 1])
restart-end (25, 49) (('H', 'S', 'S'), [(0, (0, 0, 0)), (0, (-1, -1, -2)), (3, (-2, -3, 1))], [0, 0, 0])
restart-end (26, 53) (('H', 'S', 'S'), [(0, (0, 0, 0)), (5, (1, -2, -2)), (4, (2, -3, 2))], [1, 1, 0])
restart-end (24, 50) (('S', 'S', 'H'), [(5, (0, 0, 0)), (3, (3, -2, 2)), (7, (-2, 2, -1))], [1, 0, 1])
restart-end (28, 57) (('H', 'S', 'S'), [(3, (0, 0, 0)), (4, (2, 1, 3)), (6, (2, 3, 2))], [1, 1, 0])
restart-end (28, 56) (('S', 'S', 'H'), [(3, (0, 0, 0)), (7, (-1, 1, -3)), (0, (0, 3, 1))], [0, 0, 0])
restart-end (27, 58) (('S', 'S', 'H'), [(5, (0, 0, 0)), (3, (2, 1, -3)), (7, (2, 4, 1))], [0, 1, 1])
restart-end (25, 52) (('S', 'S', 'H'), [(7, (0, 0, 0)), (5, (2, 2, -3)), (1, (-2, -2, 0))], [1, 1, 1])
restart-end (27, 58) (('S', 'S', 'H'), [(2, (0, 0, 0)), (5, (0, -2, 2)), (3, (-1, -1, -3))], [0, 1, 1])
restart-end (25, 54) (('S', 'S', 'H'), [(2, (0, 0, 0)), (4, (2, -1, 1)), (6, (-2, 1, 3))], [0, 1, 1])
restart-end (27, 56) (('H', 'S', 'S'), [(5, (0, 0, 0)), (4, (2, 0, -3)), (6, (0, -2, 3))], [1, 1, 0])
restart-end (24, 48) (('S', 'S', 'H'), [(2, (0, 0, 0)), (1, (1, -1, -3)), (3, (-1, -3, 1))], [0, 0, 0])
restart-end (28, 54) (('H', 'S', 'S'), [(4, (0, 0, 0)), (0, (-2, -3, -1)), (4, (-2, 2, 2))], [0, 0, 0])
restart-end (25, 50) (('S', 'S', 'H'), [(4, (0, 0, 0)), (6, (2, -3, 0)), (7, (-2, 0, -2))], [0, 1, 0])
restart-end (28, 54) (('H', 'S', 'S'), [(4, (0, 0, 0)), (4, (-1, 1, 2)), (7, (1, 1, -4))], [0, 0, 1])
restart-end (27, 56) (('S', 'S', 'H'), [(5, (0, 0, 0)), (3, (1, 2, 3)), (7, (1, -1, -2))], [0, 0, 1])
restart-end (24, 49) (('S', 'S', 'H'), [(7, (0, 0, 0)), (0, (-1, 2, -1)), (0, (-2, 1, 2))], [0, 1, 0])
restart-end (24, 51) (('S', 'H', 'S'), [(2, (0, 0, 0)), (4, (-1, 2, 1)), (2, (-3, 2, -2))], [0, 1, 1])
restart-end (26, 48) (('S', 'S', 'H'), [(6, (0, 0, 0)), (0, (3, 1, 2)), (2, (-1, 3, 1))], [1, 0, 0])
restart-end (28, 61) (('S', 'H', 'S'), [(2, (0, 0, 0)), (7, (-1, 4, -1)), (1, (1, -1, 1))], [0, 1, 0])
restart-end (26, 52) (('S', 'H', 'S'), [(3, (0, 0, 0)), (3, (1, 2, -2)), (6, (2, -3, -2))], [1, 0, 0])
restart-end (26, 56) (('H', 'S', 'S'), [(7, (0, 0, 0)), (6, (-1, -1, 3)), (1, (-1, 4, 1))], [0, 1, 0])
restart-end (25, 51) (('S', 'H', 'S'), [(0, (0, 0, 0)), (5, (-1, -2, -1)), (1, (-1, 0, 2))], [0, 0, 0])
restart-end (25, 53) (('S', 'S', 'H'), [(0, (0, 0, 0)), (7, (2, -2, 2)), (2, (2, 2, 3))], [0, 0, 0])
restart-end (28, 55) (('H', 'S', 'S'), [(7, (0, 0, 0)), (6, (1, 1, -2)), (2, (2, -3, 2))], [0, 1, 0])
restart-end (25, 45) (('S', 'H', 'S'), [(1, (0, 0, 0)), (1, (-1, 2, -2)), (4, (2, 2, 1))], [0, 0, 1])
restart-end (23, 44) (('S', 'H', 'S'), [(0, (0, 0, 0)), (0, (-1, -2, -3)), (3, (-2, -1, 2))], [0, 1, 1])
saved r54_44455_L23_g44
restart-end (26, 54) (('S', 'H', 'S'), [(7, (0, 0, 0)), (6, (1, 2, 1)), (3, (2, -2, -1))], [0, 0, 0])
restart-end (24, 46) (('S', 'H', 'S'), [(4, (0, 0, 0)), (5, (0, 3, 3)), (0, (-2, 3, 0))], [1, 0, 1])
restart-end (26, 53) (('S', 'S', 'H'), [(7, (0, 0, 0)), (7, (0, -2, 1)), (3, (0, 1, 2))], [0, 0, 1])
restart-end (27, 57) (('S', 'S', 'H'), [(7, (0, 0, 0)), (1, (0, 2, 1)), (5, (2, -3, 2))], [1, 1, 1])
restart-end (27, 51) (('S', 'H', 'S'), [(2, (0, 0, 0)), (3, (-1, 0, -2)), (6, (2, -2, 1))], [1, 1, 0])
restart-end (28, 55) (('S', 'S', 'H'), [(1, (0, 0, 0)), (5, (1, 2, -2)), (0, (2, 1, 2))], [1, 0, 0])
restart-end (23, 45) (('H', 'S', 'S'), [(7, (0, 0, 0)), (1, (0, -2, 2)), (5, (2, 1, 2))], [0, 1, 0])
saved r54_45023_L23_g45
restart-end (26, 54) (('H', 'S', 'S'), [(0, (0, 0, 0)), (0, (-1, -1, 2)), (3, (0, 0, -2))], [1, 0, 0])
restart-end (25, 51) (('S', 'S', 'H'), [(0, (0, 0, 0)), (2, (-1, -3, 0)), (6, (-1, -1, 3))], [0, 1, 1])
restart-end (23, 46) (('S', 'H', 'S'), [(2, (0, 0, 0)), (2, (-1, -1, 2)), (4, (-1, -2, -3))], [1, 1, 1])
saved r54_45316_L23_g46
restart-end (25, 51) (('H', 'S', 'S'), [(5, (0, 0, 0)), (5, (0, -3, -1)), (2, (2, 0, -1))], [0, 0, 0])
restart-end (25, 49) (('S', 'H', 'S'), [(1, (0, 0, 0)), (3, (2, -1, -2)), (7, (2, 1, -1))], [1, 1, 1])
restart-end (27, 55) (('H', 'S', 'S'), [(7, (0, 0, 0)), (7, (2, 3, 1)), (6, (-2, -2, -3))], [1, 1, 1])
restart-end (24, 46) (('S', 'H', 'S'), [(3, (0, 0, 0)), (4, (-2, 1, -2)), (6, (1, 0, -3))], [1, 1, 1])
restart-end (23, 46) (('S', 'H', 'S'), [(4, (0, 0, 0)), (6, (-1, -2, -1)), (6, (-2, 1, -2))], [1, 1, 0])
saved r54_45677_L23_g46
restart-end (24, 48) (('S', 'S', 'H'), [(4, (0, 0, 0)), (4, (0, -3, 0)), (1, (-2, 0, -3))], [0, 1, 1])
restart-end (24, 48) (('S', 'H', 'S'), [(2, (0, 0, 0)), (2, (-1, 3, 0)), (0, (-2, -1, -3))], [0, 1, 1])
restart-end (23, 44) (('S', 'S', 'H'), [(2, (0, 0, 0)), (7, (-1, 3, -2)), (7, (-3, 0, -1))], [1, 0, 1])
saved r54_45992_L23_g44
restart-end (24, 49) (('H', 'S', 'S'), [(5, (0, 0, 0)), (7, (2, -1, -4)), (5, (2, 1, -2))], [1, 0, 0])
restart-end (29, 60) (('S', 'S', 'H'), [(4, (0, 0, 0)), (2, (0, 3, 2)), (1, (0, -3, 1))], [1, 0, 0])
