start (29, 62) (('S', 'H', 'S'), [(3, (0, 0, 0)), (7, (0, -3, 0)), (1, (-1, 2, 2))], [1, 0, 1])
7 (29, 62) (('S', 'S', 'H'), [(3, (0, 0, 0)), (7, (0, -3, 0)), (1, (-1, 2, 2))], [1, 0, 1])
11 (28, 62) (('S', 'S', 'H'), [(3, (0, 0, 0)), (7, (0, -3, 0)), (1, (-1, 1, 2))], [1, 0, 1])
16 (28, 62) (('S', 'S', 'H'), [(3, (0, 0, 0)), (7, (0, -3, 0)), (1, (-1, 1, 2))], [1, 1, 1])
18 (28, 62) (('S', 'S', 'H'), [(3, (0, 0, 0)), (7, (0, -3, -1)), (1, (-1, 1, 2))], [1, 1, 1])
22 (28, 62) (('S', 'S', 'H'), [(3, (0, 0, 0)), (7, (0, -3, 0)), (1, (-1, 1, 2))], [1, 1, 1])
27 (28, 60) (('S', 'S', 'H'), [(3, (0, 0, 0)), (7, (-1, -3, 0)), (1, (-1, 1, 2))], [1, 1, 1])
47 (28, 60) (('S', 'S', 'H'), [(3, (0, 0, 0)), (7, (0, -3, 0)), (1, (-1, 1, 2))], [1, 1, 1])
51 (28, 60) (('S', 'S', 'H'), [(3, (0, 0, 0)), (7, (0, -3, 0)), (1, (-1, 1, 2))], [1, 0, 1])
62 (28, 60) (('S', 'S', 'H'), [(3, (0, 0, 0)), (7, (-1, -3, 0)), (1, (-1, 1, 2))], [1, 0, 1])
64 (28, 60) (('S', 'S', 'H'), [(3, (0, 0, 0)), (7, (-1, -3, 0)), (1, (-1, 1, 2))], [1, 1, 1])
71 (28, 57) (('S', 'S', 'H'), [(3, (0, 0, 0)), (4, (-1, -3, 0)), (1, (-1, 1, 2))], [1, 1, 1])
91 (28, 56) (('S', 'S', 'H'), [(1, (0, 0, 0)), (4, (-1, -3, 0)), (1, (-1, 1, 2))], [1, 1, 1])
93 (28, 53) (('S', 'S', 'H'), [(1, (0, 0, 0)), (4, (-1, -3, 0)), (1, (-1, 1, 2))], [0, 1, 1])
106 (28, 53) (('S', 'S', 'H'), [(1, (0, 0, 0)), (4, (-1, -3, 0)), (6, (-1, 1, 2))], [0, 1, 1])
107 (26, 54) (('H', 'S', 'S'), [(1, (0, 0, 0)), (4, (-1, -3, 0)), (6, (-1, 1, 2))], [0, 1, 1])
115 (26, 52) (('H', 'S', 'S'), [(1, (0, 0, 0)), (4, (-1, -3, 0)), (6, (-2, 1, 2))], [0, 1, 1])
121 (25, 53) (('H', 'S', 'S'), [(1, (0, 0, 0)), (4, (-1, -3, 0)), (6, (-3, 1, 2))], [0, 1, 1])
122 (25, 53) (('S', 'S', 'H'), [(1, (0, 0, 0)), (4, (-1, -3, 0)), (6, (-3, 1, 2))], [0, 1, 1])
123 (25, 50) (('S', 'S', 'H'), [(1, (0, 0, 0)), (4, (-1, -3, 0)), (6, (-3, 1, 2))], [0, 1, 1])
156 (24, 47) (('S', 'S', 'H'), [(1, (0, 0, 0)), (4, (-1, -3, 0)), (7, (-3, 1, 2))], [0, 1, 1])
165 (23, 46) (('S', 'S', 'H'), [(1, (0, 0, 0)), (6, (-1, -3, 0)), (7, (-3, 1, 2))], [0, 1, 1])
167 (23, 46) (('S', 'S', 'H'), [(1, (0, 0, 0)), (6, (-1, -3, 0)), (7, (-3, 1, 2))], [0, 1, 1])
175 (23, 46) (('S', 'S', 'H'), [(1, (0, 0, 0)), (6, (-1, -3, 0)), (7, (-3, 1, 2))], [0, 1, 1])
182 (23, 46) (('S', 'S', 'H'), [(3, (0, 0, 0)), (6, (-1, -3, 0)), (7, (-3, 1, 2))], [0, 1, 1])
184 (23, 46) (('S', 'S', 'H'), [(3, (0, 0, 0)), (6, (-1, -3, 0)), (7, (-3, 1, 2))], [0, 1, 0])
207 (23, 46) (('S', 'S', 'H'), [(3, (0, 0, 0)), (6, (-1, -3, 0)), (7, (-3, 1, 2))], [0, 0, 0])
208 (23, 46) (('S', 'S', 'H'), [(3, (0, 0, 0)), (6, (-1, -3, 0)), (7, (-3, 1, 2))], [1, 0, 0])
222 (23, 46) (('H', 'S', 'S'), [(3, (0, 0, 0)), (6, (-1, -3, 0)), (7, (-3, 1, 2))], [1, 0, 0])
231 (23, 46) (('H', 'S', 'S'), [(3, (0, 0, 0)), (6, (-1, -3, 0)), (7, (-3, 1, 2))], [1, 0, 0])
237 (23, 46) (('H', 'S', 'S'), [(3, (0, 0, 0)), (6, (-1, -3, 0)), (7, (-3, 1, 2))], [1, 1, 0])
238 (23, 46) (('H', 'S', 'S'), [(3, (0, 0, 0)), (6, (-1, -3, 0)), (7, (-3, 1, 2))], [1, 1, 1])
246 (23, 46) (('S', 'S', 'H'), [(3, (0, 0, 0)), (6, (-1, -3, 0)), (7, (-3, 1, 2))], [1, 1, 1])
253 (23, 46) (('S', 'S', 'H'), [(3, (0, 0, 0)), (6, (-1, -3, 0)), (7, (-3, 1, 2))], [1, 1, 1])
255 (23, 46) (('H', 'S', 'S'), [(3, (0, 0, 0)), (6, (-1, -3, 0)), (7, (-3, 1, 2))], [1, 1, 1])
265 (23, 46) (('H', 'S', 'S'), [(3, (0, 0, 0)), (6, (-1, -3, 0)), (7, (-3, 1, 2))], [1, 0, 1])
269 (23, 46) (('H', 'S', 'S'), [(3, (0, 0, 0)), (6, (-1, -3, 0)), (7, (-3, 1, 2))], [1, 0, 0])
274 (23, 46) (('H', 'S', 'S'), [(3, (0, 0, 0)), (6, (-1, -3, 0)), (7, (-3, 1, 2))], [0, 0, 0])
294 (23, 46) (('H', 'S', 'S'), [(3, (0, 0, 0)), (6, (-1, -3, 0)), (7, (-3, 1, 2))], [0, 0, 0])
298 (23, 46) (('H', 'S', 'S'), [(3, (0, 0, 0)), (6, (-1, -3, 0)), (7, (-3, 1, 2))], [0, 0, 1])
303 (23, 46) (('H', 'S', 'S'), [(3, (0, 0, 0)), (6, (-1, -3, 0)), (7, (-3, 1, 2))], [0, 0, 1])
304 (23, 46) (('H', 'S', 'S'), [(3, (0, 0, 0)), (6, (-1, -3, 0)), (7, (-3, 1, 2))], [0, 1, 1])
311 (23, 46) (('S', 'S', 'H'), [(3, (0, 0, 0)), (6, (-1, -3, 0)), (7, (-3, 1, 2))], [0, 1, 1])
315 (23, 46) (('S', 'S', 'H'), [(3, (0, 0, 0)), (6, (-1, -3, 0)), (7, (-3, 1, 2))], [0, 1, 0])
328 (23, 46) (('S', 'S', 'H'), [(3, (0, 0, 0)), (6, (-1, -3, 0)), (7, (-3, 1, 2))], [1, 1, 0])
335 (23, 46) (('S', 'S', 'H'), [(3, (0, 0, 0)), (6, (-1, -3, 0)), (7, (-3, 1, 2))], [1, 1, 0])
337 (23, 46) (('H', 'S', 'S'), [(3, (0, 0, 0)), (6, (-1, -3, 0)), (7, (-3, 1, 2))], [1, 1, 0])
338 (23, 46) (('S', 'S', 'H'), [(3, (0, 0, 0)), (6, (-1, -3, 0)), (7, (-3, 1, 2))], [1, 1, 0])
340 (23, 46) (('S', 'S', 'H'), [(3, (0, 0, 0)), (6, (-1, -3, 0)), (7, (-3, 1, 2))], [1, 1, 0])
341 (23, 46) (('S', 'S', 'H'), [(3, (0, 0, 0)), (6, (-1, -3, 0)), (7, (-3, 1, 2))], [1, 0, 0])
342 (23, 46) (('H', 'S', 'S'), [(3, (0, 0, 0)), (6, (-1, -3, 0)), (7, (-3, 1, 2))], [1, 0, 0])
351 (23, 46) (('S', 'S', 'H'), [(3, (0, 0, 0)), (6, (-1, -3, 0)), (7, (-3, 1, 2))], [1, 0, 0])
353 (23, 46) (('S', 'S', 'H'), [(3, (0, 0, 0)), (6, (-1, -3, 0)), (7, (-3, 1, 2))], [1, 0, 0])
360 (23, 46) (('S', 'S', 'H'), [(3, (0, 0, 0)), (6, (-1, -3, 0)), (7, (-3, 1, 2))], [1, 0, 1])
362 (23, 46) (('S', 'S', 'H'), [(3, (0, 0, 0)), (6, (-1, -3, 0)), (7, (-3, 1, 2))], [0, 0, 1])
369 (23, 46) (('H', 'S', 'S'), [(3, (0, 0, 0)), (6, (-1, -3, 0)), (7, (-3, 1, 2))], [0, 0, 1])
372 (23, 46) (('H', 'S', 'S'), [(3, (0, 0, 0)), (6, (-1, -3, 0)), (7, (-3, 1, 2))], [0, 0, 0])
382 (23, 46) (('H', 'S', 'S'), [(3, (0, 0, 0)), (6, (-1, -3, 0)), (7, (-3, 1, 2))], [0, 0, 0])
385 (23, 46) (('H', 'S', 'S'), [(3, (0, 0, 0)), (6, (-1, -3, 0)), (7, (-3, 1, 2))], [1, 0, 0])
388 (23, 46) (('S', 'S', 'H'), [(3, (0, 0, 0)), (6, (-1, -3, 0)), (7, (-3, 1, 2))], [1, 0, 0])
393 (23, 46) (('S', 'S', 'H'), [(3, (0, 0, 0)), (6, (-1, -3, 0)), (7, (-3, 1, 2))], [1, 0, 1])
396 (23, 46) (('S', 'S', 'H'), [(3, (0, 0, 0)), (6, (-1, -3, 0)), (7, (-3, 1, 2))], [1, 0, 1])
