start (25, 51) (('S', 'H', 'S'), [(0, (0, 0, 0)), (6, (-2, -3, -1)), (5, (-1, -2, 2))], [0, 0, 0])
3 (24, 50) (('S', 'H', 'S'), [(0, (0, 0, 0)), (6, (-2, -3, -1)), (5, (-1, -1, 2))], [0, 0, 0])
12 (24, 50) (('S', 'H', 'S'), [(0, (0, 0, 0)), (6, (-2, -3, -1)), (5, (-1, -1, 2))], [1, 0, 0])
15 (24, 50) (('S', 'H', 'S'), [(0, (0, 0, 0)), (6, (-2, -3, -1)), (5, (-1, -1, 2))], [1, 0, 0])
34 (24, 48) (('S', 'H', 'S'), [(0, (0, 0, 0)), (6, (-2, -2, -1)), (5, (-1, -1, 2))], [1, 0, 0])
60 (24, 48) (('S', 'H', 'S'), [(0, (0, 0, 0)), (6, (-1, -2, -1)), (5, (-1, -1, 2))], [1, 0, 0])
69 (24, 48) (('S', 'H', 'S'), [(0, (0, 0, 0)), (6, (-1, -2, -1)), (5, (-1, -1, 2))], [1, 0, 0])
84 (23, 46) (('S', 'H', 'S'), [(0, (0, 0, 0)), (6, (-1, -2, -1)), (1, (-1, -1, 2))], [1, 0, 0])
87 (23, 46) (('S', 'H', 'S'), [(0, (0, 0, 0)), (6, (-1, -2, -1)), (1, (-1, -1, 2))], [1, 1, 0])
154 (23, 46) (('S', 'H', 'S'), [(0, (0, 0, 0)), (6, (-1, -2, -1)), (1, (-1, -1, 2))], [1, 1, 0])
159 (23, 46) (('S', 'H', 'S'), [(0, (0, 0, 0)), (1, (-1, -2, -1)), (1, (-1, -1, 2))], [1, 1, 0])
170 (23, 46) (('S', 'H', 'S'), [(0, (0, 0, 0)), (1, (-1, -2, -1)), (1, (-1, -1, 2))], [0, 1, 0])
171 (23, 45) (('S', 'H', 'S'), [(0, (0, 0, 0)), (1, (-1, -2, -1)), (1, (-2, -1, 2))], [0, 1, 0])
176 (23, 45) (('S', 'H', 'S'), [(0, (0, 0, 0)), (1, (-1, -2, -1)), (1, (-2, -1, 2))], [0, 1, 0])
188 (23, 45) (('S', 'H', 'S'), [(0, (0, 0, 0)), (1, (-1, -2, -1)), (1, (-2, -1, 2))], [0, 1, 0])
190 (23, 45) (('S', 'H', 'S'), [(0, (0, 0, 0)), (1, (-1, -2, -1)), (1, (-2, -1, 2))], [1, 1, 0])
205 (23, 43) (('S', 'H', 'S'), [(0, (0, 0, 0)), (1, (-1, -2, -1)), (4, (-2, -1, 2))], [1, 1, 0])
207 (23, 43) (('S', 'H', 'S'), [(0, (0, 0, 0)), (1, (-1, -2, -1)), (4, (-3, -1, 2))], [1, 1, 0])
214 (23, 43) (('S', 'H', 'S'), [(0, (0, 0, 0)), (1, (-1, -2, -1)), (4, (-2, -1, 2))], [1, 1, 0])
217 (23, 43) (('S', 'H', 'S'), [(0, (0, 0, 0)), (1, (-1, -2, -1)), (4, (-2, -1, 2))], [0, 1, 0])
224 (22, 44) (('S', 'H', 'S'), [(0, (0, 0, 0)), (1, (0, -2, -1)), (4, (-2, -1, 2))], [0, 1, 0])
238 (22, 44) (('S', 'H', 'S'), [(0, (0, 0, 0)), (1, (0, -2, -1)), (4, (-2, -1, 2))], [0, 1, 1])
241 (22, 44) (('S', 'H', 'S'), [(0, (0, 0, 0)), (1, (0, -2, -1)), (4, (-2, -1, 2))], [0, 1, 1])
266 (22, 44) (('S', 'H', 'S'), [(0, (0, 0, 0)), (1, (0, -2, -1)), (4, (-2, -1, 2))], [0, 1, 0])
274 (22, 44) (('S', 'H', 'S'), [(0, (0, 0, 0)), (1, (0, -2, -1)), (4, (-2, -1, 2))], [0, 0, 0])
289 (22, 44) (('S', 'H', 'S'), [(0, (0, 0, 0)), (1, (0, -2, -1)), (4, (-2, -1, 2))], [0, 0, 1])
291 (22, 44) (('S', 'H', 'S'), [(0, (0, 0, 0)), (1, (0, -2, -1)), (4, (-2, -1, 2))], [0, 0, 1])
302 (22, 44) (('S', 'H', 'S'), [(0, (0, 0, 0)), (1, (0, -2, -1)), (4, (-2, -1, 2))], [1, 0, 1])
307 (22, 44) (('S', 'H', 'S'), [(0, (0, 0, 0)), (1, (0, -2, -1)), (4, (-2, -1, 2))], [1, 0, 0])
315 (22, 44) (('S', 'H', 'S'), [(0, (0, 0, 0)), (1, (0, -2, -1)), (4, (-2, -1, 2))], [1, 0, 1])
316 (22, 44) (('S', 'H', 'S'), [(0, (0, 0, 0)), (1, (0, -2, -1)), (4, (-2, -1, 2))], [0, 0, 1])
319 (22, 44) (('S', 'H', 'S'), [(0, (0, 0, 0)), (1, (0, -2, -1)), (4, (-2, -1, 2))], [0, 0, 1])
324 (22, 44) (('S', 'H', 'S'), [(0, (0, 0, 0)), (1, (0, -2, -1)), (4, (-2, -1, 2))], [0, 1, 1])
343 (22, 44) (('S', 'H', 'S'), [(0, (0, 0, 0)), (1, (0, -2, -1)), (4, (-2, -1, 2))], [0, 1, 1])
349 (22, 44) (('S', 'H', 'S'), [(0, (0, 0, 0)), (1, (0, -2, -1)), (4, (-2, -1, 2))], [0, 1, 0])
355 (22, 44) (('S', 'H', 'S'), [(0, (0, 0, 0)), (1, (0, -2, -1)), (4, (-2, -1, 2))], [0, 0, 0])
358 (22, 44) (('S', 'H', 'S'), [(0, (0, 0, 0)), (1, (0, -2, -1)), (4, (-2, -1, 2))], [0, 0, 1])
363 (22, 44) (('S', 'H', 'S'), [(0, (0, 0, 0)), (1, (0, -2, -1)), (4, (-2, -1, 2))], [0, 0, 0])
373 (22, 44) (('S', 'H', 'S'), [(0, (0, 0, 0)), (1, (0, -2, -1)), (4, (-2, -1, 2))], [0, 0, 0])
381 (22, 44) (('S', 'H', 'S'), [(0, (0, 0, 0)), (1, (0, -2, -1)), (4, (-2, -1, 2))], [0, 0, 0])
382 (22, 44) (('S', 'H', 'S'), [(0, (0, 0, 0)), (1, (0, -2, -1)), (4, (-2, -1, 2))], [0, 0, 1])
396 (22, 44) (('S', 'H', 'S'), [(0, (0, 0, 0)), (1, (0, -2, -1)), (4, (-2, -1, 2))], [0, 0, 0])
397 (22, 44) (('S', 'H', 'S'), [(0, (0, 0, 0)), (1, (0, -2, -1)), (4, (-2, -1, 2))], [0, 0, 0])
