start (31, 58) (('S', 'H', 'S'), [(4, (0, 0, 0)), (1, (1, 0, -2)), (1, (-2, -3, 0))], [1, 0, 0])
0 (30, 59) (('S', 'H', 'S'), [(4, (0, 0, 0)), (1, (1, -1, -2)), (1, (-2, -3, 0))], [1, 0, 0])
1 (29, 56) (('S', 'H', 'S'), [(4, (0, 0, 0)), (1, (1, -1, -2)), (1, (-3, -3, 0))], [1, 0, 0])
14 (28, 56) (('S', 'H', 'S'), [(4, (0, 0, 0)), (1, (1, -1, -2)), (1, (-3, -3, -1))], [1, 0, 0])
20 (26, 54) (('S', 'H', 'S'), [(4, (0, 0, 0)), (1, (1, -1, -3)), (1, (-3, -3, -1))], [1, 0, 0])
21 (26, 54) (('S', 'H', 'S'), [(4, (0, 0, 0)), (1, (2, -1, -3)), (1, (-3, -3, -1))], [1, 0, 0])
25 (26, 54) (('S', 'H', 'S'), [(4, (0, 0, 0)), (1, (2, -1, -3)), (1, (-3, -3, -1))], [0, 0, 0])
30 (25, 54) (('S', 'H', 'S'), [(4, (0, 0, 0)), (1, (2, -1, -3)), (1, (-3, -2, -1))], [0, 0, 0])
34 (25, 51) (('S', 'H', 'S'), [(0, (0, 0, 0)), (1, (2, -1, -3)), (1, (-3, -2, -1))], [0, 0, 0])
35 (25, 51) (('S', 'S', 'H'), [(0, (0, 0, 0)), (1, (2, -1, -3)), (1, (-3, -2, -1))], [0, 0, 0])
40 (25, 51) (('S', 'H', 'S'), [(0, (0, 0, 0)), (1, (2, -1, -3)), (1, (-3, -2, -1))], [0, 0, 0])
46 (25, 51) (('S', 'H', 'S'), [(0, (0, 0, 0)), (1, (2, -1, -3)), (1, (-3, -2, -1))], [0, 0, 0])
49 (25, 51) (('S', 'H', 'S'), [(0, (0, 0, 0)), (1, (2, -1, -3)), (1, (-3, -2, -1))], [1, 0, 0])
72 (25, 51) (('S', 'H', 'S'), [(0, (0, 0, 0)), (1, (2, -1, -3)), (1, (-3, -2, -1))], [0, 0, 0])
107 (25, 51) (('S', 'S', 'H'), [(0, (0, 0, 0)), (1, (2, -1, -3)), (1, (-3, -2, -1))], [0, 0, 0])
129 (25, 51) (('S', 'S', 'H'), [(0, (0, 0, 0)), (1, (2, -1, -3)), (1, (-3, -2, -1))], [1, 0, 0])
144 (25, 51) (('S', 'S', 'H'), [(0, (0, 0, 0)), (1, (2, -1, -3)), (1, (-3, -2, -1))], [0, 0, 0])
171 (25, 51) (('S', 'H', 'S'), [(0, (0, 0, 0)), (1, (2, -1, -3)), (1, (-3, -2, -1))], [0, 0, 0])
240 (25, 51) (('S', 'H', 'S'), [(0, (0, 0, 0)), (1, (2, -1, -3)), (1, (-3, -2, -1))], [0, 0, 0])
247 (25, 51) (('S', 'H', 'S'), [(0, (0, 0, 0)), (1, (2, -1, -3)), (1, (-3, -2, -1))], [1, 0, 0])
251 (25, 51) (('S', 'H', 'S'), [(0, (0, 0, 0)), (0, (2, -1, -3)), (1, (-3, -2, -1))], [1, 0, 0])
253 (25, 51) (('S', 'S', 'H'), [(0, (0, 0, 0)), (0, (2, -1, -3)), (1, (-3, -2, -1))], [1, 0, 0])
254 (25, 51) (('S', 'S', 'H'), [(0, (0, 0, 0)), (0, (2, -1, -3)), (1, (-2, -2, -1))], [1, 0, 0])
256 (24, 50) (('S', 'S', 'H'), [(0, (0, 0, 0)), (0, (1, -1, -3)), (1, (-2, -2, -1))], [1, 0, 0])
259 (24, 49) (('S', 'S', 'H'), [(0, (0, 0, 0)), (0, (1, -2, -3)), (1, (-2, -2, -1))], [1, 0, 0])
262 (24, 49) (('S', 'S', 'H'), [(0, (0, 0, 0)), (0, (1, -2, -3)), (1, (-2, -2, -1))], [1, 1, 0])
269 (24, 49) (('S', 'S', 'H'), [(0, (0, 0, 0)), (0, (1, -2, -3)), (1, (-2, -2, -1))], [1, 1, 0])
281 (24, 49) (('S', 'S', 'H'), [(0, (0, 0, 0)), (0, (1, -2, -3)), (1, (-2, -2, -1))], [1, 1, 0])
282 (24, 49) (('S', 'S', 'H'), [(0, (0, 0, 0)), (0, (1, -2, -3)), (1, (-2, -2, -1))], [0, 1, 0])
288 (24, 49) (('S', 'S', 'H'), [(0, (0, 0, 0)), (0, (1, -2, -3)), (1, (-2, -2, -1))], [0, 1, 0])
292 (24, 49) (('S', 'S', 'H'), [(0, (0, 0, 0)), (0, (1, -2, -3)), (1, (-2, -2, -1))], [0, 1, 1])
300 (24, 49) (('S', 'S', 'H'), [(0, (0, 0, 0)), (0, (1, -2, -3)), (1, (-2, -2, -1))], [0, 1, 1])
306 (24, 49) (('S', 'S', 'H'), [(0, (0, 0, 0)), (0, (1, -2, -3)), (1, (-2, -2, -1))], [0, 1, 1])
309 (24, 49) (('S', 'S', 'H'), [(0, (0, 0, 0)), (0, (1, -2, -3)), (1, (-2, -2, -1))], [0, 0, 1])
312 (24, 49) (('S', 'S', 'H'), [(0, (0, 0, 0)), (0, (1, -2, -3)), (1, (-2, -2, -1))], [0, 0, 1])
331 (24, 49) (('S', 'S', 'H'), [(0, (0, 0, 0)), (0, (1, -2, -3)), (1, (-2, -2, -1))], [0, 0, 1])
332 (24, 49) (('S', 'S', 'H'), [(0, (0, 0, 0)), (0, (1, -2, -3)), (1, (-2, -2, -1))], [1, 0, 1])
359 (24, 49) (('S', 'S', 'H'), [(0, (0, 0, 0)), (0, (1, -2, -3)), (1, (-2, -2, -1))], [0, 0, 1])
380 (24, 49) (('S', 'S', 'H'), [(0, (0, 0, 0)), (0, (1, -2, -3)), (1, (-2, -2, -1))], [0, 0, 0])
395 (24, 49) (('S', 'S', 'H'), [(0, (0, 0, 0)), (0, (1, -2, -3)), (1, (-2, -2, -1))], [1, 0, 0])
398 (24, 49) (('S', 'S', 'H'), [(0, (0, 0, 0)), (0, (1, -2, -3)), (1, (-2, -2, -1))], [1, 0, 0])
