start (32, 70) (('H', 'S', 'S'), [(4, (0, 0, 0)), (5, (2, -3, 3)), (7, (-1, 2, -3))], [0, 0, 1])
1 (32, 68) (('H', 'S', 'S'), [(4, (0, 0, 0)), (5, (2, -3, 3)), (7, (-1, 1, -3))], [0, 0, 1])
3 (32, 66) (('H', 'S', 'S'), [(4, (0, 0, 0)), (5, (1, -3, 3)), (7, (-1, 1, -3))], [0, 0, 1])
5 (32, 66) (('H', 'S', 'S'), [(4, (0, 0, 0)), (5, (1, -3, 3)), (7, (-2, 1, -3))], [0, 0, 1])
6 (32, 66) (('H', 'S', 'S'), [(4, (0, 0, 0)), (5, (1, -3, 3)), (7, (-2, 1, -3))], [0, 0, 1])
7 (31, 62) (('H', 'S', 'S'), [(4, (0, 0, 0)), (5, (1, -2, 3)), (7, (-2, 1, -3))], [0, 0, 1])
8 (30, 60) (('H', 'S', 'S'), [(4, (0, 0, 0)), (5, (1, -1, 3)), (7, (-2, 1, -3))], [0, 0, 1])
10 (30, 58) (('H', 'S', 'S'), [(4, (0, 0, 0)), (5, (1, -1, 3)), (0, (-2, 1, -3))], [0, 0, 1])
11 (30, 58) (('S', 'H', 'S'), [(4, (0, 0, 0)), (5, (1, -1, 3)), (0, (-2, 1, -3))], [0, 0, 1])
16 (29, 54) (('S', 'H', 'S'), [(4, (0, 0, 0)), (5, (1, -1, 2)), (0, (-2, 1, -3))], [0, 0, 1])
17 (28, 55) (('S', 'H', 'S'), [(4, (0, 0, 0)), (5, (2, -1, 2)), (0, (-2, 1, -3))], [0, 0, 1])
19 (27, 53) (('S', 'H', 'S'), [(4, (0, 0, 0)), (5, (2, -1, 2)), (0, (-2, 0, -3))], [0, 0, 1])
22 (27, 53) (('S', 'H', 'S'), [(4, (0, 0, 0)), (5, (2, -1, 2)), (0, (-2, 0, -3))], [0, 0, 1])
36 (26, 54) (('S', 'H', 'S'), [(4, (0, 0, 0)), (5, (3, -1, 2)), (0, (-2, 0, -3))], [0, 0, 1])
40 (26, 54) (('S', 'H', 'S'), [(4, (0, 0, 0)), (5, (3, -1, 2)), (0, (-2, 0, -3))], [0, 0, 1])
43 (26, 54) (('S', 'H', 'S'), [(4, (0, 0, 0)), (5, (3, -1, 2)), (0, (-2, 0, -3))], [0, 0, 0])
44 (26, 54) (('S', 'H', 'S'), [(4, (0, 0, 0)), (5, (3, -1, 2)), (0, (-2, 0, -3))], [0, 1, 0])
75 (26, 54) (('S', 'H', 'S'), [(4, (0, 0, 0)), (5, (3, -1, 2)), (1, (-2, 0, -3))], [0, 1, 0])
105 (26, 54) (('S', 'H', 'S'), [(4, (0, 0, 0)), (5, (3, -1, 2)), (1, (-2, 0, -3))], [0, 1, 1])
110 (26, 53) (('S', 'H', 'S'), [(4, (0, 0, 0)), (5, (2, -1, 2)), (1, (-2, 0, -3))], [0, 1, 1])
131 (25, 53) (('S', 'H', 'S'), [(2, (0, 0, 0)), (5, (2, -1, 2)), (1, (-2, 0, -3))], [0, 1, 1])
140 (25, 51) (('S', 'H', 'S'), [(2, (0, 0, 0)), (5, (2, -1, 2)), (1, (-2, 0, -3))], [0, 1, 1])
146 (25, 50) (('S', 'H', 'S'), [(2, (0, 0, 0)), (5, (1, -1, 2)), (1, (-2, 0, -3))], [0, 1, 1])
148 (25, 50) (('S', 'H', 'S'), [(2, (0, 0, 0)), (5, (1, -1, 2)), (1, (-2, 0, -3))], [0, 0, 1])
151 (25, 50) (('S', 'H', 'S'), [(2, (0, 0, 0)), (5, (1, -1, 2)), (1, (-2, 0, -3))], [0, 0, 0])
152 (25, 50) (('S', 'H', 'S'), [(2, (0, 0, 0)), (5, (1, 0, 2)), (1, (-2, 0, -3))], [0, 0, 0])
159 (25, 50) (('S', 'H', 'S'), [(2, (0, 0, 0)), (5, (1, -1, 2)), (1, (-2, 0, -3))], [0, 0, 0])
165 (24, 50) (('S', 'H', 'S'), [(2, (0, 0, 0)), (5, (0, -1, 2)), (1, (-2, 0, -3))], [0, 0, 0])
166 (24, 48) (('S', 'H', 'S'), [(2, (0, 0, 0)), (5, (0, -1, 2)), (1, (-2, 0, -3))], [0, 0, 0])
168 (23, 48) (('S', 'H', 'S'), [(2, (0, 0, 0)), (5, (0, -1, 1)), (1, (-2, 0, -3))], [0, 0, 0])
176 (23, 48) (('S', 'H', 'S'), [(2, (0, 0, 0)), (5, (0, -1, 1)), (1, (-2, 0, -3))], [0, 1, 0])
198 (23, 48) (('S', 'H', 'S'), [(2, (0, 0, 0)), (5, (0, -1, 1)), (1, (-2, 0, -3))], [1, 1, 0])
259 (23, 48) (('S', 'H', 'S'), [(2, (0, 0, 0)), (5, (0, -1, 1)), (1, (-2, 0, -3))], [1, 0, 0])
285 (23, 48) (('S', 'H', 'S'), [(2, (0, 0, 0)), (5, (0, -1, 1)), (1, (-2, 0, -3))], [0, 0, 0])
320 (23, 48) (('S', 'H', 'S'), [(2, (0, 0, 0)), (5, (0, -1, 1)), (1, (-2, 0, -3))], [0, 0, 0])
361 (23, 48) (('S', 'H', 'S'), [(2, (0, 0, 0)), (5, (0, -1, 1)), (1, (-2, 0, -3))], [0, 0, 1])
369 (23, 48) (('S', 'H', 'S'), [(2, (0, 0, 0)), (5, (0, -1, 1)), (1, (-2, 0, -3))], [0, 0, 0])
383 (23, 48) (('S', 'H', 'S'), [(2, (0, 0, 0)), (5, (0, -1, 1)), (1, (-2, 0, -3))], [0, 0, 0])
