start (23, 46) (('S', 'S', 'H'), [(3, (0, 0, 0)), (6, (-1, -3, 0)), (7, (-3, 1, 2))], [1, 0, 1])
0 (23, 46) (('S', 'S', 'H'), [(3, (0, 0, 0)), (6, (-1, -3, 0)), (7, (-3, 1, 2))], [1, 0, 0])
5 (23, 46) (('S', 'S', 'H'), [(3, (0, 0, 0)), (6, (-1, -3, 0)), (7, (-3, 1, 2))], [1, 0, 1])
9 (23, 46) (('H', 'S', 'S'), [(3, (0, 0, 0)), (6, (-1, -3, 0)), (7, (-3, 1, 2))], [1, 0, 1])
11 (23, 46) (('S', 'S', 'H'), [(3, (0, 0, 0)), (6, (-1, -3, 0)), (7, (-3, 1, 2))], [1, 0, 1])
12 (23, 46) (('S', 'S', 'H'), [(3, (0, 0, 0)), (6, (-1, -3, 0)), (7, (-3, 1, 2))], [0, 0, 1])
15 (23, 46) (('S', 'S', 'H'), [(3, (0, 0, 0)), (6, (-1, -3, 0)), (7, (-3, 1, 2))], [0, 0, 0])
17 (23, 46) (('S', 'S', 'H'), [(3, (0, 0, 0)), (6, (-1, -3, 0)), (7, (-3, 1, 2))], [1, 0, 0])
23 (23, 46) (('S', 'S', 'H'), [(3, (0, 0, 0)), (6, (-1, -3, 0)), (7, (-3, 1, 2))], [1, 1, 0])
32 (23, 46) (('S', 'S', 'H'), [(3, (0, 0, 0)), (6, (-1, -3, 0)), (7, (-3, 1, 2))], [1, 0, 0])
34 (23, 46) (('H', 'S', 'S'), [(3, (0, 0, 0)), (6, (-1, -3, 0)), (7, (-3, 1, 2))], [1, 0, 0])
41 (23, 46) (('H', 'S', 'S'), [(3, (0, 0, 0)), (6, (-1, -3, 0)), (7, (-3, 1, 2))], [1, 1, 0])
47 (23, 46) (('S', 'S', 'H'), [(3, (0, 0, 0)), (6, (-1, -3, 0)), (7, (-3, 1, 2))], [1, 1, 0])
76 (23, 46) (('H', 'S', 'S'), [(3, (0, 0, 0)), (6, (-1, -3, 0)), (7, (-3, 1, 2))], [1, 1, 0])
85 (23, 46) (('H', 'S', 'S'), [(3, (0, 0, 0)), (6, (-1, -3, 0)), (7, (-3, 1, 2))], [1, 1, 1])
87 (23, 46) (('H', 'S', 'S'), [(3, (0, 0, 0)), (6, (-1, -3, 0)), (7, (-3, 1, 2))], [1, 1, 0])
89 (23, 46) (('H', 'S', 'S'), [(3, (0, 0, 0)), (6, (-1, -3, 0)), (7, (-3, 1, 2))], [1, 1, 0])
96 (23, 46) (('H', 'S', 'S'), [(3, (0, 0, 0)), (6, (-1, -3, 0)), (7, (-3, 1, 2))], [0, 1, 0])
117 (23, 46) (('H', 'S', 'S'), [(3, (0, 0, 0)), (6, (-1, -3, 0)), (7, (-3, 1, 2))], [0, 1, 0])
129 (23, 46) (('H', 'S', 'S'), [(3, (0, 0, 0)), (6, (-1, -3, 0)), (7, (-3, 1, 2))], [0, 1, 0])
134 (23, 46) (('H', 'S', 'S'), [(3, (0, 0, 0)), (6, (-1, -3, 0)), (7, (-3, 1, 2))], [0, 1, 1])
149 (23, 46) (('H', 'S', 'S'), [(3, (0, 0, 0)), (6, (-1, -3, 0)), (7, (-3, 1, 2))], [0, 1, 1])
155 (23, 46) (('H', 'S', 'S'), [(3, (0, 0, 0)), (6, (-1, -3, 0)), (7, (-3, 1, 2))], [0, 1, 1])
160 (23, 46) (('H', 'S', 'S'), [(3, (0, 0, 0)), (6, (-1, -3, 0)), (7, (-3, 1, 2))], [1, 1, 1])
169 (23, 46) (('H', 'S', 'S'), [(3, (0, 0, 0)), (6, (-1, -3, 0)), (7, (-3, 1, 2))], [1, 0, 1])
172 (23, 46) (('H', 'S', 'S'), [(3, (0, 0, 0)), (6, (-1, -3, 0)), (7, (-3, 1, 2))], [1, 1, 1])
174 (23, 46) (('H', 'S', 'S'), [(3, (0, 0, 0)), (6, (-1, -3, 0)), (7, (-3, 1, 2))], [1, 0, 1])
200 (23, 46) (('H', 'S', 'S'), [(3, (0, 0, 0)), (6, (-1, -3, 0)), (7, (-3, 1, 2))], [0, 0, 1])
204 (23, 46) (('H', 'S', 'S'), [(3, (0, 0, 0)), (6, (-1, -3, 0)), (7, (-3, 1, 2))], [1, 0, 1])
215 (23, 46) (('H', 'S', 'S'), [(3, (0, 0, 0)), (6, (-1, -3, 0)), (7, (-3, 1, 2))], [1, 1, 1])
219 (23, 46) (('H', 'S', 'S'), [(3, (0, 0, 0)), (6, (-1, -3, 0)), (7, (-3, 1, 2))], [1, 0, 1])
223 (23, 46) (('H', 'S', 'S'), [(3, (0, 0, 0)), (6, (-1, -3, 0)), (7, (-3, 1, 2))], [1, 0, 1])
232 (23, 46) (('S', 'S', 'H'), [(3, (0, 0, 0)), (6, (-1, -3, 0)), (7, (-3, 1, 2))], [1, 0, 1])
238 (23, 46) (('S', 'S', 'H'), [(3, (0, 0, 0)), (6, (-1, -3, 0)), (7, (-3, 1, 2))], [0, 0, 1])
245 (23, 46) (('S', 'S', 'H'), [(3, (0, 0, 0)), (6, (-1, -3, 0)), (7, (-3, 1, 2))], [0, 0, 1])
248 (23, 46) (('S', 'S', 'H'), [(3, (0, 0, 0)), (6, (-1, -3, 0)), (7, (-3, 1, 2))], [0, 1, 1])
252 (23, 46) (('S', 'S', 'H'), [(3, (0, 0, 0)), (6, (-1, -3, 0)), (7, (-3, 1, 2))], [0, 0, 1])
257 (23, 46) (('S', 'S', 'H'), [(3, (0, 0, 0)), (6, (-1, -3, 0)), (7, (-3, 1, 2))], [1, 0, 1])
260 (23, 46) (('H', 'S', 'S'), [(3, (0, 0, 0)), (6, (-1, -3, 0)), (7, (-3, 1, 2))], [1, 0, 1])
267 (23, 46) (('H', 'S', 'S'), [(3, (0, 0, 0)), (6, (-1, -3, 0)), (7, (-3, 1, 2))], [1, 1, 1])
271 (23, 46) (('H', 'S', 'S'), [(3, (0, 0, 0)), (6, (-1, -3, 0)), (7, (-3, 1, 2))], [1, 1, 0])
277 (23, 46) (('H', 'S', 'S'), [(3, (0, 0, 0)), (6, (-1, -3, 0)), (7, (-3, 1, 2))], [1, 1, 1])
279 (23, 46) (('H', 'S', 'S'), [(3, (0, 0, 0)), (6, (-1, -3, 0)), (7, (-3, 1, 2))], [1, 1, 1])
284 (23, 46) (('H', 'S', 'S'), [(3, (0, 0, 0)), (6, (-1, -3, 0)), (7, (-3, 1, 2))], [1, 0, 1])
287 (23, 46) (('H', 'S', 'S'), [(3, (0, 0, 0)), (6, (-1, -3, 0)), (7, (-3, 1, 2))], [1, 1, 1])
289 (23, 46) (('H', 'S', 'S'), [(3, (0, 0, 0)), (6, (-1, -3, 0)), (7, (-3, 1, 2))], [1, 1, 0])
308 (23, 46) (('H', 'S', 'S'), [(3, (0, 0, 0)), (6, (-1, -3, 0)), (7, (-3, 1, 2))], [1, 0, 0])
322 (23, 46) (('H', 'S', 'S'), [(3, (0, 0, 0)), (6, (-1, -3, 0)), (7, (-3, 1, 2))], [1, 0, 0])
323 (23, 46) (('H', 'S', 'S'), [(3, (0, 0, 0)), (6, (-1, -3, 0)), (7, (-3, 1, 2))], [0, 0, 0])
343 (23, 46) (('H', 'S', 'S'), [(3, (0, 0, 0)), (6, (-1, -3, 0)), (7, (-3, 1, 2))], [0, 0, 0])
350 (23, 46) (('S', 'S', 'H'), [(3, (0, 0, 0)), (6, (-1, -3, 0)), (7, (-3, 1, 2))], [0, 0, 0])
362 (23, 46) (('S', 'S', 'H'), [(3, (0, 0, 0)), (6, (-1, -3, 0)), (7, (-3, 1, 2))], [0, 0, 0])
370 (23, 46) (('S', 'S', 'H'), [(3, (0, 0, 0)), (6, (-1, -3, 0)), (7, (-3, 1, 2))], [1, 0, 0])
372 (23, 46) (('S', 'S', 'H'), [(3, (0, 0, 0)), (6, (-1, -3, 0)), (7, (-3, 1, 2))], [0, 0, 0])
373 (23, 46) (('S', 'S', 'H'), [(3, (0, 0, 0)), (6, (-1, -3, 0)), (7, (-3, 1, 2))], [0, 0, 0])
375 (23, 46) (('S', 'S', 'H'), [(3, (0, 0, 0)), (6, (-1, -3, 0)), (7, (-3, 1, 2))], [0, 1, 0])
386 (23, 46) (('S', 'S', 'H'), [(3, (0, 0, 0)), (6, (-1, -3, 0)), (7, (-3, 1, 2))], [0, 0, 0])
389 (23, 46) (('S', 'S', 'H'), [(3, (0, 0, 0)), (6, (-1, -3, 0)), (7, (-3, 1, 2))], [0, 0, 1])
390 (23, 46) (('S', 'S', 'H'), [(3, (0, 0, 0)), (6, (-1, -3, 0)), (7, (-3, 1, 2))], [1, 0, 1])
393 (23, 46) (('H', 'S', 'S'), [(3, (0, 0, 0)), (6, (-1, -3, 0)), (7, (-3, 1, 2))], [1, 0, 1])
397 (23, 46) (('H', 'S', 'S'), [(3, (0, 0, 0)), (6, (-1, -3, 0)), (7, (-3, 1, 2))], [1, 0, 0])
400 (23, 46) (('H', 'S', 'S'), [(3, (0, 0, 0)), (6, (-1, -3, 0)), (7, (-3, 1, 2))], [1, 0, 1])
402 (23, 46) (('H', 'S', 'S'), [(3, (0, 0, 0)), (6, (-1, -3, 0)), (7, (-3, 1, 2))], [1, 0, 1])
408 (23, 46) (('S', 'S', 'H'), [(3, (0, 0, 0)), (6, (-1, -3, 0)), (7, (-3, 1, 2))], [1, 0, 1])
422 (23, 46) (('S', 'S', 'H'), [(3, (0, 0, 0)), (6, (-1, -3, 0)), (7, (-3, 1, 2))], [0, 0, 1])
439 (23, 46) (('S', 'S', 'H'), [(1, (0, 0, 0)), (6, (-1, -3, 0)), (7, (-3, 1, 2))], [0, 0, 1])
502 (23, 46) (('S', 'S', 'H'), [(1, (0, 0, 0)), (6, (-1, -3, 0)), (7, (-3, 1, 2))], [1, 0, 1])
523 (23, 46) (('S', 'S', 'H'), [(1, (0, 0, 0)), (6, (-1, -3, 0)), (7, (-3, 1, 2))], [1, 0, 1])
525 (23, 46) (('S', 'S', 'H'), [(1, (0, 0, 0)), (6, (-1, -3, 0)), (7, (-3, 1, 2))], [1, 0, 0])
528 (23, 46) (('S', 'S', 'H'), [(1, (0, 0, 0)), (6, (-1, -3, 0)), (7, (-3, 1, 2))], [1, 1, 0])
