start (31, 67) (('S', 'H', 'S'), [(7, (0, 0, 0)), (3, (3, 1, -3)), (0, (-1, 1, 2))], [1, 0, 1])
0 (31, 66) (('S', 'H', 'S'), [(7, (0, 0, 0)), (3, (3, 1, -3)), (0, (-1, 1, 2))], [0, 0, 1])
1 (30, 66) (('S', 'H', 'S'), [(7, (0, 0, 0)), (3, (3, 1, -3)), (0, (-1, 1, 1))], [0, 0, 1])
12 (29, 63) (('S', 'H', 'S'), [(7, (0, 0, 0)), (3, (3, 1, -3)), (0, (-1, 2, 1))], [0, 0, 1])
39 (29, 63) (('S', 'H', 'S'), [(7, (0, 0, 0)), (3, (3, 1, -3)), (0, (-1, 2, 1))], [1, 0, 1])
42 (29, 63) (('S', 'H', 'S'), [(7, (0, 0, 0)), (3, (3, 0, -3)), (0, (-1, 2, 1))], [1, 0, 1])
50 (28, 62) (('S', 'S', 'H'), [(7, (0, 0, 0)), (3, (3, 0, -3)), (0, (-1, 2, 1))], [1, 0, 1])
51 (28, 62) (('S', 'S', 'H'), [(7, (0, 0, 0)), (3, (3, 0, -3)), (0, (-1, 2, 1))], [1, 0, 1])
53 (28, 62) (('S', 'S', 'H'), [(7, (0, 0, 0)), (3, (3, 0, -3)), (0, (-1, 2, 0))], [1, 0, 1])
60 (28, 60) (('S', 'S', 'H'), [(7, (0, 0, 0)), (3, (3, 0, -3)), (0, (-2, 2, 0))], [1, 0, 1])
66 (28, 60) (('S', 'S', 'H'), [(7, (0, 0, 0)), (3, (3, 0, -3)), (0, (-2, 2, 0))], [1, 0, 1])
67 (28, 60) (('H', 'S', 'S'), [(7, (0, 0, 0)), (3, (3, 0, -3)), (0, (-2, 2, 0))], [1, 0, 1])
72 (28, 60) (('H', 'S', 'S'), [(7, (0, 0, 0)), (3, (3, 0, -3)), (0, (-2, 2, 0))], [1, 0, 1])
76 (28, 57) (('H', 'S', 'S'), [(7, (0, 0, 0)), (0, (3, 0, -3)), (0, (-2, 2, 0))], [1, 0, 1])
77 (28, 57) (('H', 'S', 'S'), [(7, (0, 0, 0)), (0, (2, 0, -3)), (0, (-2, 2, 0))], [1, 0, 1])
101 (27, 52) (('H', 'S', 'S'), [(7, (0, 0, 0)), (0, (2, 0, -3)), (0, (-2, 2, 0))], [1, 0, 1])
126 (26, 51) (('H', 'S', 'S'), [(7, (0, 0, 0)), (0, (2, 0, -3)), (0, (-2, 2, -1))], [1, 0, 1])
174 (26, 51) (('H', 'S', 'S'), [(7, (0, 0, 0)), (0, (2, 0, -3)), (0, (-2, 2, -1))], [1, 0, 0])
190 (26, 51) (('H', 'S', 'S'), [(7, (0, 0, 0)), (0, (2, 0, -3)), (0, (-2, 2, -1))], [1, 0, 0])
199 (26, 51) (('H', 'S', 'S'), [(7, (0, 0, 0)), (0, (2, 0, -3)), (0, (-2, 2, -1))], [1, 0, 0])
218 (26, 51) (('H', 'S', 'S'), [(7, (0, 0, 0)), (0, (2, 0, -3)), (0, (-2, 2, -1))], [1, 0, 0])
222 (26, 51) (('H', 'S', 'S'), [(7, (0, 0, 0)), (0, (2, 0, -3)), (0, (-2, 2, -1))], [1, 1, 0])
228 (26, 51) (('H', 'S', 'S'), [(7, (0, 0, 0)), (0, (2, 0, -3)), (0, (-2, 2, -1))], [1, 1, 1])
232 (26, 51) (('H', 'S', 'S'), [(7, (0, 0, 0)), (0, (2, 0, -3)), (0, (-2, 2, -1))], [1, 0, 1])
261 (26, 51) (('H', 'S', 'S'), [(7, (0, 0, 0)), (0, (2, 0, -3)), (0, (-2, 2, -1))], [1, 0, 0])
265 (26, 51) (('H', 'S', 'S'), [(7, (0, 0, 0)), (0, (2, 0, -3)), (0, (-2, 2, -1))], [1, 1, 0])
275 (26, 51) (('H', 'S', 'S'), [(7, (0, 0, 0)), (0, (2, 0, -3)), (0, (-2, 2, -1))], [1, 1, 1])
313 (26, 51) (('H', 'S', 'S'), [(7, (0, 0, 0)), (0, (2, 0, -3)), (0, (-2, 2, -1))], [1, 1, 0])
345 (26, 51) (('H', 'S', 'S'), [(7, (0, 0, 0)), (0, (2, 0, -3)), (0, (-2, 2, -1))], [1, 1, 0])
