start (27, 57) (('S', 'H', 'S'), [(4, (0, 0, 0)), (3, (3, -1, -1)), (4, (-1, 3, 2))], [0, 0, 1])
4 (27, 57) (('S', 'H', 'S'), [(4, (0, 0, 0)), (3, (3, -1, -1)), (4, (-1, 3, 2))], [0, 0, 0])
5 (27, 57) (('S', 'H', 'S'), [(4, (0, 0, 0)), (3, (3, -1, -1)), (4, (-1, 3, 2))], [0, 0, 0])
9 (27, 57) (('S', 'H', 'S'), [(4, (0, 0, 0)), (3, (3, -1, -1)), (2, (-1, 3, 2))], [0, 0, 0])
13 (27, 57) (('S', 'H', 'S'), [(4, (0, 0, 0)), (3, (3, -1, -1)), (4, (-1, 3, 2))], [0, 0, 0])
15 (27, 57) (('S', 'S', 'H'), [(4, (0, 0, 0)), (3, (3, -1, -1)), (4, (-1, 3, 2))], [0, 0, 0])
24 (27, 57) (('S', 'S', 'H'), [(4, (0, 0, 0)), (3, (3, -1, -1)), (4, (-1, 3, 2))], [0, 0, 0])
34 (27, 57) (('S', 'S', 'H'), [(4, (0, 0, 0)), (3, (3, -1, -1)), (4, (-1, 3, 2))], [1, 0, 0])
37 (27, 57) (('S', 'H', 'S'), [(4, (0, 0, 0)), (3, (3, -1, -1)), (4, (-1, 3, 2))], [1, 0, 0])
40 (27, 57) (('S', 'H', 'S'), [(4, (0, 0, 0)), (3, (3, -1, -1)), (4, (-1, 3, 2))], [0, 0, 0])
47 (27, 57) (('S', 'H', 'S'), [(4, (0, 0, 0)), (3, (3, -1, -1)), (4, (-1, 3, 2))], [1, 0, 0])
49 (27, 57) (('S', 'H', 'S'), [(4, (0, 0, 0)), (3, (3, -1, -1)), (0, (-1, 3, 2))], [1, 0, 0])
56 (27, 57) (('S', 'H', 'S'), [(4, (0, 0, 0)), (3, (3, -1, -1)), (0, (-1, 3, 2))], [0, 0, 0])
61 (27, 57) (('S', 'H', 'S'), [(4, (0, 0, 0)), (3, (3, -1, -1)), (0, (-1, 3, 2))], [0, 0, 1])
91 (27, 57) (('S', 'H', 'S'), [(4, (0, 0, 0)), (3, (3, -1, -1)), (0, (-1, 3, 2))], [1, 0, 1])
154 (27, 57) (('S', 'H', 'S'), [(4, (0, 0, 0)), (3, (3, -1, -1)), (4, (-1, 3, 2))], [1, 0, 1])
162 (27, 57) (('S', 'S', 'H'), [(4, (0, 0, 0)), (3, (3, -1, -1)), (4, (-1, 3, 2))], [1, 0, 1])
168 (27, 57) (('S', 'S', 'H'), [(4, (0, 0, 0)), (3, (3, -1, -1)), (4, (-1, 3, 1))], [1, 0, 1])
188 (27, 57) (('S', 'H', 'S'), [(4, (0, 0, 0)), (3, (3, -1, -1)), (4, (-1, 3, 1))], [1, 0, 1])
205 (27, 57) (('S', 'H', 'S'), [(4, (0, 0, 0)), (3, (3, -1, -1)), (4, (-1, 3, 2))], [1, 0, 1])
226 (27, 57) (('S', 'S', 'H'), [(4, (0, 0, 0)), (3, (3, -1, -1)), (4, (-1, 3, 2))], [1, 0, 1])
249 (27, 57) (('S', 'S', 'H'), [(4, (0, 0, 0)), (3, (3, -1, -1)), (4, (-1, 3, 2))], [1, 0, 1])
268 (27, 57) (('S', 'S', 'H'), [(4, (0, 0, 0)), (3, (3, -1, -1)), (4, (-1, 3, 1))], [1, 0, 1])
273 (27, 57) (('S', 'S', 'H'), [(4, (0, 0, 0)), (3, (3, -1, -1)), (4, (-1, 3, 2))], [1, 0, 1])
276 (27, 57) (('H', 'S', 'S'), [(4, (0, 0, 0)), (3, (3, -1, -1)), (4, (-1, 3, 2))], [1, 0, 1])
304 (27, 57) (('H', 'S', 'S'), [(4, (0, 0, 0)), (3, (3, -1, -1)), (4, (-1, 3, 2))], [1, 0, 1])
307 (27, 57) (('S', 'S', 'H'), [(4, (0, 0, 0)), (3, (3, -1, -1)), (4, (-1, 3, 2))], [1, 0, 1])
