start (22, 44) (('S', 'H', 'S'), [(0, (0, 0, 0)), (1, (0, -2, -1)), (4, (-2, -1, 2))], [0, 0, 0])
1 (22, 44) (('S', 'H', 'S'), [(0, (0, 0, 0)), (1, (0, -2, -1)), (4, (-2, -1, 2))], [1, 0, 0])
11 (22, 44) (('S', 'H', 'S'), [(0, (0, 0, 0)), (1, (0, -2, -1)), (4, (-2, -1, 2))], [0, 0, 0])
26 (22, 44) (('S', 'H', 'S'), [(0, (0, 0, 0)), (1, (0, -2, -1)), (4, (-2, -1, 2))], [0, 0, 0])
34 (22, 44) (('S', 'H', 'S'), [(0, (0, 0, 0)), (1, (0, -2, -1)), (4, (-2, -1, 2))], [0, 1, 0])
39 (22, 44) (('S', 'H', 'S'), [(0, (0, 0, 0)), (1, (0, -2, -1)), (4, (-2, -1, 2))], [0, 1, 0])
55 (22, 44) (('S', 'H', 'S'), [(0, (0, 0, 0)), (1, (0, -2, -1)), (4, (-2, -1, 2))], [0, 1, 1])
60 (22, 44) (('S', 'H', 'S'), [(0, (0, 0, 0)), (1, (0, -2, -1)), (4, (-2, -1, 2))], [0, 0, 1])
72 (22, 44) (('S', 'H', 'S'), [(0, (0, 0, 0)), (1, (0, -2, -1)), (4, (-2, -1, 2))], [0, 0, 1])
81 (22, 44) (('S', 'H', 'S'), [(0, (0, 0, 0)), (1, (0, -2, -1)), (4, (-2, -1, 2))], [0, 1, 1])
91 (22, 44) (('S', 'H', 'S'), [(0, (0, 0, 0)), (1, (0, -2, -1)), (4, (-2, -1, 2))], [0, 1, 0])
94 (22, 44) (('S', 'H', 'S'), [(0, (0, 0, 0)), (1, (0, -2, -1)), (4, (-2, -1, 2))], [0, 1, 0])
99 (22, 44) (('S', 'H', 'S'), [(0, (0, 0, 0)), (1, (0, -2, -1)), (4, (-2, -1, 2))], [0, 0, 0])
103 (22, 44) (('S', 'H', 'S'), [(0, (0, 0, 0)), (1, (0, -2, -1)), (4, (-2, -1, 2))], [0, 1, 0])
109 (22, 44) (('S', 'H', 'S'), [(0, (0, 0, 0)), (1, (0, -2, -1)), (4, (-2, -1, 2))], [1, 1, 0])
112 (22, 44) (('S', 'H', 'S'), [(0, (0, 0, 0)), (1, (0, -2, -1)), (4, (-2, -1, 2))], [1, 1, 1])
115 (22, 44) (('S', 'H', 'S'), [(0, (0, 0, 0)), (1, (0, -2, -1)), (4, (-2, -1, 2))], [1, 0, 1])
123 (22, 44) (('S', 'H', 'S'), [(0, (0, 0, 0)), (1, (0, -2, -1)), (4, (-2, -1, 2))], [1, 1, 1])
130 (22, 44) (('S', 'H', 'S'), [(0, (0, 0, 0)), (1, (0, -2, -1)), (4, (-2, -1, 2))], [1, 0, 1])
143 (22, 44) (('S', 'H', 'S'), [(0, (0, 0, 0)), (1, (0, -2, -1)), (4, (-2, -1, 2))], [1, 0, 1])
147 (22, 44) (('S', 'H', 'S'), [(0, (0, 0, 0)), (1, (0, -2, -1)), (4, (-2, -1, 2))], [1, 0, 1])
152 (22, 44) (('S', 'H', 'S'), [(0, (0, 0, 0)), (1, (0, -2, -1)), (4, (-2, -1, 2))], [1, 0, 1])
154 (22, 44) (('S', 'H', 'S'), [(0, (0, 0, 0)), (1, (0, -2, -1)), (4, (-2, -1, 2))], [1, 1, 1])
163 (22, 44) (('S', 'H', 'S'), [(0, (0, 0, 0)), (1, (0, -2, -1)), (4, (-2, -1, 2))], [1, 1, 1])
173 (22, 44) (('S', 'H', 'S'), [(0, (0, 0, 0)), (1, (0, -2, -1)), (4, (-2, -1, 2))], [1, 1, 1])
176 (22, 44) (('S', 'H', 'S'), [(0, (0, 0, 0)), (1, (0, -2, -1)), (4, (-2, -1, 2))], [1, 1, 1])
185 (22, 44) (('S', 'H', 'S'), [(0, (0, 0, 0)), (1, (0, -2, -1)), (4, (-2, -1, 2))], [1, 1, 1])
186 (22, 44) (('S', 'H', 'S'), [(0, (0, 0, 0)), (1, (0, -2, -1)), (4, (-2, -1, 2))], [1, 1, 1])
195 (22, 44) (('S', 'H', 'S'), [(0, (0, 0, 0)), (1, (0, -2, -1)), (4, (-2, -1, 2))], [1, 1, 1])
201 (22, 44) (('S', 'H', 'S'), [(0, (0, 0, 0)), (1, (0, -2, -1)), (4, (-2, -1, 2))], [0, 1, 1])
229 (22, 44) (('S', 'H', 'S'), [(0, (0, 0, 0)), (1, (0, -2, -1)), (4, (-2, -1, 2))], [0, 1, 1])
243 (22, 44) (('S', 'H', 'S'), [(0, (0, 0, 0)), (1, (0, -2, -1)), (4, (-2, -1, 2))], [0, 1, 1])
248 (22, 44) (('S', 'H', 'S'), [(0, (0, 0, 0)), (1, (0, -2, -1)), (4, (-2, -1, 2))], [0, 0, 1])
254 (22, 44) (('S', 'H', 'S'), [(0, (0, 0, 0)), (1, (0, -2, -1)), (4, (-2, -1, 2))], [1, 0, 1])
262 (22, 44) (('S', 'H', 'S'), [(0, (0, 0, 0)), (1, (0, -2, -1)), (4, (-2, -1, 2))], [1, 0, 0])
271 (22, 44) (('S', 'H', 'S'), [(0, (0, 0, 0)), (1, (0, -2, -1)), (4, (-2, -1, 2))], [1, 0, 0])
277 (22, 44) (('S', 'H', 'S'), [(0, (0, 0, 0)), (1, (0, -2, -1)), (4, (-2, -1, 2))], [1, 0, 0])
282 (22, 44) (('S', 'H', 'S'), [(0, (0, 0, 0)), (1, (0, -2, -1)), (4, (-2, -1, 2))], [1, 0, 1])
285 (22, 44) (('S', 'H', 'S'), [(0, (0, 0, 0)), (1, (0, -2, -1)), (4, (-2, -1, 2))], [1, 0, 1])
296 (22, 44) (('S', 'H', 'S'), [(0, (0, 0, 0)), (1, (0, -2, -1)), (4, (-2, -1, 2))], [1, 0, 0])
297 (22, 44) (('S', 'H', 'S'), [(0, (0, 0, 0)), (1, (0, -2, -1)), (4, (-2, -1, 2))], [1, 0, 0])
304 (22, 44) (('S', 'H', 'S'), [(0, (0, 0, 0)), (1, (0, -2, -1)), (4, (-2, -1, 2))], [1, 0, 0])
318 (22, 44) (('S', 'H', 'S'), [(0, (0, 0, 0)), (1, (0, -2, -1)), (4, (-2, -1, 2))], [0, 0, 0])
321 (22, 44) (('S', 'H', 'S'), [(0, (0, 0, 0)), (1, (0, -2, -1)), (4, (-2, -1, 2))], [0, 0, 0])
332 (22, 44) (('S', 'H', 'S'), [(0, (0, 0, 0)), (1, (0, -2, -1)), (4, (-2, -1, 2))], [0, 1, 0])
333 (22, 44) (('S', 'H', 'S'), [(0, (0, 0, 0)), (1, (0, -2, -1)), (4, (-2, -1, 2))], [0, 1, 1])
335 (22, 44) (('S', 'H', 'S'), [(0, (0, 0, 0)), (1, (0, -2, -1)), (4, (-2, -1, 2))], [0, 1, 0])
349 (22, 44) (('S', 'H', 'S'), [(0, (0, 0, 0)), (1, (0, -2, -1)), (4, (-2, -1, 2))], [0, 0, 0])
357 (22, 44) (('S', 'H', 'S'), [(0, (0, 0, 0)), (1, (0, -2, -1)), (4, (-2, -1, 2))], [1, 0, 0])
358 (22, 44) (('S', 'H', 'S'), [(0, (0, 0, 0)), (1, (0, -2, -1)), (4, (-2, -1, 2))], [0, 0, 0])
374 (22, 44) (('S', 'H', 'S'), [(0, (0, 0, 0)), (1, (0, -2, -1)), (4, (-2, -1, 2))], [0, 0, 0])
379 (22, 44) (('S', 'H', 'S'), [(0, (0, 0, 0)), (1, (0, -2, -1)), (4, (-2, -1, 2))], [0, 0, 1])
381 (22, 44) (('S', 'H', 'S'), [(0, (0, 0, 0)), (1, (0, -2, -1)), (4, (-2, -1, 2))], [0, 0, 0])
395 (22, 44) (('S', 'H', 'S'), [(0, (0, 0, 0)), (1, (0, -2, -1)), (4, (-2, -1, 2))], [0, 0, 0])
397 (22, 44) (('S', 'H', 'S'), [(0, (0, 0, 0)), (1, (0, -2, -1)), (4, (-2, -1, 2))], [0, 0, 1])
402 (22, 44) (('S', 'H', 'S'), [(0, (0, 0, 0)), (1, (0, -2, -1)), (4, (-2, -1, 2))], [0, 0, 1])
409 (22, 44) (('S', 'H', 'S'), [(0, (0, 0, 0)), (1, (0, -2, -1)), (4, (-2, -1, 2))], [0, 1, 1])
422 (22, 44) (('S', 'H', 'S'), [(0, (0, 0, 0)), (1, (0, -2, -1)), (4, (-2, -1, 2))], [1, 1, 1])
433 (22, 44) (('S', 'H', 'S'), [(0, (0, 0, 0)), (1, (0, -2, -1)), (4, (-2, -1, 2))], [1, 0, 1])
434 (22, 44) (('S', 'H', 'S'), [(0, (0, 0, 0)), (1, (0, -2, -1)), (4, (-2, -1, 2))], [1, 0, 0])
440 (22, 44) (('S', 'H', 'S'), [(0, (0, 0, 0)), (1, (0, -2, -1)), (4, (-2, -1, 2))], [1, 0, 1])
447 (22, 44) (('S', 'H', 'S'), [(0, (0, 0, 0)), (1, (0, -2, -1)), (4, (-2, -1, 2))], [1, 0, 1])
466 (22, 44) (('S', 'H', 'S'), [(0, (0, 0, 0)), (1, (0, -2, -1)), (4, (-2, -1, 2))], [0, 0, 1])
475 (22, 44) (('S', 'H', 'S'), [(0, (0, 0, 0)), (1, (0, -2, -1)), (4, (-2, -1, 2))], [0, 0, 1])
484 (22, 44) (('S', 'H', 'S'), [(0, (0, 0, 0)), (1, (0, -2, -1)), (4, (-2, -1, 2))], [0, 1, 1])
486 (22, 44) (('S', 'H', 'S'), [(0, (0, 0, 0)), (1, (0, -2, -1)), (4, (-2, -1, 2))], [0, 0, 1])
490 (22, 44) (('S', 'H', 'S'), [(0, (0, 0, 0)), (1, (0, -2, -1)), (4, (-2, -1, 2))], [0, 0, 1])
494 (22, 44) (('S', 'H', 'S'), [(0, (0, 0, 0)), (1, (0, -2, -1)), (4, (-2, -1, 2))], [0, 0, 1])
500 (22, 44) (('S', 'H', 'S'), [(0, (0, 0, 0)), (1, (0, -2, -1)), (4, (-2, -1, 2))], [0, 0, 0])
525 (22, 44) (('S', 'H', 'S'), [(0, (0, 0, 0)), (1, (0, -2, -1)), (4, (-2, -1, 2))], [0, 1, 0])
539 (22, 44) (('S', 'H', 'S'), [(0, (0, 0, 0)), (1, (0, -2, -1)), (4, (-2, -1, 2))], [1, 1, 0])
545 (22, 44) (('S', 'H', 'S'), [(0, (0, 0, 0)), (1, (0, -2, -1)), (4, (-2, -1, 2))], [1, 1, 1])
546 (22, 44) (('S', 'H', 'S'), [(0, (0, 0, 0)), (1, (0, -2, -1)), (4, (-2, -1, 2))], [1, 1, 1])
549 (22, 44) (('S', 'H', 'S'), [(0, (0, 0, 0)), (1, (0, -2, -1)), (4, (-2, -1, 2))], [1, 1, 0])
560 (22, 44) (('S', 'H', 'S'), [(0, (0, 0, 0)), (1, (0, -2, -1)), (4, (-2, -1, 2))], [0, 1, 0])
579 (22, 44) (('S', 'H', 'S'), [(0, (0, 0, 0)), (1, (0, -2, -1)), (4, (-2, -1, 2))], [0, 1, 0])
580 (22, 44) (('S', 'H', 'S'), [(0, (0, 0, 0)), (1, (0, -2, -1)), (4, (-2, -1, 2))], [0, 1, 0])
595 (22, 44) (('S', 'H', 'S'), [(0, (0, 0, 0)), (1, (0, -2, -1)), (4, (-2, -1, 2))], [0, 1, 0])
596 (22, 44) (('S', 'H', 'S'), [(0, (0, 0, 0)), (1, (0, -2, -1)), (4, (-2, -1, 2))], [0, 0, 0])
