restart-end (23, 45) (('S', 'H', 'S'), [(3, (0, 0, 0)), (0, (0, 3, -1)), (7, (-2, 1, -2))], [0, 1, 0])
saved r32_20337_L23_g45
restart-end (28, 60) (('S', 'H', 'S'), [(6, (0, 0, 0)), (3, (2, 5, 1)), (3, (1, -2, 2))], [1, 0, 0])
restart-end (26, 56) (('H', 'S', 'S'), [(4, (0, 0, 0)), (5, (1, -1, 2)), (3, (-2, 0, -2))], [1, 1, 1])
restart-end (26, 50) (('H', 'S', 'S'), [(6, (0, 0, 0)), (0, (-1, 3, -2)), (6, (1, 3, 2))], [1, 1, 1])
restart-end (26, 50) (('S', 'S', 'H'), [(7, (0, 0, 0)), (4, (2, 1, 2)), (0, (2, -2, 1))], [1, 0, 1])
restart-end (25, 53) (('H', 'S', 'S'), [(5, (0, 0, 0)), (4, (1, 2, -1)), (7, (2, 2, -3))], [1, 0, 0])
restart-end (24, 50) (('S', 'S', 'H'), [(1, (0, 0, 0)), (0, (-1, 1, -2)), (4, (-2, 1, 3))], [1, 0, 1])
restart-end (25, 52) (('S', 'H', 'S'), [(4, (0, 0, 0)), (6, (-1, 3, -2)), (4, (0, 4, 1))], [0, 1, 1])
restart-end (27, 51) (('S', 'H', 'S'), [(5, (0, 0, 0)), (5, (0, -1, -3)), (7, (0, 2, -2))], [0, 0, 1])
restart-end (24, 48) (('S', 'H', 'S'), [(5, (0, 0, 0)), (3, (-1, -3, 2)), (0, (0, -3, -3))], [1, 1, 1])
restart-end (26, 50) (('H', 'S', 'S'), [(1, (0, 0, 0)), (5, (0, 0, -3)), (1, (2, -2, -3))], [0, 0, 0])
restart-end (26, 47) (('H', 'S', 'S'), [(0, (0, 0, 0)), (0, (-1, 2, 1)), (4, (2, -2, -1))], [0, 1, 1])
restart-end (22, 43) (('S', 'S', 'H'), [(4, (0, 0, 0)), (2, (-1, 0, -2)), (4, (2, -1, -2))], [0, 0, 0])
saved r32_22263_L22_g43
restart-end (26, 53) (('S', 'H', 'S'), [(7, (0, 0, 0)), (0, (1, 3, -2)), (5, (-3, 0, 1))], [1, 1, 1])
restart-end (23, 46) (('H', 'S', 'S'), [(7, (0, 0, 0)), (3, (3, 0, 3)), (7, (1, 3, 1))], [0, 0, 0])
saved r32_22590_L23_g46
restart-end (24, 48) (('S', 'S', 'H'), [(0, (0, 0, 0)), (5, (0, -2, 2)), (7, (2, -1, -1))], [1, 0, 0])
restart-end (25, 53) (('H', 'S', 'S'), [(3, (0, 0, 0)), (6, (-1, 2, -1)), (6, (0, 2, 2))], [0, 1, 1])
restart-end (27, 56) (('S', 'H', 'S'), [(7, (0, 0, 0)), (6, (1, 2, -2)), (5, (0, 3, 0))], [1, 1, 1])
restart-end (23, 45) (('H', 'S', 'S'), [(5, (0, 0, 0)), (4, (0, 1, -2)), (6, (2, -1, -2))], [1, 0, 1])
saved r32_22953_L23_g45
restart-end (27, 56) (('H', 'S', 'S'), [(0, (0, 0, 0)), (4, (2, -1, -3)), (6, (-2, 2, -1))], [1, 0, 0])
restart-end (27, 57) (('S', 'H', 'S'), [(4, (0, 0, 0)), (4, (2, 2, 3)), (7, (0, -2, 1))], [0, 1, 1])
restart-end (24, 50) (('S', 'H', 'S'), [(2, (0, 0, 0)), (3, (2, -2, -1)), (4, (2, -1, 2))], [1, 0, 0])
restart-end (26, 51) (('H', 'S', 'S'), [(6, (0, 0, 0)), (4, (1, -2, -1)), (2, (-3, 1, -2))], [0, 1, 0])
restart-end (24, 47) (('S', 'H', 'S'), [(3, (0, 0, 0)), (4, (-1, -3, -2)), (5, (-1, 2, -3))], [1, 0, 0])
restart-end (23, 45) (('S', 'H', 'S'), [(7, (0, 0, 0)), (3, (-1, 1, 3)), (2, (-3, -2, 1))], [0, 1, 1])
saved r32_23407_L23_g45
restart-end (26, 54) (('S', 'S', 'H'), [(5, (0, 0, 0)), (6, (-1, 1, 0)), (6, (-1, 2, 3))], [0, 1, 1])
restart-end (24, 46) (('H', 'S', 'S'), [(4, (0, 0, 0)), (6, (3, 0, -2)), (2, (2, 3, -1))], [0, 1, 1])
restart-end (23, 45) (('S', 'S', 'H'), [(1, (0, 0, 0)), (5, (3, 2, 1)), (1, (2, 2, -3))], [1, 0, 0])
saved r32_23670_L23_g45
restart-end (27, 49) (('S', 'S', 'H'), [(1, (0, 0, 0)), (5, (1, 2, 3)), (4, (0, 1, 0))], [1, 1, 0])
restart-end (24, 45) (('S', 'S', 'H'), [(7, (0, 0, 0)), (2, (-1, 2, 2)), (3, (-2, 0, 3))], [0, 1, 0])
restart-end (25, 49) (('S', 'S', 'H'), [(7, (0, 0, 0)), (7, (0, -2, 2)), (5, (2, 1, 2))], [1, 1, 0])
restart-end (24, 47) (('H', 'S', 'S'), [(4, (0, 0, 0)), (4, (-1, -1, 2)), (5, (-2, 2, -2))], [0, 1, 1])
restart-end (25, 54) (('H', 'S', 'S'), [(4, (0, 0, 0)), (5, (-3, 1, 3)), (3, (-2, 1, -2))], [0, 0, 1])
restart-end (23, 44) (('S', 'H', 'S'), [(0, (0, 0, 0)), (3, (-1, -3, 2)), (2, (2, -2, 3))], [1, 1, 1])
saved r32_24087_L23_g44
restart-end (24, 46) (('S', 'S', 'H'), [(0, (0, 0, 0)), (6, (4, -3, 0)), (1, (2, -1, -3))], [0, 0, 1])
restart-end (25, 49) (('S', 'S', 'H'), [(0, (0, 0, 0)), (5, (1, -1, 2)), (7, (2, -1, -1))], [0, 1, 0])
restart-end (27, 55) (('S', 'H', 'S'), [(3, (0, 0, 0)), (5, (-1, 2, -3)), (7, (-2, 1, 3))], [0, 0, 1])
restart-end (26, 56) (('S', 'H', 'S'), [(0, (0, 0, 0)), (3, (2, 3, -2)), (3, (0, -1, -1))], [1, 0, 0])
restart-end (26, 51) (('S', 'H', 'S'), [(1, (0, 0, 0)), (7, (2, -3, -1)), (2, (0, -3, 3))], [0, 0, 0])
restart-end (24, 46) (('S', 'H', 'S'), [(2, (0, 0, 0)), (4, (-1, -3, -2)), (2, (2, -1, -3))], [1, 0, 1])
restart-end (26, 49) (('S', 'S', 'H'), [(1, (0, 0, 0)), (0, (1, 0, -2)), (7, (-1, 3, -2))], [0, 0, 0])
restart-end (26, 52) (('S', 'H', 'S'), [(4, (0, 0, 0)), (1, (-1, 2, -3)), (6, (-1, 2, 3))], [0, 0, 1])
restart-end (25, 51) (('S', 'H', 'S'), [(5, (0, 0, 0)), (1, (1, 2, 3)), (0, (-1, 2, 0))], [1, 0, 0])
restart-end (28, 54) (('S', 'S', 'H'), [(5, (0, 0, 0)), (4, (1, -2, -3)), (2, (-1, 2, 0))], [0, 0, 0])
restart-end (27, 55) (('S', 'S', 'H'), [(0, (0, 0, 0)), (0, (0, -3, 1)), (1, (0, 0, -2))], [1, 0, 1])
restart-end (25, 50) (('S', 'S', 'H'), [(7, (0, 0, 0)), (1, (-1, 0, 2)), (4, (2, 2, 2))], [1, 1, 0])
restart-end (29, 56) (('S', 'S', 'H'), [(3, (0, 0, 0)), (6, (1, -3, -2)), (1, (1, 3, -2))], [0, 0, 1])
restart-end (25, 53) (('S', 'S', 'H'), [(1, (0, 0, 0)), (1, (1, 1, -3)), (7, (-3, 4, 0))], [1, 1, 1])
restart-end (25, 51) (('S', 'S', 'H'), [(5, (0, 0, 0)), (0, (-1, -2, -3)), (6, (-1, 2, 0))], [1, 1, 1])
restart-end (29, 59) (('S', 'S', 'H'), [(4, (0, 0, 0)), (2, (1, -3, -1)), (3, (-1, 2, -1))], [0, 0, 1])
restart-end (26, 52) (('H', 'S', 'S'), [(1, (0, 0, 0)), (1, (1, 2, -3)), (3, (-1, 2, 2))], [1, 0, 1])
restart-end (27, 55) (('S', 'H', 'S'), [(1, (0, 0, 0)), (2, (-1, 0, -1)), (2, (-3, 0, -4))], [0, 1, 1])
restart-end (23, 45) (('S', 'H', 'S'), [(1, (0, 0, 0)), (6, (-1, 1, -1)), (0, (-1, 1, 2))], [1, 0, 0])
saved r32_25474_L23_g45
restart-end (27, 48) (('H', 'S', 'S'), [(1, (0, 0, 0)), (0, (-1, -1, -2)), (5, (2, -1, 2))], [1, 0, 1])
restart-end (27, 55) (('H', 'S', 'S'), [(2, (0, 0, 0)), (0, (2, 2, -3)), (2, (-2, -3, 0))], [0, 1, 1])
restart-end (26, 53) (('S', 'H', 'S'), [(3, (0, 0, 0)), (5, (-1, 2, 1)), (5, (-1, -1, 2))], [0, 0, 1])
restart-end (27, 56) (('H', 'S', 'S'), [(0, (0, 0, 0)), (3, (1, 0, -2)), (6, (-2, -2, 2))], [1, 0, 1])
restart-end (27, 49) (('S', 'H', 'S'), [(5, (0, 0, 0)), (7, (-1, 3, 0)), (6, (0, -3, -1))], [0, 0, 1])
restart-end (26, 52) (('S', 'S', 'H'), [(4, (0, 0, 0)), (2, (-1, 3, 2)), (0, (0, 0, -4))], [0, 1, 1])
restart-end (26, 54) (('S', 'H', 'S'), [(7, (0, 0, 0)), (1, (-1, -2, -2)), (4, (-1, 2, 0))], [1, 0, 1])
restart-end (23, 46) (('S', 'H', 'S'), [(7, (0, 0, 0)), (1, (1, 3, 0)), (3, (2, 1, 2))], [1, 1, 1])
saved r32_26232_L23_g46
restart-end (26, 55) (('H', 'S', 'S'), [(3, (0, 0, 0)), (7, (4, 0, -1)), (6, (-2, -2, 3))], [0, 0, 1])
restart-end (26, 56) (('S', 'S', 'H'), [(6, (0, 0, 0)), (2, (-1, -2, 1)), (3, (-1, 2, -3))], [1, 0, 0])
restart-end (22, 44) (('S', 'S', 'H'), [(4, (0, 0, 0)), (7, (3, 2, -1)), (6, (2, -2, -2))], [0, 1, 0])
saved r32_26453_L22_g44
restart-end (26, 52) (('S', 'S', 'H'), [(5, (0, 0, 0)), (4, (-2, -3, -3)), (6, (1, 0, -3))], [1, 1, 1])
restart-end (26, 54) (('H', 'S', 'S'), [(0, (0, 0, 0)), (1, (3, 0, -3)), (4, (-1, -1, 3))], [0, 0, 1])
restart-end (27, 53) (('S', 'S', 'H'), [(2, (0, 0, 0)), (6, (0, 2, -2)), (1, (2, 0, 1))], [0, 0, 0])
restart-end (23, 46) (('S', 'S', 'H'), [(7, (0, 0, 0)), (2, (3, 0, 3)), (7, (1, 3, 1))], [0, 1, 0])
saved r32_26858_L23_g46
restart-end (27, 56) (('S', 'H', 'S'), [(2, (0, 0, 0)), (4, (2, 3, -3)), (3, (2, 0, 2))], [0, 1, 0])
restart-end (27, 51) (('S', 'S', 'H'), [(4, (0, 0, 0)), (2, (-1, 3, 2)), (6, (2, -1, -2))], [1, 1, 1])
restart-end (31, 63) (('H', 'S', 'S'), [(2, (0, 0, 0)), (4, (-2, -1, 2)), (4, (2, 2, -3))], [0, 0, 0])
restart-end (27, 59) (('H', 'S', 'S'), [(3, (0, 0, 0)), (1, (3, 3, -1)), (1, (2, -2, 1))], [1, 1, 0])
restart-end (28, 56) (('H', 'S', 'S'), [(7, (0, 0, 0)), (2, (0, 2, -1)), (1, (-1, -2, -3))], [0, 0, 1])
restart-end (23, 43) (('S', 'H', 'S'), [(2, (0, 0, 0)), (4, (-1, -3, 0)), (1, (-2, 0, -3))], [1, 0, 1])
saved r32_27505_L23_g43
restart-end (25, 52) (('S', 'S', 'H'), [(0, (0, 0, 0)), (3, (2, -2, -1)), (6, (0, -1, -4))], [1, 0, 0])
restart-end (24, 48) (('S', 'H', 'S'), [(4, (0, 0, 0)), (3, (-1, -2, 0)), (2, (-1, 0, -2))], [1, 0, 0])
restart-end (25, 51) (('S', 'H', 'S'), [(7, (0, 0, 0)), (5, (-1, 3, 0)), (1, (2, -2, 1))], [0, 0, 1])
restart-end (24, 51) (('S', 'S', 'H'), [(7, (0, 0, 0)), (5, (2, -3, 1)), (2, (2, 1, 2))], [0, 0, 1])
restart-end (23, 45) (('S', 'H', 'S'), [(1, (0, 0, 0)), (5, (-1, 0, 3)), (4, (-2, 1, 1))], [1, 0, 0])
saved r32_27991_L23_g45
restart-end (25, 49) (('S', 'S', 'H'), [(2, (0, 0, 0)), (1, (0, -2, -2)), (2, (2, -2, 3))], [0, 0, 0])
restart-end (25, 46) (('S', 'H', 'S'), [(4, (0, 0, 0)), (0, (-1, 0, -3)), (2, (2, 3, 0))], [1, 1, 0])
restart-end (23, 46) (('S', 'H', 'S'), [(7, (0, 0, 0)), (0, (-1, 1, 2)), (3, (1, -1, 3))], [1, 0, 1])
saved r32_28405_L23_g46
restart-end (28, 54) (('H', 'S', 'S'), [(7, (0, 0, 0)), (7, (-2, -2, 1)), (2, (-4, 0, 3))], [1, 1, 1])
restart-end (28, 59) (('H', 'S', 'S'), [(5, (0, 0, 0)), (4, (1, 2, -2)), (1, (1, -3, 0))], [1, 1, 1])
restart-end (24, 48) (('S', 'S', 'H'), [(5, (0, 0, 0)), (6, (-1, 0, -2)), (7, (-2, -2, -1))], [0, 0, 0])
restart-end (26, 52) (('H', 'S', 'S'), [(1, (0, 0, 0)), (2, (-1, 2, 3)), (3, (0, 2, -1))], [1, 1, 0])
restart-end (26, 48) (('S', 'H', 'S'), [(0, (0, 0, 0)), (2, (-1, 2, 1)), (1, (0, 1, -3))], [0, 1, 0])
restart-end (26, 54) (('H', 'S', 'S'), [(0, (0, 0, 0)), (7, (2, -2, -3)), (7, (2, 1, -2))], [0, 1, 1])
restart-end (25, 49) (('H', 'S', 'S'), [(7, (0, 0, 0)), (7, (1, -3, 2)), (2, (2, -1, 3))], [1, 0, 1])
restart-end (23, 45) (('S', 'H', 'S'), [(7, (0, 0, 0)), (1, (0, 2, 1)), (4, (2, -1, 2))], [1, 1, 0])
saved r32_28927_L23_g45
restart-end (26, 53) (('H', 'S', 'S'), [(3, (0, 0, 0)), (0, (-1, -3, -2)), (4, (-1, 2, -1))], [1, 0, 0])
restart-end (25, 48) (('H', 'S', 'S'), [(6, (0, 0, 0)), (0, (-2, 2, 2)), (4, (1, 0, 3))], [0, 1, 1])
restart-end (24, 50) (('S', 'S', 'H'), [(6, (0, 0, 0)), (2, (-1, 3, -2)), (0, (-2, 2, 0))], [1, 0, 0])
restart-end (25, 52) (('S', 'H', 'S'), [(2, (0, 0, 0)), (0, (1, 4, -3)), (2, (-1, 3, 1))], [1, 0, 1])
