start (99, 999) (('H', 'S', 'S'), [(2, (0, 0, 0)), (6, (4, -2, -1)), (7, (2, 1, -3))], [1, 1, 0])
1790833769 (24, 46) (('H', 'S', 'S'), [(2, (0, 0, 0)), (6, (4, -2, 0)), (7, (2, 1, -3))], [1, 1, 0])
1790833800 (23, 45) (('H', 'S', 'S'), [(2, (0, 0, 0)), (6, (4, -2, 0)), (7, (2, 2, -3))], [1, 1, 0])
1790833865 (23, 45) (('H', 'S', 'S'), [(2, (0, 0, 0)), (6, (4, -2, 0)), (7, (2, 2, -3))], [0, 1, 0])
1790833917 (23, 45) (('H', 'S', 'S'), [(2, (0, 0, 0)), (6, (4, -2, 0)), (7, (2, 2, -3))], [0, 1, 0])
1790833928 (23, 45) (('H', 'S', 'S'), [(2, (0, 0, 0)), (6, (4, -2, 0)), (7, (2, 2, -3))], [0, 0, 0])
1790833995 (23, 45) (('H', 'S', 'S'), [(2, (0, 0, 0)), (6, (4, -2, 0)), (7, (2, 2, -3))], [1, 0, 0])
1790834010 (23, 45) (('H', 'S', 'S'), [(2, (0, 0, 0)), (6, (4, -2, 0)), (7, (2, 2, -3))], [1, 0, 1])
1790834063 (23, 45) (('H', 'S', 'S'), [(2, (0, 0, 0)), (6, (4, -2, 0)), (7, (2, 2, -3))], [1, 0, 1])
1790834073 (23, 45) (('H', 'S', 'S'), [(2, (0, 0, 0)), (6, (4, -2, 0)), (7, (2, 2, -3))], [1, 1, 1])
1790834082 (23, 45) (('H', 'S', 'S'), [(2, (0, 0, 0)), (6, (4, -2, 0)), (7, (2, 2, -3))], [0, 1, 1])
1790834201 (23, 45) (('H', 'S', 'S'), [(2, (0, 0, 0)), (6, (4, -2, 0)), (7, (2, 2, -3))], [0, 1, 1])
1790834213 (23, 45) (('H', 'S', 'S'), [(2, (0, 0, 0)), (6, (4, -2, 0)), (7, (2, 2, -3))], [0, 1, 0])
1790834218 (23, 45) (('H', 'S', 'S'), [(2, (0, 0, 0)), (6, (4, -2, 0)), (7, (2, 2, -3))], [0, 0, 0])
1790834307 (23, 45) (('H', 'S', 'S'), [(2, (0, 0, 0)), (6, (4, -2, 0)), (7, (2, 2, -3))], [0, 0, 0])
1790834383 (23, 45) (('H', 'S', 'S'), [(2, (0, 0, 0)), (6, (4, -2, 0)), (7, (2, 2, -3))], [0, 0, 1])
1790834417 (23, 45) (('H', 'S', 'S'), [(2, (0, 0, 0)), (6, (4, -2, 0)), (7, (2, 2, -3))], [0, 0, 1])
restart (24, 50)
1790835620 (24, 50) (('S', 'H', 'S'), [(1, (0, 0, 0)), (2, (-2, -1, 3)), (3, (-1, 3, 2))], [0, 0, 1])
1790835692 (24, 50) (('S', 'H', 'S'), [(1, (0, 0, 0)), (2, (-2, -1, 3)), (3, (-1, 3, 2))], [0, 1, 1])
1790835721 (24, 50) (('S', 'H', 'S'), [(1, (0, 0, 0)), (2, (-2, -1, 3)), (3, (-1, 3, 2))], [0, 0, 1])
1790835744 (24, 50) (('S', 'H', 'S'), [(1, (0, 0, 0)), (2, (-2, -1, 3)), (3, (-1, 3, 2))], [0, 1, 1])
1790835807 (24, 50) (('S', 'H', 'S'), [(1, (0, 0, 0)), (2, (-2, -1, 3)), (3, (-1, 3, 2))], [0, 0, 1])
1790836049 (24, 49) (('S', 'H', 'S'), [(1, (0, 0, 0)), (2, (-2, -1, 4)), (3, (-1, 3, 2))], [0, 0, 1])
1790836169 (24, 49) (('S', 'H', 'S'), [(1, (0, 0, 0)), (2, (-2, -1, 4)), (3, (-1, 3, 2))], [1, 0, 1])
1790836479 (24, 49) (('S', 'H', 'S'), [(1, (0, 0, 0)), (2, (-2, -1, 4)), (3, (-2, 3, 2))], [1, 0, 1])
1790836512 (23, 47) (('S', 'H', 'S'), [(1, (0, 0, 0)), (2, (-1, -1, 4)), (3, (-2, 3, 2))], [1, 0, 1])
1790836538 (23, 45) (('S', 'H', 'S'), [(1, (0, 0, 0)), (2, (-1, -1, 4)), (3, (-2, 2, 2))], [1, 0, 1])
1790836595 (23, 45) (('S', 'H', 'S'), [(1, (0, 0, 0)), (2, (-1, -1, 4)), (3, (-2, 2, 2))], [1, 0, 1])
