start (22, 44) (('S', 'H', 'S'), [(0, (0, 0, 0)), (1, (0, -2, -1)), (4, (-2, -1, 2))], [0, 0, 0])
1790833869 (22, 44) (('S', 'H', 'S'), [(0, (0, 0, 0)), (1, (0, -2, -1)), (4, (-2, -1, 2))], [0, 0, 0])
1790834269 (22, 44) (('S', 'H', 'S'), [(0, (0, 0, 0)), (1, (0, -2, -1)), (4, (-2, -1, 2))], [0, 0, 0])
1790834376 (22, 44) (('S', 'H', 'S'), [(0, (0, 0, 0)), (1, (0, -2, -1)), (4, (-2, -1, 2))], [0, 0, 1])
1790834418 (22, 44) (('S', 'H', 'S'), [(0, (0, 0, 0)), (1, (0, -2, -1)), (4, (-2, -1, 2))], [0, 0, 1])
1790834514 (22, 44) (('S', 'H', 'S'), [(0, (0, 0, 0)), (1, (0, -2, -1)), (4, (-2, -1, 2))], [0, 0, 0])
1790834546 (22, 44) (('S', 'H', 'S'), [(0, (0, 0, 0)), (1, (0, -2, -1)), (4, (-2, -1, 2))], [1, 0, 0])
1790834557 (22, 44) (('S', 'H', 'S'), [(0, (0, 0, 0)), (1, (0, -2, -1)), (4, (-2, -1, 2))], [1, 0, 0])
1790834638 (22, 44) (('S', 'H', 'S'), [(0, (0, 0, 0)), (1, (0, -2, -1)), (4, (-2, -1, 2))], [1, 0, 1])
1790834942 (22, 44) (('S', 'H', 'S'), [(0, (0, 0, 0)), (1, (0, -2, -1)), (4, (-2, -1, 2))], [1, 0, 0])
1790835036 (22, 44) (('S', 'H', 'S'), [(0, (0, 0, 0)), (1, (0, -2, -1)), (4, (-2, -1, 2))], [1, 0, 0])
1790835084 (22, 44) (('S', 'H', 'S'), [(0, (0, 0, 0)), (1, (0, -2, -1)), (4, (-2, -1, 2))], [1, 0, 1])
1790835180 (22, 44) (('S', 'H', 'S'), [(0, (0, 0, 0)), (1, (0, -2, -1)), (4, (-2, -1, 2))], [1, 0, 1])
1790835765 (22, 44) (('S', 'H', 'S'), [(0, (0, 0, 0)), (1, (0, -2, -1)), (4, (-2, -1, 2))], [0, 0, 1])
1790835843 (22, 44) (('S', 'H', 'S'), [(0, (0, 0, 0)), (1, (0, -2, -1)), (4, (-2, -1, 2))], [1, 0, 1])
1790835915 (22, 44) (('S', 'H', 'S'), [(0, (0, 0, 0)), (1, (0, -2, -1)), (4, (-2, -1, 2))], [0, 0, 1])
1790836064 (22, 44) (('S', 'H', 'S'), [(0, (0, 0, 0)), (1, (0, -2, -1)), (4, (-2, -1, 2))], [0, 0, 1])
1790836098 (22, 44) (('S', 'H', 'S'), [(0, (0, 0, 0)), (1, (0, -2, -1)), (4, (-2, -1, 2))], [0, 0, 1])
1790836184 (22, 44) (('S', 'H', 'S'), [(0, (0, 0, 0)), (1, (0, -2, -1)), (4, (-2, -1, 2))], [1, 0, 1])
1790836233 (22, 44) (('S', 'H', 'S'), [(0, (0, 0, 0)), (1, (0, -2, -1)), (4, (-2, -1, 2))], [1, 0, 0])
1790836409 (22, 44) (('S', 'H', 'S'), [(0, (0, 0, 0)), (1, (0, -2, -1)), (4, (-2, -1, 2))], [1, 0, 0])
1790836496 (22, 44) (('S', 'H', 'S'), [(0, (0, 0, 0)), (1, (0, -2, -1)), (4, (-2, -1, 2))], [0, 0, 0])
