start (22, 45) (('H', 'S', 'S'), [(4, (0, 0, 0)), (6, (-1, 2, -2)), (2, (1, 3, 0))], [1, 0, 1])
1790834656 (22, 44) (('H', 'S', 'S'), [(4, (0, 0, 0)), (6, (-1, 2, -2)), (2, (1, 3, 0))], [0, 0, 1])
1790834730 (22, 44) (('H', 'S', 'S'), [(4, (0, 0, 0)), (6, (-1, 2, -2)), (2, (1, 3, 0))], [0, 0, 1])
1790834736 (22, 44) (('H', 'S', 'S'), [(4, (0, 0, 0)), (6, (-1, 2, -2)), (2, (1, 3, 0))], [0, 0, 1])
1790834863 (22, 44) (('H', 'S', 'S'), [(4, (0, 0, 0)), (6, (-1, 2, -2)), (2, (1, 3, 0))], [0, 0, 1])
1790835222 (22, 44) (('H', 'S', 'S'), [(4, (0, 0, 0)), (6, (-1, 2, -2)), (2, (1, 3, 0))], [0, 1, 1])
1790835261 (22, 44) (('H', 'S', 'S'), [(4, (0, 0, 0)), (6, (-1, 2, -2)), (2, (1, 3, 0))], [0, 0, 1])
1790835321 (22, 44) (('H', 'S', 'S'), [(4, (0, 0, 0)), (6, (-1, 2, -2)), (2, (1, 3, 0))], [0, 1, 1])
1790835331 (22, 44) (('H', 'S', 'S'), [(4, (0, 0, 0)), (6, (-1, 2, -2)), (2, (1, 3, 0))], [0, 1, 1])
1790835477 (22, 44) (('H', 'S', 'S'), [(4, (0, 0, 0)), (6, (-1, 2, -2)), (2, (1, 3, 0))], [0, 1, 0])
1790835481 (22, 44) (('H', 'S', 'S'), [(4, (0, 0, 0)), (6, (-1, 2, -2)), (2, (1, 3, 0))], [0, 1, 1])
1790835528 (22, 44) (('H', 'S', 'S'), [(4, (0, 0, 0)), (6, (-1, 2, -2)), (2, (1, 3, 0))], [0, 1, 1])
1790835562 (22, 44) (('H', 'S', 'S'), [(4, (0, 0, 0)), (6, (-1, 2, -2)), (2, (1, 3, 0))], [0, 1, 1])
1790835567 (22, 44) (('H', 'S', 'S'), [(4, (0, 0, 0)), (6, (-1, 2, -2)), (2, (1, 3, 0))], [0, 1, 1])
1790835768 (22, 44) (('H', 'S', 'S'), [(4, (0, 0, 0)), (6, (-1, 2, -2)), (2, (1, 3, 0))], [0, 1, 1])
1790835777 (22, 44) (('H', 'S', 'S'), [(4, (0, 0, 0)), (6, (-1, 2, -2)), (2, (1, 3, 0))], [0, 1, 1])
1790835782 (22, 44) (('H', 'S', 'S'), [(4, (0, 0, 0)), (6, (-1, 2, -2)), (2, (1, 3, 0))], [0, 1, 1])
1790835787 (22, 44) (('H', 'S', 'S'), [(4, (0, 0, 0)), (6, (-1, 2, -2)), (2, (1, 3, 0))], [0, 0, 1])
1790835792 (22, 44) (('H', 'S', 'S'), [(4, (0, 0, 0)), (6, (-1, 2, -2)), (2, (1, 3, 0))], [0, 1, 1])
1790835856 (22, 44) (('H', 'S', 'S'), [(4, (0, 0, 0)), (6, (-1, 2, -2)), (2, (1, 3, 0))], [0, 0, 1])
1790835860 (22, 44) (('H', 'S', 'S'), [(4, (0, 0, 0)), (6, (-1, 2, -2)), (2, (1, 3, 0))], [0, 1, 1])
1790835866 (22, 44) (('H', 'S', 'S'), [(4, (0, 0, 0)), (6, (-1, 2, -2)), (2, (1, 3, 0))], [0, 1, 1])
1790835876 (22, 44) (('H', 'S', 'S'), [(4, (0, 0, 0)), (6, (-1, 2, -2)), (2, (1, 3, 0))], [0, 1, 0])
1790835883 (22, 44) (('H', 'S', 'S'), [(4, (0, 0, 0)), (6, (-1, 2, -2)), (2, (1, 3, 0))], [0, 1, 0])
1790835892 (22, 44) (('H', 'S', 'S'), [(4, (0, 0, 0)), (6, (-1, 2, -2)), (2, (1, 3, 0))], [0, 1, 0])
1790835965 (22, 44) (('H', 'S', 'S'), [(4, (0, 0, 0)), (6, (-1, 2, -2)), (2, (1, 3, 0))], [0, 1, 0])
