start (22, 43) (('S', 'S', 'H'), [(4, (0, 0, 0)), (2, (-1, 0, -2)), (4, (2, -1, -2))], [0, 0, 0])
1790834482 (22, 43) (('S', 'S', 'H'), [(4, (0, 0, 0)), (2, (-1, 0, -2)), (4, (2, -1, -2))], [0, 0, 0])
1790834508 (22, 43) (('S', 'S', 'H'), [(4, (0, 0, 0)), (2, (-1, 0, -2)), (4, (2, -1, -2))], [0, 0, 0])
1790834511 (22, 43) (('S', 'S', 'H'), [(4, (0, 0, 0)), (2, (-1, 0, -2)), (4, (2, -1, -2))], [0, 0, 0])
1790834517 (22, 43) (('S', 'S', 'H'), [(4, (0, 0, 0)), (2, (-1, 0, -2)), (4, (2, -1, -2))], [0, 1, 0])
1790834542 (22, 43) (('S', 'S', 'H'), [(4, (0, 0, 0)), (2, (-1, 0, -2)), (4, (2, -1, -2))], [0, 1, 0])
1790834546 (22, 43) (('S', 'S', 'H'), [(4, (0, 0, 0)), (2, (-1, 0, -2)), (4, (2, -1, -2))], [0, 1, 0])
1790834563 (22, 43) (('S', 'S', 'H'), [(4, (0, 0, 0)), (2, (-1, 0, -2)), (4, (2, -1, -2))], [1, 1, 0])
1790834587 (22, 43) (('S', 'S', 'H'), [(4, (0, 0, 0)), (2, (-1, 0, -2)), (4, (2, -1, -2))], [1, 1, 0])
1790834612 (22, 43) (('S', 'S', 'H'), [(4, (0, 0, 0)), (2, (-1, 0, -2)), (4, (2, -1, -2))], [1, 0, 0])
1790834614 (22, 43) (('S', 'S', 'H'), [(4, (0, 0, 0)), (2, (-1, 0, -2)), (4, (2, -1, -2))], [1, 0, 0])
1790834634 (22, 43) (('S', 'S', 'H'), [(4, (0, 0, 0)), (2, (-1, 0, -2)), (4, (2, -1, -2))], [0, 0, 0])
1790834656 (22, 43) (('S', 'S', 'H'), [(4, (0, 0, 0)), (2, (-1, 0, -2)), (4, (2, -1, -2))], [1, 0, 0])
1790834672 (22, 43) (('S', 'S', 'H'), [(4, (0, 0, 0)), (2, (-1, 0, -2)), (4, (2, -1, -2))], [0, 0, 0])
1790834691 (22, 43) (('S', 'S', 'H'), [(4, (0, 0, 0)), (2, (-1, 0, -2)), (4, (2, -1, -2))], [1, 0, 0])
1790834694 (22, 43) (('S', 'S', 'H'), [(4, (0, 0, 0)), (2, (-1, 0, -2)), (4, (2, -1, -2))], [1, 0, 0])
1790834701 (22, 43) (('S', 'S', 'H'), [(4, (0, 0, 0)), (2, (-1, 0, -2)), (4, (2, -1, -2))], [1, 0, 0])
1790834714 (22, 43) (('S', 'S', 'H'), [(4, (0, 0, 0)), (2, (-1, 0, -2)), (4, (2, -1, -2))], [1, 0, 0])
1790834810 (22, 43) (('S', 'S', 'H'), [(4, (0, 0, 0)), (2, (-1, 0, -2)), (4, (2, -1, -2))], [1, 0, 0])
1790834859 (22, 43) (('S', 'S', 'H'), [(4, (0, 0, 0)), (2, (-1, 0, -2)), (4, (2, -1, -2))], [0, 0, 0])
restart (24, 51)
1790836215 (24, 49) (('S', 'S', 'H'), [(0, (0, 0, 0)), (7, (1, -1, -2)), (4, (-2, -3, 0))], [1, 0, 1])
1790836380 (24, 49) (('S', 'S', 'H'), [(0, (0, 0, 0)), (7, (1, -1, -2)), (4, (-2, -3, 0))], [1, 0, 1])
