(0, ('S', 'S', 'H'), 1, {'template': 780, 'rs': 12}, [])
(0, ('S', 'H', 'S'), 1, {'template': 780, 'rs': 12}, [])
(0, ('S', 'H', 'S'), 0, {'template': 780, 'rs': 12}, [])
(0, ('S', 'S', 'H'), 0, {'template': 780, 'rs': 12}, [])
(0, ('H', 'S', 'S'), 0, {'template': 780, 'rs': 12}, [])
(1, ('S', 'H', 'S'), 1, {'template': 780, 'rs': 12}, [])
(1, ('S', 'S', 'H'), 0, {'template': 780, 'rs': 12}, [])
(0, ('H', 'S', 'S'), 1, {'template': 780, 'rs': 12}, [])
(1, ('S', 'H', 'S'), 0, {'template': 780, 'rs': 12}, [])
(1, ('S', 'S', 'H'), 1, {'template': 780, 'rs': 12}, [])
(1, ('H', 'S', 'S'), 0, {'template': 780, 'rs': 12}, [])
(1, ('H', 'S', 'S'), 1, {'template': 780, 'rs': 12}, [])
(2, ('S', 'H', 'S'), 0, {'template': 780, 'rs': 12}, [])
(2, ('S', 'H', 'S'), 1, {'template': 780, 'rs': 12}, [])
(2, ('S', 'S', 'H'), 0, {'template': 780, 'rs': 12}, [])
(2, ('H', 'S', 'S'), 0, {'template': 780, 'rs': 12}, [])
(2, ('S', 'S', 'H'), 1, {'template': 780, 'rs': 12}, [])
(2, ('H', 'S', 'S'), 1, {'template': 780, 'rs': 12}, [])
(3, ('S', 'H', 'S'), 0, {'template': 780, 'rs': 12}, [])
(3, ('S', 'H', 'S'), 1, {'template': 780, 'rs': 12}, [])
(3, ('H', 'S', 'S'), 0, {'template': 780, 'rs': 12}, [])
(3, ('S', 'S', 'H'), 0, {'template': 780, 'rs': 12}, [])
(3, ('S', 'S', 'H'), 1, {'template': 780, 'rs': 12}, [])
(4, ('S', 'H', 'S'), 0, {'template': 780, 'rs': 12}, [])
(3, ('H', 'S', 'S'), 1, {'template': 780, 'rs': 12}, [])
(4, ('S', 'S', 'H'), 0, {'template': 780, 'rs': 12}, [])
(4, ('S', 'H', 'S'), 1, {'template': 780, 'rs': 12}, [])
(4, ('S', 'S', 'H'), 1, {'template': 780, 'rs': 12}, [])
(4, ('H', 'S', 'S'), 0, {'template': 780, 'rs': 12}, [])
(4, ('H', 'S', 'S'), 1, {'template': 780, 'rs': 12}, [])
(5, ('S', 'H', 'S'), 0, {'template': 780, 'rs': 12}, [])
(5, ('S', 'H', 'S'), 1, {'template': 780, 'rs': 12}, [])
(5, ('S', 'S', 'H'), 1, {'template': 780, 'rs': 12}, [])
(5, ('S', 'S', 'H'), 0, {'template': 780, 'rs': 12}, [])
(5, ('H', 'S', 'S'), 0, {'template': 780, 'rs': 12}, [])
Process SpawnPoolWorker-3:
Traceback (most recent call last):
  File "C:\Users\Ruben\AppData\Local\Programs\Python\Python312\Lib\multiprocessing\pool.py", line 131, in worker
    put((job, i, result))
  File "C:\Users\Ruben\AppData\Local\Programs\Python\Python312\Lib\multiprocessing\queues.py", line 396, in put
    self._writer.send_bytes(obj)
  File "C:\Users\Ruben\AppData\Local\Programs\Python\Python312\Lib\multiprocessing\connection.py", line 200, in send_bytes
    self._send_bytes(m[offset:offset + size])
  File "C:\Users\Ruben\AppData\Local\Programs\Python\Python312\Lib\multiprocessing\connection.py", line 289, in _send_bytes
    ov, err = _winapi.WriteFile(self._handle, buf, overlapped=True)
              ^^^^^^^^^^^^^^^^^^^^^^^^^^^^^^^^^^^^^^^^^^^^^^^^^^^^^
BrokenPipeError: [WinError 232] The pipe is being closed

During handling of the above exception, another exception occurred:

Traceback (most recent call last):
  File "C:\Users\Ruben\AppData\Local\Programs\Python\Python312\Lib\multiprocessing\process.py", line 314, in _bootstrap
    self.run()
  File "C:\Users\Ruben\AppData\Local\Programs\Python\Python312\Lib\multiprocessing\process.py", line 108, in run
    self._target(*self._args, **self._kwargs)
  File "C:\Users\Ruben\AppData\Local\Programs\Python\Python312\Lib\multiprocessing\pool.py", line 136, in worker
    put((job, i, (False, wrapped)))
  File "C:\Users\Ruben\AppData\Local\Programs\Python\Python312\Lib\multiprocessing\queues.py", line 396, in put
    self._writer.send_bytes(obj)
  File "C:\Users\Ruben\AppData\Local\Programs\Python\Python312\Lib\multiprocessing\connection.py", line 200, in send_bytes
    self._send_bytes(m[offset:offset + size])
  File "C:\Users\Ruben\AppData\Local\Programs\Python\Python312\Lib\multiprocessing\connection.py", line 289, in _send_bytes
    ov, err = _winapi.WriteFile(self._handle, buf, overlapped=True)
              ^^^^^^^^^^^^^^^^^^^^^^^^^^^^^^^^^^^^^^^^^^^^^^^^^^^^^
BrokenPipeError: [WinError 232] The pipe is being closed
Process SpawnPoolWorker-4:
Traceback (most recent call last):
  File "C:\Users\Ruben\AppData\Local\Programs\Python\Python312\Lib\multiprocessing\pool.py", line 131, in worker
    put((job, i, result))
  File "C:\Users\Ruben\AppData\Local\Programs\Python\Python312\Lib\multiprocessing\queues.py", line 396, in put
    self._writer.send_bytes(obj)
  File "C:\Users\Ruben\AppData\Local\Programs\Python\Python312\Lib\multiprocessing\connection.py", line 200, in send_bytes
    self._send_bytes(m[offset:offset + size])
  File "C:\Users\Ruben\AppData\Local\Programs\Python\Python312\Lib\multiprocessing\connection.py", line 289, in _send_bytes
    ov, err = _winapi.WriteFile(self._handle, buf, overlapped=True)
              ^^^^^^^^^^^^^^^^^^^^^^^^^^^^^^^^^^^^^^^^^^^^^^^^^^^^^
BrokenPipeError: [WinError 232] The pipe is being closed

During handling of the above exception, another exception occurred:

Traceback (most recent call last):
  File "C:\Users\Ruben\AppData\Local\Programs\Python\Python312\Lib\multiprocessing\process.py", line 314, in _bootstrap
    self.run()
  File "C:\Users\Ruben\AppData\Local\Programs\Python\Python312\Lib\multiprocessing\process.py", line 108, in run
    self._target(*self._args, **self._kwargs)
  File "C:\Users\Ruben\AppData\Local\Programs\Python\Python312\Lib\multiprocessing\pool.py", line 136, in worker
    put((job, i, (False, wrapped)))
  File "C:\Users\Ruben\AppData\Local\Programs\Python\Python312\Lib\multiprocessing\queues.py", line 396, in put
    self._writer.send_bytes(obj)
  File "C:\Users\Ruben\AppData\Local\Programs\Python\Python312\Lib\multiprocessing\connection.py", line 200, in send_bytes
    self._send_bytes(m[offset:offset + size])
  File "C:\Users\Ruben\AppData\Local\Programs\Python\Python312\Lib\multiprocessing\connection.py", line 289, in _send_bytes
    ov, err = _winapi.WriteFile(self._handle, buf, overlapped=True)
              ^^^^^^^^^^^^^^^^^^^^^^^^^^^^^^^^^^^^^^^^^^^^^^^^^^^^^
BrokenPipeError: [WinError 232] The pipe is being closed
Process SpawnPoolWorker-5:
Traceback (most recent call last):
  File "C:\Users\Ruben\AppData\Local\Programs\Python\Python312\Lib\multiprocessing\pool.py", line 131, in worker
    put((job, i, result))
  File "C:\Users\Ruben\AppData\Local\Programs\Python\Python312\Lib\multiprocessing\queues.py", line 396, in put
    self._writer.send_bytes(obj)
  File "C:\Users\Ruben\AppData\Local\Programs\Python\Python312\Lib\multiprocessing\connection.py", line 200, in send_bytes
    self._send_bytes(m[offset:offset + size])
  File "C:\Users\Ruben\AppData\Local\Programs\Python\Python312\Lib\multiprocessing\connection.py", line 289, in _send_bytes
    ov, err = _winapi.WriteFile(self._handle, buf, overlapped=True)
              ^^^^^^^^^^^^^^^^^^^^^^^^^^^^^^^^^^^^^^^^^^^^^^^^^^^^^
BrokenPipeError: [WinError 232] The pipe is being closed

During handling of the above exception, another exception occurred:

Traceback (most recent call last):
  File "C:\Users\Ruben\AppData\Local\Programs\Python\Python312\Lib\multiprocessing\process.py", line 314, in _bootstrap
    self.run()
  File "C:\Users\Ruben\AppData\Local\Programs\Python\Python312\Lib\multiprocessing\process.py", line 108, in run
    self._target(*self._args, **self._kwargs)
  File "C:\Users\Ruben\AppData\Local\Programs\Python\Python312\Lib\multiprocessing\pool.py", line 136, in worker
    put((job, i, (False, wrapped)))
  File "C:\Users\Ruben\AppData\Local\Programs\Python\Python312\Lib\multiprocessing\queues.py", line 396, in put
    self._writer.send_bytes(obj)
  File "C:\Users\Ruben\AppData\Local\Programs\Python\Python312\Lib\multiprocessing\connection.py", line 200, in send_bytes
    self._send_bytes(m[offset:offset + size])
  File "C:\Users\Ruben\AppData\Local\Programs\Python\Python312\Lib\multiprocessing\connection.py", line 289, in _send_bytes
    ov, err = _winapi.WriteFile(self._handle, buf, overlapped=True)
              ^^^^^^^^^^^^^^^^^^^^^^^^^^^^^^^^^^^^^^^^^^^^^^^^^^^^^
BrokenPipeError: [WinError 232] The pipe is being closed
Process SpawnPoolWorker-1:
Traceback (most recent call last):
  File "C:\Users\Ruben\AppData\Local\Programs\Python\Python312\Lib\multiprocessing\pool.py", line 131, in worker
    put((job, i, result))
  File "C:\Users\Ruben\AppData\Local\Programs\Python\Python312\Lib\multiprocessing\queues.py", line 396, in put
    self._writer.send_bytes(obj)
  File "C:\Users\Ruben\AppData\Local\Programs\Python\Python312\Lib\multiprocessing\connection.py", line 200, in send_bytes
    self._send_bytes(m[offset:offset + size])
  File "C:\Users\Ruben\AppData\Local\Programs\Python\Python312\Lib\multiprocessing\connection.py", line 289, in _send_bytes
    ov, err = _winapi.WriteFile(self._handle, buf, overlapped=True)
              ^^^^^^^^^^^^^^^^^^^^^^^^^^^^^^^^^^^^^^^^^^^^^^^^^^^^^
BrokenPipeError: [WinError 232] The pipe is being closed

During handling of the above exception, another exception occurred:

Traceback (most recent call last):
  File "C:\Users\Ruben\AppData\Local\Programs\Python\Python312\Lib\multiprocessing\process.py", line 314, in _bootstrap
    self.run()
  File "C:\Users\Ruben\AppData\Local\Programs\Python\Python312\Lib\multiprocessing\process.py", line 108, in run
    self._target(*self._args, **self._kwargs)
  File "C:\Users\Ruben\AppData\Local\Programs\Python\Python312\Lib\multiprocessing\pool.py", line 136, in worker
    put((job, i, (False, wrapped)))
  File "C:\Users\Ruben\AppData\Local\Programs\Python\Python312\Lib\multiprocessing\queues.py", line 396, in put
    self._writer.send_bytes(obj)
  File "C:\Users\Ruben\AppData\Local\Programs\Python\Python312\Lib\multiprocessing\connection.py", line 200, in send_bytes
    self._send_bytes(m[offset:offset + size])
  File "C:\Users\Ruben\AppData\Local\Programs\Python\Python312\Lib\multiprocessing\connection.py", line 289, in _send_bytes
    ov, err = _winapi.WriteFile(self._handle, buf, overlapped=True)
              ^^^^^^^^^^^^^^^^^^^^^^^^^^^^^^^^^^^^^^^^^^^^^^^^^^^^^
BrokenPipeError: [WinError 232] The pipe is being closed
Process SpawnPoolWorker-2:
Traceback (most recent call last):
  File "C:\Users\Ruben\AppData\Local\Programs\Python\Python312\Lib\multiprocessing\pool.py", line 131, in worker
    put((job, i, result))
  File "C:\Users\Ruben\AppData\Local\Programs\Python\Python312\Lib\multiprocessing\queues.py", line 396, in put
    self._writer.send_bytes(obj)
  File "C:\Users\Ruben\AppData\Local\Programs\Python\Python312\Lib\multiprocessing\connection.py", line 200, in send_bytes
    self._send_bytes(m[offset:offset + size])
  File "C:\Users\Ruben\AppData\Local\Programs\Python\Python312\Lib\multiprocessing\connection.py", line 289, in _send_bytes
    ov, err = _winapi.WriteFile(self._handle, buf, overlapped=True)
              ^^^^^^^^^^^^^^^^^^^^^^^^^^^^^^^^^^^^^^^^^^^^^^^^^^^^^
BrokenPipeError: [WinError 232] The pipe is being closed

During handling of the above exception, another exception occurred:

Traceback (most recent call last):
  File "C:\Users\Ruben\AppData\Local\Programs\Python\Python312\Lib\multiprocessing\process.py", line 314, in _bootstrap
    self.run()
  File "C:\Users\Ruben\AppData\Local\Programs\Python\Python312\Lib\multiprocessing\process.py", line 108, in run
    self._target(*self._args, **self._kwargs)
  File "C:\Users\Ruben\AppData\Local\Programs\Python\Python312\Lib\multiprocessing\pool.py", line 136, in worker
    put((job, i, (False, wrapped)))
  File "C:\Users\Ruben\AppData\Local\Programs\Python\Python312\Lib\multiprocessing\queues.py", line 396, in put
    self._writer.send_bytes(obj)
  File "C:\Users\Ruben\AppData\Local\Programs\Python\Python312\Lib\multiprocessing\connection.py", line 200, in send_bytes
    self._send_bytes(m[offset:offset + size])
  File "C:\Users\Ruben\AppData\Local\Programs\Python\Python312\Lib\multiprocessing\connection.py", line 289, in _send_bytes
    ov, err = _winapi.WriteFile(self._handle, buf, overlapped=True)
              ^^^^^^^^^^^^^^^^^^^^^^^^^^^^^^^^^^^^^^^^^^^^^^^^^^^^^
BrokenPipeError: [WinError 232] The pipe is being closed
