best/pull_pl22.place.json 0 fixed infeasible:The problem is infeasible. (HiGHS Status 8: model_status is Infeasible; primal_status is None)
best/pull_pl22.place.json 1 free infeasible:Time limit reached. (HiGHS Status 13: model_status is Time limit reached; primal_status is None)
best/pull_pl22.place.json 2 fixed infeasible:The problem is infeasible. (HiGHS Status 8: model_status is Infeasible; primal_status is None)
best/pull_pl22.place.json 3 free infeasible:Time limit reached. (HiGHS Status 13: model_status is Time limit reached; primal_status is None)
c6\r31_25709_L22_g44.json 0 fixed infeasible:The problem is infeasible. (HiGHS Status 8: model_status is Infeasible; primal_status is None)
c6\r31_25709_L22_g44.json 1 free infeasible:Time limit reached. (HiGHS Status 13: model_status is Time limit reached; primal_status is None)
c6\r31_25709_L22_g44.json 2 fixed infeasible:The problem is infeasible. (HiGHS Status 8: model_status is Infeasible; primal_status is None)
c6\r31_25709_L22_g44.json 3 free infeasible:Time limit reached. (HiGHS Status 13: model_status is Time limit reached; primal_status is None)
c6\r32_22263_L22_g43.json 0 fixed infeasible:The problem is infeasible. (HiGHS Status 8: model_status is Infeasible; primal_status is None)
c6\r32_22263_L22_g43.json 1 free infeasible:Time limit reached. (HiGHS Status 13: model_status is Time limit reached; primal_status is None)
c6\r32_22263_L22_g43.json 2 fixed infeasible:The problem is infeasible. (HiGHS Status 8: model_status is Infeasible; primal_status is None)
c6\r32_22263_L22_g43.json 3 free infeasible:Time limit reached. (HiGHS Status 13: model_status is Time limit reached; primal_status is None)
c6\r32_26453_L22_g44.json 0 fixed infeasible:The problem is infeasible. (HiGHS Status 8: model_status is Infeasible; primal_status is None)
c6\r32_26453_L22_g44.json 1 free infeasible:The problem is infeasible. (HiGHS Status 8: model_status is Infeasible; primal_status is None)
c6\r32_26453_L22_g44.json 2 fixed infeasible:The problem is infeasible. (HiGHS Status 8: model_status is Infeasible; primal_status is None)
c6\r32_26453_L22_g44.json 3 free infeasible:Time limit reached. (HiGHS Status 13: model_status is Time limit reached; primal_status is None)
c11\r53_40098_L22_g43.json 0 fixed infeasible:The problem is infeasible. (HiGHS Status 8: model_status is Infeasible; primal_status is None)
c11\r53_40098_L22_g43.json 1 free infeasible:Time limit reached. (HiGHS Status 13: model_status is Time limit reached; primal_status is None)
c11\r53_40098_L22_g43.json 2 fixed infeasible:The problem is infeasible. (HiGHS Status 8: model_status is Infeasible; primal_status is None)
c11\r53_40098_L22_g43.json 3 free infeasible:Time limit reached. (HiGHS Status 13: model_status is Time limit reached; primal_status is None)
c11\r51_42857_L22_g43.json 0 fixed infeasible:The problem is infeasible. (HiGHS Status 8: model_status is Infeasible; primal_status is None)
c11\r51_42857_L22_g43.json 1 free infeasible:Time limit reached. (HiGHS Status 13: model_status is Time limit reached; primal_status is None)
c11\r51_42857_L22_g43.json 2 fixed infeasible:The problem is infeasible. (HiGHS Status 8: model_status is Infeasible; primal_status is None)
c11\r51_42857_L22_g43.json 3 free infeasible:Time limit reached. (HiGHS Status 13: model_status is Time limit reached; primal_status is None)
c11\r51_42962_L22_g43.json 0 fixed infeasible:The problem is infeasible. (HiGHS Status 8: model_status is Infeasible; primal_status is None)
c11\r51_42962_L22_g43.json 1 free infeasible:Time limit reached. (HiGHS Status 13: model_status is Time limit reached; primal_status is None)
c11\r51_42962_L22_g43.json 2 fixed infeasible:The problem is infeasible. (HiGHS Status 8: model_status is Infeasible; primal_status is None)
c11\r51_42962_L22_g43.json 3 free infeasible:Time limit reached. (HiGHS Status 13: model_status is Time limit reached; primal_status is None)
