swap (-1, 0, 0) none SKEL_OVERLAP 0.0
swap (-1, 0, -1) none SKEL_OVERLAP 0.0
id (-1, 0, 0) none SKEL_OVERLAP 0.0
swap (-1, 0, 1) none SKEL_OVERLAP 0.0
swap (-1, 1, 0) none SKEL_OVERLAP 0.0
swap (-1, -1, 0) none SKEL_OVERLAP 0.0
anti (-1, 6, 7) none INFEASIBLE 0.1
anti (-1, 6, 6) none INFEASIBLE 0.5
flipy (-1, 6, 0) none INFEASIBLE 0.4
anti (-1, 5, 6) none INFEASIBLE 0.3
flipz (-1, 0, 6) none INFEASIBLE 1.0
rot90 (-1, 6, 0) none INFEASIBLE 0.6
anti (-1, 7, 6) none INFEASIBLE 0.1
rot180 (-1, 6, 6) none INFEASIBLE 0.4
rot270 (-1, 0, 6) none INFEASIBLE 0.5
flipy (-1, 7, 0) none INFEASIBLE 0.1
flipy (-1, 6, -1) none INFEASIBLE 0.1
flipy (-1, 6, 1) none INFEASIBLE 0.1
anti (-1, 6, 5) none INFEASIBLE 0.5
flipz (-1, -1, 6) none INFEASIBLE 1.0
rot180 (-1, 6, 5) none INFEASIBLE 0.1
flipy (-1, 5, 0) none INFEASIBLE 1.6
rot180 (-1, 6, 7) none INFEASIBLE 0.1
rot180 (-1, 7, 6) none INFEASIBLE 0.1
flipz (-1, 1, 6) none INFEASIBLE 1.0
rot90 (-1, 6, -1) none INFEASIBLE 0.1
flipz (-1, 0, 5) none INFEASIBLE 0.7
id (-1, -1, 0) none SKEL_OVERLAP 0.0
id (-1, 0, -1) none SKEL_OVERLAP 0.0
id (-1, 0, 1) none SKEL_OVERLAP 0.0
id (-1, 1, 0) none SKEL_OVERLAP 0.0
swap (-2, 0, 0) none SKEL_OVERLAP 0.0
swap (0, 0, 0) none SKEL_OVERLAP 0.0
rot90 (-1, 7, 0) none INFEASIBLE 0.1
rot90 (-1, 6, 1) none INFEASIBLE 0.3
rot270 (-1, -1, 6) none INFEASIBLE 0.4
rot270 (-1, 0, 5) none INFEASIBLE 0.4
rot270 (-1, 1, 6) none INFEASIBLE 0.1
rot270 (-1, 0, 7) none INFEASIBLE 0.1
anti (-2, 6, 6) none INFEASIBLE 0.1
flipy (-2, 6, 0) none INFEASIBLE 0.1
flipz (-1, 0, 7) none INFEASIBLE 3.1
rot90 (-1, 5, 0) none INFEASIBLE 0.5
flipy (0, 6, 0) none INFEASIBLE 0.1
anti (0, 6, 6) none INFEASIBLE 0.1
id (-2, 0, 0) none SKEL_OVERLAP 0.0
id (0, 0, 0) none SKEL_OVERLAP 0.0
swap (-1, -2, 0) none SKEL_OVERLAP 0.0
swap (-1, -1, -1) none SKEL_OVERLAP 0.0
swap (-1, -1, 1) none SKEL_OVERLAP 0.0
flipz (-2, 0, 6) none INFEASIBLE 0.4
swap (-1, 0, 2) none SKEL_OVERLAP 0.0
swap (-1, 1, -1) none SKEL_OVERLAP 0.0
swap (-1, 1, 1) none SKEL_OVERLAP 0.0
rot180 (-1, 5, 6) none INFEASIBLE 3.2
rot180 (-2, 6, 6) none INFEASIBLE 0.1
flipz (0, 0, 6) none INFEASIBLE 0.4
rot180 (0, 6, 6) none INFEASIBLE 0.1
rot90 (-2, 6, 0) none INFEASIBLE 0.1
rot90 (0, 6, 0) none INFEASIBLE 0.1
rot270 (-2, 0, 6) none INFEASIBLE 0.1
swap (-1, 2, 0) none INFEASIBLE 0.1
swap (-1, 0, -2) none INFEASIBLE 0.1
anti (-1, 6, 8) none INFEASIBLE 0.1
anti (-1, 4, 6) none INFEASIBLE 0.2
anti (-1, 7, 5) none INFEASIBLE 0.1
anti (-1, 6, 4) none INFEASIBLE 0.2
anti (-1, 7, 7) none INFEASIBLE 0.1
anti (-1, 5, 7) none INFEASIBLE 0.1
rot270 (0, 0, 6) none INFEASIBLE 0.2
anti (-1, 5, 5) none INFEASIBLE 1.0
anti (-1, 8, 6) none INFEASIBLE 0.1
flipy (-1, 6, -2) none INFEASIBLE 0.1
flipy (-1, 5, -1) none INFEASIBLE 0.2
flipz (-1, 0, 4) none SKEL_OVERLAP 0.0
flipy (-1, 6, 2) none INFEASIBLE 0.1
flipy (-1, 7, -1) none INFEASIBLE 0.1
flipy (-1, 5, 1) none INFEASIBLE 0.3
flipy (-1, 7, 1) none INFEASIBLE 0.1
flipy (-1, 4, 0) none INFEASIBLE 0.4
flipy (-1, 8, 0) none INFEASIBLE 0.1
flipz (-1, -2, 6) none INFEASIBLE 0.2
flipz (-1, -1, 7) none INFEASIBLE 0.1
flipz (-1, 0, 8) none INFEASIBLE 0.1
flipz (-1, -1, 5) none INFEASIBLE 0.2
flipz (-1, 2, 6) none INFEASIBLE 0.3
flipz (-1, 1, 5) none INFEASIBLE 0.2
flipz (-1, 1, 7) none INFEASIBLE 0.1
rot180 (-1, 6, 4) none INFEASIBLE 0.1
rot180 (-1, 5, 5) none INFEASIBLE 0.4
rot180 (-1, 6, 8) none INFEASIBLE 0.1
rot180 (-1, 4, 6) none INFEASIBLE 1.1
rot180 (-1, 7, 5) none INFEASIBLE 0.1
rot180 (-1, 5, 7) none INFEASIBLE 0.1
rot180 (-1, 8, 6) none INFEASIBLE 0.1
rot180 (-1, 7, 7) none INFEASIBLE 0.1
rot90 (-1, 5, -1) none INFEASIBLE 0.3
rot90 (-1, 6, -2) none INFEASIBLE 0.1
rot90 (-1, 7, -1) none INFEASIBLE 0.1
rot90 (-1, 5, 1) none INFEASIBLE 0.5
rot90 (-1, 4, 0) none INFEASIBLE 0.5
rot90 (-1, 7, 1) none INFEASIBLE 0.1
rot270 (-1, -2, 6) none INFEASIBLE 0.3
id (-1, -2, 0) none SKEL_OVERLAP 0.0
id (-1, -1, -1) none SKEL_OVERLAP 0.0
id (-1, -1, 1) none SKEL_OVERLAP 0.0
id (-1, 0, -2) none SKEL_OVERLAP 0.0
id (-1, 0, 2) none SKEL_OVERLAP 0.0
id (-1, 1, -1) none SKEL_OVERLAP 0.0
id (-1, 1, 1) none SKEL_OVERLAP 0.0
id (-1, 2, 0) none SKEL_OVERLAP 0.0
swap (-2, -1, 0) none SKEL_OVERLAP 0.0
swap (-2, 0, -1) none SKEL_OVERLAP 0.0
swap (-2, 0, 1) none SKEL_OVERLAP 0.0
swap (-2, 1, 0) none SKEL_OVERLAP 0.0
swap (0, -1, 0) none SKEL_OVERLAP 0.0
swap (0, 0, -1) none SKEL_OVERLAP 0.0
swap (0, 0, 1) none SKEL_OVERLAP 0.0
swap (0, 1, 0) none SKEL_OVERLAP 0.0
rot90 (-1, 6, 2) none INFEASIBLE 0.3
rot90 (-1, 8, 0) none INFEASIBLE 0.2
rot270 (-1, -1, 7) none INFEASIBLE 0.1
rot270 (-1, 0, 8) none INFEASIBLE 0.1
rot270 (-1, 2, 6) none INFEASIBLE 0.1
rot270 (-1, 0, 4) none INFEASIBLE 0.4
rot270 (-1, 1, 5) none INFEASIBLE 0.3
rot270 (-1, 1, 7) none INFEASIBLE 0.1
rot270 (-1, -1, 5) none INFEASIBLE 0.6
anti (-2, 5, 6) none INFEASIBLE 0.1
anti (-2, 6, 5) none INFEASIBLE 0.2
anti (-2, 7, 6) none INFEASIBLE 0.1
anti (0, 6, 7) none INFEASIBLE 0.1
anti (-2, 6, 7) none INFEASIBLE 0.2
anti (0, 7, 6) none INFEASIBLE 0.1
anti (0, 6, 5) none INFEASIBLE 0.1
flipy (-2, 6, 1) none INFEASIBLE 0.1
flipy (-2, 6, -1) none INFEASIBLE 0.1
anti (0, 5, 6) none INFEASIBLE 0.1
flipy (-2, 7, 0) none INFEASIBLE 0.1
flipy (0, 6, -1) none INFEASIBLE 0.1
flipy (-2, 5, 0) none INFEASIBLE 0.2
flipy (0, 5, 0) none INFEASIBLE 0.1
flipz (-2, 0, 7) none INFEASIBLE 0.1
flipy (0, 7, 0) none INFEASIBLE 0.1
flipz (-2, 1, 6) none INFEASIBLE 0.1
flipz (-2, 0, 5) none INFEASIBLE 0.1
flipz (0, -1, 6) none INFEASIBLE 0.1
flipz (-2, -1, 6) none INFEASIBLE 0.9
flipy (0, 6, 1) none INFEASIBLE 0.3
flipz (0, 0, 7) none INFEASIBLE 0.1
rot180 (-2, 7, 6) none INFEASIBLE 0.1
rot180 (-2, 6, 7) none INFEASIBLE 0.1
flipz (0, 0, 5) none INFEASIBLE 0.2
flipz (0, 1, 6) none INFEASIBLE 0.8
rot180 (0, 5, 6) none INFEASIBLE 0.1
rot180 (0, 7, 6) none INFEASIBLE 0.1
rot180 (-2, 5, 6) none INFEASIBLE 0.1
rot180 (-2, 6, 5) none INFEASIBLE 0.1
rot180 (0, 6, 5) none INFEASIBLE 0.1
rot90 (-2, 6, 1) none INFEASIBLE 0.1
rot90 (-2, 7, 0) none INFEASIBLE 0.1
rot90 (0, 6, -1) none INFEASIBLE 0.1
rot180 (0, 6, 7) none INFEASIBLE 0.1
rot90 (0, 5, 0) none INFEASIBLE 0.1
rot90 (0, 6, 1) none INFEASIBLE 0.1
rot90 (-2, 5, 0) none INFEASIBLE 0.1
rot90 (-2, 6, -1) none INFEASIBLE 0.2
id (-2, -1, 0) none SKEL_OVERLAP 0.0
id (-2, 0, -1) none SKEL_OVERLAP 0.0
id (-2, 0, 1) none SKEL_OVERLAP 0.0
id (-2, 1, 0) none SKEL_OVERLAP 0.0
id (0, -1, 0) none SKEL_OVERLAP 0.0
id (0, 0, -1) none SKEL_OVERLAP 0.0
id (0, 0, 1) none SKEL_OVERLAP 0.0
id (0, 1, 0) none SKEL_OVERLAP 0.0
swap (-3, 0, 0) none SKEL_OVERLAP 0.0
swap (1, 0, 0) none SKEL_OVERLAP 0.0
rot90 (0, 7, 0) none INFEASIBLE 0.1
rot270 (-2, -1, 6) none INFEASIBLE 0.1
rot270 (-2, 0, 7) none INFEASIBLE 0.1
rot270 (-2, 1, 6) none INFEASIBLE 0.1
rot270 (-2, 0, 5) none INFEASIBLE 0.1
rot270 (0, -1, 6) none INFEASIBLE 0.1
rot270 (0, 0, 7) none INFEASIBLE 0.1
rot270 (0, 1, 6) none INFEASIBLE 0.1
anti (1, 6, 6) none INFEASIBLE 0.1
rot270 (0, 0, 5) none INFEASIBLE 0.1
flipy (-3, 6, 0) none INFEASIBLE 0.1
flipy (1, 6, 0) none INFEASIBLE 0.1
id (-3, 0, 0) none SKEL_OVERLAP 0.0
id (1, 0, 0) none SKEL_OVERLAP 0.0
anti (-3, 6, 6) none INFEASIBLE 0.2
swap (-1, -2, -1) none SKEL_OVERLAP 0.0
swap (-1, -2, 1) none SKEL_OVERLAP 0.0
swap (-1, -1, -2) none SKEL_OVERLAP 0.0
swap (-1, -1, 2) none SKEL_OVERLAP 0.0
flipz (-3, 0, 6) none INFEASIBLE 0.1
flipz (1, 0, 6) none INFEASIBLE 0.1
rot180 (1, 6, 6) none INFEASIBLE 0.1
swap (-1, 1, 2) none SKEL_OVERLAP 0.0
rot180 (-3, 6, 6) none INFEASIBLE 0.1
swap (-1, 2, 1) none SKEL_OVERLAP 0.0
rot90 (1, 6, 0) none INFEASIBLE 0.1
rot90 (-3, 6, 0) none INFEASIBLE 0.1
rot270 (-3, 0, 6) none INFEASIBLE 0.1
rot270 (1, 0, 6) none INFEASIBLE 0.1
swap (-1, -3, 0) none INFEASIBLE 0.1
swap (-1, 0, 3) none INFEASIBLE 0.1
swap (-1, 0, -3) none INFEASIBLE 0.1
swap (-1, 1, -2) none INFEASIBLE 0.1
swap (-1, 3, 0) none INFEASIBLE 0.1
swap (-1, 2, -1) none INFEASIBLE 0.1
anti (-1, 3, 6) none INFEASIBLE 0.1
anti (-1, 4, 7) none INFEASIBLE 0.1
anti (-1, 5, 8) none INFEASIBLE 0.1
anti (-1, 6, 3) none INFEASIBLE 0.1
anti (-1, 4, 5) none INFEASIBLE 0.5
anti (-1, 7, 8) none INFEASIBLE 0.1
anti (-1, 7, 4) none INFEASIBLE 0.1
anti (-1, 8, 5) none INFEASIBLE 0.1
anti (-1, 5, 4) none INFEASIBLE 0.5
anti (-1, 6, 9) none INFEASIBLE 0.1
anti (-1, 8, 7) none INFEASIBLE 0.2
anti (-1, 9, 6) none INFEASIBLE 0.2
flipy (-1, 3, 0) none INFEASIBLE 0.1
flipy (-1, 5, -2) none INFEASIBLE 0.1
flipy (-1, 6, 3) none INFEASIBLE 0.1
flipy (-1, 6, -3) none INFEASIBLE 0.1
flipy (-1, 5, 2) none INFEASIBLE 0.1
flipy (-1, 8, -1) none INFEASIBLE 0.2
flipy (-1, 7, -2) none INFEASIBLE 0.1
flipy (-1, 9, 0) none INFEASIBLE 0.1
flipz (-1, 0, 3) none SKEL_OVERLAP 0.0
flipy (-1, 4, -1) none INFEASIBLE 0.9
flipy (-1, 4, 1) none INFEASIBLE 0.7
flipy (-1, 7, 2) none INFEASIBLE 0.3
flipy (-1, 8, 1) none INFEASIBLE 0.1
flipz (-1, -3, 6) none INFEASIBLE 0.1
flipz (-1, -2, 7) none INFEASIBLE 0.3
flipz (-1, -2, 5) none INFEASIBLE 0.1
flipz (-1, -1, 8) none INFEASIBLE 0.1
flipz (-1, 1, 8) none INFEASIBLE 0.1
flipz (-1, 0, 9) none INFEASIBLE 0.1
flipz (-1, 2, 7) none INFEASIBLE 0.1
flipz (-1, -1, 4) none INFEASIBLE 0.2
flipz (-1, 1, 4) none INFEASIBLE 0.2
flipz (-1, 2, 5) none INFEASIBLE 0.2
rot180 (-1, 5, 4) none INFEASIBLE 0.1
flipz (-1, 3, 6) none INFEASIBLE 0.1
rot180 (-1, 5, 8) none INFEASIBLE 0.1
rot180 (-1, 6, 9) none INFEASIBLE 0.1
rot90 (-1, 3, 0) none SKEL_OVERLAP 0.0
rot180 (-1, 4, 5) none INFEASIBLE 1.6
rot180 (-1, 7, 4) none INFEASIBLE 0.2
rot180 (-1, 8, 5) none INFEASIBLE 0.2
rot180 (-1, 6, 3) none INFEASIBLE 0.1
rot180 (-1, 8, 7) none INFEASIBLE 0.1
rot180 (-1, 7, 8) none INFEASIBLE 0.1
rot180 (-1, 9, 6) none INFEASIBLE 0.5
rot90 (-1, 6, -3) none INFEASIBLE 0.1
rot90 (-1, 5, -2) none INFEASIBLE 0.2
rot90 (-1, 7, -2) none INFEASIBLE 0.1
rot90 (-1, 6, 3) none INFEASIBLE 0.2
rot90 (-1, 4, -1) none INFEASIBLE 0.2
rot180 (-1, 4, 7) none INFEASIBLE 6.1
rot90 (-1, 5, 2) none INFEASIBLE 0.3
rot90 (-1, 7, 2) none INFEASIBLE 0.2
rot90 (-1, 8, -1) none INFEASIBLE 0.1
rot270 (-1, 0, 3) none SKEL_OVERLAP 0.0
rot90 (-1, 9, 0) none INFEASIBLE 0.1
rot90 (-1, 8, 1) none INFEASIBLE 0.1
rot270 (-1, -2, 7) none INFEASIBLE 0.1
rot270 (-1, 0, 9) none INFEASIBLE 0.1
rot270 (-1, -3, 6) none INFEASIBLE 0.1
rot270 (-1, -2, 5) none INFEASIBLE 0.3
rot270 (-1, 1, 4) none INFEASIBLE 0.1
id (-1, -2, -1) none SKEL_OVERLAP 0.0
rot270 (-1, 2, 5) none INFEASIBLE 0.1
id (-1, -1, -2) none SKEL_OVERLAP 0.0
id (-1, -1, 2) none SKEL_OVERLAP 0.0
rot270 (-1, 2, 7) none INFEASIBLE 0.1
rot270 (-1, 3, 6) none INFEASIBLE 0.1
id (-1, 1, -2) none SKEL_OVERLAP 0.0
id (-1, 1, 2) none SKEL_OVERLAP 0.0
id (-1, -3, 0) none INFEASIBLE 0.1
id (-1, 2, 1) none SKEL_OVERLAP 0.0
rot270 (-1, -1, 4) none INFEASIBLE 0.2
swap (-2, -2, 0) none SKEL_OVERLAP 0.0
swap (-2, -1, -1) none SKEL_OVERLAP 0.0
swap (-2, -1, 1) none SKEL_OVERLAP 0.0
swap (-2, 0, -2) none SKEL_OVERLAP 0.0
swap (-2, 0, 2) none SKEL_OVERLAP 0.0
swap (-2, 1, -1) none SKEL_OVERLAP 0.0
swap (-2, 1, 1) none SKEL_OVERLAP 0.0
id (-1, -2, 1) none INFEASIBLE 0.1
swap (0, -2, 0) none SKEL_OVERLAP 0.0
swap (0, -1, -1) none SKEL_OVERLAP 0.0
swap (0, -1, 1) none SKEL_OVERLAP 0.0
id (-1, 0, -3) none INFEASIBLE 0.1
swap (0, 0, 2) none SKEL_OVERLAP 0.0
swap (0, 1, -1) none SKEL_OVERLAP 0.0
swap (0, 1, 1) none SKEL_OVERLAP 0.0
swap (0, 2, 0) none SKEL_OVERLAP 0.0
rot270 (-1, 1, 8) none INFEASIBLE 0.1
id (-1, 3, 0) none INFEASIBLE 0.1
rot90 (-1, 4, 1) none INFEASIBLE 0.2
id (-1, 2, -1) none INFEASIBLE 0.1
rot180 (-1, 3, 6) none INFEASIBLE 14.0
id (-1, 0, 3) none INFEASIBLE 0.2
rot270 (-1, -1, 8) none INFEASIBLE 0.2
swap (0, 0, -2) none INFEASIBLE 0.1
anti (-2, 5, 5) none INFEASIBLE 0.2
swap (-2, 2, 0) none INFEASIBLE 0.1
anti (-2, 4, 6) none INFEASIBLE 1.1
anti (-2, 6, 4) none INFEASIBLE 0.1
anti (-2, 7, 5) none INFEASIBLE 0.1
anti (-2, 5, 7) none INFEASIBLE 0.6
anti (-2, 6, 8) none INFEASIBLE 0.3
anti (0, 4, 6) none INFEASIBLE 0.1
anti (-2, 7, 7) none INFEASIBLE 0.1
anti (0, 5, 7) none INFEASIBLE 0.1
anti (0, 5, 5) none INFEASIBLE 0.1
anti (0, 6, 8) none INFEASIBLE 0.1
anti (0, 7, 5) none INFEASIBLE 0.3
anti (-2, 8, 6) none INFEASIBLE 0.2
anti (0, 6, 4) none INFEASIBLE 0.5
anti (0, 8, 6) none INFEASIBLE 0.1
flipy (-2, 5, -1) none INFEASIBLE 0.1
flipy (-2, 5, 1) none INFEASIBLE 0.2
flipy (-2, 7, -1) none INFEASIBLE 0.1
flipy (-2, 6, -2) none INFEASIBLE 0.1
anti (0, 7, 7) none INFEASIBLE 0.6
flipy (-2, 7, 1) none INFEASIBLE 0.1
flipy (-2, 8, 0) none INFEASIBLE 0.1
flipy (-2, 4, 0) none INFEASIBLE 0.5
flipy (-2, 6, 2) none INFEASIBLE 0.1
flipy (0, 5, 1) none INFEASIBLE 0.1
flipy (0, 6, 2) none INFEASIBLE 0.1
flipz (-2, 0, 4) none SKEL_OVERLAP 0.0
flipy (0, 4, 0) none INFEASIBLE 0.5
flipy (0, 7, -1) none INFEASIBLE 0.1
flipy (0, 7, 1) none INFEASIBLE 0.1
flipy (0, 5, -1) none INFEASIBLE 0.1
flipy (0, 6, -2) none INFEASIBLE 0.1
flipz (-2, -2, 6) none INFEASIBLE 0.7
flipz (-2, 2, 6) none INFEASIBLE 0.2
flipz (0, 0, 4) none SKEL_OVERLAP 0.0
flipz (-2, 1, 7) none INFEASIBLE 0.1
flipz (-2, 1, 5) none INFEASIBLE 0.2
flipz (-2, -1, 5) none INFEASIBLE 0.2
flipy (0, 8, 0) none INFEASIBLE 0.1
flipz (-2, -1, 7) none INFEASIBLE 0.1
flipz (0, -2, 6) none INFEASIBLE 0.1
flipz (-2, 0, 8) none INFEASIBLE 0.1
flipz (0, 0, 8) none INFEASIBLE 0.1
flipz (0, 2, 6) none INFEASIBLE 0.3
rot180 (-2, 5, 7) none INFEASIBLE 0.1
flipz (0, -1, 5) none INFEASIBLE 0.5
rot180 (-2, 5, 5) none INFEASIBLE 0.2
rot180 (-2, 4, 6) none INFEASIBLE 0.6
flipz (0, 1, 7) none INFEASIBLE 0.2
rot180 (-2, 6, 8) none INFEASIBLE 0.2
rot180 (-2, 6, 4) none INFEASIBLE 0.1
rot180 (-2, 7, 5) none INFEASIBLE 0.1
rot180 (-2, 7, 7) none INFEASIBLE 0.1
flipz (0, 1, 5) none INFEASIBLE 0.2
rot180 (0, 5, 5) none INFEASIBLE 0.2
rot180 (0, 5, 7) none INFEASIBLE 0.1
rot180 (-2, 8, 6) none INFEASIBLE 0.2
rot180 (0, 6, 8) none INFEASIBLE 0.1
rot180 (0, 4, 6) none INFEASIBLE 0.7
flipz (0, -1, 7) none INFEASIBLE 0.1
rot180 (0, 7, 5) none INFEASIBLE 0.1
rot180 (0, 7, 7) none INFEASIBLE 0.1
rot180 (0, 8, 6) none INFEASIBLE 0.1
rot90 (-2, 5, -1) none INFEASIBLE 0.3
rot90 (-2, 7, -1) none INFEASIBLE 0.1
rot90 (-2, 6, -2) none INFEASIBLE 0.2
rot90 (-2, 5, 1) none INFEASIBLE 0.2
rot90 (-2, 8, 0) none INFEASIBLE 0.1
rot90 (0, 4, 0) none INFEASIBLE 0.1
rot180 (0, 6, 4) none INFEASIBLE 0.1
rot90 (-2, 4, 0) none INFEASIBLE 0.2
rot90 (-2, 7, 1) none INFEASIBLE 0.1
rot90 (-2, 6, 2) none INFEASIBLE 0.1
rot90 (0, 7, -1) none INFEASIBLE 0.1
rot90 (0, 6, -2) none INFEASIBLE 0.6
rot90 (0, 5, 1) none INFEASIBLE 0.2
rot90 (0, 8, 0) none INFEASIBLE 0.1
rot90 (0, 7, 1) none INFEASIBLE 0.1
rot90 (0, 6, 2) none INFEASIBLE 2.0
rot270 (-2, -1, 7) none INFEASIBLE 0.2
rot270 (-2, -1, 5) none INFEASIBLE 0.3
rot270 (-2, -2, 6) none INFEASIBLE 0.5
rot270 (-2, 1, 7) none INFEASIBLE 0.1
rot270 (-2, 1, 5) none INFEASIBLE 0.1
rot270 (0, -2, 6) none INFEASIBLE 0.1
rot270 (-2, 0, 4) none INFEASIBLE 0.2
rot270 (0, 0, 8) none INFEASIBLE 0.1
id (-2, -2, 0) none SKEL_OVERLAP 0.0
id (-2, -1, -1) none SKEL_OVERLAP 0.0
id (-2, -1, 1) none SKEL_OVERLAP 0.0
id (-2, 0, -2) none SKEL_OVERLAP 0.0
id (-2, 0, 2) none SKEL_OVERLAP 0.0
id (-2, 1, -1) none SKEL_OVERLAP 0.0
id (-2, 1, 1) none SKEL_OVERLAP 0.0
id (-2, 2, 0) none SKEL_OVERLAP 0.0
id (0, -2, 0) none SKEL_OVERLAP 0.0
id (0, -1, -1) none SKEL_OVERLAP 0.0
id (0, -1, 1) none SKEL_OVERLAP 0.0
id (0, 0, -2) none SKEL_OVERLAP 0.0
id (0, 0, 2) none SKEL_OVERLAP 0.0
id (0, 1, -1) none SKEL_OVERLAP 0.0
id (0, 1, 1) none SKEL_OVERLAP 0.0
id (0, 2, 0) none SKEL_OVERLAP 0.0
swap (-3, -1, 0) none SKEL_OVERLAP 0.0
swap (-3, 0, -1) none SKEL_OVERLAP 0.0
swap (-3, 0, 1) none SKEL_OVERLAP 0.0
swap (-3, 1, 0) none SKEL_OVERLAP 0.0
swap (1, -1, 0) none SKEL_OVERLAP 0.0
swap (1, 0, -1) none SKEL_OVERLAP 0.0
swap (1, 0, 1) none SKEL_OVERLAP 0.0
swap (1, 1, 0) none SKEL_OVERLAP 0.0
rot270 (0, -1, 7) none INFEASIBLE 0.1
rot270 (-2, 0, 8) none INFEASIBLE 0.1
rot90 (0, 5, -1) none INFEASIBLE 0.3
rot270 (0, -1, 5) none INFEASIBLE 0.2
rot270 (0, 1, 5) none INFEASIBLE 0.1
rot270 (0, 1, 7) none INFEASIBLE 0.1
rot270 (0, 0, 4) none INFEASIBLE 0.2
rot270 (0, 2, 6) none INFEASIBLE 0.1
rot270 (-2, 2, 6) none INFEASIBLE 0.4
anti (-3, 6, 7) none INFEASIBLE 0.1
anti (-3, 6, 5) none INFEASIBLE 0.2
anti (1, 7, 6) none INFEASIBLE 0.1
anti (-3, 5, 6) none INFEASIBLE 0.2
anti (1, 6, 5) none INFEASIBLE 0.1
anti (1, 5, 6) none INFEASIBLE 0.1
flipy (-3, 6, 1) none INFEASIBLE 0.1
anti (-3, 7, 6) none INFEASIBLE 0.1
flipy (-3, 6, -1) none INFEASIBLE 0.2
flipy (1, 6, 1) none INFEASIBLE 0.1
flipy (1, 6, -1) none INFEASIBLE 0.1
anti (1, 6, 7) none INFEASIBLE 0.4
flipy (1, 5, 0) none INFEASIBLE 0.1
flipy (1, 7, 0) none INFEASIBLE 0.2
flipy (-3, 5, 0) none INFEASIBLE 0.2
flipz (-3, -1, 6) none INFEASIBLE 0.2
flipy (-3, 7, 0) none INFEASIBLE 0.1
flipz (-3, 0, 5) none INFEASIBLE 0.2
flipz (-3, 1, 6) none INFEASIBLE 0.2
flipz (1, 0, 7) none INFEASIBLE 0.1
flipz (1, -1, 6) none INFEASIBLE 0.1
flipz (1, 1, 6) none INFEASIBLE 0.1
rot180 (-3, 6, 5) none INFEASIBLE 0.1
rot180 (-3, 6, 7) none INFEASIBLE 0.1
flipz (-3, 0, 7) none INFEASIBLE 0.1
rot180 (1, 6, 5) none INFEASIBLE 0.1
rot180 (-3, 5, 6) none INFEASIBLE 0.2
rot180 (1, 5, 6) none INFEASIBLE 0.1
flipz (1, 0, 5) none INFEASIBLE 0.4
rot180 (1, 6, 7) none INFEASIBLE 0.1
rot180 (-3, 7, 6) none INFEASIBLE 0.6
rot90 (-3, 6, -1) none INFEASIBLE 0.2
rot90 (-3, 7, 0) none INFEASIBLE 0.1
rot90 (-3, 6, 1) none INFEASIBLE 0.2
rot90 (1, 6, -1) none INFEASIBLE 0.1
rot90 (-3, 5, 0) none INFEASIBLE 0.2
rot90 (1, 7, 0) none INFEASIBLE 0.1
rot180 (1, 7, 6) none INFEASIBLE 0.1
rot90 (1, 5, 0) none INFEASIBLE 0.2
id (-3, -1, 0) none SKEL_OVERLAP 0.0
id (-3, 0, -1) none SKEL_OVERLAP 0.0
id (-3, 0, 1) none SKEL_OVERLAP 0.0
id (-3, 1, 0) none SKEL_OVERLAP 0.0
id (1, -1, 0) none SKEL_OVERLAP 0.0
id (1, 0, -1) none SKEL_OVERLAP 0.0
id (1, 0, 1) none SKEL_OVERLAP 0.0
id (1, 1, 0) none SKEL_OVERLAP 0.0
rot270 (-3, 0, 7) none INFEASIBLE 0.2
rot270 (-3, 0, 5) none INFEASIBLE 0.2
rot270 (-3, 1, 6) none INFEASIBLE 0.2
swap (-1, -2, -2) none SKEL_OVERLAP 0.0
swap (-1, -2, 2) none SKEL_OVERLAP 0.0
rot270 (1, -1, 6) none INFEASIBLE 0.1
rot90 (1, 6, 1) none INFEASIBLE 0.1
rot270 (-3, -1, 6) none INFEASIBLE 0.2
rot270 (1, 0, 7) none INFEASIBLE 0.1
swap (-1, -4, 0) none INFEASIBLE 0.1
swap (-1, -1, -3) none INFEASIBLE 0.1
swap (-1, 0, -4) none INFEASIBLE 0.4
swap (-1, 2, 2) none SKEL_OVERLAP 0.0
rot270 (1, 1, 6) none INFEASIBLE 0.1
swap (-1, -3, 1) none INFEASIBLE 0.2
rot270 (1, 0, 5) none INFEASIBLE 0.1
swap (-1, -1, 3) none INFEASIBLE 0.2
swap (-1, -3, -1) none INFEASIBLE 0.1
swap (-1, 0, 4) none INFEASIBLE 0.1
swap (-1, 1, -3) none INFEASIBLE 0.1
swap (-1, 1, 3) none INFEASIBLE 0.1
swap (-1, 2, -2) none INFEASIBLE 0.2
swap (-1, 3, 1) none INFEASIBLE 0.1
anti (-1, 2, 6) none INFEASIBLE 0.1
anti (-1, 3, 7) none INFEASIBLE 0.1
anti (-1, 4, 8) none INFEASIBLE 0.1
anti (-1, 4, 4) none INFEASIBLE 0.5
anti (-1, 6, 2) none INFEASIBLE 0.1
anti (-1, 6, 10) none INFEASIBLE 0.1
anti (-1, 5, 9) none INFEASIBLE 0.1
anti (-1, 7, 3) none INFEASIBLE 0.1
swap (-1, 4, 0) none INFEASIBLE 0.1
flipy (-1, 2, 0) none SKEL_OVERLAP 0.0
anti (-1, 8, 8) none INFEASIBLE 0.1
anti (-1, 9, 7) none INFEASIBLE 0.1
swap (-1, 3, -1) none INFEASIBLE 0.2
anti (-1, 8, 4) none INFEASIBLE 0.1
anti (-1, 5, 3) none INFEASIBLE 0.4
anti (-1, 10, 6) none INFEASIBLE 0.1
anti (-1, 9, 5) none INFEASIBLE 0.1
anti (-1, 3, 5) none INFEASIBLE 1.7
flipy (-1, 5, -3) none INFEASIBLE 0.1
flipy (-1, 4, -2) none INFEASIBLE 0.1
flipy (-1, 3, -1) none INFEASIBLE 0.2
anti (-1, 7, 9) none INFEASIBLE 0.4
flipy (-1, 3, 1) none INFEASIBLE 0.1
flipy (-1, 6, 4) none INFEASIBLE 0.1
flipy (-1, 6, -4) none INFEASIBLE 0.1
flipy (-1, 8, 2) none INFEASIBLE 0.1
flipy (-1, 5, 3) none INFEASIBLE 0.1
flipy (-1, 7, 3) none INFEASIBLE 0.1
flipy (-1, 7, -3) none INFEASIBLE 0.1
flipy (-1, 4, 2) none INFEASIBLE 0.1
flipz (-1, -1, 3) none SKEL_OVERLAP 0.0
flipy (-1, 9, -1) none INFEASIBLE 0.1
flipz (-1, 0, 2) none SKEL_OVERLAP 0.0
flipy (-1, 9, 1) none INFEASIBLE 0.1
flipz (-1, 1, 3) none SKEL_OVERLAP 0.0
flipy (-1, 8, -2) none INFEASIBLE 0.2
flipz (-1, -3, 7) none INFEASIBLE 0.1
flipz (-1, -3, 5) none INFEASIBLE 0.1
flipz (-1, -2, 8) none INFEASIBLE 0.1
flipz (-1, 0, 10) none INFEASIBLE 0.1
flipz (-1, 1, 9) none INFEASIBLE 0.2
flipz (-1, -4, 6) none INFEASIBLE 0.1
flipy (-1, 10, 0) none INFEASIBLE 0.1
flipz (-1, -2, 4) none INFEASIBLE 0.4
flipz (-1, -1, 9) none INFEASIBLE 0.1
flipz (-1, 2, 8) none INFEASIBLE 0.1
flipz (-1, 2, 4) none INFEASIBLE 0.1
flipz (-1, 3, 7) none INFEASIBLE 0.1
flipz (-1, 3, 5) none INFEASIBLE 0.1
rot180 (-1, 4, 8) none INFEASIBLE 0.3
flipz (-1, 4, 6) none INFEASIBLE 0.1
rot180 (-1, 5, 9) none INFEASIBLE 0.1
rot180 (-1, 6, 10) none INFEASIBLE 0.1
rot180 (-1, 5, 3) none INFEASIBLE 0.1
rot180 (-1, 4, 4) none INFEASIBLE 0.5
rot180 (-1, 2, 6) none INFEASIBLE 3.0
rot180 (-1, 6, 2) none INFEASIBLE 0.1
rot90 (-1, 2, 0) none SKEL_OVERLAP 0.0
rot90 (-1, 3, -1) none SKEL_OVERLAP 0.0
rot90 (-1, 3, 1) none SKEL_OVERLAP 0.0
rot180 (-1, 7, 9) none INFEASIBLE 0.1
rot180 (-1, 8, 8) none INFEASIBLE 0.1
rot180 (-1, 8, 4) none INFEASIBLE 0.1
rot180 (-1, 9, 5) none INFEASIBLE 0.1
rot180 (-1, 9, 7) none INFEASIBLE 0.1
rot180 (-1, 7, 3) none INFEASIBLE 0.1
rot180 (-1, 10, 6) none INFEASIBLE 0.2
rot180 (-1, 3, 5) none INFEASIBLE 1.5
rot90 (-1, 6, -4) none INFEASIBLE 0.1
rot90 (-1, 4, -2) none INFEASIBLE 0.1
rot90 (-1, 5, -3) none INFEASIBLE 0.1
rot90 (-1, 4, 2) none INFEASIBLE 0.2
rot90 (-1, 5, 3) none INFEASIBLE 0.1
rot90 (-1, 7, -3) none INFEASIBLE 0.1
rot90 (-1, 8, -2) none INFEASIBLE 0.1
rot90 (-1, 9, 1) none INFEASIBLE 0.1
rot90 (-1, 7, 3) none INFEASIBLE 0.1
rot90 (-1, 8, 2) none INFEASIBLE 0.1
rot270 (-1, -1, 3) none SKEL_OVERLAP 0.0
rot180 (-1, 3, 7) none INFEASIBLE 9.0
rot270 (-1, 0, 2) none SKEL_OVERLAP 0.0
rot90 (-1, 9, -1) none INFEASIBLE 0.1
rot270 (-1, 1, 3) none SKEL_OVERLAP 0.0
rot90 (-1, 6, 4) none INFEASIBLE 0.2
rot90 (-1, 10, 0) none INFEASIBLE 0.1
rot270 (-1, -4, 6) none INFEASIBLE 0.1
rot270 (-1, -3, 5) none INFEASIBLE 0.3
rot270 (-1, -3, 7) none INFEASIBLE 0.1
rot270 (-1, -1, 9) none INFEASIBLE 0.1
rot270 (-1, 0, 10) none INFEASIBLE 0.1
rot270 (-1, 2, 8) none INFEASIBLE 0.1
rot270 (-1, 1, 9) none INFEASIBLE 0.1
id (-1, -2, -2) none SKEL_OVERLAP 0.0
rot270 (-1, -2, 4) none INFEASIBLE 0.2
rot270 (-1, 4, 6) none INFEASIBLE 0.1
rot270 (-1, 3, 5) none INFEASIBLE 0.1
rot270 (-1, -2, 8) none INFEASIBLE 0.1
id (-1, -4, 0) none INFEASIBLE 0.1
id (-1, -3, 1) none INFEASIBLE 0.1
id (-1, -3, -1) none INFEASIBLE 0.1
id (-1, -2, 2) none INFEASIBLE 0.1
id (-1, 2, 2) none SKEL_OVERLAP 0.0
id (-1, -1, -3) none INFEASIBLE 0.1
rot270 (-1, 3, 7) none INFEASIBLE 0.2
id (-1, -1, 3) none INFEASIBLE 0.1
id (-1, 0, -4) none INFEASIBLE 0.1
swap (-2, -2, -1) none SKEL_OVERLAP 0.0
swap (-2, -2, 1) none SKEL_OVERLAP 0.0
swap (-2, -1, -2) none SKEL_OVERLAP 0.0
swap (-2, -1, 2) none SKEL_OVERLAP 0.0
rot270 (-1, 2, 4) none INFEASIBLE 0.4
id (-1, 0, 4) none INFEASIBLE 0.4
id (-1, 3, -1) none INFEASIBLE 0.1
swap (-2, 1, 2) none SKEL_OVERLAP 0.0
id (-1, 1, -3) none INFEASIBLE 0.1
id (-1, 1, 3) none INFEASIBLE 0.1
id (-1, 3, 1) none INFEASIBLE 0.1
id (-1, 2, -2) none INFEASIBLE 0.1
swap (0, -2, -1) none SKEL_OVERLAP 0.0
swap (0, -2, 1) none SKEL_OVERLAP 0.0
swap (-2, 0, -3) none INFEASIBLE 0.1
swap (0, -1, 2) none SKEL_OVERLAP 0.0
swap (-2, -3, 0) none INFEASIBLE 0.1
swap (-2, 0, 3) none INFEASIBLE 0.1
id (-1, 4, 0) none INFEASIBLE 0.1
swap (0, 1, 2) none SKEL_OVERLAP 0.0
swap (-2, 3, 0) none INFEASIBLE 0.1
swap (0, 2, 1) none SKEL_OVERLAP 0.0
swap (-2, 2, -1) none INFEASIBLE 0.2
swap (-2, 2, 1) none INFEASIBLE 0.1
swap (-2, 1, -2) none INFEASIBLE 0.1
swap (0, -1, -2) none INFEASIBLE 0.1
swap (0, 1, -2) none INFEASIBLE 0.1
swap (0, 0, 3) none INFEASIBLE 0.1
swap (0, 2, -1) none INFEASIBLE 0.1
swap (0, 3, 0) none INFEASIBLE 0.1
anti (-2, 3, 6) none INFEASIBLE 0.2
anti (-2, 4, 7) none INFEASIBLE 0.1
swap (0, -3, 0) none INFEASIBLE 0.1
anti (-2, 5, 8) none INFEASIBLE 0.1
anti (-2, 6, 3) none INFEASIBLE 0.1
anti (-2, 5, 4) none INFEASIBLE 0.2
anti (-2, 4, 5) none INFEASIBLE 2.0
anti (-2, 7, 4) none INFEASIBLE 0.2
swap (0, 0, -3) none INFEASIBLE 0.1
anti (-2, 8, 7) none INFEASIBLE 0.1
anti (-2, 8, 5) none INFEASIBLE 0.2
anti (-2, 6, 9) none INFEASIBLE 0.3
anti (0, 3, 6) none INFEASIBLE 0.1
anti (-2, 9, 6) none INFEASIBLE 0.1
anti (0, 4, 7) none INFEASIBLE 0.1
anti (0, 5, 8) none INFEASIBLE 0.1
anti (-2, 7, 8) none INFEASIBLE 0.1
anti (0, 6, 3) none INFEASIBLE 0.1
anti (0, 9, 6) none INFEASIBLE 0.1
anti (0, 7, 8) none INFEASIBLE 0.1
anti (0, 8, 5) none INFEASIBLE 0.1
anti (0, 8, 7) none INFEASIBLE 0.7
anti (0, 4, 5) none INFEASIBLE 0.5
flipy (-2, 4, -1) none INFEASIBLE 0.3
anti (0, 7, 4) none INFEASIBLE 0.1
anti (0, 5, 4) none INFEASIBLE 1.8
anti (0, 6, 9) none INFEASIBLE 0.1
flipy (-2, 6, -3) none INFEASIBLE 0.1
flipy (-2, 5, -2) none INFEASIBLE 0.2
flipy (-2, 4, 1) none INFEASIBLE 0.2
flipy (-2, 5, 2) none INFEASIBLE 0.2
flipy (-2, 7, -2) none INFEASIBLE 0.1
flipy (-2, 7, 2) none INFEASIBLE 0.1
flipy (-2, 8, -1) none INFEASIBLE 0.2
flipy (-2, 8, 1) none INFEASIBLE 0.1
flipy (-2, 9, 0) none INFEASIBLE 0.1
flipy (0, 5, -2) none INFEASIBLE 0.1
flipy (-2, 3, 0) none INFEASIBLE 0.2
flipy (0, 3, 0) none INFEASIBLE 0.2
flipy (0, 6, -3) none INFEASIBLE 0.1
flipy (-2, 6, 3) none INFEASIBLE 0.1
flipy (0, 7, -2) none INFEASIBLE 0.1
flipy (0, 5, 2) none INFEASIBLE 0.1
flipy (0, 4, -1) none INFEASIBLE 0.1
flipy (0, 8, 1) none INFEASIBLE 0.1
flipy (0, 9, 0) none INFEASIBLE 0.1
flipz (-2, 0, 3) none SKEL_OVERLAP 0.0
flipy (0, 4, 1) none INFEASIBLE 0.1
flipy (0, 6, 3) none INFEASIBLE 0.1
flipy (0, 8, -1) none INFEASIBLE 0.2
flipz (-2, -2, 5) none INFEASIBLE 0.3
flipy (0, 7, 2) none INFEASIBLE 0.1
flipz (-2, -2, 7) none INFEASIBLE 0.2
flipz (-2, 0, 9) none INFEASIBLE 0.1
flipz (-2, -3, 6) none INFEASIBLE 0.2
flipz (-2, 1, 4) none INFEASIBLE 0.2
flipz (-2, -1, 4) none INFEASIBLE 0.2
flipz (-2, 1, 8) none INFEASIBLE 0.2
flipz (0, 0, 3) none SKEL_OVERLAP 0.0
flipz (-2, 2, 5) none INFEASIBLE 0.2
flipz (-2, -1, 8) none INFEASIBLE 0.1
flipz (0, -3, 6) none INFEASIBLE 0.1
flipz (0, -2, 5) none INFEASIBLE 0.1
flipz (-2, 3, 6) none INFEASIBLE 0.1
flipz (0, -2, 7) none INFEASIBLE 0.1
flipz (-2, 2, 7) none INFEASIBLE 0.1
flipz (0, -1, 8) none INFEASIBLE 0.1
flipz (0, 0, 9) none INFEASIBLE 0.1
flipz (0, -1, 4) none INFEASIBLE 0.2
flipz (0, 1, 8) none INFEASIBLE 0.1
flipz (0, 2, 7) none INFEASIBLE 0.2
flipz (0, 1, 4) none INFEASIBLE 0.2
flipz (0, 3, 6) none INFEASIBLE 0.1
flipz (0, 2, 5) none INFEASIBLE 0.1
rot180 (-2, 3, 6) none INFEASIBLE 0.7
rot180 (-2, 6, 3) none INFEASIBLE 0.1
rot180 (-2, 5, 4) none INFEASIBLE 0.2
rot180 (-2, 5, 8) none INFEASIBLE 0.1
rot180 (-2, 6, 9) none INFEASIBLE 0.1
rot180 (-2, 4, 5) none INFEASIBLE 0.2
rot180 (-2, 7, 4) none INFEASIBLE 0.1
rot180 (-2, 7, 8) none INFEASIBLE 0.1
rot180 (-2, 9, 6) none INFEASIBLE 0.1
rot180 (-2, 8, 7) none INFEASIBLE 0.1
rot180 (-2, 4, 7) none INFEASIBLE 0.7
rot180 (0, 4, 7) none INFEASIBLE 0.1
rot180 (0, 5, 4) none INFEASIBLE 0.1
rot180 (0, 5, 8) none INFEASIBLE 0.1
rot180 (0, 3, 6) none INFEASIBLE 0.5
rot90 (-2, 3, 0) none SKEL_OVERLAP 0.0
rot180 (0, 6, 3) none INFEASIBLE 0.1
rot180 (0, 4, 5) none INFEASIBLE 0.1
rot180 (0, 6, 9) none INFEASIBLE 0.1
rot180 (0, 8, 5) none INFEASIBLE 0.1
rot180 (0, 9, 6) none INFEASIBLE 0.1
rot180 (0, 7, 8) none INFEASIBLE 0.1
rot180 (0, 7, 4) none INFEASIBLE 0.1
rot180 (0, 8, 7) none INFEASIBLE 0.3
rot180 (-2, 8, 5) none INFEASIBLE 0.6
rot90 (-2, 4, -1) none INFEASIBLE 0.2
rot90 (-2, 5, -2) none INFEASIBLE 0.1
rot90 (0, 3, 0) none SKEL_OVERLAP 0.0
rot90 (-2, 5, 2) none INFEASIBLE 0.2
rot90 (-2, 6, -3) none INFEASIBLE 0.1
rot90 (-2, 7, -2) none INFEASIBLE 0.1
rot90 (-2, 4, 1) none INFEASIBLE 1.6
rot90 (-2, 7, 2) none INFEASIBLE 0.1
rot90 (-2, 9, 0) none INFEASIBLE 0.1
rot90 (0, 5, -2) none INFEASIBLE 0.1
rot90 (0, 5, 2) none INFEASIBLE 0.4
rot90 (-2, 8, 1) none INFEASIBLE 0.2
rot90 (0, 4, 1) none INFEASIBLE 0.2
rot90 (0, 7, -2) none INFEASIBLE 0.1
rot90 (0, 7, 2) none INFEASIBLE 0.1
rot90 (-2, 6, 3) none INFEASIBLE 0.5
rot90 (0, 8, -1) none INFEASIBLE 0.1
rot90 (0, 8, 1) none INFEASIBLE 0.1
rot90 (0, 9, 0) none INFEASIBLE 0.1
rot270 (-2, 0, 3) none SKEL_OVERLAP 0.0
rot270 (-2, -3, 6) none INFEASIBLE 0.2
rot90 (0, 6, 3) none INFEASIBLE 0.4
rot90 (0, 4, -1) none INFEASIBLE 0.6
rot90 (-2, 8, -1) none INFEASIBLE 0.7
rot270 (-2, 0, 9) none INFEASIBLE 0.1
rot90 (0, 6, -3) none INFEASIBLE 0.1
rot270 (-2, -1, 8) none INFEASIBLE 0.1
rot270 (-2, -2, 5) none INFEASIBLE 0.6
rot270 (-2, 1, 4) none INFEASIBLE 0.1
rot270 (-2, -2, 7) none INFEASIBLE 0.1
rot270 (-2, 2, 5) none INFEASIBLE 0.2
rot270 (0, 0, 3) none SKEL_OVERLAP 0.0
rot270 (0, -3, 6) none INFEASIBLE 0.2
rot270 (-2, 2, 7) none INFEASIBLE 0.1
rot270 (-2, 3, 6) none INFEASIBLE 0.2
rot270 (0, -2, 5) none INFEASIBLE 0.2
rot270 (0, -2, 7) none INFEASIBLE 0.1
rot270 (-2, 1, 8) none INFEASIBLE 0.1
rot270 (0, -1, 8) none INFEASIBLE 0.1
id (-2, -2, -1) none SKEL_OVERLAP 0.0
id (-2, -2, 1) none SKEL_OVERLAP 0.0
id (-2, -1, -2) none SKEL_OVERLAP 0.0
id (-2, -1, 2) none SKEL_OVERLAP 0.0
rot270 (0, 0, 9) none INFEASIBLE 0.1
rot270 (0, -1, 4) none INFEASIBLE 0.6
id (-2, 1, -2) none SKEL_OVERLAP 0.0
id (-2, 1, 2) none SKEL_OVERLAP 0.0
rot270 (0, 2, 5) none INFEASIBLE 0.1
id (-2, 2, 1) none SKEL_OVERLAP 0.0
rot270 (-2, -1, 4) none INFEASIBLE 1.0
rot270 (0, 2, 7) none INFEASIBLE 0.1
id (0, -2, -1) none SKEL_OVERLAP 0.0
rot270 (0, 3, 6) none INFEASIBLE 0.1
id (0, -1, -2) none SKEL_OVERLAP 0.0
id (0, -1, 2) none SKEL_OVERLAP 0.0
rot270 (0, 1, 4) none INFEASIBLE 0.3
id (-2, -3, 0) none INFEASIBLE 0.3
id (0, 1, -2) none SKEL_OVERLAP 0.0
id (0, 1, 2) none SKEL_OVERLAP 0.0
id (0, 2, -1) none SKEL_OVERLAP 0.0
id (0, 2, 1) none SKEL_OVERLAP 0.0
id (-2, 0, 3) none INFEASIBLE 0.1
swap (-3, -2, 0) none SKEL_OVERLAP 0.0
swap (-3, -1, -1) none SKEL_OVERLAP 0.0
swap (-3, -1, 1) none SKEL_OVERLAP 0.0
swap (-3, 0, -2) none SKEL_OVERLAP 0.0
swap (-3, 0, 2) none SKEL_OVERLAP 0.0
swap (-3, 1, -1) none SKEL_OVERLAP 0.0
swap (-3, 1, 1) none SKEL_OVERLAP 0.0
rot270 (0, 1, 8) none INFEASIBLE 0.1
swap (1, -2, 0) none SKEL_OVERLAP 0.0
swap (1, -1, -1) none SKEL_OVERLAP 0.0
swap (1, -1, 1) none SKEL_OVERLAP 0.0
id (-2, 0, -3) none INFEASIBLE 0.1
swap (1, 0, 2) none SKEL_OVERLAP 0.0
swap (1, 1, -1) none SKEL_OVERLAP 0.0
swap (1, 1, 1) none SKEL_OVERLAP 0.0
swap (1, 2, 0) none SKEL_OVERLAP 0.0
id (-2, 2, -1) none INFEASIBLE 0.1
id (-2, 3, 0) none INFEASIBLE 0.4
id (0, -2, 1) none INFEASIBLE 0.1
id (0, -3, 0) none INFEASIBLE 0.2
id (0, 0, 3) none INFEASIBLE 0.1
swap (-3, 2, 0) none INFEASIBLE 0.1
swap (1, 0, -2) none INFEASIBLE 0.1
id (0, 3, 0) none INFEASIBLE 0.1
anti (-3, 5, 5) none INFEASIBLE 0.2
id (0, 0, -3) none INFEASIBLE 0.2
anti (-3, 4, 6) none INFEASIBLE 0.2
anti (-3, 5, 7) none INFEASIBLE 0.1
anti (-3, 7, 5) none INFEASIBLE 0.2
anti (-3, 7, 7) none INFEASIBLE 0.1
anti (-3, 8, 6) none INFEASIBLE 0.2
anti (-3, 6, 8) none INFEASIBLE 0.1
anti (1, 6, 8) none INFEASIBLE 0.1
anti (1, 5, 7) none INFEASIBLE 0.1
anti (1, 7, 7) none INFEASIBLE 0.1
anti (1, 5, 5) none INFEASIBLE 0.1
anti (1, 7, 5) none INFEASIBLE 0.1
anti (-3, 6, 4) none INFEASIBLE 0.2
anti (1, 8, 6) none INFEASIBLE 0.1
flipy (-3, 5, -1) none INFEASIBLE 0.2
flipy (-3, 4, 0) none INFEASIBLE 0.2
flipy (-3, 6, 2) none INFEASIBLE 0.1
flipy (-3, 6, -2) none INFEASIBLE 0.1
flipy (-3, 7, -1) none INFEASIBLE 0.2
flipy (-3, 5, 1) none INFEASIBLE 0.2
flipy (-3, 7, 1) none INFEASIBLE 0.2
anti (1, 6, 4) none INFEASIBLE 0.6
flipy (-3, 8, 0) none INFEASIBLE 0.1
flipy (1, 5, -1) none INFEASIBLE 0.1
flipy (1, 6, -2) none INFEASIBLE 0.1
flipy (1, 6, 2) none INFEASIBLE 0.1
flipy (1, 4, 0) none INFEASIBLE 0.1
flipy (1, 7, 1) none INFEASIBLE 0.1
flipy (1, 7, -1) none INFEASIBLE 0.1
flipy (1, 5, 1) none INFEASIBLE 0.1
flipz (-3, -1, 7) none INFEASIBLE 0.2
flipz (-3, 0, 8) none INFEASIBLE 0.1
flipz (-3, -2, 6) none INFEASIBLE 0.2
flipz (-3, -1, 5) none INFEASIBLE 0.2
anti (1, 4, 6) none INFEASIBLE 0.3
flipz (-3, 1, 7) none INFEASIBLE 0.2
flipz (-3, 1, 5) none INFEASIBLE 0.2
flipz (1, -1, 5) none INFEASIBLE 0.2
flipz (1, -2, 6) none INFEASIBLE 0.4
flipz (-3, 0, 4) none INFEASIBLE 0.8
flipz (1, 0, 8) none INFEASIBLE 0.1
flipz (1, 0, 4) none INFEASIBLE 0.2
flipz (1, 1, 5) none INFEASIBLE 0.2
flipy (1, 8, 0) none INFEASIBLE 0.1
flipz (1, 1, 7) none INFEASIBLE 0.1
flipz (-3, 2, 6) none INFEASIBLE 0.1
flipz (1, 2, 6) none INFEASIBLE 0.2
flipz (1, -1, 7) none INFEASIBLE 0.3
rot180 (-3, 6, 8) none INFEASIBLE 0.2
rot180 (-3, 7, 5) none INFEASIBLE 0.2
rot180 (-3, 7, 7) none INFEASIBLE 0.2
rot180 (-3, 6, 4) none INFEASIBLE 0.2
rot180 (-3, 5, 7) none INFEASIBLE 0.4
rot180 (1, 4, 6) none INFEASIBLE 0.2
rot180 (-3, 8, 6) none INFEASIBLE 0.1
rot180 (-3, 5, 5) none INFEASIBLE 0.2
rot180 (1, 6, 4) none INFEASIBLE 0.1
rot180 (1, 6, 8) none INFEASIBLE 0.1
rot180 (1, 5, 7) none INFEASIBLE 0.1
rot180 (1, 7, 5) none INFEASIBLE 0.3
rot180 (1, 7, 7) none INFEASIBLE 0.7
rot180 (1, 8, 6) none INFEASIBLE 0.1
rot90 (-3, 6, -2) none INFEASIBLE 0.1
rot180 (1, 5, 5) none INFEASIBLE 0.1
rot90 (-3, 6, 2) none INFEASIBLE 0.1
rot90 (-3, 5, -1) none INFEASIBLE 0.2
rot90 (-3, 7, -1) none INFEASIBLE 0.1
rot90 (-3, 5, 1) none INFEASIBLE 0.2
rot180 (-3, 4, 6) none INFEASIBLE 0.2
rot90 (-3, 8, 0) none INFEASIBLE 0.2
rot90 (-3, 7, 1) none INFEASIBLE 0.1
rot90 (-3, 4, 0) none INFEASIBLE 0.2
rot90 (1, 6, -2) none INFEASIBLE 0.2
rot90 (1, 6, 2) none INFEASIBLE 0.1
rot90 (1, 7, -1) none INFEASIBLE 0.1
rot90 (1, 4, 0) none INFEASIBLE 0.2
rot90 (1, 7, 1) none INFEASIBLE 0.1
rot90 (1, 8, 0) none INFEASIBLE 0.1
rot270 (-3, -2, 6) none INFEASIBLE 0.2
rot270 (-3, 0, 8) none INFEASIBLE 0.2
rot270 (-3, -1, 7) none INFEASIBLE 0.2
rot270 (-3, -1, 5) none INFEASIBLE 0.2
rot270 (-3, 0, 4) none INFEASIBLE 0.2
rot90 (1, 5, -1) none INFEASIBLE 0.1
rot270 (-3, 1, 7) none INFEASIBLE 0.1
rot90 (1, 5, 1) none INFEASIBLE 0.1
rot270 (-3, 2, 6) none INFEASIBLE 0.1
id (-3, -2, 0) none SKEL_OVERLAP 0.0
id (-3, -1, -1) none SKEL_OVERLAP 0.0
id (-3, -1, 1) none SKEL_OVERLAP 0.0
id (-3, 0, -2) none SKEL_OVERLAP 0.0
id (-3, 0, 2) none SKEL_OVERLAP 0.0
id (-3, 1, -1) none SKEL_OVERLAP 0.0
id (-3, 1, 1) none SKEL_OVERLAP 0.0
rot270 (1, -2, 6) none INFEASIBLE 0.1
rot270 (1, -1, 7) none INFEASIBLE 0.1
id (1, -1, -1) none SKEL_OVERLAP 0.0
id (1, -1, 1) none SKEL_OVERLAP 0.0
id (1, 0, -2) none SKEL_OVERLAP 0.0
id (1, 0, 2) none SKEL_OVERLAP 0.0
id (1, 1, -1) none SKEL_OVERLAP 0.0
id (1, 1, 1) none SKEL_OVERLAP 0.0
id (1, 2, 0) none SKEL_OVERLAP 0.0
rot270 (1, 0, 8) none INFEASIBLE 0.1
rot270 (1, 1, 7) none INFEASIBLE 0.1
rot270 (-3, 1, 5) none INFEASIBLE 0.2
rot270 (1, 2, 6) none INFEASIBLE 0.1
id (-3, 2, 0) none INFEASIBLE 0.1
rot270 (1, 0, 4) none INFEASIBLE 0.1
rot270 (1, 1, 5) none INFEASIBLE 0.1
id (1, -2, 0) none INFEASIBLE 0.1
rot270 (1, -1, 5) none INFEASIBLE 0.1
