swap (-1, 0, 0) V SKEL_OVERLAP 0.0
swap (-1, 0, -1) V SKEL_OVERLAP 0.0
id (-1, 0, 0) V SKEL_OVERLAP 0.0
swap (-1, 0, 1) V SKEL_OVERLAP 0.0
swap (-1, 1, 0) V SKEL_OVERLAP 0.0
swap (-1, -1, 0) V SKEL_OVERLAP 0.0
flipz (-1, 0, 6) V INFEASIBLE 1.7
flipy (-1, 6, 0) V INFEASIBLE 5.0
anti (-1, 6, 6) V INFEASIBLE 5.0
rot180 (-1, 6, 6) V INFEASIBLE 5.6
rot270 (-1, 0, 6) V INFEASIBLE 5.3
rot90 (-1, 6, 0) V INFEASIBLE 5.5
anti (-1, 6, 7) V INFEASIBLE 7.0
anti (-1, 7, 6) V INFEASIBLE 6.1
anti (-1, 6, 5) V INFEASIBLE 7.3
anti (-1, 5, 6) V INFEASIBLE 7.3
flipz (-1, 0, 5) V INFEASIBLE 0.5
flipz (-1, -1, 6) V INFEASIBLE 2.7
flipy (-1, 5, 0) V INFEASIBLE 7.0
flipz (-1, 1, 6) V INFEASIBLE 3.4
flipy (-1, 7, 0) V INFEASIBLE 5.7
flipy (-1, 6, -1) V INFEASIBLE 7.1
flipy (-1, 6, 1) V INFEASIBLE 6.9
flipz (-1, 0, 7) V INFEASIBLE 6.9
rot180 (-1, 6, 5) V INFEASIBLE 6.9
rot90 (-1, 5, 0) V INFEASIBLE 1.3
rot180 (-1, 6, 7) V INFEASIBLE 6.2
id (-1, -1, 0) V SKEL_OVERLAP 0.0
id (-1, 0, -1) V SKEL_OVERLAP 0.0
id (-1, 0, 1) V SKEL_OVERLAP 0.0
id (-1, 1, 0) V SKEL_OVERLAP 0.0
rot180 (-1, 5, 6) V INFEASIBLE 8.2
swap (-2, 0, 0) V SKEL_OVERLAP 0.0
swap (0, 0, 0) V SKEL_OVERLAP 0.0
rot180 (-1, 7, 6) V INFEASIBLE 5.6
rot270 (-1, 0, 5) V INFEASIBLE 1.4
rot90 (-1, 6, -1) V INFEASIBLE 7.5
rot90 (-1, 6, 1) V INFEASIBLE 6.8
rot90 (-1, 7, 0) V INFEASIBLE 6.5
rot270 (-1, -1, 6) V INFEASIBLE 6.9
rot270 (-1, 0, 7) V INFEASIBLE 7.5
anti (0, 6, 6) V INFEASIBLE 6.3
rot270 (-1, 1, 6) V INFEASIBLE 7.5
anti (-2, 6, 6) V INFEASIBLE 6.3
flipz (-2, 0, 6) V INFEASIBLE 1.4
id (-2, 0, 0) V SKEL_OVERLAP 0.0
id (0, 0, 0) V SKEL_OVERLAP 0.0
swap (-1, -2, 0) V SKEL_OVERLAP 0.0
swap (-1, -1, -1) V SKEL_OVERLAP 0.0
swap (-1, -1, 1) V SKEL_OVERLAP 0.0
flipz (0, 0, 6) V INFEASIBLE 1.4
swap (-1, 0, 2) V SKEL_OVERLAP 0.0
swap (-1, 1, -1) V SKEL_OVERLAP 0.0
swap (-1, 1, 1) V SKEL_OVERLAP 0.0
flipy (-2, 6, 0) V INFEASIBLE 6.2
flipy (0, 6, 0) V INFEASIBLE 6.1
swap (-1, 0, -2) V INFEASIBLE 0.2
swap (-1, 2, 0) V INFEASIBLE 0.1
rot180 (-2, 6, 6) V INFEASIBLE 8.0
anti (-1, 5, 5) V INFEASIBLE 1.9
rot180 (0, 6, 6) V INFEASIBLE 8.5
rot90 (-2, 6, 0) V INFEASIBLE 6.7
rot270 (0, 0, 6) V INFEASIBLE 7.0
rot270 (-2, 0, 6) V INFEASIBLE 8.2
rot90 (0, 6, 0) V INFEASIBLE 8.5
anti (-1, 4, 6) V INFEASIBLE 10.4
anti (-1, 5, 7) V INFEASIBLE 8.6
flipy (-1, 4, 0) V INFEASIBLE 0.9
anti (-1, 6, 8) V INFEASIBLE 8.8
anti (-1, 6, 4) V INFEASIBLE 11.8
flipy (-1, 5, -1) V INFEASIBLE 4.6
anti (-1, 7, 5) V INFEASIBLE 9.3
anti (-1, 7, 7) V INFEASIBLE 9.6
anti (-1, 8, 6) V INFEASIBLE 8.7
flipz (-1, 0, 4) V SKEL_OVERLAP 0.0
flipy (-1, 5, 1) V INFEASIBLE 5.3
flipz (-1, -1, 5) V INFEASIBLE 0.3
flipz (-1, 1, 5) V INFEASIBLE 0.3
flipy (-1, 6, -2) V INFEASIBLE 8.9
flipy (-1, 6, 2) V INFEASIBLE 8.2
flipy (-1, 7, -1) V INFEASIBLE 7.5
flipy (-1, 7, 1) V INFEASIBLE 7.2
flipy (-1, 8, 0) V INFEASIBLE 7.0
flipz (-1, 0, 8) V INFEASIBLE 5.9
flipz (-1, -1, 7) V INFEASIBLE 7.3
flipz (-1, -2, 6) V INFEASIBLE 8.9
flipz (-1, 1, 7) V INFEASIBLE 7.0
rot180 (-1, 4, 6) V INFEASIBLE 6.6
flipz (-1, 2, 6) V INFEASIBLE 8.8
rot180 (-1, 6, 4) V INFEASIBLE 6.5
rot180 (-1, 6, 8) V INFEASIBLE 6.7
rot180 (-1, 5, 7) V INFEASIBLE 7.6
rot180 (-1, 7, 5) V INFEASIBLE 6.1
rot180 (-1, 5, 5) V INFEASIBLE 8.2
rot180 (-1, 7, 7) V INFEASIBLE 5.7
rot90 (-1, 4, 0) V INFEASIBLE 0.5
rot180 (-1, 8, 6) V INFEASIBLE 5.6
rot90 (-1, 5, -1) V INFEASIBLE 1.3
rot90 (-1, 5, 1) V INFEASIBLE 1.9
rot270 (-1, -1, 5) V INFEASIBLE 1.8
rot270 (-1, 0, 4) V INFEASIBLE 0.7
rot90 (-1, 7, -1) V INFEASIBLE 7.0
rot90 (-1, 6, -2) V INFEASIBLE 7.4
id (-1, -2, 0) V SKEL_OVERLAP 0.0
id (-1, -1, -1) V SKEL_OVERLAP 0.0
id (-1, -1, 1) V SKEL_OVERLAP 0.0
id (-1, 0, -2) V SKEL_OVERLAP 0.0
id (-1, 0, 2) V SKEL_OVERLAP 0.0
id (-1, 1, -1) V SKEL_OVERLAP 0.0
id (-1, 1, 1) V SKEL_OVERLAP 0.0
id (-1, 2, 0) V SKEL_OVERLAP 0.0
swap (-2, -1, 0) V SKEL_OVERLAP 0.0
swap (-2, 0, -1) V SKEL_OVERLAP 0.0
swap (-2, 0, 1) V SKEL_OVERLAP 0.0
swap (-2, 1, 0) V SKEL_OVERLAP 0.0
swap (0, -1, 0) V SKEL_OVERLAP 0.0
swap (0, 0, -1) V SKEL_OVERLAP 0.0
swap (0, 0, 1) V SKEL_OVERLAP 0.0
swap (0, 1, 0) V SKEL_OVERLAP 0.0
rot90 (-1, 8, 0) V INFEASIBLE 7.6
rot90 (-1, 7, 1) V INFEASIBLE 8.2
rot90 (-1, 6, 2) V INFEASIBLE 9.2
rot270 (-1, 1, 5) V INFEASIBLE 1.5
rot270 (-1, -2, 6) V INFEASIBLE 9.3
rot270 (-1, -1, 7) V INFEASIBLE 8.4
rot270 (-1, 0, 8) V INFEASIBLE 6.8
rot270 (-1, 1, 7) V INFEASIBLE 6.4
rot270 (-1, 2, 6) V INFEASIBLE 6.8
anti (-2, 5, 6) V INFEASIBLE 8.6
anti (-2, 6, 5) V INFEASIBLE 8.2
anti (-2, 7, 6) V INFEASIBLE 8.0
anti (-2, 6, 7) V INFEASIBLE 8.4
anti (0, 6, 7) V INFEASIBLE 8.0
anti (0, 5, 6) V INFEASIBLE 8.3
anti (0, 6, 5) V INFEASIBLE 8.4
anti (0, 7, 6) V INFEASIBLE 7.7
flipy (-2, 5, 0) V INFEASIBLE 8.2
flipz (-2, 0, 5) V INFEASIBLE 0.6
flipy (-2, 6, -1) V INFEASIBLE 9.1
flipy (-2, 7, 0) V INFEASIBLE 8.5
flipy (-2, 6, 1) V INFEASIBLE 9.8
flipy (0, 7, 0) V INFEASIBLE 8.3
flipy (0, 5, 0) V INFEASIBLE 9.3
flipz (-2, -1, 6) V INFEASIBLE 7.3
flipy (0, 6, -1) V INFEASIBLE 10.1
flipy (0, 6, 1) V INFEASIBLE 10.6
flipz (0, 0, 5) V INFEASIBLE 0.7
flipz (0, -1, 6) V INFEASIBLE 6.1
flipz (-2, 1, 6) V INFEASIBLE 9.3
flipz (-2, 0, 7) V INFEASIBLE 14.8
flipz (0, 1, 6) V INFEASIBLE 10.5
flipz (0, 0, 7) V INFEASIBLE 14.7
rot180 (-2, 6, 5) V INFEASIBLE 15.1
rot180 (-2, 7, 6) V INFEASIBLE 13.4
rot180 (-2, 6, 7) V INFEASIBLE 14.9
rot90 (-2, 5, 0) V INFEASIBLE 2.4
rot180 (0, 6, 5) V INFEASIBLE 15.1
rot180 (-2, 5, 6) V INFEASIBLE 20.8
rot180 (0, 5, 6) V INFEASIBLE 16.4
rot180 (0, 6, 7) V INFEASIBLE 14.4
rot180 (0, 7, 6) V INFEASIBLE 12.0
rot90 (0, 5, 0) V INFEASIBLE 2.5
rot270 (-2, 0, 5) V INFEASIBLE 2.4
rot90 (-2, 6, 1) V INFEASIBLE 11.5
rot90 (-2, 6, -1) V INFEASIBLE 14.6
rot90 (-2, 7, 0) V INFEASIBLE 14.6
rot90 (0, 6, -1) V INFEASIBLE 14.3
id (-2, -1, 0) V SKEL_OVERLAP 0.0
id (-2, 0, -1) V SKEL_OVERLAP 0.0
id (-2, 0, 1) V SKEL_OVERLAP 0.0
id (-2, 1, 0) V SKEL_OVERLAP 0.0
id (0, -1, 0) V SKEL_OVERLAP 0.0
id (0, 0, -1) V SKEL_OVERLAP 0.0
id (0, 0, 1) V SKEL_OVERLAP 0.0
id (0, 1, 0) V SKEL_OVERLAP 0.0
swap (-3, 0, 0) V SKEL_OVERLAP 0.0
swap (1, 0, 0) V SKEL_OVERLAP 0.0
rot90 (0, 6, 1) V INFEASIBLE 13.2
rot270 (0, 0, 5) V INFEASIBLE 1.9
rot90 (0, 7, 0) V INFEASIBLE 13.6
rot270 (-2, -1, 6) V INFEASIBLE 13.1
rot270 (-2, 0, 7) V INFEASIBLE 12.5
rot270 (-2, 1, 6) V INFEASIBLE 13.2
rot270 (0, -1, 6) V INFEASIBLE 10.6
rot270 (0, 0, 7) V INFEASIBLE 11.8
flipz (1, 0, 6) V INFEASIBLE 4.6
flipz (-3, 0, 6) V INFEASIBLE 5.9
rot270 (0, 1, 6) V INFEASIBLE 12.4
anti (-3, 6, 6) V INFEASIBLE 13.8
id (-3, 0, 0) V SKEL_OVERLAP 0.0
id (1, 0, 0) V SKEL_OVERLAP 0.0
anti (1, 6, 6) V INFEASIBLE 13.0
swap (-1, -2, -1) V SKEL_OVERLAP 0.0
swap (-1, -2, 1) V SKEL_OVERLAP 0.0
swap (-1, -1, -2) V SKEL_OVERLAP 0.0
swap (-1, -1, 2) V SKEL_OVERLAP 0.0
flipy (-3, 6, 0) V INFEASIBLE 12.2
flipy (1, 6, 0) V INFEASIBLE 12.2
rot180 (-3, 6, 6) V INFEASIBLE 12.4
swap (-1, 1, 2) V SKEL_OVERLAP 0.0
swap (-1, 1, -2) V INFEASIBLE 0.1
swap (-1, 2, 1) V SKEL_OVERLAP 0.0
swap (-1, -3, 0) V INFEASIBLE 0.1
swap (-1, 0, 3) V INFEASIBLE 0.2
swap (-1, 2, -1) V INFEASIBLE 0.1
rot180 (1, 6, 6) V INFEASIBLE 12.0
rot90 (-3, 6, 0) V INFEASIBLE 10.8
anti (-1, 4, 5) V INFEASIBLE 1.7
swap (-1, 0, -3) V INFEASIBLE 7.0
rot270 (1, 0, 6) V INFEASIBLE 10.7
rot90 (1, 6, 0) V INFEASIBLE 12.4
rot270 (-3, 0, 6) V INFEASIBLE 12.5
anti (-1, 5, 4) V INFEASIBLE 1.7
swap (-1, 3, 0) V INFEASIBLE 6.7
anti (-1, 3, 6) V INFEASIBLE 9.2
anti (-1, 4, 7) V INFEASIBLE 9.2
anti (-1, 5, 8) V INFEASIBLE 8.1
anti (-1, 6, 9) V INFEASIBLE 7.8
anti (-1, 7, 8) V INFEASIBLE 8.0
flipy (-1, 3, 0) V INFEASIBLE 0.3
anti (-1, 8, 5) V INFEASIBLE 9.8
anti (-1, 8, 7) V INFEASIBLE 9.1
anti (-1, 7, 4) V INFEASIBLE 10.8
flipy (-1, 4, -1) V INFEASIBLE 1.0
anti (-1, 6, 3) V INFEASIBLE 12.6
anti (-1, 9, 6) V INFEASIBLE 10.1
flipy (-1, 4, 1) V INFEASIBLE 1.2
flipy (-1, 7, 2) V INFEASIBLE 8.5
flipy (-1, 6, -3) V INFEASIBLE 9.2
flipy (-1, 6, 3) V INFEASIBLE 8.7
flipy (-1, 7, -2) V INFEASIBLE 9.3
flipy (-1, 5, 2) V INFEASIBLE 11.6
flipz (-1, 0, 3) V SKEL_OVERLAP 0.0
flipy (-1, 8, -1) V INFEASIBLE 8.0
flipy (-1, 8, 1) V INFEASIBLE 8.8
flipy (-1, 9, 0) V INFEASIBLE 8.6
flipy (-1, 5, -2) V INFEASIBLE 12.8
flipz (-1, -3, 6) V INFEASIBLE 9.3
flipz (-1, -2, 5) V INFEASIBLE 0.7
flipz (-1, -1, 4) V INFEASIBLE 0.3
flipz (-1, 1, 4) V INFEASIBLE 0.3
flipz (-1, 2, 5) V INFEASIBLE 0.6
flipz (-1, 0, 9) V INFEASIBLE 8.5
flipz (-1, -1, 8) V INFEASIBLE 10.1
rot180 (-1, 4, 5) V INFEASIBLE 4.3
flipz (-1, 1, 8) V INFEASIBLE 9.8
flipz (-1, -2, 7) V INFEASIBLE 12.1
flipz (-1, 2, 7) V INFEASIBLE 11.4
flipz (-1, 3, 6) V INFEASIBLE 11.0
rot180 (-1, 4, 7) V INFEASIBLE 12.5
rot180 (-1, 5, 4) V INFEASIBLE 12.7
rot90 (-1, 3, 0) V SKEL_OVERLAP 0.0
rot180 (-1, 3, 6) V INFEASIBLE 15.2
rot180 (-1, 6, 9) V INFEASIBLE 8.4
rot180 (-1, 6, 3) V INFEASIBLE 9.1
rot180 (-1, 7, 8) V INFEASIBLE 9.8
rot180 (-1, 5, 8) V INFEASIBLE 12.2
rot180 (-1, 8, 5) V INFEASIBLE 9.8
rot180 (-1, 8, 7) V INFEASIBLE 9.2
rot180 (-1, 7, 4) V INFEASIBLE 10.2
rot90 (-1, 4, -1) V INFEASIBLE 0.2
rot90 (-1, 4, 1) V INFEASIBLE 0.3
rot90 (-1, 5, 2) V INFEASIBLE 0.5
rot180 (-1, 9, 6) V INFEASIBLE 10.6
rot90 (-1, 5, -2) V INFEASIBLE 11.1
rot90 (-1, 8, -1) V INFEASIBLE 9.5
rot90 (-1, 7, -2) V INFEASIBLE 10.0
rot90 (-1, 6, -3) V INFEASIBLE 11.5
rot270 (-1, 0, 3) V SKEL_OVERLAP 0.0
rot90 (-1, 7, 2) V INFEASIBLE 10.9
rot90 (-1, 8, 1) V INFEASIBLE 12.2
rot90 (-1, 9, 0) V INFEASIBLE 12.4
rot90 (-1, 6, 3) V INFEASIBLE 13.4
rot270 (-1, -2, 5) V INFEASIBLE 0.9
rot270 (-1, -3, 6) V INFEASIBLE 13.3
rot270 (-1, -1, 4) V INFEASIBLE 0.3
id (-1, -2, -1) V SKEL_OVERLAP 0.0
id (-1, -3, 0) V INFEASIBLE 0.2
id (-1, -1, -2) V SKEL_OVERLAP 0.0
id (-1, -1, 2) V SKEL_OVERLAP 0.0
id (-1, -2, 1) V INFEASIBLE 0.2
rot270 (-1, 1, 4) V INFEASIBLE 0.2
id (-1, 1, -2) V SKEL_OVERLAP 0.0
id (-1, 1, 2) V SKEL_OVERLAP 0.0
rot270 (-1, -1, 8) V INFEASIBLE 9.7
id (-1, 2, 1) V SKEL_OVERLAP 0.0
id (-1, 0, -3) V INFEASIBLE 0.2
swap (-2, -2, 0) V SKEL_OVERLAP 0.0
swap (-2, -1, -1) V SKEL_OVERLAP 0.0
swap (-2, -1, 1) V SKEL_OVERLAP 0.0
swap (-2, 0, -2) V SKEL_OVERLAP 0.0
swap (-2, 0, 2) V SKEL_OVERLAP 0.0
swap (-2, 1, -1) V SKEL_OVERLAP 0.0
swap (-2, 1, 1) V SKEL_OVERLAP 0.0
rot270 (-1, -2, 7) V INFEASIBLE 12.7
swap (0, -2, 0) V SKEL_OVERLAP 0.0
swap (0, -1, -1) V SKEL_OVERLAP 0.0
swap (0, -1, 1) V SKEL_OVERLAP 0.0
rot270 (-1, 0, 9) V INFEASIBLE 11.5
swap (0, 0, 2) V SKEL_OVERLAP 0.0
swap (0, 1, -1) V SKEL_OVERLAP 0.0
swap (0, 1, 1) V SKEL_OVERLAP 0.0
swap (0, 2, 0) V SKEL_OVERLAP 0.0
rot270 (-1, 2, 7) V INFEASIBLE 8.8
id (-1, 3, 0) V INFEASIBLE 0.2
id (-1, 0, 3) V INFEASIBLE 0.1
id (-1, 2, -1) V INFEASIBLE 0.2
rot270 (-1, 1, 8) V INFEASIBLE 11.1
rot270 (-1, 3, 6) V INFEASIBLE 9.8
rot270 (-1, 2, 5) V INFEASIBLE 13.7
swap (-2, 2, 0) V INFEASIBLE 0.2
swap (0, 0, -2) V INFEASIBLE 0.2
anti (-2, 5, 5) V INFEASIBLE 2.8
anti (-2, 4, 6) V INFEASIBLE 12.8
anti (0, 5, 5) V INFEASIBLE 4.1
anti (-2, 6, 8) V INFEASIBLE 11.8
anti (-2, 7, 7) V INFEASIBLE 12.8
anti (-2, 5, 7) V INFEASIBLE 15.4
anti (-2, 8, 6) V INFEASIBLE 14.5
anti (-2, 7, 5) V INFEASIBLE 16.7
anti (0, 4, 6) V INFEASIBLE 14.0
anti (-2, 6, 4) V INFEASIBLE 22.9
flipy (-2, 5, -1) V INFEASIBLE 1.4
anti (0, 6, 8) V INFEASIBLE 11.9
anti (0, 6, 4) V INFEASIBLE 12.9
flipy (-2, 5, 1) V INFEASIBLE 1.8
flipy (-2, 4, 0) V INFEASIBLE 1.3
anti (0, 5, 7) V INFEASIBLE 20.7
anti (0, 8, 6) V INFEASIBLE 13.7
anti (0, 7, 5) V INFEASIBLE 16.6
anti (0, 7, 7) V INFEASIBLE 13.2
flipy (0, 4, 0) V INFEASIBLE 0.9
flipy (0, 5, 1) V INFEASIBLE 1.0
flipy (0, 5, -1) V INFEASIBLE 2.4
flipy (-2, 6, -2) V INFEASIBLE 16.3
flipy (-2, 7, 1) V INFEASIBLE 10.8
flipy (-2, 8, 0) V INFEASIBLE 14.2
flipy (-2, 7, -1) V INFEASIBLE 13.9
flipz (-2, 0, 4) V SKEL_OVERLAP 0.0
flipy (0, 6, -2) V INFEASIBLE 12.0
flipy (-2, 6, 2) V INFEASIBLE 15.4
flipz (-2, -1, 5) V INFEASIBLE 0.3
flipy (0, 7, -1) V INFEASIBLE 10.7
flipy (0, 7, 1) V INFEASIBLE 9.7
flipy (0, 6, 2) V INFEASIBLE 12.5
flipy (0, 8, 0) V INFEASIBLE 10.1
flipz (0, 0, 4) V SKEL_OVERLAP 0.0
flipz (-2, 1, 5) V INFEASIBLE 0.3
flipz (0, -1, 5) V INFEASIBLE 0.3
flipz (0, 1, 5) V INFEASIBLE 0.5
flipz (-2, -2, 6) V INFEASIBLE 16.4
flipz (-2, 0, 8) V INFEASIBLE 9.4
flipz (-2, -1, 7) V INFEASIBLE 11.8
flipz (-2, 1, 7) V INFEASIBLE 12.6
flipz (0, 0, 8) V INFEASIBLE 8.9
flipz (-2, 2, 6) V INFEASIBLE 15.6
flipz (0, -2, 6) V INFEASIBLE 14.1
flipz (0, -1, 7) V INFEASIBLE 12.1
flipz (0, 1, 7) V INFEASIBLE 15.0
rot180 (-2, 4, 6) V INFEASIBLE 8.3
rot180 (-2, 6, 4) V INFEASIBLE 9.5
rot180 (-2, 5, 5) V INFEASIBLE 9.8
rot180 (-2, 6, 8) V INFEASIBLE 9.0
rot180 (-2, 7, 5) V INFEASIBLE 8.9
rot180 (-2, 8, 6) V INFEASIBLE 8.4
flipz (0, 2, 6) V INFEASIBLE 15.8
rot180 (-2, 7, 7) V INFEASIBLE 9.5
rot180 (-2, 5, 7) V INFEASIBLE 12.4
rot90 (-2, 4, 0) V INFEASIBLE 0.2
rot90 (-2, 5, -1) V INFEASIBLE 0.9
rot180 (0, 4, 6) V INFEASIBLE 9.0
rot180 (0, 6, 8) V INFEASIBLE 9.0
rot180 (0, 5, 5) V INFEASIBLE 12.3
rot180 (0, 8, 6) V INFEASIBLE 10.3
rot180 (0, 5, 7) V INFEASIBLE 12.1
rot180 (0, 7, 5) V INFEASIBLE 10.8
rot90 (-2, 5, 1) V INFEASIBLE 2.5
rot180 (0, 7, 7) V INFEASIBLE 11.2
rot180 (0, 6, 4) V INFEASIBLE 13.0
rot90 (0, 4, 0) V INFEASIBLE 0.6
rot90 (0, 5, -1) V INFEASIBLE 1.8
rot90 (0, 5, 1) V INFEASIBLE 0.3
rot90 (-2, 6, -2) V INFEASIBLE 11.5
rot90 (-2, 7, -1) V INFEASIBLE 9.9
rot90 (-2, 6, 2) V INFEASIBLE 10.3
rot90 (-2, 8, 0) V INFEASIBLE 9.8
rot90 (0, 6, -2) V INFEASIBLE 9.9
rot90 (-2, 7, 1) V INFEASIBLE 11.1
rot270 (-2, -1, 5) V INFEASIBLE 0.3
rot270 (-2, 0, 4) V INFEASIBLE 0.6
rot90 (0, 7, -1) V INFEASIBLE 8.9
rot90 (0, 6, 2) V INFEASIBLE 12.4
rot270 (-2, 1, 5) V INFEASIBLE 2.1
rot90 (0, 7, 1) V INFEASIBLE 11.0
rot90 (0, 8, 0) V INFEASIBLE 13.3
rot270 (-2, -1, 7) V INFEASIBLE 12.3
rot270 (-2, 0, 8) V INFEASIBLE 10.0
rot270 (0, -1, 5) V INFEASIBLE 2.0
rot270 (-2, 1, 7) V INFEASIBLE 10.2
id (-2, -2, 0) V SKEL_OVERLAP 0.0
id (-2, -1, -1) V SKEL_OVERLAP 0.0
id (-2, -1, 1) V SKEL_OVERLAP 0.0
id (-2, 0, -2) V SKEL_OVERLAP 0.0
id (-2, 0, 2) V SKEL_OVERLAP 0.0
id (-2, 1, -1) V SKEL_OVERLAP 0.0
id (-2, 1, 1) V SKEL_OVERLAP 0.0
id (-2, 2, 0) V SKEL_OVERLAP 0.0
id (0, -2, 0) V SKEL_OVERLAP 0.0
id (0, -1, -1) V SKEL_OVERLAP 0.0
id (0, -1, 1) V SKEL_OVERLAP 0.0
id (0, 0, -2) V SKEL_OVERLAP 0.0
id (0, 0, 2) V SKEL_OVERLAP 0.0
id (0, 1, -1) V SKEL_OVERLAP 0.0
id (0, 1, 1) V SKEL_OVERLAP 0.0
id (0, 2, 0) V SKEL_OVERLAP 0.0
swap (-3, -1, 0) V SKEL_OVERLAP 0.0
swap (-3, 0, -1) V SKEL_OVERLAP 0.0
swap (-3, 0, 1) V SKEL_OVERLAP 0.0
swap (-3, 1, 0) V SKEL_OVERLAP 0.0
swap (1, -1, 0) V SKEL_OVERLAP 0.0
swap (1, 0, -1) V SKEL_OVERLAP 0.0
swap (1, 0, 1) V SKEL_OVERLAP 0.0
swap (1, 1, 0) V SKEL_OVERLAP 0.0
rot270 (-2, -2, 6) V INFEASIBLE 17.1
rot270 (0, 0, 4) V INFEASIBLE 0.2
rot270 (-2, 2, 6) V INFEASIBLE 11.4
rot270 (0, 1, 5) V INFEASIBLE 1.6
rot270 (0, -2, 6) V INFEASIBLE 15.2
rot270 (0, -1, 7) V INFEASIBLE 16.4
rot270 (0, 0, 8) V INFEASIBLE 14.1
rot270 (0, 1, 7) V INFEASIBLE 14.3
rot270 (0, 2, 6) V INFEASIBLE 15.2
anti (-3, 7, 6) V INFEASIBLE 15.1
anti (-3, 5, 6) V INFEASIBLE 20.0
anti (-3, 6, 7) V INFEASIBLE 18.4
anti (-3, 6, 5) V INFEASIBLE 19.5
anti (1, 5, 6) V INFEASIBLE 13.9
anti (1, 6, 7) V INFEASIBLE 13.0
flipy (-3, 5, 0) V INFEASIBLE 9.5
anti (1, 7, 6) V INFEASIBLE 17.2
anti (1, 6, 5) V INFEASIBLE 18.5
flipy (-3, 6, -1) V INFEASIBLE 16.8
flipy (1, 5, 0) V INFEASIBLE 7.9
flipy (-3, 7, 0) V INFEASIBLE 13.2
flipy (1, 6, -1) V INFEASIBLE 16.3
flipy (-3, 6, 1) V INFEASIBLE 20.1
flipz (-3, 0, 5) V INFEASIBLE 4.2
flipy (1, 7, 0) V INFEASIBLE 13.8
flipz (-3, -1, 6) V INFEASIBLE 13.9
flipz (1, 0, 5) V INFEASIBLE 2.2
flipz (1, -1, 6) V INFEASIBLE 14.3
flipz (-3, 0, 7) V INFEASIBLE 17.5
flipy (1, 6, 1) V INFEASIBLE 25.6
flipz (-3, 1, 6) V INFEASIBLE 16.1
flipz (1, 1, 6) V INFEASIBLE 13.4
flipz (1, 0, 7) V INFEASIBLE 21.8
rot180 (-3, 6, 7) V INFEASIBLE 22.1
rot180 (-3, 5, 6) V INFEASIBLE 26.8
rot180 (1, 7, 6) V INFEASIBLE 16.0
rot180 (1, 6, 5) V INFEASIBLE 16.4
rot180 (1, 5, 6) V INFEASIBLE 16.2
rot180 (-3, 6, 5) V INFEASIBLE 30.8
rot90 (-3, 5, 0) V INFEASIBLE 6.9
rot180 (-3, 7, 6) V INFEASIBLE 25.8
rot90 (1, 5, 0) V INFEASIBLE 2.3
rot180 (1, 6, 7) V INFEASIBLE 16.8
rot90 (-3, 6, -1) V INFEASIBLE 14.8
rot270 (-3, 0, 5) V INFEASIBLE 2.1
rot90 (-3, 7, 0) V INFEASIBLE 16.2
rot90 (1, 6, 1) V INFEASIBLE 14.5
rot90 (1, 7, 0) V INFEASIBLE 14.7
id (-3, -1, 0) V SKEL_OVERLAP 0.0
id (-3, 0, -1) V SKEL_OVERLAP 0.0
id (-3, 0, 1) V SKEL_OVERLAP 0.0
id (-3, 1, 0) V SKEL_OVERLAP 0.0
id (1, -1, 0) V SKEL_OVERLAP 0.0
id (1, 0, -1) V SKEL_OVERLAP 0.0
id (1, 0, 1) V SKEL_OVERLAP 0.0
id (1, 1, 0) V SKEL_OVERLAP 0.0
rot90 (1, 6, -1) V INFEASIBLE 17.3
rot270 (-3, 0, 7) V INFEASIBLE 13.8
rot90 (-3, 6, 1) V INFEASIBLE 18.8
swap (-1, -2, -2) V SKEL_OVERLAP 0.0
swap (-1, -2, 2) V SKEL_OVERLAP 0.0
rot270 (-3, -1, 6) V INFEASIBLE 14.9
rot270 (1, 0, 5) V INFEASIBLE 5.0
rot270 (1, -1, 6) V INFEASIBLE 12.5
swap (-1, -3, 1) V INFEASIBLE 0.1
swap (-1, -1, 3) V INFEASIBLE 0.2
rot270 (-3, 1, 6) V INFEASIBLE 20.2
swap (-1, -4, 0) V INFEASIBLE 8.0
swap (-1, 2, 2) V SKEL_OVERLAP 0.0
rot270 (1, 1, 6) V INFEASIBLE 12.3
swap (-1, 0, -4) V INFEASIBLE 7.1
swap (-1, -3, -1) V INFEASIBLE 9.1
rot270 (1, 0, 7) V INFEASIBLE 14.3
swap (-1, -1, -3) V INFEASIBLE 10.4
swap (-1, 1, -3) V INFEASIBLE 8.4
swap (-1, 0, 4) V INFEASIBLE 10.1
swap (-1, 1, 3) V INFEASIBLE 11.2
swap (-1, 2, -2) V INFEASIBLE 8.9
anti (-1, 3, 5) V INFEASIBLE 1.5
swap (-1, 3, -1) V INFEASIBLE 10.2
anti (-1, 4, 4) V INFEASIBLE 1.7
swap (-1, 3, 1) V INFEASIBLE 9.6
anti (-1, 2, 6) V INFEASIBLE 8.6
anti (-1, 5, 3) V INFEASIBLE 1.7
swap (-1, 4, 0) V INFEASIBLE 11.6
anti (-1, 3, 7) V INFEASIBLE 11.7
anti (-1, 4, 8) V INFEASIBLE 13.5
anti (-1, 5, 9) V INFEASIBLE 11.6
flipy (-1, 2, 0) V SKEL_OVERLAP 0.0
anti (-1, 6, 2) V INFEASIBLE 13.4
anti (-1, 9, 5) V INFEASIBLE 9.0
anti (-1, 8, 8) V INFEASIBLE 11.2
anti (-1, 8, 4) V INFEASIBLE 13.3
flipy (-1, 3, 1) V INFEASIBLE 0.2
flipy (-1, 3, -1) V INFEASIBLE 0.3
anti (-1, 9, 7) V INFEASIBLE 8.8
anti (-1, 7, 9) V INFEASIBLE 14.8
anti (-1, 7, 3) V INFEASIBLE 14.5
anti (-1, 6, 10) V INFEASIBLE 13.2
flipy (-1, 4, -2) V INFEASIBLE 1.9
anti (-1, 10, 6) V INFEASIBLE 9.4
flipy (-1, 4, 2) V INFEASIBLE 2.1
flipy (-1, 6, -4) V INFEASIBLE 8.0
flipy (-1, 7, -3) V INFEASIBLE 8.2
flipy (-1, 8, -2) V INFEASIBLE 7.5
flipy (-1, 5, 3) V INFEASIBLE 11.3
flipy (-1, 6, 4) V INFEASIBLE 10.2
flipy (-1, 8, 2) V INFEASIBLE 7.8
flipy (-1, 5, -3) V INFEASIBLE 12.1
flipz (-1, -1, 3) V SKEL_OVERLAP 0.0
flipy (-1, 9, -1) V INFEASIBLE 7.6
flipz (-1, 0, 2) V SKEL_OVERLAP 0.0
flipy (-1, 7, 3) V INFEASIBLE 11.7
flipz (-1, 1, 3) V SKEL_OVERLAP 0.0
flipy (-1, 9, 1) V INFEASIBLE 8.4
flipz (-1, -2, 4) V INFEASIBLE 0.3
flipy (-1, 10, 0) V INFEASIBLE 6.7
flipz (-1, 2, 4) V INFEASIBLE 0.2
flipz (-1, -4, 6) V INFEASIBLE 9.2
flipz (-1, -1, 9) V INFEASIBLE 7.4
flipz (-1, 0, 10) V INFEASIBLE 7.1
flipz (-1, -3, 7) V INFEASIBLE 8.6
flipz (-1, -3, 5) V INFEASIBLE 9.8
flipz (-1, -2, 8) V INFEASIBLE 7.6
flipz (-1, 1, 9) V INFEASIBLE 7.5
flipz (-1, 2, 8) V INFEASIBLE 7.4
rot180 (-1, 4, 4) V INFEASIBLE 0.7
flipz (-1, 3, 5) V INFEASIBLE 8.8
flipz (-1, 3, 7) V INFEASIBLE 10.7
flipz (-1, 4, 6) V INFEASIBLE 9.0
rot180 (-1, 4, 8) V INFEASIBLE 8.0
rot180 (-1, 2, 6) V INFEASIBLE 8.4
rot180 (-1, 3, 7) V INFEASIBLE 11.3
rot180 (-1, 5, 3) V INFEASIBLE 10.9
rot180 (-1, 5, 9) V INFEASIBLE 9.0
rot180 (-1, 6, 2) V INFEASIBLE 7.3
rot90 (-1, 2, 0) V SKEL_OVERLAP 0.0
rot90 (-1, 3, -1) V SKEL_OVERLAP 0.0
rot90 (-1, 3, 1) V SKEL_OVERLAP 0.0
rot180 (-1, 3, 5) V INFEASIBLE 13.9
rot180 (-1, 6, 10) V INFEASIBLE 7.9
rot180 (-1, 7, 3) V INFEASIBLE 6.7
rot180 (-1, 8, 4) V INFEASIBLE 7.1
rot90 (-1, 4, 2) V INFEASIBLE 0.3
rot180 (-1, 8, 8) V INFEASIBLE 7.9
rot180 (-1, 7, 9) V INFEASIBLE 9.3
rot90 (-1, 4, -2) V INFEASIBLE 3.2
rot180 (-1, 9, 5) V INFEASIBLE 7.5
rot180 (-1, 9, 7) V INFEASIBLE 8.5
rot180 (-1, 10, 6) V INFEASIBLE 7.7
rot90 (-1, 5, -3) V INFEASIBLE 8.0
rot90 (-1, 6, -4) V INFEASIBLE 7.4
rot90 (-1, 7, -3) V INFEASIBLE 7.4
rot90 (-1, 8, -2) V INFEASIBLE 8.7
rot90 (-1, 7, 3) V INFEASIBLE 9.4
rot90 (-1, 6, 4) V INFEASIBLE 10.7
rot90 (-1, 5, 3) V INFEASIBLE 12.4
rot270 (-1, -1, 3) V SKEL_OVERLAP 0.0
rot90 (-1, 9, -1) V INFEASIBLE 7.2
rot270 (-1, 0, 2) V SKEL_OVERLAP 0.0
rot90 (-1, 9, 1) V INFEASIBLE 9.2
rot270 (-1, 1, 3) V SKEL_OVERLAP 0.0
rot90 (-1, 8, 2) V INFEASIBLE 12.3
rot270 (-1, -2, 4) V INFEASIBLE 0.3
rot90 (-1, 10, 0) V INFEASIBLE 9.5
rot270 (-1, -4, 6) V INFEASIBLE 8.9
rot270 (-1, -3, 5) V INFEASIBLE 9.3
rot270 (-1, -1, 9) V INFEASIBLE 7.3
rot270 (-1, 0, 10) V INFEASIBLE 8.2
rot270 (-1, -3, 7) V INFEASIBLE 8.4
rot270 (-1, 2, 4) V INFEASIBLE 4.9
id (-1, -2, -2) V SKEL_OVERLAP 0.0
rot270 (-1, -2, 8) V INFEASIBLE 10.4
id (-1, -2, 2) V INFEASIBLE 0.1
rot270 (-1, 1, 9) V INFEASIBLE 9.3
rot270 (-1, 3, 5) V INFEASIBLE 8.5
rot270 (-1, 2, 8) V INFEASIBLE 8.7
rot270 (-1, 3, 7) V INFEASIBLE 7.4
id (-1, -1, 3) V INFEASIBLE 0.2
id (-1, 1, -3) V INFEASIBLE 0.2
id (-1, 2, 2) V SKEL_OVERLAP 0.0
rot270 (-1, 4, 6) V INFEASIBLE 9.5
id (-1, -4, 0) V INFEASIBLE 9.9
id (-1, 2, -2) V INFEASIBLE 0.2
id (-1, -3, 1) V INFEASIBLE 11.4
swap (-2, -2, -1) V SKEL_OVERLAP 0.0
swap (-2, -2, 1) V SKEL_OVERLAP 0.0
swap (-2, -1, -2) V SKEL_OVERLAP 0.0
swap (-2, -1, 2) V SKEL_OVERLAP 0.0
id (-1, -3, -1) V INFEASIBLE 12.1
id (-1, -1, -3) V INFEASIBLE 10.5
id (-1, 0, 4) V INFEASIBLE 8.8
swap (-2, 1, 2) V SKEL_OVERLAP 0.0
swap (-2, -3, 0) V INFEASIBLE 0.3
swap (-2, 0, 3) V INFEASIBLE 0.2
id (-1, 0, -4) V INFEASIBLE 11.4
id (-1, 1, 3) V INFEASIBLE 9.2
swap (0, -2, -1) V SKEL_OVERLAP 0.0
swap (0, -2, 1) V SKEL_OVERLAP 0.0
swap (-2, 0, -3) V INFEASIBLE 0.2
swap (0, -1, 2) V SKEL_OVERLAP 0.0
swap (-2, 1, -2) V INFEASIBLE 0.2
swap (-2, 2, -1) V INFEASIBLE 0.5
id (-1, 3, 1) V INFEASIBLE 11.2
swap (0, 1, 2) V SKEL_OVERLAP 0.0
swap (-2, 2, 1) V INFEASIBLE 0.7
swap (0, 2, 1) V SKEL_OVERLAP 0.0
swap (0, -3, 0) V INFEASIBLE 0.2
swap (0, -1, -2) V INFEASIBLE 0.2
swap (0, 1, -2) V INFEASIBLE 0.2
id (-1, 3, -1) V INFEASIBLE 13.8
id (-1, 4, 0) V INFEASIBLE 12.3
swap (0, 3, 0) V INFEASIBLE 0.2
swap (0, 0, 3) V INFEASIBLE 0.6
swap (0, 2, -1) V INFEASIBLE 0.2
anti (-2, 4, 5) V INFEASIBLE 4.7
swap (0, 0, -3) V INFEASIBLE 13.4
anti (-2, 5, 4) V INFEASIBLE 3.5
swap (-2, 3, 0) V INFEASIBLE 12.8
anti (-2, 6, 9) V INFEASIBLE 10.8
anti (-2, 4, 7) V INFEASIBLE 14.9
anti (-2, 3, 6) V INFEASIBLE 17.8
anti (-2, 5, 8) V INFEASIBLE 14.7
anti (-2, 7, 8) V INFEASIBLE 11.9
anti (-2, 8, 5) V INFEASIBLE 12.0
anti (-2, 9, 6) V INFEASIBLE 10.6
anti (-2, 6, 3) V INFEASIBLE 19.2
anti (0, 4, 5) V INFEASIBLE 3.0
anti (0, 5, 4) V INFEASIBLE 2.4
anti (-2, 7, 4) V INFEASIBLE 18.8
anti (-2, 8, 7) V INFEASIBLE 15.5
anti (0, 3, 6) V INFEASIBLE 12.8
anti (0, 4, 7) V INFEASIBLE 11.8
anti (0, 6, 9) V INFEASIBLE 11.9
anti (0, 5, 8) V INFEASIBLE 13.8
flipy (-2, 3, 0) V INFEASIBLE 0.3
flipy (-2, 4, -1) V INFEASIBLE 1.0
anti (0, 8, 5) V INFEASIBLE 11.6
anti (0, 7, 8) V INFEASIBLE 12.4
anti (0, 7, 4) V INFEASIBLE 14.3
anti (0, 6, 3) V INFEASIBLE 16.3
anti (0, 8, 7) V INFEASIBLE 12.6
anti (0, 9, 6) V INFEASIBLE 12.6
flipy (-2, 4, 1) V INFEASIBLE 1.0
flipy (0, 3, 0) V INFEASIBLE 0.2
flipy (-2, 8, -1) V INFEASIBLE 9.5
flipy (-2, 6, 3) V INFEASIBLE 11.3
flipy (-2, 6, -3) V INFEASIBLE 11.7
flipy (-2, 7, -2) V INFEASIBLE 10.7
flipy (-2, 7, 2) V INFEASIBLE 11.4
flipy (0, 4, -1) V INFEASIBLE 1.5
flipy (-2, 5, 2) V INFEASIBLE 14.9
flipy (-2, 8, 1) V INFEASIBLE 13.8
flipy (-2, 5, -2) V INFEASIBLE 16.6
flipy (0, 4, 1) V INFEASIBLE 1.0
flipy (-2, 9, 0) V INFEASIBLE 15.1
flipy (0, 5, 2) V INFEASIBLE 12.4
flipy (0, 6, -3) V INFEASIBLE 10.0
flipy (0, 5, -2) V INFEASIBLE 12.6
flipy (0, 6, 3) V INFEASIBLE 11.9
flipy (0, 8, 1) V INFEASIBLE 10.6
flipz (-2, 0, 3) V SKEL_OVERLAP 0.0
flipy (0, 7, 2) V INFEASIBLE 12.2
flipy (0, 7, -2) V INFEASIBLE 10.6
flipy (0, 8, -1) V INFEASIBLE 11.3
flipy (0, 9, 0) V INFEASIBLE 10.5
flipz (-2, -2, 5) V INFEASIBLE 0.6
flipz (-2, -3, 6) V INFEASIBLE 11.6
flipz (-2, -1, 4) V INFEASIBLE 0.4
flipz (-2, 1, 4) V INFEASIBLE 0.3
flipz (-2, -1, 8) V INFEASIBLE 10.5
flipz (-2, 0, 9) V INFEASIBLE 10.3
flipz (-2, 1, 8) V INFEASIBLE 10.4
flipz (0, 0, 3) V SKEL_OVERLAP 0.0
flipz (-2, 2, 5) V INFEASIBLE 10.2
flipz (-2, -2, 7) V INFEASIBLE 14.4
flipz (0, -1, 4) V INFEASIBLE 0.4
flipz (0, -3, 6) V INFEASIBLE 12.0
flipz (-2, 2, 7) V INFEASIBLE 15.2
flipz (-2, 3, 6) V INFEASIBLE 13.9
flipz (0, -2, 5) V INFEASIBLE 11.6
flipz (0, 1, 4) V INFEASIBLE 0.3
flipz (0, 2, 5) V INFEASIBLE 0.5
flipz (0, -2, 7) V INFEASIBLE 16.4
flipz (0, 0, 9) V INFEASIBLE 11.3
flipz (0, -1, 8) V INFEASIBLE 13.6
rot180 (-2, 4, 5) V INFEASIBLE 3.0
flipz (0, 1, 8) V INFEASIBLE 12.4
flipz (0, 2, 7) V INFEASIBLE 14.2
flipz (0, 3, 6) V INFEASIBLE 13.3
rot180 (-2, 3, 6) V INFEASIBLE 13.9
rot180 (-2, 5, 8) V INFEASIBLE 10.4
rot180 (-2, 5, 4) V INFEASIBLE 12.5
rot180 (-2, 4, 7) V INFEASIBLE 14.8
rot180 (-2, 6, 9) V INFEASIBLE 9.8
rot180 (-2, 6, 3) V INFEASIBLE 9.7
rot180 (-2, 7, 4) V INFEASIBLE 9.4
rot180 (-2, 7, 8) V INFEASIBLE 9.6
rot180 (0, 4, 5) V INFEASIBLE 2.1
rot180 (-2, 8, 5) V INFEASIBLE 9.1
rot180 (-2, 8, 7) V INFEASIBLE 8.7
rot180 (-2, 9, 6) V INFEASIBLE 9.5
rot180 (0, 6, 3) V INFEASIBLE 9.3
rot180 (0, 3, 6) V INFEASIBLE 11.1
rot90 (-2, 3, 0) V SKEL_OVERLAP 0.0
rot180 (0, 6, 9) V INFEASIBLE 9.0
rot180 (0, 5, 8) V INFEASIBLE 10.6
rot180 (0, 5, 4) V INFEASIBLE 11.1
rot180 (0, 4, 7) V INFEASIBLE 13.3
rot180 (0, 7, 4) V INFEASIBLE 9.2
rot90 (-2, 4, -1) V INFEASIBLE 0.2
rot90 (-2, 4, 1) V INFEASIBLE 0.9
rot180 (0, 7, 8) V INFEASIBLE 9.2
rot180 (0, 8, 5) V INFEASIBLE 9.2
rot180 (0, 8, 7) V INFEASIBLE 10.9
rot90 (-2, 5, 2) V INFEASIBLE 7.9
rot90 (0, 3, 0) V SKEL_OVERLAP 0.0
rot180 (0, 9, 6) V INFEASIBLE 12.6
rot90 (-2, 6, -3) V INFEASIBLE 10.6
rot90 (-2, 5, -2) V INFEASIBLE 13.6
rot90 (-2, 7, -2) V INFEASIBLE 11.3
rot90 (-2, 6, 3) V INFEASIBLE 12.1
rot90 (0, 4, 1) V INFEASIBLE 0.7
rot90 (0, 4, -1) V INFEASIBLE 1.6
rot90 (-2, 7, 2) V INFEASIBLE 11.2
rot90 (-2, 9, 0) V INFEASIBLE 9.2
rot90 (-2, 8, -1) V INFEASIBLE 11.5
rot90 (-2, 8, 1) V INFEASIBLE 11.4
rot90 (0, 5, 2) V INFEASIBLE 0.6
rot270 (-2, -2, 5) V INFEASIBLE 0.6
rot90 (0, 6, -3) V INFEASIBLE 10.2
rot90 (0, 7, -2) V INFEASIBLE 10.8
rot90 (0, 5, -2) V INFEASIBLE 14.8
rot270 (-2, 0, 3) V SKEL_OVERLAP 0.0
rot90 (0, 8, -1) V INFEASIBLE 12.3
rot90 (0, 7, 2) V INFEASIBLE 12.8
rot90 (0, 8, 1) V INFEASIBLE 12.3
rot90 (0, 6, 3) V INFEASIBLE 13.1
rot90 (0, 9, 0) V INFEASIBLE 12.7
rot270 (-2, -1, 4) V INFEASIBLE 0.6
rot270 (-2, -3, 6) V INFEASIBLE 13.3
rot270 (-2, 1, 4) V INFEASIBLE 1.7
rot270 (-2, -1, 8) V INFEASIBLE 11.4
rot270 (-2, 2, 7) V INFEASIBLE 10.6
rot270 (-2, 0, 9) V INFEASIBLE 13.2
rot270 (0, 0, 3) V SKEL_OVERLAP 0.0
rot270 (-2, -2, 7) V INFEASIBLE 17.4
rot270 (-2, 3, 6) V INFEASIBLE 12.9
rot270 (-2, 2, 5) V INFEASIBLE 12.8
rot270 (-2, 1, 8) V INFEASIBLE 13.5
rot270 (0, -1, 4) V INFEASIBLE 0.8
rot270 (0, 1, 4) V INFEASIBLE 0.2
rot270 (0, -2, 7) V INFEASIBLE 11.5
id (-2, -2, -1) V SKEL_OVERLAP 0.0
id (-2, -2, 1) V SKEL_OVERLAP 0.0
id (-2, -1, -2) V SKEL_OVERLAP 0.0
id (-2, -1, 2) V SKEL_OVERLAP 0.0
id (-2, -3, 0) V INFEASIBLE 0.2
rot270 (0, -2, 5) V INFEASIBLE 15.4
id (-2, 1, -2) V SKEL_OVERLAP 0.0
id (-2, 1, 2) V SKEL_OVERLAP 0.0
rot270 (0, -3, 6) V INFEASIBLE 18.8
id (-2, 2, 1) V SKEL_OVERLAP 0.0
rot270 (0, -1, 8) V INFEASIBLE 10.0
id (-2, 0, -3) V INFEASIBLE 0.1
id (0, -2, -1) V SKEL_OVERLAP 0.0
rot270 (0, 1, 8) V INFEASIBLE 11.1
id (0, -1, -2) V SKEL_OVERLAP 0.0
id (0, -1, 2) V SKEL_OVERLAP 0.0
id (-2, 2, -1) V INFEASIBLE 0.2
rot270 (0, 0, 9) V INFEASIBLE 11.0
id (0, 1, -2) V SKEL_OVERLAP 0.0
id (0, 1, 2) V SKEL_OVERLAP 0.0
id (0, 2, -1) V SKEL_OVERLAP 0.0
id (0, 2, 1) V SKEL_OVERLAP 0.0
rot270 (0, 3, 6) V INFEASIBLE 10.0
swap (-3, -2, 0) V SKEL_OVERLAP 0.0
swap (-3, -1, -1) V SKEL_OVERLAP 0.0
swap (-3, -1, 1) V SKEL_OVERLAP 0.0
swap (-3, 0, -2) V SKEL_OVERLAP 0.0
swap (-3, 0, 2) V SKEL_OVERLAP 0.0
swap (-3, 1, -1) V SKEL_OVERLAP 0.0
swap (-3, 1, 1) V SKEL_OVERLAP 0.0
id (0, -2, 1) V INFEASIBLE 0.2
swap (1, -2, 0) V SKEL_OVERLAP 0.0
swap (1, -1, -1) V SKEL_OVERLAP 0.0
swap (1, -1, 1) V SKEL_OVERLAP 0.0
rot270 (0, 2, 7) V INFEASIBLE 11.1
swap (1, 0, 2) V SKEL_OVERLAP 0.0
swap (1, 1, -1) V SKEL_OVERLAP 0.0
swap (1, 1, 1) V SKEL_OVERLAP 0.0
swap (1, 2, 0) V SKEL_OVERLAP 0.0
rot270 (0, 2, 5) V INFEASIBLE 13.1
id (0, 3, 0) V INFEASIBLE 0.2
id (0, 0, 3) V INFEASIBLE 0.2
swap (-3, 2, 0) V INFEASIBLE 0.2
swap (1, 0, -2) V INFEASIBLE 0.2
id (-2, 0, 3) V INFEASIBLE 9.5
id (-2, 3, 0) V INFEASIBLE 11.3
id (0, -3, 0) V INFEASIBLE 10.2
id (0, 0, -3) V INFEASIBLE 9.3
anti (-3, 5, 5) V INFEASIBLE 5.5
anti (-3, 6, 8) V INFEASIBLE 11.6
anti (-3, 4, 6) V INFEASIBLE 18.8
anti (1, 5, 5) V INFEASIBLE 8.2
anti (-3, 7, 7) V INFEASIBLE 15.7
anti (-3, 8, 6) V INFEASIBLE 13.8
anti (-3, 6, 4) V INFEASIBLE 18.2
anti (-3, 7, 5) V INFEASIBLE 17.0
anti (-3, 5, 7) V INFEASIBLE 24.1
anti (1, 5, 7) V INFEASIBLE 14.8
flipy (-3, 4, 0) V INFEASIBLE 1.6
anti (1, 4, 6) V INFEASIBLE 22.7
anti (1, 6, 8) V INFEASIBLE 11.2
anti (1, 7, 7) V INFEASIBLE 14.2
anti (1, 6, 4) V INFEASIBLE 23.5
anti (1, 7, 5) V INFEASIBLE 16.1
flipy (-3, 5, -1) V INFEASIBLE 18.1
flipy (-3, 6, -2) V INFEASIBLE 15.9
flipy (-3, 7, 1) V INFEASIBLE 11.3
flipy (-3, 7, -1) V INFEASIBLE 11.5
flipy (1, 4, 0) V INFEASIBLE 2.0
anti (1, 8, 6) V INFEASIBLE 24.4
flipy (-3, 6, 2) V INFEASIBLE 14.9
flipy (-3, 5, 1) V INFEASIBLE 24.6
flipy (-3, 8, 0) V INFEASIBLE 13.7
flipz (-3, -1, 5) V INFEASIBLE 2.0
flipy (1, 5, 1) V INFEASIBLE 17.0
flipy (1, 5, -1) V INFEASIBLE 20.5
flipy (1, 7, -1) V INFEASIBLE 20.7
flipz (-3, -2, 6) V INFEASIBLE 18.0
flipz (-3, 0, 4) V INFEASIBLE 3.4
flipy (1, 6, -2) V INFEASIBLE 24.7
flipy (1, 7, 1) V INFEASIBLE 18.7
flipy (1, 6, 2) V INFEASIBLE 26.8
flipz (-3, 0, 8) V INFEASIBLE 11.4
flipy (1, 8, 0) V INFEASIBLE 27.9
flipz (-3, 1, 5) V INFEASIBLE 4.5
flipz (1, -1, 5) V INFEASIBLE 1.8
flipz (1, 0, 4) V INFEASIBLE 0.7
flipz (1, 1, 5) V INFEASIBLE 1.9
flipz (-3, 1, 7) V INFEASIBLE 13.4
flipz (-3, -1, 7) V INFEASIBLE 27.7
flipz (1, 0, 8) V INFEASIBLE 10.5
flipz (-3, 2, 6) V INFEASIBLE 17.5
flipz (1, -1, 7) V INFEASIBLE 19.8
flipz (1, -2, 6) V INFEASIBLE 16.5
flipz (1, 1, 7) V INFEASIBLE 15.2
rot180 (-3, 4, 6) V INFEASIBLE 13.5
rot180 (-3, 6, 4) V INFEASIBLE 14.3
rot180 (-3, 5, 5) V INFEASIBLE 15.2
rot180 (-3, 6, 8) V INFEASIBLE 12.6
flipz (1, 2, 6) V INFEASIBLE 20.3
rot180 (-3, 7, 5) V INFEASIBLE 13.0
rot180 (-3, 5, 7) V INFEASIBLE 18.1
rot180 (-3, 8, 6) V INFEASIBLE 16.8
rot180 (-3, 7, 7) V INFEASIBLE 15.8
rot180 (1, 7, 7) V INFEASIBLE 10.8
rot180 (1, 6, 8) V INFEASIBLE 13.7
rot90 (-3, 4, 0) V INFEASIBLE 1.2
rot90 (-3, 5, -1) V INFEASIBLE 2.7
rot180 (1, 5, 7) V INFEASIBLE 15.1
rot180 (1, 4, 6) V INFEASIBLE 26.2
rot180 (1, 5, 5) V INFEASIBLE 22.8
rot90 (-3, 5, 1) V INFEASIBLE 2.2
rot180 (1, 7, 5) V INFEASIBLE 17.6
rot180 (1, 8, 6) V INFEASIBLE 18.5
rot180 (1, 6, 4) V INFEASIBLE 24.8
rot90 (1, 5, 1) V INFEASIBLE 2.0
rot90 (1, 4, 0) V INFEASIBLE 1.3
rot90 (-3, 7, 1) V INFEASIBLE 13.1
rot90 (-3, 7, -1) V INFEASIBLE 15.0
rot90 (1, 5, -1) V INFEASIBLE 12.2
rot90 (1, 6, -2) V INFEASIBLE 12.2
rot90 (-3, 8, 0) V INFEASIBLE 16.3
rot90 (-3, 6, -2) V INFEASIBLE 22.0
rot90 (1, 7, -1) V INFEASIBLE 11.8
rot270 (-3, -1, 5) V INFEASIBLE 2.1
rot90 (-3, 6, 2) V INFEASIBLE 24.0
rot90 (1, 8, 0) V INFEASIBLE 11.4
rot270 (-3, 0, 4) V INFEASIBLE 1.2
rot90 (1, 7, 1) V INFEASIBLE 18.7
rot90 (1, 6, 2) V INFEASIBLE 19.8
rot270 (-3, -1, 7) V INFEASIBLE 14.4
rot270 (1, -1, 5) V INFEASIBLE 2.1
rot270 (-3, -2, 6) V INFEASIBLE 17.9
rot270 (-3, 0, 8) V INFEASIBLE 12.6
rot270 (1, 0, 4) V INFEASIBLE 0.8
id (-3, -2, 0) V SKEL_OVERLAP 0.0
id (-3, -1, -1) V SKEL_OVERLAP 0.0
id (-3, -1, 1) V SKEL_OVERLAP 0.0
id (-3, 0, -2) V SKEL_OVERLAP 0.0
id (-3, 0, 2) V SKEL_OVERLAP 0.0
id (-3, 1, -1) V SKEL_OVERLAP 0.0
id (-3, 1, 1) V SKEL_OVERLAP 0.0
rot270 (-3, 1, 7) V INFEASIBLE 11.8
rot270 (-3, 2, 6) V INFEASIBLE 12.3
id (1, -1, -1) V SKEL_OVERLAP 0.0
id (1, -1, 1) V SKEL_OVERLAP 0.0
id (1, 0, -2) V SKEL_OVERLAP 0.0
id (1, 0, 2) V SKEL_OVERLAP 0.0
id (1, 1, -1) V SKEL_OVERLAP 0.0
id (1, 1, 1) V SKEL_OVERLAP 0.0
id (1, 2, 0) V SKEL_OVERLAP 0.0
rot270 (-3, 1, 5) V INFEASIBLE 14.0
rot270 (1, 1, 5) V INFEASIBLE 2.0
rot270 (1, -2, 6) V INFEASIBLE 13.0
id (-3, 2, 0) V INFEASIBLE 0.6
id (1, -2, 0) V INFEASIBLE 0.6
rot270 (1, -1, 7) V INFEASIBLE 11.2
rot270 (1, 0, 8) V INFEASIBLE 9.4
rot270 (1, 1, 7) V INFEASIBLE 10.2
rot270 (1, 2, 6) V INFEASIBLE 10.5
