swap (-1, 0, 0) V SKEL_OVERLAP 0.0
id (-1, 0, 0) V SKEL_OVERLAP 0.0
swap (-1, 0, 1) V SKEL_OVERLAP 0.0
swap (-1, -1, 0) V SKEL_OVERLAP 0.0
swap (-1, 0, -1) V SKEL_OVERLAP 0.0
swap (-1, 1, 0) V SKEL_OVERLAP 0.0
flipz (-1, 0, 6) V INFEASIBLE 41.5
rot270 (-1, 0, 6) V INFEASIBLE 87.4
flipy (-1, 6, 0) V INFEASIBLE 91.7
anti (-1, 6, 6) V INFEASIBLE 94.3
rot90 (-1, 6, 0) V INFEASIBLE 110.9
anti (-1, 5, 6) V INFEASIBLE 149.6
anti (-1, 6, 5) V INFEASIBLE 166.4
flipz (-1, 0, 5) V INFEASIBLE 2.7
flipz (-1, -1, 6) V INFEASIBLE 68.2
flipy (-1, 5, 0) V INFEASIBLE 160.6
rot180 (-1, 6, 6) V UNKNOWN 240.2
anti (-1, 6, 7) V UNKNOWN 240.1
anti (-1, 7, 6) V UNKNOWN 240.3
flipz (-1, 1, 6) V INFEASIBLE 73.1
rot90 (-1, 5, 0) V INFEASIBLE 52.3
flipy (-1, 6, -1) V INFEASIBLE 235.3
flipy (-1, 6, 1) V UNKNOWN 241.3
flipy (-1, 7, 0) V UNKNOWN 241.0
flipz (-1, 0, 7) V UNKNOWN 241.2
rot270 (-1, 0, 5) V INFEASIBLE 58.3
rot180 (-1, 5, 6) V UNKNOWN 241.9
id (-1, -1, 0) V SKEL_OVERLAP 0.0
id (-1, 0, -1) V SKEL_OVERLAP 0.0
id (-1, 0, 1) V SKEL_OVERLAP 0.0
id (-1, 1, 0) V SKEL_OVERLAP 0.0
swap (-2, 0, 0) V SKEL_OVERLAP 0.0
swap (0, 0, 0) V SKEL_OVERLAP 0.0
rot180 (-1, 6, 5) V UNKNOWN 240.7
rot90 (-1, 6, -1) V INFEASIBLE 211.2
rot90 (-1, 6, 1) V INFEASIBLE 164.2
rot180 (-1, 7, 6) V UNKNOWN 240.8
rot180 (-1, 6, 7) V UNKNOWN 240.9
rot270 (-1, -1, 6) V INFEASIBLE 148.5
flipz (-2, 0, 6) V INFEASIBLE 44.0
flipz (0, 0, 6) V INFEASIBLE 45.5
rot90 (-1, 7, 0) V UNKNOWN 240.7
anti (-2, 6, 6) V INFEASIBLE 130.3
flipy (0, 6, 0) V INFEASIBLE 101.6
flipy (-2, 6, 0) V INFEASIBLE 111.2
id (-2, 0, 0) V SKEL_OVERLAP 0.0
id (0, 0, 0) V SKEL_OVERLAP 0.0
swap (-1, -2, 0) V SKEL_OVERLAP 0.0
swap (-1, -1, -1) V SKEL_OVERLAP 0.0
swap (-1, -1, 1) V SKEL_OVERLAP 0.0
anti (0, 6, 6) V INFEASIBLE 124.4
swap (-1, 0, 2) V SKEL_OVERLAP 0.0
swap (-1, 1, -1) V SKEL_OVERLAP 0.0
swap (-1, 1, 1) V SKEL_OVERLAP 0.0
swap (-1, 0, -2) V INFEASIBLE 0.6
swap (-1, 2, 0) V INFEASIBLE 0.4
