swap (-1, 0, 0) V L7 SKEL_OVERLAP 0.0
id (-1, 0, 0) V L7 SKEL_OVERLAP 0.0
swap (-2, 0, 0) V L7 SKEL_OVERLAP 0.0
swap (-1, -1, 0) V L7 SKEL_OVERLAP 0.0
swap (-1, 0, -1) V L7 SKEL_OVERLAP 0.0
swap (-1, 0, 1) V L7 SKEL_OVERLAP 0.0
swap (-1, 1, 0) V L7 SKEL_OVERLAP 0.0
swap (0, 0, 0) V L7 SKEL_OVERLAP 0.0
rot180 (-1, 6, 6) V L7 UNKNOWN 120.2
anti (-1, 6, 6) V L7 UNKNOWN 120.2
flipy (-1, 6, 0) V L7 UNKNOWN 120.2
rot270 (-1, 0, 6) V L7 UNKNOWN 120.2
anti (-2, 6, 6) V L7 UNKNOWN 120.2
rot90 (-1, 6, 0) V L7 UNKNOWN 120.2
anti (-1, 5, 6) V L7 UNKNOWN 120.2
flipz (-1, 0, 6) V L7 UNKNOWN 120.3
anti (-1, 6, 7) V L7 UNKNOWN 120.2
anti (-1, 7, 6) V L7 UNKNOWN 120.2
anti (0, 6, 6) V L7 UNKNOWN 120.3
flipy (-2, 6, 0) V L7 UNKNOWN 120.3
anti (-1, 6, 5) V L7 UNKNOWN 120.2
flipy (-1, 6, -1) V L7 UNKNOWN 120.2
flipy (-1, 6, 1) V L7 UNKNOWN 120.2
flipy (-1, 5, 0) V L7 UNKNOWN 120.2
flipz (-1, 0, 5) V L7 INFEASIBLE 1.0
flipy (-1, 7, 0) V L7 UNKNOWN 120.2
flipy (0, 6, 0) V L7 UNKNOWN 120.2
flipz (-1, 0, 7) V L7 UNKNOWN 120.2
flipz (-2, 0, 6) V L7 UNKNOWN 120.2
flipz (-1, -1, 6) V L7 UNKNOWN 120.2
flipz (-1, 1, 6) V L7 UNKNOWN 120.2
flipz (0, 0, 6) V L7 UNKNOWN 120.2
rot180 (-2, 6, 6) V L7 UNKNOWN 120.1
rot90 (-1, 5, 0) V L7 INFEASIBLE 60.9
rot180 (-1, 5, 6) V L7 UNKNOWN 120.9
rot180 (-1, 6, 5) V L7 UNKNOWN 121.6
rot180 (-1, 7, 6) V L7 UNKNOWN 120.4
rot180 (-1, 6, 7) V L7 UNKNOWN 120.4
rot180 (0, 6, 6) V L7 UNKNOWN 120.2
rot90 (-2, 6, 0) V L7 UNKNOWN 120.5
rot90 (-1, 6, -1) V L7 UNKNOWN 120.5
rot90 (-1, 6, 1) V L7 UNKNOWN 120.8
rot270 (-1, 0, 5) V L7 INFEASIBLE 67.3
id (-2, 0, 0) V L7 SKEL_OVERLAP 0.0
id (-1, -1, 0) V L7 SKEL_OVERLAP 0.0
id (-1, 0, -1) V L7 SKEL_OVERLAP 0.0
id (-1, 0, 1) V L7 SKEL_OVERLAP 0.0
id (-1, 1, 0) V L7 SKEL_OVERLAP 0.0
id (0, 0, 0) V L7 SKEL_OVERLAP 0.0
swap (-3, 0, 0) V L7 SKEL_OVERLAP 0.0
swap (-2, -1, 0) V L7 SKEL_OVERLAP 0.0
swap (-2, 0, -1) V L7 SKEL_OVERLAP 0.0
swap (-2, 0, 1) V L7 SKEL_OVERLAP 0.0
swap (-2, 1, 0) V L7 SKEL_OVERLAP 0.0
swap (-1, -2, 0) V L7 SKEL_OVERLAP 0.0
swap (-1, -1, -1) V L7 SKEL_OVERLAP 0.0
swap (-1, -1, 1) V L7 SKEL_OVERLAP 0.0
swap (-1, 0, -2) V L7 INFEASIBLE 0.7
swap (-1, 0, 2) V L7 SKEL_OVERLAP 0.0
swap (-1, 1, -1) V L7 SKEL_OVERLAP 0.0
swap (-1, 1, 1) V L7 SKEL_OVERLAP 0.0
swap (-1, 2, 0) V L7 INFEASIBLE 0.6
swap (0, -1, 0) V L7 SKEL_OVERLAP 0.0
swap (0, 0, -1) V L7 SKEL_OVERLAP 0.0
swap (0, 0, 1) V L7 SKEL_OVERLAP 0.0
swap (0, 1, 0) V L7 SKEL_OVERLAP 0.0
swap (1, 0, 0) V L7 SKEL_OVERLAP 0.0
rot90 (-1, 7, 0) V L7 UNKNOWN 120.8
rot90 (0, 6, 0) V L7 UNKNOWN 120.7
rot270 (-2, 0, 6) V L7 UNKNOWN 121.0
rot270 (-1, -1, 6) V L7 UNKNOWN 121.9
rot270 (-1, 0, 7) V L7 UNKNOWN 121.0
rot270 (-1, 1, 6) V L7 UNKNOWN 120.8
rot270 (0, 0, 6) V L7 UNKNOWN 120.9
anti (-3, 6, 6) V L7 UNKNOWN 121.0
anti (-2, 5, 6) V L7 UNKNOWN 120.7
anti (-2, 6, 7) V L7 UNKNOWN 120.5
anti (-2, 7, 6) V L7 UNKNOWN 120.5
anti (-2, 6, 5) V L7 UNKNOWN 120.6
anti (-1, 4, 6) V L7 UNKNOWN 120.6
anti (-1, 5, 5) V L7 UNKNOWN 120.6
anti (-1, 5, 7) V L7 UNKNOWN 120.6
anti (-1, 6, 4) V L7 UNKNOWN 120.7
anti (-1, 6, 8) V L7 UNKNOWN 120.5
anti (-1, 7, 7) V L7 UNKNOWN 120.6
anti (-1, 8, 6) V L7 UNKNOWN 120.6
anti (-1, 7, 5) V L7 UNKNOWN 120.6
anti (0, 5, 6) V L7 UNKNOWN 120.8
anti (0, 6, 5) V L7 UNKNOWN 120.9
anti (0, 6, 7) V L7 UNKNOWN 120.8
flipy (-1, 4, 0) V L7 SKEL_OVERLAP 0.0
anti (0, 7, 6) V L7 UNKNOWN 120.8
anti (1, 6, 6) V L7 UNKNOWN 121.2
flipy (-3, 6, 0) V L7 UNKNOWN 122.2
flipy (-2, 6, -1) V L7 UNKNOWN 122.9
flipy (-2, 5, 0) V L7 UNKNOWN 122.8
flipy (-2, 6, 1) V L7 UNKNOWN 121.5
flipy (-2, 7, 0) V L7 UNKNOWN 120.9
flipy (-1, 5, -1) V L7 UNKNOWN 122.4
flipy (-1, 5, 1) V L7 UNKNOWN 121.6
flipy (-1, 6, -2) V L7 UNKNOWN 120.9
flipy (-1, 6, 2) V L7 UNKNOWN 121.4
flipy (-1, 7, -1) V L7 UNKNOWN 120.8
flipy (-1, 7, 1) V L7 UNKNOWN 122.2
flipy (-1, 8, 0) V L7 UNKNOWN 120.5
flipy (0, 5, 0) V L7 UNKNOWN 122.1
flipz (-2, 0, 5) V L7 INFEASIBLE 2.4
flipy (0, 6, -1) V L7 UNKNOWN 123.6
flipy (0, 6, 1) V L7 UNKNOWN 122.5
flipy (0, 7, 0) V L7 UNKNOWN 122.1
flipy (1, 6, 0) V L7 UNKNOWN 120.6
flipz (-1, 0, 4) V L7 SKEL_OVERLAP 0.0
flipz (-3, 0, 6) V L7 UNKNOWN 120.6
flipz (-2, -1, 6) V L7 UNKNOWN 120.6
flipz (-1, -1, 5) V L7 INFEASIBLE 0.9
flipz (-1, 1, 5) V L7 INFEASIBLE 1.0
flipz (-2, 1, 6) V L7 UNKNOWN 121.1
flipz (-2, 0, 7) V L7 UNKNOWN 123.0
flipz (0, 0, 5) V L7 INFEASIBLE 1.5
flipz (-1, -2, 6) V L7 UNKNOWN 121.0
flipz (-1, -1, 7) V L7 UNKNOWN 121.0
flipz (-1, 0, 8) V L7 UNKNOWN 120.5
flipz (-1, 1, 7) V L7 UNKNOWN 121.7
flipz (-1, 2, 6) V L7 UNKNOWN 120.6
flipz (0, -1, 6) V L7 UNKNOWN 122.0
flipz (0, 0, 7) V L7 UNKNOWN 121.4
flipz (0, 1, 6) V L7 UNKNOWN 120.9
flipz (1, 0, 6) V L7 UNKNOWN 120.5
rot180 (-3, 6, 6) V L7 UNKNOWN 120.6
rot180 (-2, 5, 6) V L7 UNKNOWN 120.6
rot180 (-2, 6, 7) V L7 UNKNOWN 120.5
rot180 (-2, 6, 5) V L7 UNKNOWN 120.4
rot180 (-2, 7, 6) V L7 UNKNOWN 120.5
