swap (-1, 0, 0) V L7 SKEL_OVERLAP 0.0
id (-1, 0, 0) V L7 SKEL_OVERLAP 0.0
swap (-2, 0, 0) V L7 SKEL_OVERLAP 0.0
swap (-1, -1, 0) V L7 SKEL_OVERLAP 0.0
swap (-1, 0, -1) V L7 SKEL_OVERLAP 0.0
swap (-1, 0, 1) V L7 SKEL_OVERLAP 0.0
swap (-1, 1, 0) V L7 SKEL_OVERLAP 0.0
swap (0, 0, 0) V L7 SKEL_OVERLAP 0.0
anti (-2, 6, 6) V L7 INFEASIBLE 1.4
rot180 (-1, 6, 6) V L7 INFEASIBLE 2.8
flipy (-1, 6, 0) V L7 INFEASIBLE 2.7
anti (-1, 6, 6) V L7 INFEASIBLE 2.9
rot270 (-1, 0, 6) V L7 INFEASIBLE 3.0
rot90 (-1, 6, 0) V L7 INFEASIBLE 3.0
anti (-1, 5, 6) V L7 INFEASIBLE 1.3
flipz (-1, 0, 6) V L7 INFEASIBLE 1.3
anti (-1, 6, 5) V L7 INFEASIBLE 1.2
flipy (-2, 6, 0) V L7 INFEASIBLE 1.1
anti (0, 6, 6) V L7 INFEASIBLE 2.1
anti (-1, 6, 7) V L7 INFEASIBLE 4.9
anti (-1, 7, 6) V L7 INFEASIBLE 4.9
flipy (-1, 5, 0) V L7 INFEASIBLE 1.2
flipy (-1, 6, -1) V L7 INFEASIBLE 4.5
flipy (-1, 6, 1) V L7 INFEASIBLE 4.6
flipy (0, 6, 0) V L7 INFEASIBLE 2.1
flipz (-1, -1, 6) V L7 INFEASIBLE 1.2
flipy (-1, 7, 0) V L7 INFEASIBLE 6.2
flipz (-2, 0, 6) V L7 INFEASIBLE 1.3
flipz (-1, 0, 7) V L7 INFEASIBLE 1.1
flipz (-1, 0, 5) V L7 INFEASIBLE 0.8
flipz (-1, 1, 6) V L7 INFEASIBLE 1.1
flipz (0, 0, 6) V L7 INFEASIBLE 1.4
rot180 (-2, 6, 6) V L7 INFEASIBLE 1.1
rot180 (-1, 5, 6) V L7 INFEASIBLE 1.3
rot180 (0, 6, 6) V L7 INFEASIBLE 2.1
rot180 (-1, 6, 7) V L7 INFEASIBLE 5.5
rot180 (-1, 7, 6) V L7 INFEASIBLE 6.2
rot90 (-2, 6, 0) V L7 INFEASIBLE 1.1
rot180 (-1, 6, 5) V L7 INFEASIBLE 5.8
rot90 (-1, 5, 0) V L7 INFEASIBLE 1.2
rot90 (-1, 6, -1) V L7 INFEASIBLE 1.0
rot90 (-1, 6, 1) V L7 INFEASIBLE 1.2
rot90 (0, 6, 0) V L7 INFEASIBLE 1.2
id (-2, 0, 0) V L7 SKEL_OVERLAP 0.0
id (-1, -1, 0) V L7 SKEL_OVERLAP 0.0
id (-1, 0, -1) V L7 SKEL_OVERLAP 0.0
id (-1, 0, 1) V L7 SKEL_OVERLAP 0.0
id (-1, 1, 0) V L7 SKEL_OVERLAP 0.0
id (0, 0, 0) V L7 SKEL_OVERLAP 0.0
swap (-3, 0, 0) V L7 SKEL_OVERLAP 0.0
swap (-2, -1, 0) V L7 SKEL_OVERLAP 0.0
swap (-2, 0, -1) V L7 SKEL_OVERLAP 0.0
swap (-2, 0, 1) V L7 SKEL_OVERLAP 0.0
swap (-2, 1, 0) V L7 SKEL_OVERLAP 0.0
swap (-1, -2, 0) V L7 SKEL_OVERLAP 0.0
swap (-1, -1, -1) V L7 SKEL_OVERLAP 0.0
swap (-1, -1, 1) V L7 SKEL_OVERLAP 0.0
rot270 (-2, 0, 6) V L7 INFEASIBLE 1.4
swap (-1, 0, 2) V L7 SKEL_OVERLAP 0.0
swap (-1, 1, -1) V L7 SKEL_OVERLAP 0.0
swap (-1, 1, 1) V L7 SKEL_OVERLAP 0.0
rot90 (-1, 7, 0) V L7 INFEASIBLE 5.2
swap (0, -1, 0) V L7 SKEL_OVERLAP 0.0
swap (0, 0, -1) V L7 SKEL_OVERLAP 0.0
swap (0, 0, 1) V L7 SKEL_OVERLAP 0.0
swap (0, 1, 0) V L7 SKEL_OVERLAP 0.0
swap (1, 0, 0) V L7 SKEL_OVERLAP 0.0
rot270 (-1, -1, 6) V L7 INFEASIBLE 1.8
rot270 (-1, 0, 5) V L7 INFEASIBLE 1.5
rot270 (-1, 0, 7) V L7 INFEASIBLE 6.0
rot270 (-1, 1, 6) V L7 INFEASIBLE 1.1
swap (-1, 0, -2) V L7 INFEASIBLE 0.7
swap (-1, 2, 0) V L7 INFEASIBLE 0.6
anti (-3, 6, 6) V L7 INFEASIBLE 2.9
rot270 (0, 0, 6) V L7 INFEASIBLE 2.8
anti (-2, 5, 6) V L7 INFEASIBLE 1.3
anti (-2, 6, 5) V L7 INFEASIBLE 3.4
anti (-2, 6, 7) V L7 INFEASIBLE 7.3
anti (-2, 7, 6) V L7 INFEASIBLE 6.6
anti (-1, 4, 6) V L7 INFEASIBLE 1.3
anti (-1, 5, 5) V L7 INFEASIBLE 1.5
anti (-1, 6, 4) V L7 INFEASIBLE 1.4
anti (-1, 6, 8) V L7 INFEASIBLE 6.2
anti (-1, 5, 7) V L7 INFEASIBLE 6.0
anti (-1, 7, 7) V L7 INFEASIBLE 5.8
anti (-1, 7, 5) V L7 INFEASIBLE 6.0
anti (-1, 8, 6) V L7 INFEASIBLE 6.0
anti (0, 5, 6) V L7 INFEASIBLE 3.2
anti (0, 6, 5) V L7 INFEASIBLE 1.6
anti (0, 6, 7) V L7 INFEASIBLE 5.9
flipy (-1, 4, 0) V L7 SKEL_OVERLAP 0.0
anti (1, 6, 6) V L7 INFEASIBLE 3.1
anti (0, 7, 6) V L7 INFEASIBLE 6.0
flipy (-3, 6, 0) V L7 INFEASIBLE 2.5
flipy (-2, 5, 0) V L7 INFEASIBLE 1.2
flipy (-2, 6, -1) V L7 INFEASIBLE 2.2
flipy (-2, 6, 1) V L7 INFEASIBLE 4.1
flipy (-2, 7, 0) V L7 INFEASIBLE 5.0
flipy (-1, 5, -1) V L7 INFEASIBLE 1.0
flipy (-1, 6, -2) V L7 INFEASIBLE 4.0
flipy (-1, 5, 1) V L7 INFEASIBLE 1.0
flipy (-1, 6, 2) V L7 INFEASIBLE 3.8
flipy (-1, 7, -1) V L7 INFEASIBLE 4.8
flipy (-1, 7, 1) V L7 INFEASIBLE 4.8
flipy (-1, 8, 0) V L7 INFEASIBLE 3.8
flipy (0, 6, 1) V L7 INFEASIBLE 2.4
flipy (0, 5, 0) V L7 INFEASIBLE 1.1
flipy (0, 7, 0) V L7 INFEASIBLE 5.2
flipy (0, 6, -1) V L7 INFEASIBLE 4.5
flipy (1, 6, 0) V L7 INFEASIBLE 2.2
flipz (-3, 0, 6) V L7 INFEASIBLE 1.0
flipz (-1, 0, 4) V L7 SKEL_OVERLAP 0.0
flipz (-2, -1, 6) V L7 INFEASIBLE 1.1
flipz (-2, 0, 5) V L7 INFEASIBLE 0.9
flipz (-2, 0, 7) V L7 INFEASIBLE 1.0
flipz (-1, -2, 6) V L7 INFEASIBLE 0.9
flipz (-2, 1, 6) V L7 INFEASIBLE 1.0
flipz (-1, -1, 5) V L7 INFEASIBLE 0.6
flipz (-1, -1, 7) V L7 INFEASIBLE 1.0
flipz (-1, 1, 5) V L7 INFEASIBLE 0.7
flipz (-1, 0, 8) V L7 INFEASIBLE 4.1
flipz (-1, 1, 7) V L7 INFEASIBLE 1.0
flipz (-1, 2, 6) V L7 INFEASIBLE 1.0
flipz (0, -1, 6) V L7 INFEASIBLE 1.5
flipz (0, 0, 7) V L7 INFEASIBLE 1.3
flipz (0, 0, 5) V L7 INFEASIBLE 1.5
flipz (0, 1, 6) V L7 INFEASIBLE 1.5
rot180 (-3, 6, 6) V L7 INFEASIBLE 2.8
flipz (1, 0, 6) V L7 INFEASIBLE 1.6
rot180 (-2, 6, 5) V L7 INFEASIBLE 2.4
rot180 (-2, 5, 6) V L7 INFEASIBLE 1.5
rot180 (-2, 6, 7) V L7 INFEASIBLE 6.4
rot180 (-2, 7, 6) V L7 INFEASIBLE 6.6
rot180 (-1, 4, 6) V L7 INFEASIBLE 1.3
rot180 (-1, 5, 5) V L7 INFEASIBLE 2.8
rot180 (-1, 6, 4) V L7 INFEASIBLE 5.8
rot180 (-1, 5, 7) V L7 INFEASIBLE 6.3
rot180 (-1, 6, 8) V L7 INFEASIBLE 5.5
rot180 (-1, 7, 5) V L7 INFEASIBLE 6.8
rot180 (-1, 8, 6) V L7 INFEASIBLE 5.9
rot180 (-1, 7, 7) V L7 INFEASIBLE 6.0
rot180 (0, 5, 6) V L7 INFEASIBLE 1.2
rot180 (0, 6, 5) V L7 INFEASIBLE 3.2
rot180 (0, 7, 6) V L7 INFEASIBLE 6.4
rot90 (-1, 4, 0) V L7 SKEL_OVERLAP 0.0
rot180 (1, 6, 6) V L7 INFEASIBLE 3.1
rot180 (0, 6, 7) V L7 INFEASIBLE 6.1
rot90 (-2, 6, -1) V L7 INFEASIBLE 1.2
rot90 (-3, 6, 0) V L7 INFEASIBLE 3.0
rot90 (-2, 5, 0) V L7 INFEASIBLE 1.5
rot90 (-2, 6, 1) V L7 INFEASIBLE 2.9
rot90 (-2, 7, 0) V L7 INFEASIBLE 5.6
rot90 (-1, 5, -1) V L7 INFEASIBLE 1.3
rot90 (-1, 6, -2) V L7 INFEASIBLE 5.2
rot90 (-1, 6, 2) V L7 INFEASIBLE 1.0
rot90 (-1, 5, 1) V L7 INFEASIBLE 1.3
rot90 (-1, 7, -1) V L7 INFEASIBLE 4.8
rot90 (-1, 7, 1) V L7 INFEASIBLE 5.5
rot90 (-1, 8, 0) V L7 INFEASIBLE 6.0
rot90 (0, 5, 0) V L7 INFEASIBLE 1.2
rot90 (0, 6, 1) V L7 INFEASIBLE 1.2
rot90 (0, 6, -1) V L7 INFEASIBLE 5.0
rot90 (1, 6, 0) V L7 INFEASIBLE 2.9
rot90 (0, 7, 0) V L7 INFEASIBLE 5.3
rot270 (-3, 0, 6) V L7 INFEASIBLE 2.6
rot270 (-1, 0, 4) V L7 SKEL_OVERLAP 0.0
rot270 (-2, -1, 6) V L7 INFEASIBLE 1.2
rot270 (-2, 0, 5) V L7 INFEASIBLE 1.1
rot270 (-2, 0, 7) V L7 INFEASIBLE 4.9
rot270 (-1, -2, 6) V L7 INFEASIBLE 1.0
rot270 (-2, 1, 6) V L7 INFEASIBLE 4.6
rot270 (-1, 0, 8) V L7 INFEASIBLE 5.1
rot270 (-1, -1, 5) V L7 INFEASIBLE 1.2
rot270 (-1, -1, 7) V L7 INFEASIBLE 4.8
rot270 (-1, 1, 5) V L7 INFEASIBLE 1.1
id (-3, 0, 0) V L7 SKEL_OVERLAP 0.0
id (-2, -1, 0) V L7 SKEL_OVERLAP 0.0
id (-2, 0, -1) V L7 SKEL_OVERLAP 0.0
id (-2, 0, 1) V L7 SKEL_OVERLAP 0.0
id (-2, 1, 0) V L7 SKEL_OVERLAP 0.0
id (-1, -2, 0) V L7 SKEL_OVERLAP 0.0
id (-1, -1, -1) V L7 SKEL_OVERLAP 0.0
id (-1, -1, 1) V L7 SKEL_OVERLAP 0.0
id (-1, 0, -2) V L7 SKEL_OVERLAP 0.0
id (-1, 0, 2) V L7 SKEL_OVERLAP 0.0
id (-1, 1, -1) V L7 SKEL_OVERLAP 0.0
id (-1, 1, 1) V L7 SKEL_OVERLAP 0.0
id (-1, 2, 0) V L7 SKEL_OVERLAP 0.0
id (0, -1, 0) V L7 SKEL_OVERLAP 0.0
id (0, 0, -1) V L7 SKEL_OVERLAP 0.0
id (0, 0, 1) V L7 SKEL_OVERLAP 0.0
id (0, 1, 0) V L7 SKEL_OVERLAP 0.0
id (1, 0, 0) V L7 SKEL_OVERLAP 0.0
swap (-3, -1, 0) V L7 SKEL_OVERLAP 0.0
swap (-3, 0, -1) V L7 SKEL_OVERLAP 0.0
swap (-3, 0, 1) V L7 SKEL_OVERLAP 0.0
swap (-3, 1, 0) V L7 SKEL_OVERLAP 0.0
swap (-2, -2, 0) V L7 SKEL_OVERLAP 0.0
swap (-2, -1, -1) V L7 SKEL_OVERLAP 0.0
swap (-2, -1, 1) V L7 SKEL_OVERLAP 0.0
swap (-2, 0, -2) V L7 SKEL_OVERLAP 0.0
swap (-2, 0, 2) V L7 SKEL_OVERLAP 0.0
swap (-2, 1, -1) V L7 SKEL_OVERLAP 0.0
swap (-2, 1, 1) V L7 SKEL_OVERLAP 0.0
rot270 (-1, 1, 7) V L7 INFEASIBLE 4.9
rot270 (-1, 2, 6) V L7 INFEASIBLE 4.8
swap (-1, -2, -1) V L7 SKEL_OVERLAP 0.0
swap (-1, -2, 1) V L7 SKEL_OVERLAP 0.0
swap (-1, -1, -2) V L7 SKEL_OVERLAP 0.0
swap (-1, -1, 2) V L7 SKEL_OVERLAP 0.0
rot270 (0, -1, 6) V L7 INFEASIBLE 2.7
rot270 (0, 1, 6) V L7 INFEASIBLE 1.1
rot270 (0, 0, 5) V L7 INFEASIBLE 1.5
swap (-1, 1, 2) V L7 SKEL_OVERLAP 0.0
swap (-2, 2, 0) V L7 INFEASIBLE 0.6
swap (-1, 2, 1) V L7 SKEL_OVERLAP 0.0
rot270 (1, 0, 6) V L7 INFEASIBLE 3.3
swap (0, -2, 0) V L7 SKEL_OVERLAP 0.0
swap (0, -1, -1) V L7 SKEL_OVERLAP 0.0
swap (0, -1, 1) V L7 SKEL_OVERLAP 0.0
rot270 (0, 0, 7) V L7 INFEASIBLE 6.1
swap (0, 0, 2) V L7 SKEL_OVERLAP 0.0
swap (0, 1, -1) V L7 SKEL_OVERLAP 0.0
swap (0, 1, 1) V L7 SKEL_OVERLAP 0.0
swap (0, 2, 0) V L7 SKEL_OVERLAP 0.0
swap (1, -1, 0) V L7 SKEL_OVERLAP 0.0
swap (1, 0, -1) V L7 SKEL_OVERLAP 0.0
swap (1, 0, 1) V L7 SKEL_OVERLAP 0.0
swap (1, 1, 0) V L7 SKEL_OVERLAP 0.0
swap (-1, -3, 0) V L7 INFEASIBLE 0.5
swap (-1, 0, -3) V L7 INFEASIBLE 5.3
swap (-1, 0, 3) V L7 INFEASIBLE 0.6
swap (-1, 1, -2) V L7 INFEASIBLE 0.5
swap (-1, 2, -1) V L7 INFEASIBLE 0.5
swap (0, 0, -2) V L7 INFEASIBLE 0.5
swap (-1, 3, 0) V L7 INFEASIBLE 5.4
anti (-3, 5, 6) V L7 INFEASIBLE 2.6
anti (-3, 6, 5) V L7 INFEASIBLE 5.8
anti (-3, 6, 7) V L7 INFEASIBLE 5.7
anti (-2, 4, 6) V L7 INFEASIBLE 1.2
anti (-3, 7, 6) V L7 INFEASIBLE 5.5
anti (-2, 5, 7) V L7 INFEASIBLE 2.4
anti (-2, 5, 5) V L7 INFEASIBLE 1.5
anti (-2, 6, 4) V L7 INFEASIBLE 1.2
anti (-2, 6, 8) V L7 INFEASIBLE 5.7
anti (-2, 7, 5) V L7 INFEASIBLE 5.4
anti (-1, 3, 6) V L7 INFEASIBLE 1.1
anti (-2, 7, 7) V L7 INFEASIBLE 5.3
anti (-2, 8, 6) V L7 INFEASIBLE 6.0
anti (-1, 4, 7) V L7 INFEASIBLE 0.9
anti (-1, 4, 5) V L7 INFEASIBLE 1.3
anti (-1, 5, 8) V L7 INFEASIBLE 5.8
anti (-1, 5, 4) V L7 INFEASIBLE 1.3
anti (-1, 6, 9) V L7 INFEASIBLE 5.3
anti (-1, 6, 3) V L7 INFEASIBLE 1.1
anti (-1, 7, 4) V L7 INFEASIBLE 1.0
anti (-1, 7, 8) V L7 INFEASIBLE 5.2
anti (-1, 8, 5) V L7 INFEASIBLE 5.7
anti (-1, 8, 7) V L7 INFEASIBLE 4.9
anti (-1, 9, 6) V L7 INFEASIBLE 4.9
anti (0, 4, 6) V L7 INFEASIBLE 1.3
anti (0, 6, 4) V L7 INFEASIBLE 1.2
anti (0, 6, 8) V L7 INFEASIBLE 6.4
anti (0, 5, 5) V L7 INFEASIBLE 1.5
anti (0, 5, 7) V L7 INFEASIBLE 6.2
anti (0, 7, 5) V L7 INFEASIBLE 3.6
anti (0, 7, 7) V L7 INFEASIBLE 5.8
anti (0, 8, 6) V L7 INFEASIBLE 5.8
anti (1, 5, 6) V L7 INFEASIBLE 4.8
flipy (-2, 4, 0) V L7 SKEL_OVERLAP 0.0
anti (1, 6, 5) V L7 INFEASIBLE 2.2
anti (1, 7, 6) V L7 INFEASIBLE 4.7
anti (1, 6, 7) V L7 INFEASIBLE 4.6
flipy (-3, 5, 0) V L7 INFEASIBLE 2.0
flipy (-3, 6, 1) V L7 INFEASIBLE 4.3
flipy (-3, 6, -1) V L7 INFEASIBLE 4.6
flipy (-3, 7, 0) V L7 INFEASIBLE 4.8
flipy (-1, 3, 0) V L7 SKEL_OVERLAP 0.0
flipy (-2, 5, -1) V L7 INFEASIBLE 0.7
flipy (-2, 5, 1) V L7 INFEASIBLE 1.1
flipy (-2, 6, 2) V L7 INFEASIBLE 4.4
flipy (-2, 6, -2) V L7 INFEASIBLE 4.3
flipy (-2, 7, -1) V L7 INFEASIBLE 5.0
flipy (-2, 8, 0) V L7 INFEASIBLE 4.7
flipy (-2, 7, 1) V L7 INFEASIBLE 5.2
flipy (-1, 4, -1) V L7 INFEASIBLE 1.2
flipy (-1, 5, -2) V L7 INFEASIBLE 1.1
flipy (-1, 4, 1) V L7 INFEASIBLE 1.4
flipy (-1, 5, 2) V L7 INFEASIBLE 1.1
flipy (0, 4, 0) V L7 SKEL_OVERLAP 0.0
flipy (-1, 6, -3) V L7 INFEASIBLE 5.6
flipy (-1, 6, 3) V L7 INFEASIBLE 5.8
flipy (-1, 7, -2) V L7 INFEASIBLE 6.1
flipy (-1, 7, 2) V L7 INFEASIBLE 6.1
flipy (-1, 8, -1) V L7 INFEASIBLE 7.1
flipy (-1, 9, 0) V L7 INFEASIBLE 5.7
flipy (-1, 8, 1) V L7 INFEASIBLE 6.7
flipy (0, 5, -1) V L7 INFEASIBLE 0.8
flipy (0, 6, -2) V L7 INFEASIBLE 5.8
flipy (0, 5, 1) V L7 INFEASIBLE 2.1
flipy (0, 6, 2) V L7 INFEASIBLE 6.1
flipy (0, 7, -1) V L7 INFEASIBLE 6.8
flipy (0, 7, 1) V L7 INFEASIBLE 6.2
flipy (0, 8, 0) V L7 INFEASIBLE 5.0
flipy (1, 5, 0) V L7 INFEASIBLE 2.8
flipy (1, 6, -1) V L7 INFEASIBLE 5.8
flipy (1, 7, 0) V L7 INFEASIBLE 6.8
flipy (1, 6, 1) V L7 INFEASIBLE 6.3
flipz (-2, 0, 4) V L7 SKEL_OVERLAP 0.0
flipz (-3, -1, 6) V L7 INFEASIBLE 1.1
flipz (-3, 0, 5) V L7 INFEASIBLE 1.3
flipz (-3, 1, 6) V L7 INFEASIBLE 1.2
flipz (-3, 0, 7) V L7 INFEASIBLE 5.8
flipz (-2, -2, 6) V L7 INFEASIBLE 1.0
flipz (-2, -1, 5) V L7 INFEASIBLE 1.2
flipz (-2, -1, 7) V L7 INFEASIBLE 1.3
flipz (-1, -1, 4) V L7 SKEL_OVERLAP 0.0
flipz (-2, 1, 5) V L7 INFEASIBLE 0.7
flipz (-1, 0, 3) V L7 SKEL_OVERLAP 0.0
flipz (-2, 0, 8) V L7 INFEASIBLE 5.7
flipz (-2, 1, 7) V L7 INFEASIBLE 1.0
flipz (-1, 1, 4) V L7 SKEL_OVERLAP 0.0
flipz (-1, -3, 6) V L7 INFEASIBLE 0.8
flipz (-2, 2, 6) V L7 INFEASIBLE 1.1
flipz (-1, -2, 5) V L7 INFEASIBLE 0.6
flipz (-1, -2, 7) V L7 INFEASIBLE 0.9
flipz (-1, -1, 8) V L7 INFEASIBLE 5.7
flipz (-1, 2, 5) V L7 INFEASIBLE 0.8
flipz (0, 0, 4) V L7 SKEL_OVERLAP 0.0
flipz (-1, 2, 7) V L7 INFEASIBLE 1.0
flipz (-1, 0, 9) V L7 INFEASIBLE 6.2
flipz (-1, 3, 6) V L7 INFEASIBLE 0.9
flipz (-1, 1, 8) V L7 INFEASIBLE 5.6
flipz (0, -2, 6) V L7 INFEASIBLE 1.1
flipz (0, -1, 5) V L7 INFEASIBLE 0.8
flipz (0, -1, 7) V L7 INFEASIBLE 1.1
flipz (0, 1, 7) V L7 INFEASIBLE 1.1
flipz (0, 2, 6) V L7 INFEASIBLE 1.1
flipz (1, -1, 6) V L7 INFEASIBLE 1.2
flipz (0, 0, 8) V L7 INFEASIBLE 5.4
flipz (0, 1, 5) V L7 INFEASIBLE 0.8
flipz (1, 0, 5) V L7 INFEASIBLE 0.8
flipz (1, 1, 6) V L7 INFEASIBLE 1.2
flipz (1, 0, 7) V L7 INFEASIBLE 5.8
rot180 (-3, 5, 6) V L7 INFEASIBLE 2.6
rot180 (-3, 7, 6) V L7 INFEASIBLE 6.1
rot180 (-3, 6, 7) V L7 INFEASIBLE 5.6
rot180 (-3, 6, 5) V L7 INFEASIBLE 6.0
rot180 (-2, 4, 6) V L7 INFEASIBLE 1.2
rot180 (-2, 5, 5) V L7 INFEASIBLE 1.2
rot180 (-2, 5, 7) V L7 INFEASIBLE 1.9
rot180 (-2, 6, 4) V L7 INFEASIBLE 5.1
rot180 (-2, 6, 8) V L7 INFEASIBLE 5.1
rot180 (-2, 8, 6) V L7 INFEASIBLE 5.6
rot180 (-2, 7, 7) V L7 INFEASIBLE 5.3
rot180 (-1, 3, 6) V L7 INFEASIBLE 1.1
rot180 (-2, 7, 5) V L7 INFEASIBLE 5.8
rot180 (-1, 4, 5) V L7 INFEASIBLE 1.2
rot180 (-1, 4, 7) V L7 INFEASIBLE 1.1
rot180 (-1, 6, 9) V L7 INFEASIBLE 5.3
rot180 (-1, 5, 4) V L7 INFEASIBLE 1.3
rot180 (-1, 7, 8) V L7 INFEASIBLE 5.3
rot180 (-1, 6, 3) V L7 INFEASIBLE 5.2
rot180 (-1, 5, 8) V L7 INFEASIBLE 6.0
rot180 (-1, 7, 4) V L7 INFEASIBLE 5.7
rot180 (-1, 8, 5) V L7 INFEASIBLE 5.5
rot180 (-1, 8, 7) V L7 INFEASIBLE 4.9
rot180 (-1, 9, 6) V L7 INFEASIBLE 4.0
rot180 (0, 4, 6) V L7 INFEASIBLE 1.3
rot180 (0, 5, 7) V L7 INFEASIBLE 2.3
rot180 (0, 6, 8) V L7 INFEASIBLE 5.3
rot180 (0, 5, 5) V L7 INFEASIBLE 1.3
rot180 (0, 6, 4) V L7 INFEASIBLE 5.3
rot180 (0, 7, 7) V L7 INFEASIBLE 5.3
rot180 (0, 8, 6) V L7 INFEASIBLE 5.5
rot180 (0, 7, 5) V L7 INFEASIBLE 6.0
rot180 (1, 5, 6) V L7 INFEASIBLE 2.4
rot90 (-2, 4, 0) V L7 SKEL_OVERLAP 0.0
rot180 (1, 6, 7) V L7 INFEASIBLE 5.2
rot180 (1, 7, 6) V L7 INFEASIBLE 5.6
rot180 (1, 6, 5) V L7 INFEASIBLE 5.5
rot90 (-3, 5, 0) V L7 INFEASIBLE 2.2
rot90 (-3, 6, -1) V L7 INFEASIBLE 5.0
rot90 (-3, 7, 0) V L7 INFEASIBLE 5.2
rot90 (-3, 6, 1) V L7 INFEASIBLE 5.1
rot90 (-1, 3, 0) V L7 SKEL_OVERLAP 0.0
rot90 (-2, 5, -1) V L7 INFEASIBLE 0.9
rot90 (-1, 4, 1) V L7 SKEL_OVERLAP 0.0
rot90 (-2, 6, 2) V L7 INFEASIBLE 1.0
rot90 (-2, 6, -2) V L7 INFEASIBLE 4.7
rot90 (-2, 5, 1) V L7 INFEASIBLE 1.0
rot90 (-2, 7, -1) V L7 INFEASIBLE 4.6
rot90 (-1, 4, -1) V L7 INFEASIBLE 0.7
rot90 (-2, 8, 0) V L7 INFEASIBLE 5.3
rot90 (-2, 7, 1) V L7 INFEASIBLE 5.0
rot90 (-1, 5, -2) V L7 INFEASIBLE 0.9
rot90 (-1, 6, 3) V L7 INFEASIBLE 0.8
rot90 (0, 4, 0) V L7 SKEL_OVERLAP 0.0
rot90 (-1, 6, -3) V L7 INFEASIBLE 4.7
rot90 (-1, 5, 2) V L7 INFEASIBLE 0.7
rot90 (-1, 7, -2) V L7 INFEASIBLE 4.5
rot90 (-1, 7, 2) V L7 INFEASIBLE 0.8
rot90 (-1, 8, -1) V L7 INFEASIBLE 4.8
rot90 (-1, 8, 1) V L7 INFEASIBLE 5.4
rot90 (-1, 9, 0) V L7 INFEASIBLE 4.6
rot90 (0, 5, -1) V L7 INFEASIBLE 0.6
rot90 (0, 6, 2) V L7 INFEASIBLE 1.0
rot90 (0, 6, -2) V L7 INFEASIBLE 4.6
rot90 (0, 5, 1) V L7 INFEASIBLE 0.7
rot90 (0, 7, -1) V L7 INFEASIBLE 4.5
rot90 (0, 7, 1) V L7 INFEASIBLE 2.6
rot90 (0, 8, 0) V L7 INFEASIBLE 5.5
rot90 (1, 5, 0) V L7 INFEASIBLE 1.2
rot90 (1, 6, -1) V L7 INFEASIBLE 5.1
rot90 (1, 6, 1) V L7 INFEASIBLE 2.6
rot90 (1, 7, 0) V L7 INFEASIBLE 5.4
rot270 (-2, 0, 4) V L7 SKEL_OVERLAP 0.0
rot270 (-3, -1, 6) V L7 INFEASIBLE 2.4
rot270 (-3, 0, 5) V L7 INFEASIBLE 1.1
rot270 (-3, 0, 7) V L7 INFEASIBLE 4.7
rot270 (-2, -2, 6) V L7 INFEASIBLE 1.0
rot270 (-3, 1, 6) V L7 INFEASIBLE 4.7
rot270 (-2, -1, 7) V L7 INFEASIBLE 2.1
rot270 (-2, 0, 8) V L7 INFEASIBLE 4.9
rot270 (-1, -1, 4) V L7 SKEL_OVERLAP 0.0
rot270 (-2, -1, 5) V L7 INFEASIBLE 0.9
rot270 (-1, 0, 3) V L7 SKEL_OVERLAP 0.0
rot270 (-2, 1, 5) V L7 INFEASIBLE 0.9
rot270 (-2, 1, 7) V L7 INFEASIBLE 4.3
rot270 (-1, -3, 6) V L7 INFEASIBLE 0.8
rot270 (-2, 2, 6) V L7 INFEASIBLE 4.6
rot270 (-1, -2, 5) V L7 INFEASIBLE 0.6
rot270 (-1, -2, 7) V L7 INFEASIBLE 0.8
rot270 (-1, 0, 9) V L7 INFEASIBLE 4.3
rot270 (-1, 1, 4) V L7 INFEASIBLE 0.5
rot270 (-1, -1, 8) V L7 INFEASIBLE 5.0
rot270 (0, 0, 4) V L7 SKEL_OVERLAP 0.0
rot270 (-1, 1, 8) V L7 INFEASIBLE 4.6
rot270 (-1, 2, 5) V L7 INFEASIBLE 0.9
rot270 (-1, 2, 7) V L7 INFEASIBLE 4.6
rot270 (-1, 3, 6) V L7 INFEASIBLE 4.8
rot270 (0, -2, 6) V L7 INFEASIBLE 1.0
rot270 (0, -1, 5) V L7 INFEASIBLE 1.2
rot270 (0, 0, 8) V L7 INFEASIBLE 5.3
rot270 (0, -1, 7) V L7 INFEASIBLE 5.0
id (-3, -1, 0) V L7 SKEL_OVERLAP 0.0
id (-3, 0, -1) V L7 SKEL_OVERLAP 0.0
id (-3, 0, 1) V L7 SKEL_OVERLAP 0.0
id (-3, 1, 0) V L7 SKEL_OVERLAP 0.0
id (-2, -2, 0) V L7 SKEL_OVERLAP 0.0
id (-2, -1, -1) V L7 SKEL_OVERLAP 0.0
id (-2, -1, 1) V L7 SKEL_OVERLAP 0.0
id (-2, 0, -2) V L7 SKEL_OVERLAP 0.0
id (-2, 0, 2) V L7 SKEL_OVERLAP 0.0
id (-2, 1, -1) V L7 SKEL_OVERLAP 0.0
id (-2, 1, 1) V L7 SKEL_OVERLAP 0.0
id (-2, 2, 0) V L7 SKEL_OVERLAP 0.0
rot270 (0, 1, 5) V L7 INFEASIBLE 1.1
id (-1, -2, -1) V L7 SKEL_OVERLAP 0.0
rot270 (0, 1, 7) V L7 INFEASIBLE 4.7
id (-1, -1, -2) V L7 SKEL_OVERLAP 0.0
id (-1, -1, 2) V L7 SKEL_OVERLAP 0.0
rot270 (0, 2, 6) V L7 INFEASIBLE 4.8
rot270 (1, 0, 5) V L7 INFEASIBLE 0.8
id (-1, 1, -2) V L7 SKEL_OVERLAP 0.0
id (-1, 1, 2) V L7 SKEL_OVERLAP 0.0
id (-1, -3, 0) V L7 INFEASIBLE 0.4
id (-1, 2, 1) V L7 SKEL_OVERLAP 0.0
rot270 (1, -1, 6) V L7 INFEASIBLE 5.4
id (0, -2, 0) V L7 SKEL_OVERLAP 0.0
id (0, -1, -1) V L7 SKEL_OVERLAP 0.0
id (0, -1, 1) V L7 SKEL_OVERLAP 0.0
id (0, 0, -2) V L7 SKEL_OVERLAP 0.0
id (0, 0, 2) V L7 SKEL_OVERLAP 0.0
id (0, 1, -1) V L7 SKEL_OVERLAP 0.0
id (0, 1, 1) V L7 SKEL_OVERLAP 0.0
id (0, 2, 0) V L7 SKEL_OVERLAP 0.0
id (1, -1, 0) V L7 SKEL_OVERLAP 0.0
id (1, 0, -1) V L7 SKEL_OVERLAP 0.0
id (1, 0, 1) V L7 SKEL_OVERLAP 0.0
id (1, 1, 0) V L7 SKEL_OVERLAP 0.0
swap (-3, -2, 0) V L7 SKEL_OVERLAP 0.0
swap (-3, -1, -1) V L7 SKEL_OVERLAP 0.0
swap (-3, -1, 1) V L7 SKEL_OVERLAP 0.0
swap (-3, 0, -2) V L7 SKEL_OVERLAP 0.0
swap (-3, 0, 2) V L7 SKEL_OVERLAP 0.0
swap (-3, 1, -1) V L7 SKEL_OVERLAP 0.0
swap (-3, 1, 1) V L7 SKEL_OVERLAP 0.0
rot270 (1, 0, 7) V L7 INFEASIBLE 5.4
id (-1, 0, -3) V L7 INFEASIBLE 0.6
swap (-2, -2, -1) V L7 SKEL_OVERLAP 0.0
swap (-2, -2, 1) V L7 SKEL_OVERLAP 0.0
swap (-2, -1, -2) V L7 SKEL_OVERLAP 0.0
swap (-2, -1, 2) V L7 SKEL_OVERLAP 0.0
id (-1, -2, 1) V L7 INFEASIBLE 0.5
rot270 (1, 1, 6) V L7 INFEASIBLE 5.2
id (-1, 0, 3) V L7 INFEASIBLE 0.4
swap (-2, 1, 2) V L7 SKEL_OVERLAP 0.0
id (-1, 3, 0) V L7 INFEASIBLE 0.6
id (-1, 2, -1) V L7 INFEASIBLE 0.7
swap (-3, 2, 0) V L7 INFEASIBLE 0.6
swap (-2, 0, -3) V L7 INFEASIBLE 0.5
swap (-2, -3, 0) V L7 INFEASIBLE 0.4
swap (-2, 0, 3) V L7 INFEASIBLE 0.4
swap (-1, -2, -2) V L7 SKEL_OVERLAP 0.0
swap (-1, -2, 2) V L7 SKEL_OVERLAP 0.0
swap (-2, 1, -2) V L7 INFEASIBLE 0.6
swap (-2, 2, -1) V L7 INFEASIBLE 0.7
swap (-2, 2, 1) V L7 INFEASIBLE 0.6
swap (-2, 3, 0) V L7 INFEASIBLE 5.4
swap (-1, -4, 0) V L7 INFEASIBLE 5.0
swap (-1, -3, 1) V L7 INFEASIBLE 0.6
swap (-1, -1, 3) V L7 INFEASIBLE 0.8
swap (-1, 2, 2) V L7 SKEL_OVERLAP 0.0
swap (-1, -3, -1) V L7 INFEASIBLE 4.5
swap (-1, 0, -4) V L7 INFEASIBLE 4.6
swap (-1, -1, -3) V L7 INFEASIBLE 5.3
swap (-1, 0, 4) V L7 INFEASIBLE 4.6
swap (0, -2, -1) V L7 SKEL_OVERLAP 0.0
swap (0, -2, 1) V L7 SKEL_OVERLAP 0.0
swap (-1, 1, -3) V L7 INFEASIBLE 4.4
swap (0, -1, 2) V L7 SKEL_OVERLAP 0.0
swap (-1, 1, 3) V L7 INFEASIBLE 4.8
swap (-1, 4, 0) V L7 INFEASIBLE 5.0
swap (-1, 2, -2) V L7 INFEASIBLE 5.1
swap (0, 1, 2) V L7 SKEL_OVERLAP 0.0
swap (0, -3, 0) V L7 INFEASIBLE 0.6
swap (0, 2, 1) V L7 SKEL_OVERLAP 0.0
swap (-1, 3, -1) V L7 INFEASIBLE 4.9
swap (1, -2, 0) V L7 SKEL_OVERLAP 0.0
swap (1, -1, -1) V L7 SKEL_OVERLAP 0.0
swap (1, -1, 1) V L7 SKEL_OVERLAP 0.0
swap (-1, 3, 1) V L7 INFEASIBLE 5.7
swap (1, 0, 2) V L7 SKEL_OVERLAP 0.0
swap (1, 1, -1) V L7 SKEL_OVERLAP 0.0
swap (1, 1, 1) V L7 SKEL_OVERLAP 0.0
swap (1, 2, 0) V L7 SKEL_OVERLAP 0.0
swap (0, -1, -2) V L7 INFEASIBLE 0.7
swap (0, 0, -3) V L7 INFEASIBLE 5.5
swap (0, 0, 3) V L7 INFEASIBLE 0.6
swap (0, 1, -2) V L7 INFEASIBLE 0.6
swap (0, 3, 0) V L7 INFEASIBLE 0.4
swap (0, 2, -1) V L7 INFEASIBLE 0.5
swap (1, 0, -2) V L7 INFEASIBLE 0.8
anti (-3, 4, 6) V L7 INFEASIBLE 2.1
anti (-3, 5, 5) V L7 INFEASIBLE 2.6
anti (-3, 6, 8) V L7 INFEASIBLE 5.3
anti (-3, 7, 7) V L7 INFEASIBLE 5.2
anti (-3, 5, 7) V L7 INFEASIBLE 5.6
anti (-3, 8, 6) V L7 INFEASIBLE 5.8
anti (-3, 7, 5) V L7 INFEASIBLE 5.4
anti (-3, 6, 4) V L7 INFEASIBLE 5.5
anti (-2, 3, 6) V L7 INFEASIBLE 0.9
anti (-2, 4, 7) V L7 INFEASIBLE 0.9
anti (-2, 4, 5) V L7 INFEASIBLE 1.3
anti (-2, 6, 9) V L7 INFEASIBLE 5.0
anti (-2, 6, 3) V L7 INFEASIBLE 1.0
anti (-2, 5, 4) V L7 INFEASIBLE 1.2
anti (-2, 5, 8) V L7 INFEASIBLE 5.9
anti (-2, 7, 8) V L7 INFEASIBLE 4.9
anti (-1, 4, 4) V L7 SKEL_OVERLAP 0.0
anti (-2, 7, 4) V L7 INFEASIBLE 5.0
anti (-2, 8, 7) V L7 INFEASIBLE 4.9
anti (-2, 9, 6) V L7 INFEASIBLE 5.0
anti (-2, 8, 5) V L7 INFEASIBLE 5.7
anti (-1, 2, 6) V L7 INFEASIBLE 4.7
anti (-1, 3, 5) V L7 INFEASIBLE 1.1
anti (-1, 3, 7) V L7 INFEASIBLE 4.6
anti (-1, 4, 8) V L7 INFEASIBLE 5.4
anti (-1, 5, 3) V L7 INFEASIBLE 1.0
anti (-1, 6, 10) V L7 INFEASIBLE 3.9
anti (-1, 5, 9) V L7 INFEASIBLE 4.7
anti (-1, 6, 2) V L7 INFEASIBLE 4.4
anti (-1, 7, 9) V L7 INFEASIBLE 4.2
anti (-1, 8, 8) V L7 INFEASIBLE 4.1
anti (-1, 7, 3) V L7 INFEASIBLE 4.5
anti (-1, 8, 4) V L7 INFEASIBLE 5.3
anti (-1, 9, 5) V L7 INFEASIBLE 4.8
anti (-1, 9, 7) V L7 INFEASIBLE 4.4
anti (-1, 10, 6) V L7 INFEASIBLE 3.8
anti (0, 3, 6) V L7 INFEASIBLE 1.0
anti (0, 4, 5) V L7 INFEASIBLE 1.2
anti (0, 4, 7) V L7 INFEASIBLE 5.0
anti (0, 6, 3) V L7 INFEASIBLE 0.9
anti (0, 5, 4) V L7 INFEASIBLE 1.2
anti (0, 5, 8) V L7 INFEASIBLE 5.4
anti (0, 6, 9) V L7 INFEASIBLE 4.7
anti (0, 7, 4) V L7 INFEASIBLE 0.9
anti (0, 7, 8) V L7 INFEASIBLE 4.7
anti (0, 9, 6) V L7 INFEASIBLE 4.9
anti (0, 8, 7) V L7 INFEASIBLE 4.8
anti (0, 8, 5) V L7 INFEASIBLE 5.9
anti (1, 6, 4) V L7 INFEASIBLE 2.4
anti (1, 4, 6) V L7 INFEASIBLE 5.8
anti (1, 5, 5) V L7 INFEASIBLE 3.1
anti (1, 5, 7) V L7 INFEASIBLE 5.5
anti (1, 6, 8) V L7 INFEASIBLE 5.5
anti (1, 7, 7) V L7 INFEASIBLE 5.1
anti (1, 8, 6) V L7 INFEASIBLE 5.4
anti (1, 7, 5) V L7 INFEASIBLE 5.7
flipy (-3, 4, 0) V L7 INFEASIBLE 1.3
flipy (-2, 3, 0) V L7 SKEL_OVERLAP 0.0
flipy (-3, 6, -2) V L7 INFEASIBLE 5.0
flipy (-3, 5, -1) V L7 INFEASIBLE 2.4
flipy (-3, 5, 1) V L7 INFEASIBLE 5.0
flipy (-3, 6, 2) V L7 INFEASIBLE 4.5
flipy (-3, 7, -1) V L7 INFEASIBLE 5.2
flipy (-3, 7, 1) V L7 INFEASIBLE 5.0
flipy (-3, 8, 0) V L7 INFEASIBLE 5.3
flipy (-2, 5, -2) V L7 INFEASIBLE 1.1
flipy (-2, 4, -1) V L7 INFEASIBLE 0.9
flipy (-2, 4, 1) V L7 INFEASIBLE 1.1
flipy (-2, 6, -3) V L7 INFEASIBLE 5.0
flipy (-1, 2, 0) V L7 SKEL_OVERLAP 0.0
flipy (-1, 3, -1) V L7 SKEL_OVERLAP 0.0
flipy (-1, 3, 1) V L7 SKEL_OVERLAP 0.0
flipy (-2, 5, 2) V L7 INFEASIBLE 5.2
flipy (-2, 6, 3) V L7 INFEASIBLE 4.8
flipy (-2, 7, -2) V L7 INFEASIBLE 4.7
flipy (-2, 7, 2) V L7 INFEASIBLE 4.8
flipy (-2, 9, 0) V L7 INFEASIBLE 4.5
flipy (-2, 8, -1) V L7 INFEASIBLE 5.8
flipy (-2, 8, 1) V L7 INFEASIBLE 5.5
flipy (-1, 4, -2) V L7 INFEASIBLE 0.7
flipy (-1, 4, 2) V L7 INFEASIBLE 1.0
flipy (-1, 6, -4) V L7 INFEASIBLE 4.5
flipy (-1, 5, -3) V L7 INFEASIBLE 4.9
flipy (-1, 5, 3) V L7 INFEASIBLE 5.1
flipy (-1, 6, 4) V L7 INFEASIBLE 4.4
flipy (0, 3, 0) V L7 SKEL_OVERLAP 0.0
flipy (-1, 7, 3) V L7 INFEASIBLE 4.9
flipy (-1, 7, -3) V L7 INFEASIBLE 4.8
flipy (-1, 8, -2) V L7 INFEASIBLE 4.8
flipy (-1, 8, 2) V L7 INFEASIBLE 4.9
flipy (-1, 9, -1) V L7 INFEASIBLE 4.6
flipy (-1, 9, 1) V L7 INFEASIBLE 4.3
flipy (-1, 10, 0) V L7 INFEASIBLE 4.0
flipy (0, 4, -1) V L7 INFEASIBLE 1.2
flipy (0, 5, 2) V L7 INFEASIBLE 1.0
flipy (0, 4, 1) V L7 INFEASIBLE 1.3
flipy (0, 6, -3) V L7 INFEASIBLE 5.2
flipy (0, 5, -2) V L7 INFEASIBLE 5.4
flipy (0, 6, 3) V L7 INFEASIBLE 5.2
flipy (0, 7, -2) V L7 INFEASIBLE 5.3
flipy (0, 7, 2) V L7 INFEASIBLE 5.2
flipy (0, 8, -1) V L7 INFEASIBLE 5.6
flipy (0, 9, 0) V L7 INFEASIBLE 4.5
flipy (0, 8, 1) V L7 INFEASIBLE 5.9
flipy (1, 4, 0) V L7 INFEASIBLE 1.2
flipy (1, 5, -1) V L7 INFEASIBLE 5.6
flipy (1, 6, -2) V L7 INFEASIBLE 5.1
flipy (1, 5, 1) V L7 INFEASIBLE 2.8
flipz (-3, 0, 4) V L7 SKEL_OVERLAP 0.0
flipy (1, 6, 2) V L7 INFEASIBLE 5.2
flipy (1, 7, -1) V L7 INFEASIBLE 5.5
flipy (1, 8, 0) V L7 INFEASIBLE 5.6
flipy (1, 7, 1) V L7 INFEASIBLE 5.8
flipz (-3, -2, 6) V L7 INFEASIBLE 2.1
flipz (-3, -1, 5) V L7 INFEASIBLE 1.2
flipz (-3, 0, 8) V L7 INFEASIBLE 5.9
flipz (-2, -1, 4) V L7 SKEL_OVERLAP 0.0
flipz (-3, -1, 7) V L7 INFEASIBLE 5.9
flipz (-2, 0, 3) V L7 SKEL_OVERLAP 0.0
flipz (-3, 1, 5) V L7 INFEASIBLE 3.0
flipz (-2, 1, 4) V L7 SKEL_OVERLAP 0.0
flipz (-2, -3, 6) V L7 INFEASIBLE 1.0
flipz (-3, 1, 7) V L7 INFEASIBLE 5.3
flipz (-3, 2, 6) V L7 INFEASIBLE 5.9
flipz (-2, -2, 5) V L7 INFEASIBLE 0.7
flipz (-2, -2, 7) V L7 INFEASIBLE 0.9
flipz (-2, 0, 9) V L7 INFEASIBLE 5.4
flipz (-2, -1, 8) V L7 INFEASIBLE 5.5
flipz (-1, -2, 4) V L7 SKEL_OVERLAP 0.0
flipz (-2, 1, 8) V L7 INFEASIBLE 5.4
flipz (-1, -1, 3) V L7 SKEL_OVERLAP 0.0
flipz (-2, 2, 5) V L7 INFEASIBLE 8.2
flipz (-1, 0, 2) V L7 SKEL_OVERLAP 0.0
flipz (-1, -4, 6) V L7 INFEASIBLE 6.9
flipz (-1, 1, 3) V L7 SKEL_OVERLAP 0.0
flipz (-2, 2, 7) V L7 INFEASIBLE 6.6
flipz (-1, 2, 4) V L7 SKEL_OVERLAP 0.0
flipz (-2, 3, 6) V L7 INFEASIBLE 7.2
flipz (-1, -3, 5) V L7 INFEASIBLE 6.1
flipz (-1, -3, 7) V L7 INFEASIBLE 5.5
flipz (-1, -2, 8) V L7 INFEASIBLE 5.3
flipz (-1, -1, 9) V L7 INFEASIBLE 5.7
flipz (-1, 0, 10) V L7 INFEASIBLE 4.7
flipz (-1, 1, 9) V L7 INFEASIBLE 5.6
flipz (0, -1, 4) V L7 SKEL_OVERLAP 0.0
flipz (-1, 2, 8) V L7 INFEASIBLE 5.3
flipz (0, 0, 3) V L7 SKEL_OVERLAP 0.0
flipz (-1, 3, 5) V L7 INFEASIBLE 6.0
flipz (0, 1, 4) V L7 SKEL_OVERLAP 0.0
flipz (-1, 3, 7) V L7 INFEASIBLE 5.3
flipz (-1, 4, 6) V L7 INFEASIBLE 5.7
flipz (0, -3, 6) V L7 INFEASIBLE 5.8
flipz (0, -2, 5) V L7 INFEASIBLE 5.9
flipz (0, -2, 7) V L7 INFEASIBLE 5.2
flipz (0, -1, 8) V L7 INFEASIBLE 5.9
flipz (0, 0, 9) V L7 INFEASIBLE 6.3
flipz (1, 0, 4) V L7 SKEL_OVERLAP 0.0
flipz (0, 2, 5) V L7 INFEASIBLE 0.7
flipz (0, 2, 7) V L7 INFEASIBLE 1.0
flipz (0, 1, 8) V L7 INFEASIBLE 6.0
flipz (0, 3, 6) V L7 INFEASIBLE 1.0
flipz (1, -1, 5) V L7 INFEASIBLE 0.9
flipz (1, -2, 6) V L7 INFEASIBLE 6.4
flipz (1, -1, 7) V L7 INFEASIBLE 5.6
flipz (1, 0, 8) V L7 INFEASIBLE 6.3
flipz (1, 1, 5) V L7 INFEASIBLE 0.8
flipz (1, 2, 6) V L7 INFEASIBLE 2.3
flipz (1, 1, 7) V L7 INFEASIBLE 5.9
rot180 (-3, 4, 6) V L7 INFEASIBLE 2.5
rot180 (-3, 5, 5) V L7 INFEASIBLE 2.4
rot180 (-3, 5, 7) V L7 INFEASIBLE 6.3
rot180 (-3, 6, 8) V L7 INFEASIBLE 5.7
rot180 (-3, 7, 7) V L7 INFEASIBLE 5.7
rot180 (-3, 6, 4) V L7 INFEASIBLE 5.4
rot180 (-3, 7, 5) V L7 INFEASIBLE 6.4
rot180 (-3, 8, 6) V L7 INFEASIBLE 5.6
rot180 (-2, 3, 6) V L7 INFEASIBLE 1.1
rot180 (-2, 4, 7) V L7 INFEASIBLE 1.1
rot180 (-2, 4, 5) V L7 INFEASIBLE 1.2
rot180 (-2, 5, 4) V L7 INFEASIBLE 1.1
rot180 (-2, 6, 3) V L7 INFEASIBLE 5.1
rot180 (-2, 6, 9) V L7 INFEASIBLE 5.6
rot180 (-2, 5, 8) V L7 INFEASIBLE 6.1
rot180 (-2, 7, 4) V L7 INFEASIBLE 6.1
rot180 (-1, 4, 4) V L7 SKEL_OVERLAP 0.0
rot180 (-2, 7, 8) V L7 INFEASIBLE 5.5
rot180 (-2, 9, 6) V L7 INFEASIBLE 4.7
rot180 (-2, 8, 7) V L7 INFEASIBLE 5.4
rot180 (-2, 8, 5) V L7 INFEASIBLE 5.9
rot180 (-1, 2, 6) V L7 INFEASIBLE 1.0
rot180 (-1, 3, 7) V L7 INFEASIBLE 0.9
rot180 (-1, 3, 5) V L7 INFEASIBLE 1.1
rot180 (-1, 5, 3) V L7 INFEASIBLE 1.0
rot180 (-1, 4, 8) V L7 INFEASIBLE 5.7
rot180 (-1, 6, 10) V L7 INFEASIBLE 4.3
rot180 (-1, 6, 2) V L7 INFEASIBLE 5.0
rot180 (-1, 5, 9) V L7 INFEASIBLE 5.5
rot180 (-1, 7, 9) V L7 INFEASIBLE 4.8
rot180 (-1, 7, 3) V L7 INFEASIBLE 5.5
rot180 (-1, 8, 8) V L7 INFEASIBLE 4.5
rot180 (-1, 8, 4) V L7 INFEASIBLE 5.1
rot180 (-1, 9, 5) V L7 INFEASIBLE 4.2
rot180 (-1, 9, 7) V L7 INFEASIBLE 4.1
rot180 (-1, 10, 6) V L7 INFEASIBLE 4.0
rot180 (0, 3, 6) V L7 INFEASIBLE 1.1
rot180 (0, 4, 7) V L7 INFEASIBLE 1.1
rot180 (0, 4, 5) V L7 INFEASIBLE 1.5
rot180 (0, 5, 4) V L7 INFEASIBLE 1.3
rot180 (0, 6, 3) V L7 INFEASIBLE 5.4
rot180 (0, 5, 8) V L7 INFEASIBLE 6.2
rot180 (0, 6, 9) V L7 INFEASIBLE 5.7
rot180 (0, 7, 4) V L7 INFEASIBLE 5.6
rot180 (0, 7, 8) V L7 INFEASIBLE 5.2
rot180 (0, 9, 6) V L7 INFEASIBLE 5.0
rot180 (0, 8, 5) V L7 INFEASIBLE 6.4
rot180 (0, 8, 7) V L7 INFEASIBLE 5.7
rot180 (1, 4, 6) V L7 INFEASIBLE 2.7
rot180 (1, 5, 5) V L7 INFEASIBLE 2.8
rot180 (1, 5, 7) V L7 INFEASIBLE 6.2
rot180 (1, 6, 4) V L7 INFEASIBLE 5.5
rot180 (1, 6, 8) V L7 INFEASIBLE 5.4
rot180 (1, 8, 6) V L7 INFEASIBLE 5.7
rot180 (1, 7, 7) V L7 INFEASIBLE 5.7
rot180 (1, 7, 5) V L7 INFEASIBLE 6.0
rot90 (-3, 4, 0) V L7 INFEASIBLE 1.4
rot90 (-2, 3, 0) V L7 SKEL_OVERLAP 0.0
rot90 (-3, 5, -1) V L7 INFEASIBLE 2.5
rot90 (-2, 4, 1) V L7 SKEL_OVERLAP 0.0
rot90 (-3, 5, 1) V L7 INFEASIBLE 2.7
rot90 (-3, 6, -2) V L7 INFEASIBLE 5.2
rot90 (-3, 6, 2) V L7 INFEASIBLE 5.2
rot90 (-3, 7, -1) V L7 INFEASIBLE 5.0
rot90 (-3, 8, 0) V L7 INFEASIBLE 6.0
rot90 (-3, 7, 1) V L7 INFEASIBLE 5.3
rot90 (-2, 4, -1) V L7 INFEASIBLE 0.6
rot90 (-2, 5, -2) V L7 INFEASIBLE 0.9
rot90 (-2, 6, -3) V L7 INFEASIBLE 5.2
rot90 (-1, 2, 0) V L7 SKEL_OVERLAP 0.0
rot90 (-1, 3, -1) V L7 SKEL_OVERLAP 0.0
rot90 (-1, 3, 1) V L7 SKEL_OVERLAP 0.0
rot90 (-2, 5, 2) V L7 INFEASIBLE 1.2
rot90 (-1, 4, 2) V L7 SKEL_OVERLAP 0.0
rot90 (-2, 6, 3) V L7 INFEASIBLE 5.1
rot90 (-2, 7, -2) V L7 INFEASIBLE 5.3
rot90 (-2, 8, -1) V L7 INFEASIBLE 6.3
rot90 (-2, 7, 2) V L7 INFEASIBLE 5.6
rot90 (-2, 9, 0) V L7 INFEASIBLE 5.6
rot90 (-2, 8, 1) V L7 INFEASIBLE 5.7
rot90 (-1, 4, -2) V L7 INFEASIBLE 0.6
rot90 (-1, 5, -3) V L7 INFEASIBLE 5.0
rot90 (-1, 6, -4) V L7 INFEASIBLE 4.3
rot90 (-1, 5, 3) V L7 INFEASIBLE 0.9
rot90 (-1, 7, -3) V L7 INFEASIBLE 4.7
rot90 (0, 3, 0) V L7 SKEL_OVERLAP 0.0
rot90 (-1, 6, 4) V L7 INFEASIBLE 4.7
rot90 (0, 4, 1) V L7 SKEL_OVERLAP 0.0
rot90 (-1, 7, 3) V L7 INFEASIBLE 4.6
rot90 (-1, 8, -2) V L7 INFEASIBLE 4.9
rot90 (-1, 8, 2) V L7 INFEASIBLE 5.1
rot90 (-1, 9, -1) V L7 INFEASIBLE 4.7
rot90 (-1, 10, 0) V L7 INFEASIBLE 4.0
rot90 (-1, 9, 1) V L7 INFEASIBLE 4.8
rot90 (0, 4, -1) V L7 INFEASIBLE 1.0
rot90 (0, 5, -2) V L7 INFEASIBLE 5.2
rot90 (0, 6, -3) V L7 INFEASIBLE 5.2
rot90 (0, 5, 2) V L7 INFEASIBLE 0.6
rot90 (0, 6, 3) V L7 INFEASIBLE 0.9
rot90 (0, 7, 2) V L7 INFEASIBLE 1.0
rot90 (0, 7, -2) V L7 INFEASIBLE 5.3
rot90 (0, 8, -1) V L7 INFEASIBLE 5.5
rot90 (0, 9, 0) V L7 INFEASIBLE 5.2
rot90 (0, 8, 1) V L7 INFEASIBLE 6.1
rot90 (1, 4, 0) V L7 INFEASIBLE 0.6
rot90 (1, 5, -1) V L7 INFEASIBLE 5.1
rot90 (1, 5, 1) V L7 INFEASIBLE 1.2
rot90 (1, 6, -2) V L7 INFEASIBLE 5.2
rot90 (1, 6, 2) V L7 INFEASIBLE 2.2
rot90 (1, 7, -1) V L7 INFEASIBLE 5.1
rot90 (1, 8, 0) V L7 INFEASIBLE 5.9
rot90 (1, 7, 1) V L7 INFEASIBLE 6.2
rot270 (-3, -2, 6) V L7 INFEASIBLE 2.4
rot270 (-3, -1, 5) V L7 INFEASIBLE 1.2
rot270 (-3, 0, 8) V L7 INFEASIBLE 5.4
rot270 (-3, -1, 7) V L7 INFEASIBLE 5.6
rot270 (-2, -1, 4) V L7 SKEL_OVERLAP 0.0
rot270 (-3, 0, 4) V L7 INFEASIBLE 2.3
rot270 (-2, 0, 3) V L7 SKEL_OVERLAP 0.0
rot270 (-3, 1, 5) V L7 INFEASIBLE 4.9
rot270 (-2, -3, 6) V L7 INFEASIBLE 0.9
rot270 (-3, 1, 7) V L7 INFEASIBLE 4.9
rot270 (-3, 2, 6) V L7 INFEASIBLE 5.6
rot270 (-2, -2, 7) V L7 INFEASIBLE 1.0
rot270 (-2, 0, 9) V L7 INFEASIBLE 5.1
rot270 (-2, -2, 5) V L7 INFEASIBLE 0.7
rot270 (-2, -1, 8) V L7 INFEASIBLE 5.8
rot270 (-2, 1, 4) V L7 INFEASIBLE 1.2
rot270 (-1, -2, 4) V L7 SKEL_OVERLAP 0.0
rot270 (-2, 1, 8) V L7 INFEASIBLE 5.3
rot270 (-1, -1, 3) V L7 SKEL_OVERLAP 0.0
rot270 (-2, 2, 7) V L7 INFEASIBLE 5.4
rot270 (-1, 0, 2) V L7 SKEL_OVERLAP 0.0
rot270 (-2, 2, 5) V L7 INFEASIBLE 5.9
rot270 (-1, 1, 3) V L7 SKEL_OVERLAP 0.0
rot270 (-2, 3, 6) V L7 INFEASIBLE 7.3
rot270 (-1, -3, 5) V L7 INFEASIBLE 1.8
rot270 (-1, -4, 6) V L7 INFEASIBLE 7.9
rot270 (-1, -3, 7) V L7 INFEASIBLE 8.4
rot270 (-1, -2, 8) V L7 INFEASIBLE 5.4
rot270 (-1, 0, 10) V L7 INFEASIBLE 4.2
rot270 (-1, -1, 9) V L7 INFEASIBLE 5.1
rot270 (-1, 1, 9) V L7 INFEASIBLE 4.7
rot270 (-1, 2, 4) V L7 INFEASIBLE 0.9
rot270 (0, -1, 4) V L7 SKEL_OVERLAP 0.0
rot270 (-1, 2, 8) V L7 INFEASIBLE 5.0
rot270 (0, 0, 3) V L7 SKEL_OVERLAP 0.0
rot270 (-1, 3, 5) V L7 INFEASIBLE 5.3
rot270 (-1, 3, 7) V L7 INFEASIBLE 4.8
rot270 (-1, 4, 6) V L7 INFEASIBLE 4.4
rot270 (0, -2, 5) V L7 INFEASIBLE 1.1
rot270 (0, -3, 6) V L7 INFEASIBLE 5.0
rot270 (0, -2, 7) V L7 INFEASIBLE 5.3
rot270 (0, 0, 9) V L7 INFEASIBLE 5.6
rot270 (0, -1, 8) V L7 INFEASIBLE 6.0
rot270 (0, 1, 4) V L7 INFEASIBLE 0.6
rot270 (0, 1, 8) V L7 INFEASIBLE 5.9
rot270 (0, 2, 5) V L7 INFEASIBLE 1.0
rot270 (0, 2, 7) V L7 INFEASIBLE 5.3
rot270 (0, 3, 6) V L7 INFEASIBLE 5.4
rot270 (1, -1, 5) V L7 INFEASIBLE 0.8
id (-3, -2, 0) V L7 SKEL_OVERLAP 0.0
id (-3, -1, -1) V L7 SKEL_OVERLAP 0.0
id (-3, -1, 1) V L7 SKEL_OVERLAP 0.0
id (-3, 0, -2) V L7 SKEL_OVERLAP 0.0
id (-3, 0, 2) V L7 SKEL_OVERLAP 0.0
id (-3, 1, -1) V L7 SKEL_OVERLAP 0.0
id (-3, 1, 1) V L7 SKEL_OVERLAP 0.0
rot270 (1, -2, 6) V L7 INFEASIBLE 5.3
rot270 (1, -1, 7) V L7 INFEASIBLE 5.5
id (-2, -2, -1) V L7 SKEL_OVERLAP 0.0
id (-2, -2, 1) V L7 SKEL_OVERLAP 0.0
id (-2, -1, -2) V L7 SKEL_OVERLAP 0.0
id (-2, -1, 2) V L7 SKEL_OVERLAP 0.0
rot270 (1, 0, 4) V L7 INFEASIBLE 0.7
rot270 (1, 0, 8) V L7 INFEASIBLE 5.7
id (-2, 1, -2) V L7 SKEL_OVERLAP 0.0
id (-2, 1, 2) V L7 SKEL_OVERLAP 0.0
rot270 (1, 1, 5) V L7 INFEASIBLE 2.5
id (-2, 2, 1) V L7 SKEL_OVERLAP 0.0
rot270 (1, 2, 6) V L7 INFEASIBLE 5.3
rot270 (1, 1, 7) V L7 INFEASIBLE 5.4
id (-2, -3, 0) V L7 INFEASIBLE 0.5
id (-2, 0, -3) V L7 INFEASIBLE 0.5
id (-1, -2, -2) V L7 SKEL_OVERLAP 0.0
id (-3, 2, 0) V L7 INFEASIBLE 2.1
id (-2, 2, -1) V L7 INFEASIBLE 0.6
id (-2, 0, 3) V L7 INFEASIBLE 5.8
id (-2, 3, 0) V L7 INFEASIBLE 5.7
id (-1, -4, 0) V L7 INFEASIBLE 5.0
id (-1, -2, 2) V L7 INFEASIBLE 0.5
id (-1, -3, -1) V L7 INFEASIBLE 5.0
id (-1, -3, 1) V L7 INFEASIBLE 5.0
id (-1, 2, 2) V L7 SKEL_OVERLAP 0.0
id (-1, -1, 3) V L7 INFEASIBLE 0.5
id (-1, -1, -3) V L7 INFEASIBLE 5.1
id (-1, 0, -4) V L7 INFEASIBLE 5.1
id (-1, 0, 4) V L7 INFEASIBLE 5.3
id (0, -2, -1) V L7 SKEL_OVERLAP 0.0
id (-1, 1, -3) V L7 INFEASIBLE 0.5
id (0, -1, -2) V L7 SKEL_OVERLAP 0.0
id (0, -1, 2) V L7 SKEL_OVERLAP 0.0
id (-1, 2, -2) V L7 INFEASIBLE 0.6
id (-1, 1, 3) V L7 INFEASIBLE 5.3
id (0, 1, -2) V L7 SKEL_OVERLAP 0.0
id (0, 1, 2) V L7 SKEL_OVERLAP 0.0
id (0, 2, -1) V L7 SKEL_OVERLAP 0.0
id (0, 2, 1) V L7 SKEL_OVERLAP 0.0
id (-1, 3, -1) V L7 INFEASIBLE 5.3
id (-1, 3, 1) V L7 INFEASIBLE 5.3
id (1, -1, -1) V L7 SKEL_OVERLAP 0.0
id (1, -1, 1) V L7 SKEL_OVERLAP 0.0
id (1, 0, -2) V L7 SKEL_OVERLAP 0.0
id (1, 0, 2) V L7 SKEL_OVERLAP 0.0
id (1, 1, -1) V L7 SKEL_OVERLAP 0.0
id (1, 1, 1) V L7 SKEL_OVERLAP 0.0
id (1, 2, 0) V L7 SKEL_OVERLAP 0.0
id (-1, 4, 0) V L7 INFEASIBLE 5.4
id (0, -3, 0) V L7 INFEASIBLE 5.4
id (0, -2, 1) V L7 INFEASIBLE 0.6
id (0, 0, 3) V L7 INFEASIBLE 0.6
id (0, 0, -3) V L7 INFEASIBLE 5.6
id (0, 3, 0) V L7 INFEASIBLE 0.5
id (1, -2, 0) V L7 INFEASIBLE 2.2
