layouts 21
(0, -1, -1) (2, -2, -1) (0, -2, -1) INFEASIBLE 1.9s
(0, -1, -1) (2, -1, -2) (0, -1, -2) INFEASIBLE 0.8s
(0, -1, -1) (2, -1, 0) (0, -1, 0) INFEASIBLE 7.7s
(0, -1, -1) (2, 0, -1) (0, 0, -1) INFEASIBLE 0.6s
(0, -1, 0) (2, -2, 0) (0, -2, 0) INFEASIBLE 0.6s
(0, -1, 0) (2, -1, -1) (0, -1, -1) INFEASIBLE 0.7s
(0, -1, 0) (2, -1, 1) (0, -1, 1) INFEASIBLE 0.7s
(0, 0, -2) (2, -1, -2) (0, -1, -2) INFEASIBLE 0.3s
(0, 0, -2) (2, 0, -3) (0, 0, -3) INFEASIBLE 0.3s
(0, 0, -2) (2, 0, -1) (0, 0, -1) INFEASIBLE 0.4s
(0, 0, -2) (2, 1, -2) (0, 1, -2) INFEASIBLE 0.4s
(0, 0, -1) (2, -1, -1) (0, -1, -1) INFEASIBLE 1.2s
(0, 0, -1) (2, 0, -2) (0, 0, -2) INFEASIBLE 0.6s
(0, 0, -1) (2, 1, -1) (0, 1, -1) INFEASIBLE 0.5s
(0, 1, -1) (2, 0, -1) (0, 0, -1) INFEASIBLE 0.5s
(0, 1, -1) (2, 1, -2) (0, 1, -2) INFEASIBLE 0.5s
(0, 1, -1) (2, 1, 0) (0, 1, 0) INFEASIBLE 4.1s
(0, 1, -1) (2, 2, -1) (0, 2, -1) INFEASIBLE 0.7s
(0, 1, 0) (2, 1, -1) (0, 1, -1) INFEASIBLE 0.4s
(0, 1, 0) (2, 1, 1) (0, 1, 1) INFEASIBLE 0.3s
(0, 1, 0) (2, 2, 0) (0, 2, 0) INFEASIBLE 0.6s
