layouts 21
(0, -1, -1) (2, -2, -1) (0, -2, -1) INFEASIBLE 3.7s
(0, -1, -1) (2, -1, -2) (0, -1, -2) INFEASIBLE 3.1s
(0, -1, -1) (2, -1, 0) (0, -1, 0) INFEASIBLE 4.9s
(0, -1, -1) (2, 0, -1) (0, 0, -1) INFEASIBLE 1.3s
(0, -1, 0) (2, -2, 0) (0, -2, 0) INFEASIBLE 1.5s
(0, -1, 0) (2, -1, -1) (0, -1, -1) INFEASIBLE 3.0s
(0, -1, 0) (2, -1, 1) (0, -1, 1) INFEASIBLE 1.5s
(0, 0, -2) (2, -1, -2) (0, -1, -2) INFEASIBLE 0.7s
(0, 0, -2) (2, 0, -3) (0, 0, -3) ERR (0, (0, 0, -3), 'P')
(0, 0, -2) (2, 0, -1) (0, 0, -1) INFEASIBLE 1.3s
(0, 0, -2) (2, 1, -2) (0, 1, -2) INFEASIBLE 0.6s
(0, 0, -1) (2, -1, -1) (0, -1, -1) OPTIMAL 2.8s
K0 word=(0, 1) slime n=5: (0, -1, -1)P (0, -1, 0)g (0, 0, -1)g (0, 0, 0)g (0, 0, 1)P
N word=(1, 2) slime n=2: (2, -1, -1)g (2, 0, -1)S
K1 word=(2, 3) slime n=6: (2, -1, 1)('D', 5) (3, -1, 0)('O', 5) (3, -1, 1)g (3, 0, 0)S (3, 0, 1)g (3, 1, 1)P
K2 word=(0, 1) slime n=5: (3, 1, 0)R (4, 0, 1)S (4, 1, 0)g (4, 1, 1)g (4, 1, 2)P
K3 word=(2, 3) slime n=5: (6, 0, 2)R (7, 0, 2)g (7, 1, 1)S (7, 1, 2)g (7, 2, 2)P
K4 word=(0, 1) slime n=5: (7, 2, 1)R (8, 1, 2)S (8, 2, 1)g (8, 2, 2)g (8, 2, 3)P
loads {'0@0': 5, '3@0': 5, '5@0': 5, '3@1': 5, '5@1': 5, '(0, 1)@1': 7, '1@2': 3, '2@2': 6, '4@2': 5, '2@3': 6, '4@3': 5}
merges [(1, 'K0', 'N')]
riders []
(0, 0, -1) (2, 0, -2) (0, 0, -2) INFEASIBLE 2.0s
(0, 0, -1) (2, 1, -1) (0, 1, -1) INFEASIBLE 3.0s
(0, 1, -1) (2, 0, -1) (0, 0, -1) INFEASIBLE 1.4s
(0, 1, -1) (2, 1, -2) (0, 1, -2) INFEASIBLE 0.6s
(0, 1, -1) (2, 1, 0) (0, 1, 0) INFEASIBLE 2.0s
(0, 1, -1) (2, 2, -1) (0, 2, -1) INFEASIBLE 0.9s
(0, 1, 0) (2, 1, -1) (0, 1, -1) INFEASIBLE 0.3s
(0, 1, 0) (2, 1, 1) (0, 1, 1) INFEASIBLE 0.5s
(0, 1, 0) (2, 2, 0) (0, 2, 0) INFEASIBLE 0.5s
