(-2, -2, 0) SKEL_OVERLAP 0.0
(-2, -2, 1) SKEL_OVERLAP 0.0
(-2, -1, -2) INFEASIBLE 8.5
(-2, -1, -1) SKEL_OVERLAP 0.0
(-2, -1, 0) SKEL_OVERLAP 0.0
(-2, -1, 1) SKEL_OVERLAP 0.0
(-2, -1, 2) SKEL_OVERLAP 0.0
(-2, -2, 2) INFEASIBLE 8.6
(-2, 0, -1) SKEL_OVERLAP 0.0
(-2, 0, 0) SKEL_OVERLAP 0.0
(-2, 0, 1) SKEL_OVERLAP 0.0
(-2, 0, 2) SKEL_OVERLAP 0.0
(-2, -2, -1) INFEASIBLE 8.8
(-2, 1, -1) SKEL_OVERLAP 0.0
(-2, 1, 0) SKEL_OVERLAP 0.0
(-2, 1, 1) SKEL_OVERLAP 0.0
(-2, 1, -2) INFEASIBLE 8.4
(-2, 0, -2) INFEASIBLE 9.4
(-2, 2, -1) INFEASIBLE 9.0
(-2, 2, 0) INFEASIBLE 10.0
(-2, -2, -2) INFEASIBLE 38.7
(-2, 2, -2) INFEASIBLE 32.0
(-2, 1, 2) INFEASIBLE 53.5
(-1, -2, -1) INFEASIBLE 10.4
(-1, -2, 0) SKEL_OVERLAP 0.0
(-1, -2, 1) SKEL_OVERLAP 0.0
(-1, -2, 2) SKEL_OVERLAP 0.0
(-1, -1, -2) INFEASIBLE 11.1
(-2, 2, 2) INFEASIBLE 57.3
(-1, -1, -1) INFEASIBLE 14.2
(-1, -1, 1) SKEL_OVERLAP 0.0
(-2, 2, 1) INFEASIBLE 68.3
(-1, -2, -2) INFEASIBLE 56.5
(-1, -1, 0) INFEASIBLE 14.5
(-1, 0, 0) SKEL_OVERLAP 0.0
(-1, -1, 2) INFEASIBLE 12.6
(-1, 0, -2) INFEASIBLE 9.7
(-1, 0, -1) INFEASIBLE 11.4
(-1, 1, -1) SKEL_OVERLAP 0.0
(-1, 1, 0) SKEL_OVERLAP 0.0
(-1, 1, 1) SKEL_OVERLAP 0.0
(-1, 0, 2) INFEASIBLE 11.6
(-1, 1, -2) INFEASIBLE 8.6
(-1, 0, 1) INFEASIBLE 13.3
(-1, 1, 2) INFEASIBLE 10.1
(-1, 2, -1) INFEASIBLE 8.8
(-1, 2, 0) INFEASIBLE 10.1
(-1, 2, 1) INFEASIBLE 9.5
(-1, 2, -2) INFEASIBLE 41.2
(0, -2, 0) SKEL_OVERLAP 0.0
(0, -2, 1) SKEL_OVERLAP 0.0
(0, -2, 2) SKEL_OVERLAP 0.0
(-1, 2, 2) INFEASIBLE 46.7
(0, -1, -1) SKEL_OVERLAP 0.0
(0, -1, 0) SKEL_OVERLAP 0.0
(0, -1, 1) SKEL_OVERLAP 0.0
(0, -1, 2) SKEL_OVERLAP 0.0
(0, -2, -2) INFEASIBLE 50.3
(0, 0, -1) SKEL_OVERLAP 0.0
(0, 0, 0) SKEL_OVERLAP 0.0
(0, 0, 1) SKEL_OVERLAP 0.0
(0, 0, 2) SKEL_OVERLAP 0.0
(0, 0, -2) INFEASIBLE 9.7
(0, 1, -2) INFEASIBLE 8.5
(0, 1, 0) SKEL_OVERLAP 0.0
(0, 1, 1) SKEL_OVERLAP 0.0
(0, -2, -1) INFEASIBLE 58.7
(0, 1, -1) INFEASIBLE 9.7
(0, 1, 2) INFEASIBLE 9.9
(0, 2, -1) INFEASIBLE 8.5
(0, 2, 0) INFEASIBLE 9.3
(0, 2, 1) INFEASIBLE 9.6
(0, -1, -2) INFEASIBLE 56.6
(0, 2, -2) INFEASIBLE 28.7
(0, 2, 2) INFEASIBLE 40.3
(1, -2, 1) SKEL_OVERLAP 0.0
(1, -2, 2) SKEL_OVERLAP 0.0
(1, -2, -2) INFEASIBLE 43.0
(1, -2, 0) INFEASIBLE 51.0
(1, -1, 0) SKEL_OVERLAP 0.0
(1, -1, 1) SKEL_OVERLAP 0.0
(1, -1, 2) SKEL_OVERLAP 0.0
(1, -2, -1) INFEASIBLE 55.1
(1, 0, -1) SKEL_OVERLAP 0.0
(1, 0, 0) SKEL_OVERLAP 0.0
(1, 0, 1) SKEL_OVERLAP 0.0
(1, 0, 2) SKEL_OVERLAP 0.0
(1, -1, -2) INFEASIBLE 70.6
(1, -1, -1) INFEASIBLE 67.8
(1, 1, 0) SKEL_OVERLAP 0.0
(1, 1, 1) SKEL_OVERLAP 0.0
(1, 1, 2) SKEL_OVERLAP 0.0
(1, 1, -1) INFEASIBLE 10.8
(1, 1, -2) INFEASIBLE 65.1
(1, 2, 0) SKEL_OVERLAP 0.0
(1, 2, 1) SKEL_OVERLAP 0.0
(1, 0, -2) INFEASIBLE 87.1
(1, 2, -2) INFEASIBLE 42.6
(1, 2, -1) INFEASIBLE 41.1
(1, 2, 2) INFEASIBLE 40.0
(2, -2, -2) INFEASIBLE 38.4
(2, -2, 2) INFEASIBLE 8.6
(2, -2, -1) INFEASIBLE 44.9
(2, -2, 1) INFEASIBLE 42.1
(2, -2, 0) INFEASIBLE 50.3
(2, -1, 1) SKEL_OVERLAP 0.0
(2, -1, 2) SKEL_OVERLAP 0.0
(2, -1, 0) INFEASIBLE 10.3
(2, 0, -1) INFEASIBLE 9.3
(2, 0, 0) SKEL_OVERLAP 0.0
(2, 0, 1) SKEL_OVERLAP 0.0
(2, 0, 2) SKEL_OVERLAP 0.0
(2, -1, -2) INFEASIBLE 47.8
(2, -1, -1) INFEASIBLE 49.2
(2, 1, 0) SKEL_OVERLAP 0.0
(2, 1, 1) SKEL_OVERLAP 0.0
(2, 1, 2) SKEL_OVERLAP 0.0
(2, 1, -1) INFEASIBLE 9.3
(2, 2, -1) INFEASIBLE 8.0
(2, 2, 0) SKEL_OVERLAP 0.0
(2, 2, 1) SKEL_OVERLAP 0.0
(2, 2, 2) SKEL_OVERLAP 0.0
(2, 0, -2) INFEASIBLE 50.6
(2, 1, -2) INFEASIBLE 41.6
(2, 2, -2) INFEASIBLE 30.0
