(-2, -2, 0) SKEL_OVERLAP 0.0
(-2, -2, 1) SKEL_OVERLAP 0.0
(-2, -1, -2) INFEASIBLE 7.1
(-2, -1, -1) SKEL_OVERLAP 0.0
(-2, -1, 0) SKEL_OVERLAP 0.0
(-2, -1, 1) SKEL_OVERLAP 0.0
(-2, -1, 2) SKEL_OVERLAP 0.0
(-2, -2, -1) INFEASIBLE 7.4
(-2, 0, -1) SKEL_OVERLAP 0.0
(-2, 0, 0) SKEL_OVERLAP 0.0
(-2, 0, 1) SKEL_OVERLAP 0.0
(-2, 0, 2) SKEL_OVERLAP 0.0
(-2, -2, 2) INFEASIBLE 7.8
(-2, 1, -1) SKEL_OVERLAP 0.0
(-2, 1, 0) SKEL_OVERLAP 0.0
(-2, 1, 1) SKEL_OVERLAP 0.0
(-2, 1, -2) INFEASIBLE 7.5
(-2, 0, -2) INFEASIBLE 8.3
(-2, 2, -1) INFEASIBLE 8.8
(-2, 2, 0) INFEASIBLE 9.8
(-2, -2, -2) INFEASIBLE 113.8
(-2, 2, -2) INFEASIBLE 114.0
(-2, 1, 2) INFEASIBLE 139.9
(-1, -2, -1) INFEASIBLE 10.3
(-1, -2, 0) SKEL_OVERLAP 0.0
(-1, -2, 1) SKEL_OVERLAP 0.0
(-1, -2, 2) SKEL_OVERLAP 0.0
(-1, -1, -2) INFEASIBLE 10.9
(-1, -1, -1) INFEASIBLE 13.7
(-1, -1, 0) INFEASIBLE 15.4
(-1, -1, 1) SKEL_OVERLAP 0.0
(-1, -1, 2) INFEASIBLE 13.2
(-1, 0, -2) INFEASIBLE 12.0
(-2, 2, 1) INFEASIBLE 199.1
(-1, 0, 0) SKEL_OVERLAP 0.0
(-1, 0, -1) INFEASIBLE 12.8
(-1, 0, 1) INFEASIBLE 14.3
(-1, 0, 2) INFEASIBLE 12.5
(-1, 1, -1) SKEL_OVERLAP 0.0
(-1, 1, 0) SKEL_OVERLAP 0.0
(-1, 1, 1) SKEL_OVERLAP 0.0
(-1, 1, -2) INFEASIBLE 9.8
(-2, 2, 2) INFEASIBLE 145.0
(-1, 1, 2) INFEASIBLE 10.7
(-1, 2, -1) INFEASIBLE 8.2
(-1, 2, 0) INFEASIBLE 9.2
(-1, 2, 1) INFEASIBLE 9.5
(-1, -2, -2) INFEASIBLE 158.9
(-1, 2, 2) INFEASIBLE 144.9
(0, -2, 0) SKEL_OVERLAP 0.0
(0, -2, 1) SKEL_OVERLAP 0.0
(0, -2, 2) SKEL_OVERLAP 0.0
(0, -2, -2) INFEASIBLE 169.7
(0, -1, -1) SKEL_OVERLAP 0.0
(0, -1, 0) SKEL_OVERLAP 0.0
(0, -1, 1) SKEL_OVERLAP 0.0
(0, -1, 2) SKEL_OVERLAP 0.0
(0, -2, -1) INFEASIBLE 161.4
(0, 0, -1) SKEL_OVERLAP 0.0
(0, 0, 0) SKEL_OVERLAP 0.0
(0, 0, 1) SKEL_OVERLAP 0.0
(0, 0, 2) SKEL_OVERLAP 0.0
(0, 0, -2) INFEASIBLE 10.0
(0, 1, -2) INFEASIBLE 8.5
(0, 1, 0) SKEL_OVERLAP 0.0
(0, 1, 1) SKEL_OVERLAP 0.0
(0, 1, -1) INFEASIBLE 10.8
(0, 1, 2) INFEASIBLE 11.0
(0, 2, -1) INFEASIBLE 9.5
(0, 2, 0) INFEASIBLE 10.1
(0, 2, 1) INFEASIBLE 11.1
(0, 2, -2) INFEASIBLE 82.9
(-1, 2, -2) UNKNOWN 307.6
(0, -1, -2) INFEASIBLE 177.0
(0, 2, 2) INFEASIBLE 122.8
(1, -2, 1) SKEL_OVERLAP 0.0
(1, -2, 2) SKEL_OVERLAP 0.0
(1, -2, 0) INFEASIBLE 95.7
(1, -2, -2) INFEASIBLE 149.0
(1, -1, 0) SKEL_OVERLAP 0.0
(1, -1, 1) SKEL_OVERLAP 0.0
(1, -1, 2) SKEL_OVERLAP 0.0
(1, -2, -1) INFEASIBLE 187.5
(1, 0, -1) SKEL_OVERLAP 0.0
(1, 0, 0) SKEL_OVERLAP 0.0
(1, 0, 1) SKEL_OVERLAP 0.0
(1, 0, 2) SKEL_OVERLAP 0.0
(1, -1, -2) INFEASIBLE 248.1
(1, 1, -1) INFEASIBLE 11.4
(1, 1, 0) SKEL_OVERLAP 0.0
(1, 1, 1) SKEL_OVERLAP 0.0
(1, 1, 2) SKEL_OVERLAP 0.0
(1, -1, -1) INFEASIBLE 213.1
(1, 1, -2) INFEASIBLE 200.9
(1, 2, 0) SKEL_OVERLAP 0.0
(1, 2, 1) SKEL_OVERLAP 0.0
(1, 0, -2) INFEASIBLE 266.4
(1, 2, -1) INFEASIBLE 93.5
(1, 2, -2) INFEASIBLE 124.2
(1, 2, 2) INFEASIBLE 92.0
(2, -2, -2) INFEASIBLE 128.6
(2, -2, 2) INFEASIBLE 10.0
(2, -2, 1) INFEASIBLE 66.7
(2, -2, -1) INFEASIBLE 121.1
(2, -1, 0) INFEASIBLE 10.4
(2, -1, 1) SKEL_OVERLAP 0.0
(2, -1, 2) SKEL_OVERLAP 0.0
(2, -2, 0) INFEASIBLE 137.7
(2, 0, -1) INFEASIBLE 10.2
(2, 0, 0) SKEL_OVERLAP 0.0
(2, 0, 1) SKEL_OVERLAP 0.0
(2, 0, 2) SKEL_OVERLAP 0.0
(2, -1, -1) INFEASIBLE 160.7
(2, 1, -1) INFEASIBLE 10.9
(2, 1, 0) SKEL_OVERLAP 0.0
(2, 1, 1) SKEL_OVERLAP 0.0
(2, 1, 2) SKEL_OVERLAP 0.0
(2, -1, -2) INFEASIBLE 188.1
(2, 2, -1) INFEASIBLE 8.8
(2, 2, 0) SKEL_OVERLAP 0.0
(2, 2, 1) SKEL_OVERLAP 0.0
(2, 2, 2) SKEL_OVERLAP 0.0
(2, 1, -2) INFEASIBLE 157.2
(2, 0, -2) INFEASIBLE 196.8
(2, 2, -2) INFEASIBLE 69.8
