(-2, -2, 0) SKEL_OVERLAP 0.0
(-2, -2, 1) SKEL_OVERLAP 0.0
(-2, -1, -2) INFEASIBLE 4.1
(-2, -1, -1) SKEL_OVERLAP 0.0
(-2, -1, 0) SKEL_OVERLAP 0.0
(-2, -1, 1) SKEL_OVERLAP 0.0
(-2, -1, 2) SKEL_OVERLAP 0.0
(-2, -2, 2) INFEASIBLE 4.2
(-2, 0, -1) SKEL_OVERLAP 0.0
(-2, 0, 0) SKEL_OVERLAP 0.0
(-2, 0, 1) SKEL_OVERLAP 0.0
(-2, 0, 2) SKEL_OVERLAP 0.0
(-2, -2, -1) INFEASIBLE 4.3
(-2, 1, -1) SKEL_OVERLAP 0.0
(-2, 1, 0) SKEL_OVERLAP 0.0
(-2, 1, 1) SKEL_OVERLAP 0.0
(-2, 1, -2) INFEASIBLE 4.3
(-2, 0, -2) INFEASIBLE 4.8
(-2, 2, -1) INFEASIBLE 4.5
(-2, 2, 0) INFEASIBLE 5.4
(-2, -2, -2) UNKNOWN 303.7
(-2, 1, 2) UNKNOWN 305.3
(-2, 2, -2) UNKNOWN 303.6
(-1, -2, -1) INFEASIBLE 5.3
(-1, -2, 0) SKEL_OVERLAP 0.0
(-1, -2, 1) SKEL_OVERLAP 0.0
(-1, -2, 2) SKEL_OVERLAP 0.0
(-1, -1, -2) INFEASIBLE 5.3
(-2, 2, 1) UNKNOWN 305.9
(-1, -1, -1) INFEASIBLE 6.4
(-1, -1, 1) SKEL_OVERLAP 0.0
(-1, -1, 0) INFEASIBLE 7.6
(-1, -1, 2) INFEASIBLE 6.8
(-1, 0, -2) INFEASIBLE 5.7
(-1, 0, 0) SKEL_OVERLAP 0.0
(-1, 0, -1) INFEASIBLE 6.8
(-1, 0, 1) INFEASIBLE 7.6
(-1, 0, 2) INFEASIBLE 6.6
(-1, 1, -1) SKEL_OVERLAP 0.0
(-1, 1, 0) SKEL_OVERLAP 0.0
(-1, 1, 1) SKEL_OVERLAP 0.0
(-1, 1, -2) INFEASIBLE 4.8
(-1, 1, 2) INFEASIBLE 6.0
(-1, 2, -1) INFEASIBLE 4.9
(-1, 2, 0) INFEASIBLE 5.7
(-1, 2, 1) INFEASIBLE 6.3
(-2, 2, 2) UNKNOWN 305.2
(-1, -2, -2) UNKNOWN 304.5
(-1, 2, -2) UNKNOWN 304.3
(0, -2, 0) SKEL_OVERLAP 0.0
(0, -2, 1) SKEL_OVERLAP 0.0
(0, -2, 2) SKEL_OVERLAP 0.0
(-1, 2, 2) UNKNOWN 305.3
(0, -1, -1) SKEL_OVERLAP 0.0
(0, -1, 0) SKEL_OVERLAP 0.0
(0, -1, 1) SKEL_OVERLAP 0.0
(0, -1, 2) SKEL_OVERLAP 0.0
(0, 0, -2) INFEASIBLE 5.7
(0, 0, -1) SKEL_OVERLAP 0.0
(0, 0, 0) SKEL_OVERLAP 0.0
(0, 0, 1) SKEL_OVERLAP 0.0
(0, 0, 2) SKEL_OVERLAP 0.0
(0, 1, -2) INFEASIBLE 6.1
(0, 1, -1) INFEASIBLE 7.1
(0, 1, 0) SKEL_OVERLAP 0.0
(0, 1, 1) SKEL_OVERLAP 0.0
(0, 1, 2) INFEASIBLE 7.2
(0, -2, -2) UNKNOWN 305.3
(0, 2, -1) INFEASIBLE 5.5
(0, -2, -1) UNKNOWN 305.7
(0, 2, 0) INFEASIBLE 5.5
(0, 2, 1) INFEASIBLE 5.9
(0, -1, -2) UNKNOWN 306.0
(0, 2, -2) UNKNOWN 304.8
(0, 2, 2) UNKNOWN 305.2
(1, -2, 1) SKEL_OVERLAP 0.0
(1, -2, 2) SKEL_OVERLAP 0.0
(1, -2, -2) UNKNOWN 304.7
(1, -2, -1) UNKNOWN 306.0
(1, -1, 0) SKEL_OVERLAP 0.0
(1, -1, 1) SKEL_OVERLAP 0.0
(1, -1, 2) SKEL_OVERLAP 0.0
(1, -2, 0) UNKNOWN 306.7
(1, 0, -1) SKEL_OVERLAP 0.0
(1, 0, 0) SKEL_OVERLAP 0.0
(1, 0, 1) SKEL_OVERLAP 0.0
(1, 0, 2) SKEL_OVERLAP 0.0
(1, -1, -2) UNKNOWN 305.4
(1, -1, -1) UNKNOWN 306.0
(1, 1, 0) SKEL_OVERLAP 0.0
(1, 1, 1) SKEL_OVERLAP 0.0
(1, 1, 2) SKEL_OVERLAP 0.0
(1, 1, -1) INFEASIBLE 5.7
(1, 0, -2) UNKNOWN 305.5
(1, 2, 0) SKEL_OVERLAP 0.0
(1, 2, 1) SKEL_OVERLAP 0.0
(1, 1, -2) UNKNOWN 305.9
(1, 2, -2) UNKNOWN 304.7
(1, 2, -1) UNKNOWN 304.6
(1, 2, 2) UNKNOWN 305.1
(2, -2, 1) INFEASIBLE 7.1
(2, -2, 2) INFEASIBLE 5.4
(2, -2, -2) UNKNOWN 304.6
(2, -2, -1) UNKNOWN 306.0
(2, -2, 0) UNKNOWN 305.8
(2, -1, 1) SKEL_OVERLAP 0.0
(2, -1, 2) SKEL_OVERLAP 0.0
(2, -1, 0) INFEASIBLE 7.1
(2, 0, -1) INFEASIBLE 5.7
(2, 0, 0) SKEL_OVERLAP 0.0
(2, 0, 1) SKEL_OVERLAP 0.0
(2, 0, 2) SKEL_OVERLAP 0.0
(2, -1, -2) UNKNOWN 304.9
(2, 1, -1) INFEASIBLE 5.7
(2, 1, 0) SKEL_OVERLAP 0.0
(2, 1, 1) SKEL_OVERLAP 0.0
(2, 1, 2) SKEL_OVERLAP 0.0
(2, -1, -1) UNKNOWN 306.4
(2, 2, -1) INFEASIBLE 5.0
(2, 2, 0) SKEL_OVERLAP 0.0
(2, 2, 1) SKEL_OVERLAP 0.0
(2, 2, 2) SKEL_OVERLAP 0.0
(2, 0, -2) UNKNOWN 305.0
(2, 1, -2) UNKNOWN 304.9
(2, 2, -2) UNKNOWN 304.2
