(-2, -2, 0) SKEL_OVERLAP 0.0
(-2, -2, 1) SKEL_OVERLAP 0.0
(-2, -1, -2) INFEASIBLE 3.8
(-2, -1, -1) SKEL_OVERLAP 0.0
(-2, -1, 0) SKEL_OVERLAP 0.0
(-2, -1, 1) SKEL_OVERLAP 0.0
(-2, -1, 2) SKEL_OVERLAP 0.0
(-2, -2, 2) INFEASIBLE 3.9
(-2, 0, -1) SKEL_OVERLAP 0.0
(-2, 0, 0) SKEL_OVERLAP 0.0
(-2, 0, 1) SKEL_OVERLAP 0.0
(-2, 0, 2) SKEL_OVERLAP 0.0
(-2, -2, -1) INFEASIBLE 4.0
(-2, 1, -1) SKEL_OVERLAP 0.0
(-2, 1, 0) SKEL_OVERLAP 0.0
(-2, 1, 1) SKEL_OVERLAP 0.0
(-2, 1, -2) INFEASIBLE 4.0
(-2, 0, -2) INFEASIBLE 4.3
(-2, 2, -1) INFEASIBLE 3.8
(-2, 2, 0) INFEASIBLE 4.4
(-2, 2, -2) INFEASIBLE 64.8
(-2, -2, -2) INFEASIBLE 97.3
(-2, 1, 2) INFEASIBLE 125.8
(-1, -2, -1) INFEASIBLE 8.5
(-1, -2, 0) SKEL_OVERLAP 0.0
(-1, -2, 1) SKEL_OVERLAP 0.0
(-1, -2, 2) SKEL_OVERLAP 0.0
(-1, -1, -2) INFEASIBLE 7.9
(-1, -1, -1) INFEASIBLE 9.7
(-1, -1, 0) INFEASIBLE 11.8
(-1, -1, 1) SKEL_OVERLAP 0.0
(-1, -1, 2) INFEASIBLE 10.7
(-1, 0, -2) INFEASIBLE 8.4
(-1, 0, -1) INFEASIBLE 9.9
(-1, 0, 0) SKEL_OVERLAP 0.0
(-1, 0, 1) INFEASIBLE 11.8
(-2, 2, 2) INFEASIBLE 138.6
(-1, 1, -2) INFEASIBLE 6.7
(-1, 1, -1) SKEL_OVERLAP 0.0
(-1, 1, 0) SKEL_OVERLAP 0.0
(-1, 1, 1) SKEL_OVERLAP 0.0
(-1, 0, 2) INFEASIBLE 9.6
(-1, 1, 2) INFEASIBLE 8.4
(-1, 2, -1) INFEASIBLE 7.0
(-1, 2, 0) INFEASIBLE 7.4
(-1, 2, 1) INFEASIBLE 8.0
(-1, -2, -2) INFEASIBLE 160.1
(-2, 2, 1) INFEASIBLE 271.7
(0, -2, -2) INFEASIBLE 173.3
(0, -2, 0) SKEL_OVERLAP 0.0
(0, -2, 1) SKEL_OVERLAP 0.0
(0, -2, 2) SKEL_OVERLAP 0.0
(-1, 2, 2) INFEASIBLE 193.4
(0, -1, -1) SKEL_OVERLAP 0.0
(0, -1, 0) SKEL_OVERLAP 0.0
(0, -1, 1) SKEL_OVERLAP 0.0
(0, -1, 2) SKEL_OVERLAP 0.0
(0, 0, -2) INFEASIBLE 5.1
(0, 0, -1) SKEL_OVERLAP 0.0
(0, 0, 0) SKEL_OVERLAP 0.0
(0, 0, 1) SKEL_OVERLAP 0.0
(0, 0, 2) SKEL_OVERLAP 0.0
(0, 1, -2) INFEASIBLE 4.5
(0, 1, -1) INFEASIBLE 5.6
(0, 1, 0) SKEL_OVERLAP 0.0
(0, 1, 1) SKEL_OVERLAP 0.0
(0, 1, 2) INFEASIBLE 7.9
(0, -2, -1) INFEASIBLE 188.4
(0, 2, -1) INFEASIBLE 7.2
(0, 2, 0) INFEASIBLE 8.0
(0, 2, 1) INFEASIBLE 8.7
(-1, 2, -2) UNKNOWN 306.1
(0, 2, -2) INFEASIBLE 78.9
(0, 2, 2) INFEASIBLE 123.2
(0, -1, -2) INFEASIBLE 259.8
(1, -2, 1) SKEL_OVERLAP 0.0
(1, -2, 2) SKEL_OVERLAP 0.0
(1, -2, -2) INFEASIBLE 173.8
(1, -2, 0) INFEASIBLE 157.1
(1, -1, 0) SKEL_OVERLAP 0.0
(1, -1, 1) SKEL_OVERLAP 0.0
(1, -1, 2) SKEL_OVERLAP 0.0
(1, -2, -1) INFEASIBLE 247.0
(1, 0, -1) SKEL_OVERLAP 0.0
(1, 0, 0) SKEL_OVERLAP 0.0
(1, 0, 1) SKEL_OVERLAP 0.0
(1, 0, 2) SKEL_OVERLAP 0.0
(1, -1, -1) INFEASIBLE 264.1
(1, 1, -1) INFEASIBLE 8.3
(1, 1, 0) SKEL_OVERLAP 0.0
(1, 1, 1) SKEL_OVERLAP 0.0
(1, 1, 2) SKEL_OVERLAP 0.0
(1, -1, -2) UNKNOWN 308.4
(1, 0, -2) UNKNOWN 308.6
(1, 2, 0) SKEL_OVERLAP 0.0
(1, 2, 1) SKEL_OVERLAP 0.0
(1, 1, -2) UNKNOWN 306.7
(1, 2, -2) INFEASIBLE 134.5
(1, 2, -1) INFEASIBLE 111.3
(1, 2, 2) INFEASIBLE 76.1
(2, -2, -2) INFEASIBLE 103.5
(2, -2, -1) INFEASIBLE 98.6
(2, -2, 2) INFEASIBLE 6.8
(2, -2, 1) INFEASIBLE 47.5
(2, -2, 0) INFEASIBLE 105.1
(2, -1, 1) SKEL_OVERLAP 0.0
(2, -1, 2) SKEL_OVERLAP 0.0
(2, -1, 0) INFEASIBLE 7.6
(2, 0, -1) INFEASIBLE 6.9
(2, 0, 0) SKEL_OVERLAP 0.0
(2, 0, 1) SKEL_OVERLAP 0.0
(2, 0, 2) SKEL_OVERLAP 0.0
(2, -1, -1) INFEASIBLE 105.8
(2, 1, -1) INFEASIBLE 8.5
(2, 1, 0) SKEL_OVERLAP 0.0
(2, 1, 1) SKEL_OVERLAP 0.0
(2, 1, 2) SKEL_OVERLAP 0.0
(2, -1, -2) INFEASIBLE 146.5
(2, 0, -2) INFEASIBLE 138.5
(2, 2, 0) SKEL_OVERLAP 0.0
(2, 2, 1) SKEL_OVERLAP 0.0
(2, 2, 2) SKEL_OVERLAP 0.0
(2, 1, -2) INFEASIBLE 127.9
(2, 2, -1) INFEASIBLE 6.6
(2, 2, -2) INFEASIBLE 73.5
(1, -1, -2) INFEASIBLE 314.9
(-1, 2, -2) INFEASIBLE 431.0
(1, 1, -2) INFEASIBLE 368.9
(1, 0, -2) INFEASIBLE 502.5
