(-2, -2, 0) SKEL_OVERLAP 0.0
(-2, -2, 1) SKEL_OVERLAP 0.0
(-2, -2, 2) INFEASIBLE 14.8
(-2, -1, -1) SKEL_OVERLAP 0.0
(-2, -1, 0) SKEL_OVERLAP 0.0
(-2, -1, 1) SKEL_OVERLAP 0.0
(-2, -1, 2) SKEL_OVERLAP 0.0
(-2, -1, -2) INFEASIBLE 15.0
(-2, 0, -1) SKEL_OVERLAP 0.0
(-2, 0, 0) SKEL_OVERLAP 0.0
(-2, 0, 1) SKEL_OVERLAP 0.0
(-2, 0, 2) SKEL_OVERLAP 0.0
(-2, -2, -1) INFEASIBLE 16.0
(-2, 1, -1) SKEL_OVERLAP 0.0
(-2, 1, 0) SKEL_OVERLAP 0.0
(-2, 1, 1) SKEL_OVERLAP 0.0
(-2, 1, -2) INFEASIBLE 15.8
(-2, 0, -2) INFEASIBLE 17.7
(-2, 2, -1) INFEASIBLE 16.1
(-2, -2, -2) UNKNOWN 314.7
(-2, 1, 2) UNKNOWN 319.4
(-2, 2, -2) UNKNOWN 314.3
(-2, 2, 0) UNKNOWN 317.6
(-1, -2, -1) INFEASIBLE 17.4
(-1, -2, 0) SKEL_OVERLAP 0.0
(-1, -2, 1) SKEL_OVERLAP 0.0
(-1, -2, 2) SKEL_OVERLAP 0.0
(-1, -1, -2) INFEASIBLE 17.4
(-1, -1, -1) INFEASIBLE 21.5
(-1, -1, 0) INFEASIBLE 24.5
(-1, -1, 1) SKEL_OVERLAP 0.0
(-1, -1, 2) INFEASIBLE 21.1
(-1, 0, -2) INFEASIBLE 17.8
(-1, 0, -1) INFEASIBLE 21.6
(-1, 0, 0) SKEL_OVERLAP 0.0
(-1, 0, 1) INFEASIBLE 24.2
(-1, 0, 2) INFEASIBLE 21.3
(-1, 1, -2) INFEASIBLE 15.9
(-1, 1, -1) SKEL_OVERLAP 0.0
(-1, 1, 0) SKEL_OVERLAP 0.0
(-1, 1, 1) SKEL_OVERLAP 0.0
(-1, 1, 2) INFEASIBLE 18.8
(-2, 2, 1) UNKNOWN 319.2
(-1, 2, -1) INFEASIBLE 10.1
(-2, 2, 2) UNKNOWN 316.9
(-1, -2, -2) UNKNOWN 316.7
(-1, 2, 0) INFEASIBLE 18.4
(-1, 2, 1) INFEASIBLE 17.7
(-1, 2, -2) UNKNOWN 314.7
(0, -2, 0) SKEL_OVERLAP 0.0
(0, -2, 1) SKEL_OVERLAP 0.0
(0, -2, 2) SKEL_OVERLAP 0.0
(0, -2, -2) UNKNOWN 316.6
(0, -1, -1) SKEL_OVERLAP 0.0
(0, -1, 0) SKEL_OVERLAP 0.0
(0, -1, 1) SKEL_OVERLAP 0.0
(0, -1, 2) SKEL_OVERLAP 0.0
(-1, 2, 2) UNKNOWN 317.9
(0, -2, -1) UNKNOWN 316.4
(0, 0, 0) SKEL_OVERLAP 0.0
(0, 0, 1) SKEL_OVERLAP 0.0
(0, 0, 2) SKEL_OVERLAP 0.0
(0, 0, -1) INFEASIBLE 19.9
(0, 1, -2) INFEASIBLE 20.2
(0, 1, -1) INFEASIBLE 17.4
(0, 1, 1) SKEL_OVERLAP 0.0
(0, 1, 0) INFEASIBLE 26.0
(0, 1, 2) INFEASIBLE 18.0
(0, 2, -1) INFEASIBLE 15.5
(0, 2, 0) INFEASIBLE 17.5
(0, 2, 1) INFEASIBLE 18.3
(0, -1, -2) UNKNOWN 320.7
(0, 0, -2) UNKNOWN 318.2
(0, 2, -2) UNKNOWN 318.1
(0, 2, 2) UNKNOWN 317.7
(1, -2, 1) SKEL_OVERLAP 0.0
(1, -2, 2) SKEL_OVERLAP 0.0
(1, -2, -2) UNKNOWN 317.6
(1, -2, -1) UNKNOWN 320.4
(1, -1, 0) SKEL_OVERLAP 0.0
(1, -1, 1) SKEL_OVERLAP 0.0
(1, -1, 2) SKEL_OVERLAP 0.0
(1, -2, 0) UNKNOWN 321.8
(1, -1, -2) UNKNOWN 318.4
(1, 0, 0) SKEL_OVERLAP 0.0
(1, 0, 1) SKEL_OVERLAP 0.0
(1, 0, 2) SKEL_OVERLAP 0.0
(1, 0, -1) INFEASIBLE 55.1
(1, 1, -1) INFEASIBLE 18.5
(1, 1, 0) SKEL_OVERLAP 0.0
(1, 1, 1) SKEL_OVERLAP 0.0
(1, 1, 2) SKEL_OVERLAP 0.0
(1, -1, -1) UNKNOWN 322.6
(1, 0, -2) UNKNOWN 319.3
(1, 1, -2) UNKNOWN 318.1
(1, 2, 1) SKEL_OVERLAP 0.0
(1, 2, -2) UNKNOWN 316.0
(1, 2, -1) UNKNOWN 323.8
(1, 2, 0) UNKNOWN 316.5
(1, 2, 2) UNKNOWN 317.8
(2, -2, -2) UNKNOWN 316.7
(2, -2, 2) INFEASIBLE 19.5
(2, -2, -1) UNKNOWN 319.4
(2, -2, 0) UNKNOWN 320.4
(2, -1, 0) INFEASIBLE 26.0
(2, -1, 1) INFEASIBLE 26.8
(2, -1, 2) INFEASIBLE 24.9
(2, -2, 1) UNKNOWN 321.3
(2, -1, -2) UNKNOWN 317.0
(2, 0, 0) INFEASIBLE 27.6
(2, 0, 1) SKEL_OVERLAP 0.0
(2, 0, 2) INFEASIBLE 25.8
(2, -1, -1) UNKNOWN 320.9
(2, 1, -1) INFEASIBLE 17.9
(2, 1, 0) SKEL_OVERLAP 0.0
(2, 1, 1) SKEL_OVERLAP 0.0
(2, 1, 2) INFEASIBLE 22.5
(2, 0, -2) UNKNOWN 321.4
(2, 0, -1) UNKNOWN 320.1
(2, 2, 0) INFEASIBLE 18.1
(2, 2, 1) SKEL_OVERLAP 0.0
(2, 2, 2) INFEASIBLE 15.6
(2, 1, -2) UNKNOWN 320.5
(2, 2, -2) UNKNOWN 314.9
(2, 2, -1) UNKNOWN 315.7
(-2, -2, -2) UNKNOWN 1216.9
(-2, 1, 2) UNKNOWN 1218.4
(-2, 2, -2) UNKNOWN 1220.2
(-2, 2, 1) UNKNOWN 1222.4
(-2, 2, 2) UNKNOWN 1221.5
(-1, -2, -2) UNKNOWN 1220.8
(-1, 2, -2) UNKNOWN 1220.3
(-1, 2, 2) UNKNOWN 1222.1
(0, -2, -2) UNKNOWN 1219.4
(0, -2, -1) UNKNOWN 1222.2
(0, 2, -2) UNKNOWN 1220.6
(0, -1, -2) UNKNOWN 1230.6
(0, 2, 2) UNKNOWN 1223.3
(1, -2, -2) UNKNOWN 1221.3
