(-2, -2, 0) SKEL_OVERLAP 0.0
(-2, -2, 1) SKEL_OVERLAP 0.0
(-2, -2, 2) INFEASIBLE 13.0
(-2, -1, -1) SKEL_OVERLAP 0.0
(-2, -1, 0) SKEL_OVERLAP 0.0
(-2, -1, 1) SKEL_OVERLAP 0.0
(-2, -1, 2) SKEL_OVERLAP 0.0
(-2, -1, -2) INFEASIBLE 13.3
(-2, 0, -1) SKEL_OVERLAP 0.0
(-2, 0, 0) SKEL_OVERLAP 0.0
(-2, 0, 1) SKEL_OVERLAP 0.0
(-2, 0, 2) SKEL_OVERLAP 0.0
(-2, -2, -1) INFEASIBLE 13.5
(-2, 1, -1) SKEL_OVERLAP 0.0
(-2, 1, 0) SKEL_OVERLAP 0.0
(-2, 1, 1) SKEL_OVERLAP 0.0
(-2, 1, -2) INFEASIBLE 8.4
(-2, 0, -2) INFEASIBLE 9.4
(-2, 2, -1) INFEASIBLE 9.6
(-2, 2, 0) INFEASIBLE 11.7
(-2, -2, -2) UNKNOWN 313.3
(-2, 1, 2) UNKNOWN 310.2
(-2, 2, -2) UNKNOWN 308.2
(-1, -2, -1) INFEASIBLE 20.7
(-1, -2, 0) SKEL_OVERLAP 0.0
(-1, -2, 1) SKEL_OVERLAP 0.0
(-1, -2, 2) SKEL_OVERLAP 0.0
(-2, 2, 1) UNKNOWN 314.9
(-1, -1, -2) INFEASIBLE 20.3
(-1, -1, -1) INFEASIBLE 23.9
(-1, -1, 1) SKEL_OVERLAP 0.0
(-1, -1, 0) INFEASIBLE 27.6
(-1, -1, 2) INFEASIBLE 23.2
(-1, 0, -2) INFEASIBLE 21.7
(-1, 0, 0) SKEL_OVERLAP 0.0
(-1, 0, -1) INFEASIBLE 24.8
(-1, 0, 1) INFEASIBLE 27.5
(-1, 0, 2) INFEASIBLE 23.5
(-1, 1, -1) SKEL_OVERLAP 0.0
(-1, 1, 0) SKEL_OVERLAP 0.0
(-1, 1, 1) SKEL_OVERLAP 0.0
(-1, 1, -2) INFEASIBLE 19.1
(-1, 1, 2) INFEASIBLE 20.6
(-1, 2, -1) INFEASIBLE 18.7
(-1, 2, 0) INFEASIBLE 21.2
(-1, 2, 1) INFEASIBLE 20.8
(-2, 2, 2) UNKNOWN 319.1
(-1, -2, -2) UNKNOWN 319.3
(-1, 2, -2) UNKNOWN 316.9
(0, -2, 0) SKEL_OVERLAP 0.0
(0, -2, 1) SKEL_OVERLAP 0.0
(0, -2, 2) SKEL_OVERLAP 0.0
(-1, 2, 2) UNKNOWN 319.0
(0, -1, -1) SKEL_OVERLAP 0.0
(0, -1, 0) SKEL_OVERLAP 0.0
(0, -1, 1) SKEL_OVERLAP 0.0
(0, -1, 2) SKEL_OVERLAP 0.0
(0, 0, -2) INFEASIBLE 21.2
(0, 0, -1) SKEL_OVERLAP 0.0
(0, 0, 0) SKEL_OVERLAP 0.0
(0, 0, 1) SKEL_OVERLAP 0.0
(0, 0, 2) SKEL_OVERLAP 0.0
(0, 1, -2) INFEASIBLE 20.2
(0, 1, -1) INFEASIBLE 23.4
(0, 1, 0) SKEL_OVERLAP 0.0
(0, 1, 1) SKEL_OVERLAP 0.0
(0, 1, 2) INFEASIBLE 21.7
(0, -2, -2) UNKNOWN 319.7
(0, -2, -1) UNKNOWN 322.0
(0, 2, -1) INFEASIBLE 18.7
(0, 2, 0) INFEASIBLE 21.1
(0, 2, 1) INFEASIBLE 19.6
(0, -1, -2) UNKNOWN 321.8
(0, 2, -2) UNKNOWN 316.5
(0, 2, 2) UNKNOWN 318.9
(1, -2, 1) SKEL_OVERLAP 0.0
(1, -2, 2) SKEL_OVERLAP 0.0
(1, -2, -2) UNKNOWN 317.4
(1, -2, -1) UNKNOWN 322.3
(1, -1, 0) SKEL_OVERLAP 0.0
(1, -1, 1) SKEL_OVERLAP 0.0
(1, -1, 2) SKEL_OVERLAP 0.0
(1, -2, 0) UNKNOWN 325.7
(1, 0, -1) SKEL_OVERLAP 0.0
(1, 0, 0) SKEL_OVERLAP 0.0
(1, 0, 1) SKEL_OVERLAP 0.0
(1, 0, 2) SKEL_OVERLAP 0.0
(1, -1, -2) UNKNOWN 319.8
(1, -1, -1) UNKNOWN 322.9
(1, 1, 0) SKEL_OVERLAP 0.0
(1, 1, 1) SKEL_OVERLAP 0.0
(1, 1, 2) SKEL_OVERLAP 0.0
(1, 1, -1) INFEASIBLE 17.3
(1, 0, -2) UNKNOWN 323.9
(1, 2, 0) SKEL_OVERLAP 0.0
(1, 2, 1) SKEL_OVERLAP 0.0
(1, 1, -2) UNKNOWN 315.4
(1, 2, -2) UNKNOWN 312.1
(1, 2, -1) UNKNOWN 312.7
(1, 2, 2) UNKNOWN 315.1
(2, -2, 1) INFEASIBLE 28.5
(2, -2, 2) INFEASIBLE 21.4
(2, -2, -2) UNKNOWN 318.3
(2, -2, -1) UNKNOWN 319.1
(2, -2, 0) UNKNOWN 321.6
(2, -1, 1) SKEL_OVERLAP 0.0
(2, -1, 2) SKEL_OVERLAP 0.0
(2, -1, 0) INFEASIBLE 17.1
(2, 0, -1) INFEASIBLE 15.9
(2, 0, 0) SKEL_OVERLAP 0.0
(2, 0, 1) SKEL_OVERLAP 0.0
(2, 0, 2) SKEL_OVERLAP 0.0
(2, -1, -2) UNKNOWN 319.8
(2, 1, -1) INFEASIBLE 14.9
(2, 1, 0) SKEL_OVERLAP 0.0
(2, 1, 1) SKEL_OVERLAP 0.0
(2, 1, 2) SKEL_OVERLAP 0.0
(2, -1, -1) UNKNOWN 316.1
(2, 2, -1) INFEASIBLE 14.0
(2, 2, 0) SKEL_OVERLAP 0.0
(2, 2, 1) SKEL_OVERLAP 0.0
(2, 2, 2) SKEL_OVERLAP 0.0
(2, 0, -2) UNKNOWN 313.4
(2, 1, -2) UNKNOWN 312.1
(2, 2, -2) UNKNOWN 311.7
(-1, 2, -2) UNKNOWN 1514.1
(1, -1, -2) UNKNOWN 1517.1
(1, 0, -2) UNKNOWN 1518.4
(1, 1, -2) UNKNOWN 1515.9
