(-2, -2, 0) SKEL_OVERLAP 0.0
(-2, -2, 1) SKEL_OVERLAP 0.0
(-2, -1, -2) INFEASIBLE 5.7
(-2, -1, -1) SKEL_OVERLAP 0.0
(-2, -1, 0) SKEL_OVERLAP 0.0
(-2, -1, 1) SKEL_OVERLAP 0.0
(-2, -1, 2) SKEL_OVERLAP 0.0
(-2, -2, 2) INFEASIBLE 5.8
(-2, 0, -1) SKEL_OVERLAP 0.0
(-2, 0, 0) SKEL_OVERLAP 0.0
(-2, 0, 1) SKEL_OVERLAP 0.0
(-2, 0, 2) SKEL_OVERLAP 0.0
(-2, -2, -1) INFEASIBLE 6.3
(-2, 1, -1) SKEL_OVERLAP 0.0
(-2, 1, 0) SKEL_OVERLAP 0.0
(-2, 1, 1) SKEL_OVERLAP 0.0
(-2, 1, -2) INFEASIBLE 6.1
(-2, 0, -2) INFEASIBLE 6.6
(-2, 2, -1) INFEASIBLE 6.1
(-2, 2, 0) INFEASIBLE 7.0
(-2, 2, -2) INFEASIBLE 89.3
(-2, -2, -2) INFEASIBLE 234.2
(-2, 1, 2) UNKNOWN 306.8
(-1, -2, -1) INFEASIBLE 8.9
(-1, -2, 0) SKEL_OVERLAP 0.0
(-1, -2, 1) SKEL_OVERLAP 0.0
(-1, -2, 2) SKEL_OVERLAP 0.0
(-1, -1, -2) INFEASIBLE 8.2
(-2, 2, 1) UNKNOWN 306.9
(-1, -1, -1) INFEASIBLE 9.4
(-1, -1, 1) SKEL_OVERLAP 0.0
(-1, -1, 0) INFEASIBLE 10.3
(-1, -1, 2) INFEASIBLE 8.5
(-1, 0, -2) INFEASIBLE 7.5
(-1, 0, 0) SKEL_OVERLAP 0.0
(-1, 0, -1) INFEASIBLE 9.1
(-1, 0, 1) INFEASIBLE 10.2
(-1, 0, 2) INFEASIBLE 9.2
(-1, 1, -1) SKEL_OVERLAP 0.0
(-1, 1, 0) SKEL_OVERLAP 0.0
(-1, 1, 1) SKEL_OVERLAP 0.0
(-1, 1, -2) INFEASIBLE 6.7
(-1, 1, 2) INFEASIBLE 7.8
(-1, 2, -1) INFEASIBLE 6.9
(-1, 2, 0) INFEASIBLE 7.4
(-1, 2, 1) INFEASIBLE 7.6
(-2, 2, 2) UNKNOWN 307.4
(-1, -2, -2) INFEASIBLE 250.3
(-1, 2, -2) UNKNOWN 305.7
(0, -2, 0) SKEL_OVERLAP 0.0
(0, -2, 1) SKEL_OVERLAP 0.0
(0, -2, 2) SKEL_OVERLAP 0.0
(-1, 2, 2) INFEASIBLE 306.0
(0, -1, -1) SKEL_OVERLAP 0.0
(0, -1, 0) SKEL_OVERLAP 0.0
(0, -1, 1) SKEL_OVERLAP 0.0
(0, -1, 2) SKEL_OVERLAP 0.0
(0, 0, -2) INFEASIBLE 7.3
(0, 0, -1) SKEL_OVERLAP 0.0
(0, 0, 0) SKEL_OVERLAP 0.0
(0, 0, 1) SKEL_OVERLAP 0.0
(0, 0, 2) SKEL_OVERLAP 0.0
(0, -2, -1) INFEASIBLE 225.3
(0, -2, -2) UNKNOWN 306.6
(0, 1, 0) SKEL_OVERLAP 0.0
(0, 1, 1) SKEL_OVERLAP 0.0
(0, 1, -2) INFEASIBLE 6.6
(0, 1, -1) INFEASIBLE 7.7
(0, 1, 2) INFEASIBLE 7.2
(0, 2, -1) INFEASIBLE 6.1
(0, 2, 0) INFEASIBLE 6.9
(0, 2, 1) INFEASIBLE 6.9
(0, 2, -2) INFEASIBLE 74.0
(0, 2, 2) INFEASIBLE 188.4
(0, -1, -2) INFEASIBLE 264.2
(1, -2, 1) SKEL_OVERLAP 0.0
(1, -2, 2) SKEL_OVERLAP 0.0
(1, -2, -2) UNKNOWN 305.7
(1, -2, 0) INFEASIBLE 147.6
(1, -1, 0) SKEL_OVERLAP 0.0
(1, -1, 1) SKEL_OVERLAP 0.0
(1, -1, 2) SKEL_OVERLAP 0.0
(1, -2, -1) UNKNOWN 307.9
(1, 0, -1) SKEL_OVERLAP 0.0
(1, 0, 0) SKEL_OVERLAP 0.0
(1, 0, 1) SKEL_OVERLAP 0.0
(1, 0, 2) SKEL_OVERLAP 0.0
(1, -1, -2) UNKNOWN 307.1
(1, 1, -1) INFEASIBLE 8.5
(1, 1, 0) SKEL_OVERLAP 0.0
(1, 1, 1) SKEL_OVERLAP 0.0
(1, 1, 2) SKEL_OVERLAP 0.0
(1, -1, -1) INFEASIBLE 276.0
(1, 0, -2) UNKNOWN 307.3
(1, 2, 0) SKEL_OVERLAP 0.0
(1, 2, 1) SKEL_OVERLAP 0.0
(1, 1, -2) UNKNOWN 306.3
(1, 2, -1) INFEASIBLE 117.7
(1, 2, -2) INFEASIBLE 277.4
(1, 2, 2) INFEASIBLE 176.5
(2, -2, 1) INFEASIBLE 58.0
(2, -2, 2) INFEASIBLE 7.1
(2, -2, -2) INFEASIBLE 275.5
(2, -2, -1) INFEASIBLE 291.0
(2, -1, 0) INFEASIBLE 8.8
(2, -1, 1) SKEL_OVERLAP 0.0
(2, -1, 2) SKEL_OVERLAP 0.0
(2, -2, 0) INFEASIBLE 208.7
(2, 0, -1) INFEASIBLE 8.1
(2, 0, 0) SKEL_OVERLAP 0.0
(2, 0, 1) SKEL_OVERLAP 0.0
(2, 0, 2) SKEL_OVERLAP 0.0
(2, -1, -2) UNKNOWN 307.0
(2, 1, -1) INFEASIBLE 8.0
(2, 1, 0) SKEL_OVERLAP 0.0
(2, 1, 1) SKEL_OVERLAP 0.0
(2, 1, 2) SKEL_OVERLAP 0.0
(2, -1, -1) INFEASIBLE 266.4
(2, 2, -1) INFEASIBLE 6.5
(2, 2, 0) SKEL_OVERLAP 0.0
(2, 2, 1) SKEL_OVERLAP 0.0
(2, 2, 2) SKEL_OVERLAP 0.0
(2, 1, -2) INFEASIBLE 246.5
(2, 0, -2) INFEASIBLE 295.7
(2, 2, -2) INFEASIBLE 113.0
(-2, 1, 2) INFEASIBLE 206.2
(-2, 2, 1) INFEASIBLE 238.1
(-2, 2, 2) INFEASIBLE 229.0
(0, -2, -2) INFEASIBLE 212.9
(-1, 2, -2) INFEASIBLE 431.9
(1, -2, -1) INFEASIBLE 354.2
(1, -2, -2) INFEASIBLE 416.4
(1, -1, -2) INFEASIBLE 351.2
(1, 0, -2) INFEASIBLE 414.3
(1, 1, -2) INFEASIBLE 337.5
(2, -1, -2) INFEASIBLE 253.2
