ports totals {0: 100, 1: 100, 2: 100, 3: 97, 4: 89}
eligible mmmww 1 [58, 61, 88]
eligible mmmww 2 [77, 62, 54]
eligible mmwmw 1 [58, 61, 39]
eligible mmwmw 2 [77, 62, 51]
eligible mmwwm 1 [58, 59, 39]
eligible mmwwm 2 [73, 62, 53]
eligible mwmmw 1 [58, 88, 39]
eligible mwmmw 2 [79, 54, 39]
eligible mwmwm 1 [58, 88, 36]
eligible mwmwm 2 [75, 54, 52]
eligible mwwmm 1 [58, 35, 36]
eligible mwwmm 2 [75, 47, 41]
eligible wmmmw 1 [61, 88, 39]
eligible wmmmw 2 [62, 54, 39]
eligible wmmwm 1 [61, 88, 36]
eligible wmmwm 2 [62, 54, 52]
eligible wmwmm 1 [61, 39, 36]
eligible wmwmm 2 [62, 51, 41]
eligible wwmmm 1 [87, 39, 36]
eligible wwmmm 2 [53, 39, 40]
budget triples 0
done {'attempts': 0, 'facepass': 0, 'candidates': 0}
