ports totals {0: 100, 1: 100, 2: 100, 3: 97, 4: 89}
eligible mmmww 1 [58, 61, 88]
eligible mmmww 2 [77, 62, 54]
eligible mmwmw 1 [58, 61, 39]
eligible mmwmw 2 [77, 62, 51]
eligible mmwwm 1 [58, 59, 39]
eligible mmwwm 2 [73, 62, 53]
eligible mwmmw 1 [58, 88, 39]
eligible mwmmw 2 [79, 54, 39]
eligible mwmwm 1 [58, 88, 36]
eligible mwmwm 2 [75, 54, 52]
eligible mwwmm 1 [58, 35, 36]
eligible mwwmm 2 [75, 47, 41]
eligible wmmmw 1 [61, 88, 39]
eligible wmmmw 2 [62, 54, 39]
eligible wmmwm 1 [61, 88, 36]
eligible wmmwm 2 [62, 54, 52]
eligible wmwmm 1 [61, 39, 36]
eligible wmwmm 2 [62, 51, 41]
eligible wwmmm 1 [87, 39, 36]
eligible wwmmm 2 [53, 39, 40]
budget triples 115114
c0000 mmwmw rail 8
c0001 mwmmw rail 13
c0002 mwmmw rail 11
c0003 mmwmw rail 9
c0004 mwmmw rail 13
c0005 mwmmw rail 14
c0006 mwmmw rail 11
c0007 mwmmw rail 13
c0008 mwmmw rail 12
c0009 mmwmw rail 13
c0010 mmmww rail 14
c0011 mwmmw rail 14
c0012 mwmmw rail 13
c0013 mwmmw rail 14
c0014 mmmww rail 14
c0015 mmwmw rail 14
c0016 mmwmw rail 13
c0017 mmwmw rail 13
c0018 mmmww rail 14
c0019 mmwmw rail 12
c0020 mmmww rail 13
c0021 mwmmw rail 13
c0022 mwmmw rail 13
c0023 mmwmw rail 12
c0024 mwmmw rail 14
c0025 wmmmw rail 13
c0026 wmmwm rail 14
c0027 wmmmw rail 14
c0028 mmwmw rail 13
c0029 mmwmw rail 13
c0030 mmwmw rail 10
c0031 mmwmw rail 13
c0032 mmwmw rail 13
