ports totals {0: 64, 1: 60, 2: 9, 3: 4, 4: 3}
eligible mmmww 1 [31, 34, 7]
eligible mmmww 2 [35, 36, 5]
eligible mmwmw 1 [31, 34, 2]
eligible mmwmw 2 [35, 34, 2]
eligible mmwwm 1 [31, 34, 0]
eligible mmwwm 2 [31, 34, 2]
eligible mwmmw 1 [29, 7, 2]
eligible mwmmw 2 [33, 5, 2]
eligible mwmwm 1 [29, 7, 0]
eligible mwmwm 2 [29, 5, 2]
eligible mwwmm 1 [29, 2, 0]
eligible mwwmm 2 [29, 2, 2]
eligible wmmmw 1 [34, 7, 2]
eligible wmmmw 2 [36, 5, 2]
eligible wmmwm 1 [34, 7, 0]
eligible wmmwm 2 [36, 5, 2]
eligible wmwmm 1 [34, 2, 0]
eligible wmwmm 2 [34, 2, 2]
eligible wwmmm 1 [7, 2, 0]
eligible wwmmm 2 [5, 2, 2]
budget triples 15272
shard 0 1 15272
