ports totals {'pull0': 100, 'pull1': 100, 'pull2': 100, 'pull3': 97, 'pull4': 89, 'push0': 100, 'push1': 100, 'push2': 100, 'push3': 81, 'push4': 100}
eligible mmwmw 1 push@ (0,) [0, 61, 39]
eligible mmwmw 1 push@ (1,) [58, 0, 39]
eligible mmwmw 1 push@ (3,) [58, 61, 0]
eligible mmwmw 2 push@ (0,) [0, 62, 51]
eligible mmwmw 2 push@ (1,) [77, 0, 51]
eligible mmwmw 2 push@ (3,) [77, 62, 0]
eligible mwmmw 1 push@ (0,) [0, 88, 39]
eligible mwmmw 1 push@ (2,) [58, 0, 39]
eligible mwmmw 1 push@ (3,) [58, 88, 0]
eligible mwmmw 2 push@ (0,) [0, 54, 39]
eligible mwmmw 2 push@ (2,) [79, 0, 39]
eligible mwmmw 2 push@ (3,) [79, 54, 0]
eligible mwmwm 1 push@ (0,) [0, 88, 36]
eligible mwmwm 1 push@ (2,) [58, 0, 36]
eligible mwmwm 1 push@ (4,) [58, 88, 0]
eligible mwmwm 2 push@ (0,) [0, 54, 52]
eligible mwmwm 2 push@ (2,) [75, 0, 52]
eligible mwmwm 2 push@ (4,) [75, 54, 0]
eligible wmmwm 1 push@ (1,) [0, 88, 36]
eligible wmmwm 1 push@ (2,) [61, 0, 36]
eligible wmmwm 1 push@ (4,) [61, 88, 0]
eligible wmmwm 2 push@ (1,) [0, 54, 52]
eligible wmmwm 2 push@ (2,) [62, 0, 52]
eligible wmmwm 2 push@ (4,) [62, 54, 0]
eligible wmwmm 1 push@ (1,) [0, 39, 36]
eligible wmwmm 1 push@ (3,) [61, 0, 36]
eligible wmwmm 1 push@ (4,) [61, 39, 0]
eligible wmwmm 2 push@ (1,) [0, 51, 41]
eligible wmwmm 2 push@ (3,) [62, 0, 41]
eligible wmwmm 2 push@ (4,) [62, 51, 0]
no eligible
[(('nbworld', 0), 1286), (('pp/rr', 'push', 0), 1016), (('world', 0), 410), (('extra', 'push', 0), 369), (('pp/rr', 'push', 2), 340), (('pp/rr', 'push', 1), 331), (('nbworld', 1), 279), (('pp/rr', 'push', 3), 214), (('extra', 'pull', 3), 186), (('extra', 'pull', 0), 152), (('world', 1), 121), (('nbworld', 2), 109), (('extra', 'pull', 1), 106), (('pp/rr', 'push', 4), 94), (('nbworld', 3), 90), (('world', 2), 55), (('nbworld', 4), 53), (('extra', 'push', 1), 26), (('world', 3), 23), (('extra', 'pull', 2), 22), (('world', 4), 10), (('extra', 'pull', 4), 4)]
