ports totals {'pull0': 250, 'pull1': 202, 'pull2': 125, 'pull3': 97, 'pull4': 89, 'push0': 52, 'push1': 50, 'push2': 117, 'push3': 122, 'push4': 105}
eligible mmwmw 1 push@ (0,) [46, 109, 39]
eligible mmwmw 1 push@ (1,) [130, 0, 39]
eligible mmwmw 1 push@ (3,) [130, 109, 113]
eligible mmwmw 2 push@ (0,) [51, 122, 51]
eligible mmwmw 2 push@ (1,) [162, 0, 51]
eligible mmwmw 2 push@ (3,) [162, 122, 122]
eligible mwmmw 1 push@ (0,) [46, 107, 39]
eligible mwmmw 1 push@ (2,) [125, 113, 39]
eligible mwmmw 1 push@ (3,) [125, 107, 0]
eligible mwmmw 2 push@ (0,) [49, 73, 39]
eligible mwmmw 2 push@ (2,) [160, 111, 39]
eligible mwmmw 2 push@ (3,) [160, 73, 0]
eligible mwmwm 1 push@ (0,) [0, 107, 36]
eligible mwmwm 1 push@ (2,) [125, 114, 36]
eligible mwmwm 1 push@ (4,) [125, 107, 89]
eligible mwmwm 2 push@ (0,) [0, 73, 52]
eligible mwmwm 2 push@ (2,) [146, 112, 52]
eligible mwmwm 2 push@ (4,) [146, 73, 100]
eligible wmmwm 1 push@ (1,) [34, 107, 36]
eligible wmmwm 1 push@ (2,) [109, 0, 36]
eligible wmmwm 1 push@ (4,) [109, 107, 90]
eligible wmmwm 2 push@ (1,) [48, 73, 52]
eligible wmmwm 2 push@ (2,) [133, 0, 52]
eligible wmmwm 2 push@ (4,) [133, 73, 99]
eligible wmwmm 1 push@ (1,) [34, 39, 36]
eligible wmwmm 1 push@ (3,) [109, 112, 36]
eligible wmwmm 1 push@ (4,) [109, 39, 0]
eligible wmwmm 2 push@ (1,) [47, 51, 41]
eligible wmwmm 2 push@ (3,) [122, 121, 41]
eligible wmwmm 2 push@ (4,) [122, 51, 0]
budget triples 2087245
trial 0 {} {}
trial 500 {'rb': 2000} {('pcadj', 4): 581, ('pcadj', 0): 709, ('nb', 0, 'SLIME'): 162, ('nb', 0, 'HONEY'): 17, ('pcadj', 3): 185, ('nb', 2, 'REDSTONE_BLOCK'): 7, ('nb', 3, 'SLIME'): 99, ('nb', 1, 'SLIME'): 3, ('nb', 0, 'PISTON'): 35, ('nb', 2, 'SLIME'): 32, ('nb', 2, 'PISTON'): 4, ('nb', 0, 'REDSTONE_BLOCK'): 23, 'piece': 12, ('pcadj', 1): 43, ('nb', 3, 'PISTON'): 9, ('nb', 1, 'REDSTONE_BLOCK'): 4, ('pcadj', 2): 9, 'pdest': 7, ('nb', 2, 'HONEY'): 3, ('q', 0): 41, ('dest', 0): 5, ('nb', 1, 'HONEY'): 3, ('nb', 0, 'PISTON_ARM'): 5, ('nb', 3, 'PISTON_ARM'): 2}
trial 1000 {'rb': 4000} {('pcadj', 4): 1185, ('pcadj', 0): 1433, ('nb', 0, 'SLIME'): 304, ('nb', 0, 'HONEY'): 32, ('pcadj', 3): 334, ('nb', 2, 'REDSTONE_BLOCK'): 11, ('nb', 3, 'SLIME'): 188, ('nb', 1, 'SLIME'): 12, ('nb', 0, 'PISTON'): 86, ('nb', 2, 'SLIME'): 54, ('nb', 2, 'PISTON'): 11, ('nb', 0, 'REDSTONE_BLOCK'): 38, 'piece': 26, ('pcadj', 1): 102, ('nb', 3, 'PISTON'): 19, ('nb', 1, 'REDSTONE_BLOCK'): 6, ('pcadj', 2): 20, 'pdest': 12, ('nb', 2, 'HONEY'): 5, ('q', 0): 96, ('dest', 0): 6, ('nb', 1, 'HONEY'): 3, ('nb', 0, 'PISTON_ARM'): 11, ('nb', 3, 'PISTON_ARM'): 2, ('nb', 1, 'PISTON'): 4}
trial 1500 {'rb': 5996} {('pcadj', 4): 1775, ('pcadj', 0): 2117, ('nb', 0, 'SLIME'): 443, ('nb', 0, 'HONEY'): 63, ('pcadj', 3): 514, ('nb', 2, 'REDSTONE_BLOCK'): 20, ('nb', 3, 'SLIME'): 285, ('nb', 1, 'SLIME'): 15, ('nb', 0, 'PISTON'): 126, ('nb', 2, 'SLIME'): 92, ('nb', 2, 'PISTON'): 14, ('nb', 0, 'REDSTONE_BLOCK'): 54, 'piece': 42, ('pcadj', 1): 173, ('nb', 3, 'PISTON'): 27, ('nb', 1, 'REDSTONE_BLOCK'): 10, ('pcadj', 2): 28, 'pdest': 20, ('nb', 2, 'HONEY'): 6, ('q', 0): 133, ('dest', 0): 9, ('nb', 1, 'HONEY'): 3, ('nb', 0, 'PISTON_ARM'): 17, ('nb', 3, 'PISTON_ARM'): 3, ('nb', 1, 'PISTON'): 7}
trial 2000 {'rb': 7992} {('pcadj', 4): 2353, ('pcadj', 0): 2797, ('nb', 0, 'SLIME'): 584, ('nb', 0, 'HONEY'): 76, ('pcadj', 3): 697, ('nb', 2, 'REDSTONE_BLOCK'): 29, ('nb', 3, 'SLIME'): 401, ('nb', 1, 'SLIME'): 21, ('nb', 0, 'PISTON'): 167, ('nb', 2, 'SLIME'): 127, ('nb', 2, 'PISTON'): 17, ('nb', 0, 'REDSTONE_BLOCK'): 78, 'piece': 56, ('pcadj', 1): 228, ('nb', 3, 'PISTON'): 38, ('nb', 1, 'REDSTONE_BLOCK'): 14, ('pcadj', 2): 40, 'pdest': 28, ('nb', 2, 'HONEY'): 9, ('q', 0): 181, ('dest', 0): 14, ('nb', 1, 'HONEY'): 3, ('nb', 0, 'PISTON_ARM'): 23, ('nb', 3, 'PISTON_ARM'): 3, ('nb', 1, 'PISTON'): 8}
trial 2500 {'rb': 9988} {('pcadj', 4): 2920, ('pcadj', 0): 3530, ('nb', 0, 'SLIME'): 740, ('nb', 0, 'HONEY'): 107, ('pcadj', 3): 849, ('nb', 2, 'REDSTONE_BLOCK'): 32, ('nb', 3, 'SLIME'): 498, ('nb', 1, 'SLIME'): 31, ('nb', 0, 'PISTON'): 193, ('nb', 2, 'SLIME'): 152, ('nb', 2, 'PISTON'): 20, ('nb', 0, 'REDSTONE_BLOCK'): 106, 'piece': 70, ('pcadj', 1): 303, ('nb', 3, 'PISTON'): 50, ('nb', 1, 'REDSTONE_BLOCK'): 19, ('pcadj', 2): 50, 'pdest': 33, ('nb', 2, 'HONEY'): 10, ('q', 0): 213, ('dest', 0): 15, ('nb', 1, 'HONEY'): 3, ('nb', 0, 'PISTON_ARM'): 28, ('nb', 3, 'PISTON_ARM'): 6, ('nb', 1, 'PISTON'): 10}
trial 3000 {'rb': 11988} {('pcadj', 4): 3533, ('pcadj', 0): 4279, ('nb', 0, 'SLIME'): 873, ('nb', 0, 'HONEY'): 128, ('pcadj', 3): 1004, ('nb', 2, 'REDSTONE_BLOCK'): 35, ('nb', 3, 'SLIME'): 594, ('nb', 1, 'SLIME'): 35, ('nb', 0, 'PISTON'): 232, ('nb', 2, 'SLIME'): 162, ('nb', 2, 'PISTON'): 25, ('nb', 0, 'REDSTONE_BLOCK'): 119, 'piece': 87, ('pcadj', 1): 373, ('nb', 3, 'PISTON'): 57, ('nb', 1, 'REDSTONE_BLOCK'): 23, ('pcadj', 2): 57, 'pdest': 35, ('nb', 2, 'HONEY'): 10, ('q', 0): 248, ('dest', 0): 19, ('nb', 1, 'HONEY'): 3, ('nb', 0, 'PISTON_ARM'): 36, ('nb', 3, 'PISTON_ARM'): 7, ('nb', 1, 'PISTON'): 14}
trial 3500 {'rb': 13988} {('pcadj', 4): 4139, ('pcadj', 0): 4988, ('nb', 0, 'SLIME'): 1028, ('nb', 0, 'HONEY'): 151, ('pcadj', 3): 1148, ('nb', 2, 'REDSTONE_BLOCK'): 45, ('nb', 3, 'SLIME'): 710, ('nb', 1, 'SLIME'): 43, ('nb', 0, 'PISTON'): 254, ('nb', 2, 'SLIME'): 199, ('nb', 2, 'PISTON'): 33, ('nb', 0, 'REDSTONE_BLOCK'): 139, 'piece': 94, ('pcadj', 1): 416, ('nb', 3, 'PISTON'): 67, ('nb', 1, 'REDSTONE_BLOCK'): 23, ('pcadj', 2): 65, 'pdest': 36, ('nb', 2, 'HONEY'): 11, ('q', 0): 300, ('dest', 0): 22, ('nb', 1, 'HONEY'): 5, ('nb', 0, 'PISTON_ARM'): 45, ('nb', 3, 'PISTON_ARM'): 10, ('nb', 1, 'PISTON'): 17}
trial 4000 {'rb': 15984} {('pcadj', 4): 4737, ('pcadj', 0): 5716, ('nb', 0, 'SLIME'): 1168, ('nb', 0, 'HONEY'): 165, ('pcadj', 3): 1304, ('nb', 2, 'REDSTONE_BLOCK'): 47, ('nb', 3, 'SLIME'): 829, ('nb', 1, 'SLIME'): 47, ('nb', 0, 'PISTON'): 289, ('nb', 2, 'SLIME'): 217, ('nb', 2, 'PISTON'): 35, ('nb', 0, 'REDSTONE_BLOCK'): 155, 'piece': 113, ('pcadj', 1): 487, ('nb', 3, 'PISTON'): 80, ('nb', 1, 'REDSTONE_BLOCK'): 29, ('pcadj', 2): 70, 'pdest': 39, ('nb', 2, 'HONEY'): 12, ('q', 0): 328, ('dest', 0): 25, ('nb', 1, 'HONEY'): 6, ('nb', 0, 'PISTON_ARM'): 55, ('nb', 3, 'PISTON_ARM'): 11, ('nb', 1, 'PISTON'): 20}
trial 4500 {'rb': 17984} {('pcadj', 4): 5321, ('pcadj', 0): 6452, ('nb', 0, 'SLIME'): 1299, ('nb', 0, 'HONEY'): 194, ('pcadj', 3): 1475, ('nb', 2, 'REDSTONE_BLOCK'): 52, ('nb', 3, 'SLIME'): 902, ('nb', 1, 'SLIME'): 52, ('nb', 0, 'PISTON'): 328, ('nb', 2, 'SLIME'): 245, ('nb', 2, 'PISTON'): 43, ('nb', 0, 'REDSTONE_BLOCK'): 170, 'piece': 131, ('pcadj', 1): 540, ('nb', 3, 'PISTON'): 89, ('nb', 1, 'REDSTONE_BLOCK'): 31, ('pcadj', 2): 91, 'pdest': 42, ('nb', 2, 'HONEY'): 16, ('q', 0): 376, ('dest', 0): 29, ('nb', 1, 'HONEY'): 6, ('nb', 0, 'PISTON_ARM'): 63, ('nb', 3, 'PISTON_ARM'): 11, ('nb', 1, 'PISTON'): 26}
trial 5000 {'rb': 19972} {('pcadj', 4): 5922, ('pcadj', 0): 7126, ('nb', 0, 'SLIME'): 1466, ('nb', 0, 'HONEY'): 220, ('pcadj', 3): 1663, ('nb', 2, 'REDSTONE_BLOCK'): 56, ('nb', 3, 'SLIME'): 999, ('nb', 1, 'SLIME'): 59, ('nb', 0, 'PISTON'): 353, ('nb', 2, 'SLIME'): 281, ('nb', 2, 'PISTON'): 46, ('nb', 0, 'REDSTONE_BLOCK'): 188, 'piece': 150, ('pcadj', 1): 600, ('nb', 3, 'PISTON'): 96, ('nb', 1, 'REDSTONE_BLOCK'): 34, ('pcadj', 2): 99, 'pdest': 43, ('nb', 2, 'HONEY'): 16, ('q', 0): 401, ('dest', 0): 29, ('nb', 1, 'HONEY'): 7, ('nb', 0, 'PISTON_ARM'): 76, ('nb', 3, 'PISTON_ARM'): 12, ('nb', 1, 'PISTON'): 30}
