carrier 9 fire 1 push ports 76
carrier 9 fire 1 pull ports 86
carrier 10 fire 4 push ports 89
carrier 10 fire 4 pull ports 93
carrier 11 fire 2 push ports 61
carrier 11 fire 2 pull ports 61
carrier 15 fire 3 push ports 21
carrier 15 fire 3 pull ports 15
carrier 18 fire 0 push ports 54
carrier 18 fire 0 pull ports 60
carrier 19 fire 4 push ports 100
carrier 19 fire 4 pull ports 100
carrier 24 fire 3 push ports 81
carrier 24 fire 3 pull ports 89
carrier 29 fire 2 push ports 100
carrier 29 fire 2 pull ports 97
carrier 35 fire 1 push ports 100
carrier 35 fire 1 pull ports 100
carrier 36 fire 0 push ports 100
carrier 36 fire 0 pull ports 100
carrier 37 fire 4 push ports 100
carrier 37 fire 4 pull ports 100
carrier 41 fire 3 push ports 81
carrier 41 fire 3 pull ports 89
carrier 45 fire 2 push ports 100
carrier 45 fire 2 pull ports 97
ports totals {'pull0': 100, 'pull1': 100, 'pull2': 100, 'pull3': 97, 'pull4': 89, 'push0': 100, 'push1': 100, 'push2': 100, 'push3': 81, 'push4': 100}
eligible mmwmw 1 push@ (0,) [0, 61, 39]
eligible mmwmw 1 push@ (1,) [58, 0, 39]
eligible mmwmw 1 push@ (3,) [58, 61, 0]
eligible mmwmw 2 push@ (0,) [0, 62, 51]
eligible mmwmw 2 push@ (1,) [77, 0, 51]
eligible mmwmw 2 push@ (3,) [77, 62, 0]
eligible mwmmw 1 push@ (0,) [0, 88, 39]
eligible mwmmw 1 push@ (2,) [58, 0, 39]
eligible mwmmw 1 push@ (3,) [58, 88, 0]
eligible mwmmw 2 push@ (0,) [0, 54, 39]
eligible mwmmw 2 push@ (2,) [79, 0, 39]
eligible mwmmw 2 push@ (3,) [79, 54, 0]
eligible mwmwm 1 push@ (0,) [0, 88, 36]
eligible mwmwm 1 push@ (2,) [58, 0, 36]
eligible mwmwm 1 push@ (4,) [58, 88, 0]
eligible mwmwm 2 push@ (0,) [0, 54, 52]
eligible mwmwm 2 push@ (2,) [75, 0, 52]
eligible mwmwm 2 push@ (4,) [75, 54, 0]
eligible wmmwm 1 push@ (1,) [0, 88, 36]
eligible wmmwm 1 push@ (2,) [61, 0, 36]
eligible wmmwm 1 push@ (4,) [61, 88, 0]
eligible wmmwm 2 push@ (1,) [0, 54, 52]
eligible wmmwm 2 push@ (2,) [62, 0, 52]
eligible wmmwm 2 push@ (4,) [62, 54, 0]
eligible wmwmm 1 push@ (1,) [0, 39, 36]
eligible wmwmm 1 push@ (3,) [61, 0, 36]
eligible wmwmm 1 push@ (4,) [61, 39, 0]
eligible wmwmm 2 push@ (1,) [0, 51, 41]
eligible wmwmm 2 push@ (3,) [62, 0, 41]
eligible wmwmm 2 push@ (4,) [62, 51, 0]
no eligible
