ports totals {'pull0': 250, 'pull1': 202, 'pull2': 125, 'pull3': 97, 'pull4': 89, 'push0': 52, 'push1': 50, 'push2': 117, 'push3': 122, 'push4': 105}
eligible mmwmw 1 push@ (0,) [46, 109, 39]
eligible mmwmw 1 push@ (1,) [130, 0, 39]
eligible mmwmw 1 push@ (3,) [130, 109, 113]
eligible mmwmw 2 push@ (0,) [51, 122, 51]
eligible mmwmw 2 push@ (1,) [162, 0, 51]
eligible mmwmw 2 push@ (3,) [162, 122, 122]
eligible mwmmw 1 push@ (0,) [46, 107, 39]
eligible mwmmw 1 push@ (2,) [125, 113, 39]
eligible mwmmw 1 push@ (3,) [125, 107, 0]
eligible mwmmw 2 push@ (0,) [49, 73, 39]
eligible mwmmw 2 push@ (2,) [160, 111, 39]
eligible mwmmw 2 push@ (3,) [160, 73, 0]
eligible mwmwm 1 push@ (0,) [0, 107, 36]
eligible mwmwm 1 push@ (2,) [125, 114, 36]
eligible mwmwm 1 push@ (4,) [125, 107, 89]
eligible mwmwm 2 push@ (0,) [0, 73, 52]
eligible mwmwm 2 push@ (2,) [146, 112, 52]
eligible mwmwm 2 push@ (4,) [146, 73, 100]
eligible wmmwm 1 push@ (1,) [34, 107, 36]
eligible wmmwm 1 push@ (2,) [109, 0, 36]
eligible wmmwm 1 push@ (4,) [109, 107, 90]
eligible wmmwm 2 push@ (1,) [48, 73, 52]
eligible wmmwm 2 push@ (2,) [133, 0, 52]
eligible wmmwm 2 push@ (4,) [133, 73, 99]
eligible wmwmm 1 push@ (1,) [34, 39, 36]
eligible wmwmm 1 push@ (3,) [109, 112, 36]
eligible wmwmm 1 push@ (4,) [109, 39, 0]
eligible wmwmm 2 push@ (1,) [47, 51, 41]
eligible wmwmm 2 push@ (3,) [122, 121, 41]
eligible wmwmm 2 push@ (4,) [122, 51, 0]
budget triples 9636485
trial 0 {}
trial 500 {'rb': 2000}
trial 1000 {'rb': 3992}
trial 1500 {'rb': 5988}
trial 2000 {'rb': 7980}
trial 2500 {'rb': 9976}
trial 3000 {'rb': 11960}
trial 3500 {'rb': 13960}
trial 4000 {'rb': 15956}
trial 4500 {'rb': 17952}
trial 5000 {'rb': 19948}
trial 5500 {'rb': 21944}
trial 6000 {'rb': 23944}
trial 6500 {'rb': 25944}
trial 7000 {'rb': 27940}
trial 7500 {'rb': 29940}
trial 8000 {'rb': 31936}
trial 8500 {'rb': 33928}
trial 9000 {'rb': 35924}
trial 9500 {'rb': 37920}
trial 10000 {'rb': 39912}
trial 10500 {'rb': 41900}
trial 11000 {'rb': 43884}
trial 11500 {'rb': 45872}
trial 12000 {'rb': 47868}
trial 12500 {'rb': 49868}
trial 13000 {'rb': 51852}
trial 13500 {'rb': 53840}
trial 14000 {'rb': 55840}
trial 14500 {'rb': 57820}
trial 15000 {'rb': 59816}
trial 15500 {'rb': 61808}
trial 16000 {'rb': 63804}
trial 16500 {'rb': 65800}
trial 17000 {'rb': 67792}
trial 17500 {'rb': 69780}
trial 18000 {'rb': 71780}
trial 18500 {'rb': 73776}
trial 19000 {'rb': 75772}
trial 19500 {'rb': 77764}
trial 20000 {'rb': 79760}
trial 20500 {'rb': 81752}
trial 21000 {'rb': 83748}
trial 21500 {'rb': 85744}
trial 22000 {'rb': 87728}
trial 22500 {'rb': 89716}
trial 23000 {'rb': 91716}
trial 23500 {'rb': 93700}
trial 24000 {'rb': 95696}
trial 24500 {'rb': 97688}
trial 25000 {'rb': 99688}
trial 25500 {'rb': 101680}
trial 26000 {'rb': 103680}
trial 26500 {'rb': 105680}
trial 27000 {'rb': 107680}
trial 27500 {'rb': 109680}
trial 28000 {'rb': 111676}
trial 28500 {'rb': 113664}
trial 29000 {'rb': 115656}
trial 29500 {'rb': 117656}
trial 30000 {'rb': 119656}
trial 30500 {'rb': 121652}
trial 31000 {'rb': 123644}
trial 31500 {'rb': 125628}
trial 32000 {'rb': 127616}
trial 32500 {'rb': 129612}
trial 33000 {'rb': 131608}
trial 33500 {'rb': 133604}
trial 34000 {'rb': 135600}
trial 34500 {'rb': 137588}
trial 35000 {'rb': 139588}
trial 35500 {'rb': 141588}
trial 36000 {'rb': 143576}
trial 36500 {'rb': 145572}
trial 37000 {'rb': 147560}
trial 37500 {'rb': 149544}
trial 38000 {'rb': 151532}
trial 38500 {'rb': 153516}
trial 39000 {'rb': 155512}
trial 39500 {'rb': 157508}
trial 40000 {'rb': 159504}
trial 40500 {'rb': 161504}
trial 41000 {'rb': 163500}
trial 41500 {'rb': 165500}
trial 42000 {'rb': 167492}
trial 42500 {'rb': 169492}
trial 43000 {'rb': 171484}
trial 43500 {'rb': 173480}
trial 44000 {'rb': 175460}
trial 44500 {'rb': 177456}
trial 45000 {'rb': 179448}
trial 45500 {'rb': 181444}
trial 46000 {'rb': 183440}
trial 46500 {'rb': 185440}
trial 47000 {'rb': 187432}
trial 47500 {'rb': 189428}
trial 48000 {'rb': 191424}
trial 48500 {'rb': 193412}
trial 49000 {'rb': 195404}
trial 49500 {'rb': 197400}
trial 50000 {'rb': 199396}
trial 50500 {'rb': 201396}
trial 51000 {'rb': 203392}
trial 51500 {'rb': 205392}
trial 52000 {'rb': 207392}
trial 52500 {'rb': 209388}
trial 53000 {'rb': 211380}
trial 53500 {'rb': 213372}
trial 54000 {'rb': 215368}
trial 54500 {'rb': 217368}
trial 55000 {'rb': 219360}
trial 55500 {'rb': 221356}
trial 56000 {'rb': 223356}
trial 56500 {'rb': 225356}
trial 57000 {'rb': 227348}
trial 57500 {'rb': 229344}
trial 58000 {'rb': 231340}
trial 58500 {'rb': 233332}
trial 59000 {'rb': 235328}
trial 59500 {'rb': 237316}
trial 60000 {'rb': 239304}
trial 60500 {'rb': 241300}
trial 61000 {'rb': 243292}
trial 61500 {'rb': 245284}
trial 62000 {'rb': 247280}
trial 62500 {'rb': 249276}
trial 63000 {'rb': 251268}
trial 63500 {'rb': 253256}
trial 64000 {'rb': 255248}
trial 64500 {'rb': 257240}
trial 65000 {'rb': 259228}
trial 65500 {'rb': 261228}
trial 66000 {'rb': 263228}
trial 66500 {'rb': 265228}
trial 67000 {'rb': 267224}
trial 67500 {'rb': 269216}
trial 68000 {'rb': 271212}
trial 68500 {'rb': 273212}
trial 69000 {'rb': 275208}
trial 69500 {'rb': 277208}
trial 70000 {'rb': 279192}
trial 70500 {'rb': 281188}
trial 71000 {'rb': 283184}
trial 71500 {'rb': 285180}
trial 72000 {'rb': 287180}
trial 72500 {'rb': 289164}
trial 73000 {'rb': 291156}
trial 73500 {'rb': 293156}
trial 74000 {'rb': 295148}
trial 74500 {'rb': 297144}
trial 75000 {'rb': 299140}
trial 75500 {'rb': 301136}
trial 76000 {'rb': 303136}
trial 76500 {'rb': 305128}
trial 77000 {'rb': 307120}
trial 77500 {'rb': 309116}
trial 78000 {'rb': 311112}
trial 78500 {'rb': 313112}
trial 79000 {'rb': 315108}
trial 79500 {'rb': 317100}
trial 80000 {'rb': 319092}
trial 80500 {'rb': 321092}
trial 81000 {'rb': 323088}
trial 81500 {'rb': 325088}
trial 82000 {'rb': 327084}
trial 82500 {'rb': 329080}
trial 83000 {'rb': 331076}
trial 83500 {'rb': 333076}
trial 84000 {'rb': 335076}
trial 84500 {'rb': 337072}
trial 85000 {'rb': 339064}
trial 85500 {'rb': 341056}
trial 86000 {'rb': 343052}
trial 86500 {'rb': 345052}
trial 87000 {'rb': 347048}
trial 87500 {'rb': 349048}
trial 88000 {'rb': 351036}
trial 88500 {'rb': 353028}
trial 89000 {'rb': 355020}
trial 89500 {'rb': 357012}
trial 90000 {'rb': 359012}
trial 90500 {'rb': 361008}
trial 91000 {'rb': 363004}
trial 91500 {'rb': 364996}
trial 92000 {'rb': 366996}
trial 92500 {'rb': 368988}
trial 93000 {'rb': 370976}
trial 93500 {'rb': 372972}
trial 94000 {'rb': 374968}
trial 94500 {'rb': 376964}
trial 95000 {'rb': 378956}
trial 95500 {'rb': 380952}
trial 96000 {'rb': 382944}
trial 96500 {'rb': 384940}
trial 97000 {'rb': 386932}
trial 97500 {'rb': 388928}
trial 98000 {'rb': 390912}
trial 98500 {'rb': 392904}
trial 99000 {'rb': 394904}
trial 99500 {'rb': 396896}
trial 100000 {'rb': 398888}
trial 100500 {'rb': 400884}
trial 101000 {'rb': 402876}
trial 101500 {'rb': 404872}
trial 102000 {'rb': 406872}
trial 102500 {'rb': 408860}
trial 103000 {'rb': 410856}
trial 103500 {'rb': 412844}
trial 104000 {'rb': 414840}
trial 104500 {'rb': 416840}
trial 105000 {'rb': 418828}
trial 105500 {'rb': 420824}
trial 106000 {'rb': 422812}
trial 106500 {'rb': 424812}
trial 107000 {'rb': 426808}
trial 107500 {'rb': 428804}
trial 108000 {'rb': 430796}
trial 108500 {'rb': 432796}
trial 109000 {'rb': 434796}
trial 109500 {'rb': 436796}
trial 110000 {'rb': 438788}
trial 110500 {'rb': 440776}
trial 111000 {'rb': 442764}
trial 111500 {'rb': 444752}
trial 112000 {'rb': 446752}
trial 112500 {'rb': 448752}
trial 113000 {'rb': 450752}
trial 113500 {'rb': 452748}
trial 114000 {'rb': 454748}
trial 114500 {'rb': 456740}
trial 115000 {'rb': 458732}
trial 115500 {'rb': 460712}
trial 116000 {'rb': 462712}
trial 116500 {'rb': 464708}
trial 117000 {'rb': 466708}
trial 117500 {'rb': 468704}
trial 118000 {'rb': 470700}
trial 118500 {'rb': 472696}
trial 119000 {'rb': 474680}
trial 119500 {'rb': 476668}
trial 120000 {'rb': 478664}
trial 120500 {'rb': 480660}
trial 121000 {'rb': 482660}
trial 121500 {'rb': 484644}
trial 122000 {'rb': 486640}
trial 122500 {'rb': 488636}
trial 123000 {'rb': 490636}
trial 123500 {'rb': 492632}
trial 124000 {'rb': 494628}
trial 124500 {'rb': 496620}
trial 125000 {'rb': 498612}
trial 125500 {'rb': 500596}
trial 126000 {'rb': 502588}
trial 126500 {'rb': 504588}
trial 127000 {'rb': 506580}
trial 127500 {'rb': 508576}
trial 128000 {'rb': 510576}
trial 128500 {'rb': 512568}
trial 129000 {'rb': 514564}
trial 129500 {'rb': 516540}
trial 130000 {'rb': 518532}
trial 130500 {'rb': 520516}
trial 131000 {'rb': 522500}
trial 131500 {'rb': 524492}
trial 132000 {'rb': 526488}
trial 132500 {'rb': 528488}
trial 133000 {'rb': 530488}
trial 133500 {'rb': 532480}
trial 134000 {'rb': 534480}
trial 134500 {'rb': 536472}
trial 135000 {'rb': 538468}
trial 135500 {'rb': 540468}
trial 136000 {'rb': 542460}
trial 136500 {'rb': 544456}
trial 137000 {'rb': 546436}
trial 137500 {'rb': 548432}
trial 138000 {'rb': 550432}
trial 138500 {'rb': 552428}
trial 139000 {'rb': 554428}
trial 139500 {'rb': 556416}
trial 140000 {'rb': 558416}
trial 140500 {'rb': 560408}
trial 141000 {'rb': 562408}
trial 141500 {'rb': 564408}
trial 142000 {'rb': 566408}
trial 142500 {'rb': 568404}
trial 143000 {'rb': 570400}
trial 143500 {'rb': 572396}
trial 144000 {'rb': 574388}
trial 144500 {'rb': 576388}
trial 145000 {'rb': 578384}
trial 145500 {'rb': 580380}
trial 146000 {'rb': 582380}
trial 146500 {'rb': 584364}
trial 147000 {'rb': 586356}
trial 147500 {'rb': 588356}
trial 148000 {'rb': 590348}
trial 148500 {'rb': 592344}
trial 149000 {'rb': 594336}
trial 149500 {'rb': 596336}
trial 150000 {'rb': 598332}
trial 150500 {'rb': 600332}
trial 151000 {'rb': 602328}
trial 151500 {'rb': 604328}
trial 152000 {'rb': 606320}
trial 152500 {'rb': 608320}
trial 153000 {'rb': 610308}
trial 153500 {'rb': 612308}
trial 154000 {'rb': 614308}
trial 154500 {'rb': 616304}
trial 155000 {'rb': 618296}
trial 155500 {'rb': 620292}
trial 156000 {'rb': 622288}
trial 156500 {'rb': 624284}
trial 157000 {'rb': 626284}
trial 157500 {'rb': 628276}
trial 158000 {'rb': 630272}
trial 158500 {'rb': 632272}
trial 159000 {'rb': 634272}
trial 159500 {'rb': 636268}
trial 160000 {'rb': 638264}
trial 160500 {'rb': 640264}
trial 161000 {'rb': 642256}
trial 161500 {'rb': 644256}
trial 162000 {'rb': 646248}
trial 162500 {'rb': 648240}
trial 163000 {'rb': 650228}
trial 163500 {'rb': 652224}
trial 164000 {'rb': 654220}
trial 164500 {'rb': 656220}
trial 165000 {'rb': 658212}
trial 165500 {'rb': 660196}
trial 166000 {'rb': 662192}
trial 166500 {'rb': 664180}
trial 167000 {'rb': 666176}
trial 167500 {'rb': 668172}
trial 168000 {'rb': 670168}
trial 168500 {'rb': 672164}
trial 169000 {'rb': 674160}
trial 169500 {'rb': 676156}
trial 170000 {'rb': 678156}
trial 170500 {'rb': 680148}
trial 171000 {'rb': 682136}
trial 171500 {'rb': 684136}
trial 172000 {'rb': 686116}
trial 172500 {'rb': 688112}
trial 173000 {'rb': 690112}
trial 173500 {'rb': 692096}
trial 174000 {'rb': 694096}
trial 174500 {'rb': 696084}
trial 175000 {'rb': 698076}
trial 175500 {'rb': 700068}
trial 176000 {'rb': 702060}
trial 176500 {'rb': 704052}
trial 177000 {'rb': 706044}
trial 177500 {'rb': 708036}
trial 178000 {'rb': 710028}
trial 178500 {'rb': 712024}
trial 179000 {'rb': 714016}
trial 179500 {'rb': 716016}
trial 180000 {'rb': 718012}
trial 180500 {'rb': 720012}
trial 181000 {'rb': 722008}
trial 181500 {'rb': 724004}
trial 182000 {'rb': 725996}
trial 182500 {'rb': 727996}
trial 183000 {'rb': 729988}
trial 183500 {'rb': 731988}
trial 184000 {'rb': 733980}
trial 184500 {'rb': 735980}
trial 185000 {'rb': 737976}
trial 185500 {'rb': 739976}
trial 186000 {'rb': 741964}
trial 186500 {'rb': 743952}
trial 187000 {'rb': 745944}
trial 187500 {'rb': 747944}
trial 188000 {'rb': 749936}
trial 188500 {'rb': 751932}
trial 189000 {'rb': 753920}
trial 189500 {'rb': 755912}
trial 190000 {'rb': 757892}
trial 190500 {'rb': 759888}
trial 191000 {'rb': 761888}
trial 191500 {'rb': 763884}
trial 192000 {'rb': 765876}
trial 192500 {'rb': 767872}
trial 193000 {'rb': 769872}
trial 193500 {'rb': 771868}
trial 194000 {'rb': 773860}
trial 194500 {'rb': 775852}
trial 195000 {'rb': 777840}
trial 195500 {'rb': 779840}
trial 196000 {'rb': 781840}
trial 196500 {'rb': 783840}
trial 197000 {'rb': 785836}
trial 197500 {'rb': 787832}
trial 198000 {'rb': 789828}
trial 198500 {'rb': 791820}
trial 199000 {'rb': 793820}
trial 199500 {'rb': 795820}
trial 200000 {'rb': 797816}
trial 200500 {'rb': 799812}
trial 201000 {'rb': 801812}
trial 201500 {'rb': 803804}
trial 202000 {'rb': 805800}
trial 202500 {'rb': 807792}
trial 203000 {'rb': 809788}
trial 203500 {'rb': 811780}
trial 204000 {'rb': 813772}
trial 204500 {'rb': 815760}
trial 205000 {'rb': 817760}
trial 205500 {'rb': 819760}
trial 206000 {'rb': 821760}
trial 206500 {'rb': 823756}
trial 207000 {'rb': 825756}
trial 207500 {'rb': 827748}
trial 208000 {'rb': 829744}
trial 208500 {'rb': 831740}
trial 209000 {'rb': 833732}
trial 209500 {'rb': 835720}
trial 210000 {'rb': 837716}
trial 210500 {'rb': 839708}
trial 211000 {'rb': 841708}
trial 211500 {'rb': 843704}
trial 212000 {'rb': 845696}
trial 212500 {'rb': 847692}
trial 213000 {'rb': 849692}
trial 213500 {'rb': 851680}
trial 214000 {'rb': 853680}
trial 214500 {'rb': 855680}
trial 215000 {'rb': 857664}
trial 215500 {'rb': 859664}
trial 216000 {'rb': 861660}
trial 216500 {'rb': 863652}
trial 217000 {'rb': 865648}
trial 217500 {'rb': 867648}
trial 218000 {'rb': 869648}
trial 218500 {'rb': 871644}
trial 219000 {'rb': 873640}
trial 219500 {'rb': 875636}
trial 220000 {'rb': 877632}
trial 220500 {'rb': 879624}
trial 221000 {'rb': 881620}
trial 221500 {'rb': 883616}
trial 222000 {'rb': 885604}
trial 222500 {'rb': 887596}
trial 223000 {'rb': 889592}
trial 223500 {'rb': 891588}
trial 224000 {'rb': 893584}
trial 224500 {'rb': 895576}
trial 225000 {'rb': 897564}
trial 225500 {'rb': 899564}
trial 226000 {'rb': 901564}
trial 226500 {'rb': 903564}
trial 227000 {'rb': 905556}
trial 227500 {'rb': 907544}
trial 228000 {'rb': 909544}
trial 228500 {'rb': 911540}
trial 229000 {'rb': 913536}
trial 229500 {'rb': 915532}
trial 230000 {'rb': 917520}
trial 230500 {'rb': 919508}
trial 231000 {'rb': 921496}
trial 231500 {'rb': 923492}
trial 232000 {'rb': 925484}
trial 232500 {'rb': 927480}
trial 233000 {'rb': 929480}
trial 233500 {'rb': 931480}
trial 234000 {'rb': 933476}
trial 234500 {'rb': 935468}
trial 235000 {'rb': 937468}
trial 235500 {'rb': 939456}
trial 236000 {'rb': 941456}
trial 236500 {'rb': 943448}
trial 237000 {'rb': 945444}
trial 237500 {'rb': 947440}
trial 238000 {'rb': 949440}
trial 238500 {'rb': 951436}
trial 239000 {'rb': 953432}
trial 239500 {'rb': 955424}
trial 240000 {'rb': 957416}
trial 240500 {'rb': 959408}
trial 241000 {'rb': 961408}
trial 241500 {'rb': 963404}
trial 242000 {'rb': 965400}
trial 242500 {'rb': 967400}
trial 243000 {'rb': 969384}
trial 243500 {'rb': 971372}
trial 244000 {'rb': 973364}
trial 244500 {'rb': 975360}
trial 245000 {'rb': 977360}
trial 245500 {'rb': 979352}
trial 246000 {'rb': 981340}
trial 246500 {'rb': 983340}
trial 247000 {'rb': 985340}
trial 247500 {'rb': 987332}
trial 248000 {'rb': 989328}
trial 248500 {'rb': 991316}
trial 249000 {'rb': 993312}
trial 249500 {'rb': 995308}
trial 250000 {'rb': 997304}
trial 250500 {'rb': 999296}
trial 251000 {'rb': 1001292}
trial 251500 {'rb': 1003288}
trial 252000 {'rb': 1005268}
trial 252500 {'rb': 1007264}
trial 253000 {'rb': 1009260}
trial 253500 {'rb': 1011252}
trial 254000 {'rb': 1013248}
trial 254500 {'rb': 1015248}
trial 255000 {'rb': 1017248}
trial 255500 {'rb': 1019244}
trial 256000 {'rb': 1021236}
trial 256500 {'rb': 1023232}
trial 257000 {'rb': 1025228}
trial 257500 {'rb': 1027228}
trial 258000 {'rb': 1029224}
trial 258500 {'rb': 1031216}
trial 259000 {'rb': 1033208}
trial 259500 {'rb': 1035196}
trial 260000 {'rb': 1037196}
trial 260500 {'rb': 1039196}
trial 261000 {'rb': 1041188}
trial 261500 {'rb': 1043188}
trial 262000 {'rb': 1045180}
trial 262500 {'rb': 1047176}
trial 263000 {'rb': 1049172}
trial 263500 {'rb': 1051160}
trial 264000 {'rb': 1053160}
trial 264500 {'rb': 1055160}
trial 265000 {'rb': 1057160}
trial 265500 {'rb': 1059156}
trial 266000 {'rb': 1061144}
trial 266500 {'rb': 1063144}
trial 267000 {'rb': 1065144}
trial 267500 {'rb': 1067132}
trial 268000 {'rb': 1069124}
trial 268500 {'rb': 1071120}
trial 269000 {'rb': 1073120}
trial 269500 {'rb': 1075112}
trial 270000 {'rb': 1077112}
trial 270500 {'rb': 1079104}
trial 271000 {'rb': 1081092}
trial 271500 {'rb': 1083092}
trial 272000 {'rb': 1085092}
trial 272500 {'rb': 1087088}
trial 273000 {'rb': 1089076}
trial 273500 {'rb': 1091072}
trial 274000 {'rb': 1093064}
trial 274500 {'rb': 1095060}
trial 275000 {'rb': 1097056}
trial 275500 {'rb': 1099056}
trial 276000 {'rb': 1101056}
trial 276500 {'rb': 1103056}
trial 277000 {'rb': 1105052}
trial 277500 {'rb': 1107048}
trial 278000 {'rb': 1109048}
trial 278500 {'rb': 1111040}
trial 279000 {'rb': 1113036}
trial 279500 {'rb': 1115028}
trial 280000 {'rb': 1117024}
trial 280500 {'rb': 1119016}
trial 281000 {'rb': 1121012}
trial 281500 {'rb': 1123012}
trial 282000 {'rb': 1125008}
trial 282500 {'rb': 1127008}
trial 283000 {'rb': 1129008}
trial 283500 {'rb': 1131008}
trial 284000 {'rb': 1133004}
trial 284500 {'rb': 1135000}
trial 285000 {'rb': 1136992}
trial 285500 {'rb': 1138992}
trial 286000 {'rb': 1140992}
trial 286500 {'rb': 1142992}
trial 287000 {'rb': 1144992}
trial 287500 {'rb': 1146992}
trial 288000 {'rb': 1148984}
trial 288500 {'rb': 1150980}
trial 289000 {'rb': 1152976}
trial 289500 {'rb': 1154976}
trial 290000 {'rb': 1156964}
trial 290500 {'rb': 1158964}
trial 291000 {'rb': 1160964}
trial 291500 {'rb': 1162956}
trial 292000 {'rb': 1164952}
trial 292500 {'rb': 1166948}
trial 293000 {'rb': 1168944}
trial 293500 {'rb': 1170936}
trial 294000 {'rb': 1172928}
trial 294500 {'rb': 1174920}
trial 295000 {'rb': 1176912}
trial 295500 {'rb': 1178908}
trial 296000 {'rb': 1180904}
trial 296500 {'rb': 1182900}
trial 297000 {'rb': 1184900}
trial 297500 {'rb': 1186896}
trial 298000 {'rb': 1188888}
trial 298500 {'rb': 1190880}
trial 299000 {'rb': 1192872}
trial 299500 {'rb': 1194868}
trial 300000 {'rb': 1196864}
trial 300500 {'rb': 1198860}
trial 301000 {'rb': 1200860}
trial 301500 {'rb': 1202848}
trial 302000 {'rb': 1204848}
trial 302500 {'rb': 1206844}
trial 303000 {'rb': 1208836}
trial 303500 {'rb': 1210832}
trial 304000 {'rb': 1212828}
trial 304500 {'rb': 1214824}
trial 305000 {'rb': 1216824}
trial 305500 {'rb': 1218820}
trial 306000 {'rb': 1220812}
trial 306500 {'rb': 1222808}
trial 307000 {'rb': 1224808}
trial 307500 {'rb': 1226796}
trial 308000 {'rb': 1228792}
trial 308500 {'rb': 1230788}
trial 309000 {'rb': 1232780}
trial 309500 {'rb': 1234780}
trial 310000 {'rb': 1236772}
trial 310500 {'rb': 1238764}
trial 311000 {'rb': 1240756}
trial 311500 {'rb': 1242752}
trial 312000 {'rb': 1244744}
trial 312500 {'rb': 1246744}
trial 313000 {'rb': 1248744}
trial 313500 {'rb': 1250744}
trial 314000 {'rb': 1252736}
trial 314500 {'rb': 1254728}
trial 315000 {'rb': 1256728}
trial 315500 {'rb': 1258728}
trial 316000 {'rb': 1260724}
trial 316500 {'rb': 1262720}
trial 317000 {'rb': 1264712}
trial 317500 {'rb': 1266708}
trial 318000 {'rb': 1268708}
trial 318500 {'rb': 1270696}
trial 319000 {'rb': 1272692}
trial 319500 {'rb': 1274684}
trial 320000 {'rb': 1276676}
trial 320500 {'rb': 1278672}
trial 321000 {'rb': 1280672}
trial 321500 {'rb': 1282672}
trial 322000 {'rb': 1284660}
trial 322500 {'rb': 1286644}
trial 323000 {'rb': 1288640}
trial 323500 {'rb': 1290636}
trial 324000 {'rb': 1292632}
trial 324500 {'rb': 1294632}
trial 325000 {'rb': 1296624}
trial 325500 {'rb': 1298620}
trial 326000 {'rb': 1300616}
trial 326500 {'rb': 1302612}
trial 327000 {'rb': 1304612}
trial 327500 {'rb': 1306604}
trial 328000 {'rb': 1308588}
trial 328500 {'rb': 1310588}
trial 329000 {'rb': 1312584}
trial 329500 {'rb': 1314576}
trial 330000 {'rb': 1316572}
trial 330500 {'rb': 1318568}
trial 331000 {'rb': 1320560}
trial 331500 {'rb': 1322560}
trial 332000 {'rb': 1324548}
trial 332500 {'rb': 1326540}
trial 333000 {'rb': 1328532}
trial 333500 {'rb': 1330516}
trial 334000 {'rb': 1332512}
trial 334500 {'rb': 1334504}
trial 335000 {'rb': 1336496}
trial 335500 {'rb': 1338488}
trial 336000 {'rb': 1340488}
trial 336500 {'rb': 1342480}
trial 337000 {'rb': 1344472}
trial 337500 {'rb': 1346472}
trial 338000 {'rb': 1348468}
trial 338500 {'rb': 1350460}
trial 339000 {'rb': 1352456}
trial 339500 {'rb': 1354456}
trial 340000 {'rb': 1356452}
trial 340500 {'rb': 1358444}
trial 341000 {'rb': 1360440}
trial 341500 {'rb': 1362440}
trial 342000 {'rb': 1364432}
trial 342500 {'rb': 1366416}
trial 343000 {'rb': 1368408}
trial 343500 {'rb': 1370392}
trial 344000 {'rb': 1372392}
trial 344500 {'rb': 1374388}
trial 345000 {'rb': 1376388}
trial 345500 {'rb': 1378376}
trial 346000 {'rb': 1380364}
trial 346500 {'rb': 1382352}
trial 347000 {'rb': 1384348}
trial 347500 {'rb': 1386336}
trial 348000 {'rb': 1388316}
trial 348500 {'rb': 1390312}
trial 349000 {'rb': 1392308}
trial 349500 {'rb': 1394308}
trial 350000 {'rb': 1396308}
trial 350500 {'rb': 1398308}
trial 351000 {'rb': 1400300}
trial 351500 {'rb': 1402300}
trial 352000 {'rb': 1404296}
trial 352500 {'rb': 1406292}
trial 353000 {'rb': 1408284}
trial 353500 {'rb': 1410268}
trial 354000 {'rb': 1412264}
trial 354500 {'rb': 1414252}
trial 355000 {'rb': 1416240}
trial 355500 {'rb': 1418236}
trial 356000 {'rb': 1420224}
trial 356500 {'rb': 1422216}
trial 357000 {'rb': 1424216}
trial 357500 {'rb': 1426212}
trial 358000 {'rb': 1428200}
trial 358500 {'rb': 1430196}
trial 359000 {'rb': 1432188}
trial 359500 {'rb': 1434180}
trial 360000 {'rb': 1436176}
trial 360500 {'rb': 1438168}
trial 361000 {'rb': 1440160}
trial 361500 {'rb': 1442160}
trial 362000 {'rb': 1444160}
trial 362500 {'rb': 1446148}
trial 363000 {'rb': 1448140}
trial 363500 {'rb': 1450132}
trial 364000 {'rb': 1452124}
trial 364500 {'rb': 1454116}
trial 365000 {'rb': 1456108}
trial 365500 {'rb': 1458104}
trial 366000 {'rb': 1460104}
trial 366500 {'rb': 1462104}
trial 367000 {'rb': 1464088}
trial 367500 {'rb': 1466076}
trial 368000 {'rb': 1468072}
trial 368500 {'rb': 1470056}
trial 369000 {'rb': 1472048}
trial 369500 {'rb': 1474044}
trial 370000 {'rb': 1476044}
trial 370500 {'rb': 1478044}
trial 371000 {'rb': 1480044}
trial 371500 {'rb': 1482032}
trial 372000 {'rb': 1484020}
trial 372500 {'rb': 1486016}
trial 373000 {'rb': 1488012}
trial 373500 {'rb': 1490004}
trial 374000 {'rb': 1491988}
trial 374500 {'rb': 1493980}
trial 375000 {'rb': 1495980}
trial 375500 {'rb': 1497972}
trial 376000 {'rb': 1499968}
trial 376500 {'rb': 1501964}
trial 377000 {'rb': 1503952}
trial 377500 {'rb': 1505940}
trial 378000 {'rb': 1507936}
trial 378500 {'rb': 1509916}
trial 379000 {'rb': 1511912}
trial 379500 {'rb': 1513908}
trial 380000 {'rb': 1515896}
trial 380500 {'rb': 1517896}
trial 381000 {'rb': 1519896}
trial 381500 {'rb': 1521896}
trial 382000 {'rb': 1523896}
trial 382500 {'rb': 1525888}
trial 383000 {'rb': 1527880}
trial 383500 {'rb': 1529880}
trial 384000 {'rb': 1531880}
trial 384500 {'rb': 1533876}
trial 385000 {'rb': 1535876}
trial 385500 {'rb': 1537876}
trial 386000 {'rb': 1539872}
trial 386500 {'rb': 1541856}
trial 387000 {'rb': 1543852}
trial 387500 {'rb': 1545848}
trial 388000 {'rb': 1547844}
trial 388500 {'rb': 1549840}
trial 389000 {'rb': 1551840}
trial 389500 {'rb': 1553836}
trial 390000 {'rb': 1555836}
trial 390500 {'rb': 1557824}
trial 391000 {'rb': 1559820}
trial 391500 {'rb': 1561808}
trial 392000 {'rb': 1563804}
trial 392500 {'rb': 1565800}
trial 393000 {'rb': 1567800}
trial 393500 {'rb': 1569796}
trial 394000 {'rb': 1571796}
trial 394500 {'rb': 1573792}
trial 395000 {'rb': 1575788}
trial 395500 {'rb': 1577784}
trial 396000 {'rb': 1579784}
trial 396500 {'rb': 1581780}
trial 397000 {'rb': 1583780}
trial 397500 {'rb': 1585772}
trial 398000 {'rb': 1587764}
trial 398500 {'rb': 1589764}
trial 399000 {'rb': 1591764}
trial 399500 {'rb': 1593764}
trial 400000 {'rb': 1595756}
trial 400500 {'rb': 1597756}
trial 401000 {'rb': 1599748}
trial 401500 {'rb': 1601740}
trial 402000 {'rb': 1603736}
trial 402500 {'rb': 1605732}
trial 403000 {'rb': 1607724}
trial 403500 {'rb': 1609720}
trial 404000 {'rb': 1611720}
trial 404500 {'rb': 1613720}
trial 405000 {'rb': 1615712}
trial 405500 {'rb': 1617712}
trial 406000 {'rb': 1619712}
trial 406500 {'rb': 1621700}
trial 407000 {'rb': 1623700}
trial 407500 {'rb': 1625696}
trial 408000 {'rb': 1627688}
trial 408500 {'rb': 1629672}
trial 409000 {'rb': 1631672}
trial 409500 {'rb': 1633668}
trial 410000 {'rb': 1635668}
trial 410500 {'rb': 1637660}
trial 411000 {'rb': 1639660}
trial 411500 {'rb': 1641640}
trial 412000 {'rb': 1643636}
trial 412500 {'rb': 1645636}
trial 413000 {'rb': 1647628}
trial 413500 {'rb': 1649620}
trial 414000 {'rb': 1651612}
trial 414500 {'rb': 1653608}
trial 415000 {'rb': 1655604}
trial 415500 {'rb': 1657596}
trial 416000 {'rb': 1659596}
trial 416500 {'rb': 1661596}
trial 417000 {'rb': 1663588}
trial 417500 {'rb': 1665588}
trial 418000 {'rb': 1667588}
trial 418500 {'rb': 1669584}
trial 419000 {'rb': 1671580}
trial 419500 {'rb': 1673580}
trial 420000 {'rb': 1675580}
trial 420500 {'rb': 1677572}
trial 421000 {'rb': 1679556}
trial 421500 {'rb': 1681548}
trial 422000 {'rb': 1683544}
trial 422500 {'rb': 1685544}
trial 423000 {'rb': 1687540}
trial 423500 {'rb': 1689532}
trial 424000 {'rb': 1691520}
trial 424500 {'rb': 1693516}
trial 425000 {'rb': 1695508}
trial 425500 {'rb': 1697508}
trial 426000 {'rb': 1699500}
trial 426500 {'rb': 1701472}
trial 427000 {'rb': 1703468}
trial 427500 {'rb': 1705460}
trial 428000 {'rb': 1707448}
trial 428500 {'rb': 1709448}
trial 429000 {'rb': 1711440}
trial 429500 {'rb': 1713436}
trial 430000 {'rb': 1715432}
trial 430500 {'rb': 1717432}
trial 431000 {'rb': 1719428}
trial 431500 {'rb': 1721416}
trial 432000 {'rb': 1723412}
trial 432500 {'rb': 1725408}
trial 433000 {'rb': 1727408}
trial 433500 {'rb': 1729400}
trial 434000 {'rb': 1731392}
trial 434500 {'rb': 1733384}
trial 435000 {'rb': 1735376}
trial 435500 {'rb': 1737368}
trial 436000 {'rb': 1739360}
trial 436500 {'rb': 1741360}
trial 437000 {'rb': 1743356}
trial 437500 {'rb': 1745352}
trial 438000 {'rb': 1747348}
trial 438500 {'rb': 1749344}
trial 439000 {'rb': 1751344}
trial 439500 {'rb': 1753336}
trial 440000 {'rb': 1755328}
trial 440500 {'rb': 1757328}
trial 441000 {'rb': 1759324}
trial 441500 {'rb': 1761320}
trial 442000 {'rb': 1763308}
trial 442500 {'rb': 1765308}
trial 443000 {'rb': 1767308}
trial 443500 {'rb': 1769304}
trial 444000 {'rb': 1771300}
trial 444500 {'rb': 1773300}
trial 445000 {'rb': 1775300}
trial 445500 {'rb': 1777296}
trial 446000 {'rb': 1779288}
trial 446500 {'rb': 1781284}
trial 447000 {'rb': 1783280}
trial 447500 {'rb': 1785272}
trial 448000 {'rb': 1787264}
trial 448500 {'rb': 1789264}
trial 449000 {'rb': 1791256}
trial 449500 {'rb': 1793252}
trial 450000 {'rb': 1795244}
trial 450500 {'rb': 1797240}
trial 451000 {'rb': 1799236}
trial 451500 {'rb': 1801232}
trial 452000 {'rb': 1803232}
trial 452500 {'rb': 1805232}
trial 453000 {'rb': 1807228}
trial 453500 {'rb': 1809220}
trial 454000 {'rb': 1811216}
trial 454500 {'rb': 1813208}
trial 455000 {'rb': 1815200}
trial 455500 {'rb': 1817200}
trial 456000 {'rb': 1819188}
trial 456500 {'rb': 1821176}
trial 457000 {'rb': 1823168}
trial 457500 {'rb': 1825164}
trial 458000 {'rb': 1827156}
trial 458500 {'rb': 1829152}
trial 459000 {'rb': 1831144}
trial 459500 {'rb': 1833140}
trial 460000 {'rb': 1835140}
trial 460500 {'rb': 1837128}
trial 461000 {'rb': 1839124}
trial 461500 {'rb': 1841116}
trial 462000 {'rb': 1843112}
trial 462500 {'rb': 1845104}
trial 463000 {'rb': 1847104}
trial 463500 {'rb': 1849104}
trial 464000 {'rb': 1851104}
trial 464500 {'rb': 1853104}
trial 465000 {'rb': 1855096}
trial 465500 {'rb': 1857096}
trial 466000 {'rb': 1859088}
trial 466500 {'rb': 1861080}
trial 467000 {'rb': 1863076}
trial 467500 {'rb': 1865068}
trial 468000 {'rb': 1867064}
trial 468500 {'rb': 1869064}
trial 469000 {'rb': 1871060}
trial 469500 {'rb': 1873052}
trial 470000 {'rb': 1875044}
trial 470500 {'rb': 1877032}
trial 471000 {'rb': 1879028}
trial 471500 {'rb': 1881020}
trial 472000 {'rb': 1883020}
trial 472500 {'rb': 1885016}
trial 473000 {'rb': 1887004}
trial 473500 {'rb': 1888996}
trial 474000 {'rb': 1890992}
trial 474500 {'rb': 1892976}
trial 475000 {'rb': 1894964}
trial 475500 {'rb': 1896964}
trial 476000 {'rb': 1898960}
trial 476500 {'rb': 1900956}
trial 477000 {'rb': 1902940}
trial 477500 {'rb': 1904936}
trial 478000 {'rb': 1906928}
trial 478500 {'rb': 1908920}
trial 479000 {'rb': 1910912}
trial 479500 {'rb': 1912900}
trial 480000 {'rb': 1914900}
trial 480500 {'rb': 1916892}
trial 481000 {'rb': 1918892}
trial 481500 {'rb': 1920884}
trial 482000 {'rb': 1922868}
trial 482500 {'rb': 1924864}
trial 483000 {'rb': 1926864}
trial 483500 {'rb': 1928860}
trial 484000 {'rb': 1930860}
trial 484500 {'rb': 1932860}
trial 485000 {'rb': 1934860}
trial 485500 {'rb': 1936856}
trial 486000 {'rb': 1938848}
trial 486500 {'rb': 1940844}
trial 487000 {'rb': 1942836}
trial 487500 {'rb': 1944828}
trial 488000 {'rb': 1946816}
trial 488500 {'rb': 1948816}
trial 489000 {'rb': 1950808}
trial 489500 {'rb': 1952800}
trial 490000 {'rb': 1954780}
trial 490500 {'rb': 1956776}
trial 491000 {'rb': 1958772}
trial 491500 {'rb': 1960764}
trial 492000 {'rb': 1962752}
trial 492500 {'rb': 1964744}
trial 493000 {'rb': 1966736}
trial 493500 {'rb': 1968736}
trial 494000 {'rb': 1970732}
trial 494500 {'rb': 1972732}
trial 495000 {'rb': 1974728}
trial 495500 {'rb': 1976728}
trial 496000 {'rb': 1978712}
trial 496500 {'rb': 1980712}
trial 497000 {'rb': 1982708}
trial 497500 {'rb': 1984704}
trial 498000 {'rb': 1986704}
trial 498500 {'rb': 1988704}
trial 499000 {'rb': 1990696}
trial 499500 {'rb': 1992688}
trial 500000 {'rb': 1994676}
trial 500500 {'rb': 1996668}
trial 501000 {'rb': 1998664}
trial 501500 {'rb': 2000652}
trial 502000 {'rb': 2002652}
trial 502500 {'rb': 2004648}
trial 503000 {'rb': 2006644}
trial 503500 {'rb': 2008636}
trial 504000 {'rb': 2010628}
trial 504500 {'rb': 2012628}
trial 505000 {'rb': 2014624}
trial 505500 {'rb': 2016620}
trial 506000 {'rb': 2018616}
trial 506500 {'rb': 2020612}
trial 507000 {'rb': 2022600}
trial 507500 {'rb': 2024600}
trial 508000 {'rb': 2026596}
trial 508500 {'rb': 2028592}
trial 509000 {'rb': 2030584}
trial 509500 {'rb': 2032584}
trial 510000 {'rb': 2034580}
trial 510500 {'rb': 2036580}
trial 511000 {'rb': 2038576}
trial 511500 {'rb': 2040560}
trial 512000 {'rb': 2042552}
trial 512500 {'rb': 2044544}
trial 513000 {'rb': 2046540}
trial 513500 {'rb': 2048532}
trial 514000 {'rb': 2050524}
trial 514500 {'rb': 2052520}
trial 515000 {'rb': 2054520}
trial 515500 {'rb': 2056508}
trial 516000 {'rb': 2058508}
trial 516500 {'rb': 2060492}
trial 517000 {'rb': 2062484}
trial 517500 {'rb': 2064480}
trial 518000 {'rb': 2066480}
trial 518500 {'rb': 2068472}
trial 519000 {'rb': 2070472}
trial 519500 {'rb': 2072460}
trial 520000 {'rb': 2074456}
trial 520500 {'rb': 2076452}
trial 521000 {'rb': 2078452}
trial 521500 {'rb': 2080440}
trial 522000 {'rb': 2082436}
trial 522500 {'rb': 2084432}
trial 523000 {'rb': 2086432}
trial 523500 {'rb': 2088428}
trial 524000 {'rb': 2090420}
trial 524500 {'rb': 2092408}
trial 525000 {'rb': 2094400}
trial 525500 {'rb': 2096400}
trial 526000 {'rb': 2098396}
trial 526500 {'rb': 2100396}
trial 527000 {'rb': 2102392}
trial 527500 {'rb': 2104384}
trial 528000 {'rb': 2106384}
trial 528500 {'rb': 2108376}
trial 529000 {'rb': 2110376}
trial 529500 {'rb': 2112376}
trial 530000 {'rb': 2114360}
trial 530500 {'rb': 2116356}
trial 531000 {'rb': 2118348}
trial 531500 {'rb': 2120344}
trial 532000 {'rb': 2122344}
trial 532500 {'rb': 2124336}
trial 533000 {'rb': 2126332}
trial 533500 {'rb': 2128328}
trial 534000 {'rb': 2130320}
trial 534500 {'rb': 2132312}
trial 535000 {'rb': 2134308}
trial 535500 {'rb': 2136304}
trial 536000 {'rb': 2138304}
trial 536500 {'rb': 2140304}
trial 537000 {'rb': 2142300}
trial 537500 {'rb': 2144288}
trial 538000 {'rb': 2146288}
trial 538500 {'rb': 2148284}
trial 539000 {'rb': 2150276}
trial 539500 {'rb': 2152272}
trial 540000 {'rb': 2154268}
trial 540500 {'rb': 2156268}
trial 541000 {'rb': 2158268}
trial 541500 {'rb': 2160264}
trial 542000 {'rb': 2162260}
trial 542500 {'rb': 2164260}
trial 543000 {'rb': 2166244}
trial 543500 {'rb': 2168240}
trial 544000 {'rb': 2170240}
trial 544500 {'rb': 2172240}
trial 545000 {'rb': 2174240}
trial 545500 {'rb': 2176224}
trial 546000 {'rb': 2178220}
trial 546500 {'rb': 2180212}
trial 547000 {'rb': 2182200}
trial 547500 {'rb': 2184196}
trial 548000 {'rb': 2186196}
trial 548500 {'rb': 2188188}
trial 549000 {'rb': 2190184}
trial 549500 {'rb': 2192180}
trial 550000 {'rb': 2194168}
trial 550500 {'rb': 2196164}
trial 551000 {'rb': 2198148}
trial 551500 {'rb': 2200148}
trial 552000 {'rb': 2202144}
trial 552500 {'rb': 2204144}
trial 553000 {'rb': 2206136}
trial 553500 {'rb': 2208124}
trial 554000 {'rb': 2210112}
trial 554500 {'rb': 2212108}
trial 555000 {'rb': 2214108}
trial 555500 {'rb': 2216104}
trial 556000 {'rb': 2218100}
trial 556500 {'rb': 2220100}
trial 557000 {'rb': 2222096}
trial 557500 {'rb': 2224092}
trial 558000 {'rb': 2226088}
trial 558500 {'rb': 2228076}
trial 559000 {'rb': 2230072}
trial 559500 {'rb': 2232072}
trial 560000 {'rb': 2234068}
trial 560500 {'rb': 2236052}
trial 561000 {'rb': 2238048}
trial 561500 {'rb': 2240036}
trial 562000 {'rb': 2242036}
trial 562500 {'rb': 2244032}
trial 563000 {'rb': 2246028}
trial 563500 {'rb': 2248028}
trial 564000 {'rb': 2250024}
trial 564500 {'rb': 2252020}
trial 565000 {'rb': 2254016}
trial 565500 {'rb': 2256012}
trial 566000 {'rb': 2258012}
trial 566500 {'rb': 2260012}
trial 567000 {'rb': 2262008}
trial 567500 {'rb': 2264008}
trial 568000 {'rb': 2265996}
trial 568500 {'rb': 2267996}
trial 569000 {'rb': 2269992}
trial 569500 {'rb': 2271992}
trial 570000 {'rb': 2273984}
trial 570500 {'rb': 2275984}
trial 571000 {'rb': 2277980}
trial 571500 {'rb': 2279972}
trial 572000 {'rb': 2281968}
trial 572500 {'rb': 2283960}
trial 573000 {'rb': 2285952}
trial 573500 {'rb': 2287948}
trial 574000 {'rb': 2289940}
trial 574500 {'rb': 2291932}
trial 575000 {'rb': 2293924}
trial 575500 {'rb': 2295916}
trial 576000 {'rb': 2297912}
trial 576500 {'rb': 2299904}
trial 577000 {'rb': 2301904}
trial 577500 {'rb': 2303896}
trial 578000 {'rb': 2305892}
trial 578500 {'rb': 2307888}
trial 579000 {'rb': 2309884}
trial 579500 {'rb': 2311880}
trial 580000 {'rb': 2313876}
trial 580500 {'rb': 2315876}
trial 581000 {'rb': 2317872}
trial 581500 {'rb': 2319864}
trial 582000 {'rb': 2321864}
trial 582500 {'rb': 2323852}
trial 583000 {'rb': 2325848}
trial 583500 {'rb': 2327848}
trial 584000 {'rb': 2329836}
trial 584500 {'rb': 2331832}
trial 585000 {'rb': 2333828}
trial 585500 {'rb': 2335820}
trial 586000 {'rb': 2337816}
trial 586500 {'rb': 2339808}
trial 587000 {'rb': 2341804}
trial 587500 {'rb': 2343800}
trial 588000 {'rb': 2345796}
trial 588500 {'rb': 2347796}
trial 589000 {'rb': 2349792}
trial 589500 {'rb': 2351784}
trial 590000 {'rb': 2353780}
trial 590500 {'rb': 2355776}
trial 591000 {'rb': 2357772}
trial 591500 {'rb': 2359772}
trial 592000 {'rb': 2361772}
trial 592500 {'rb': 2363772}
trial 593000 {'rb': 2365772}
trial 593500 {'rb': 2367772}
trial 594000 {'rb': 2369768}
trial 594500 {'rb': 2371760}
trial 595000 {'rb': 2373752}
trial 595500 {'rb': 2375736}
trial 596000 {'rb': 2377724}
trial 596500 {'rb': 2379720}
trial 597000 {'rb': 2381716}
trial 597500 {'rb': 2383716}
trial 598000 {'rb': 2385696}
trial 598500 {'rb': 2387688}
trial 599000 {'rb': 2389676}
trial 599500 {'rb': 2391672}
trial 600000 {'rb': 2393660}
trial 600500 {'rb': 2395648}
trial 601000 {'rb': 2397640}
trial 601500 {'rb': 2399640}
trial 602000 {'rb': 2401632}
trial 602500 {'rb': 2403632}
trial 603000 {'rb': 2405624}
trial 603500 {'rb': 2407616}
trial 604000 {'rb': 2409616}
trial 604500 {'rb': 2411612}
trial 605000 {'rb': 2413604}
trial 605500 {'rb': 2415600}
trial 606000 {'rb': 2417592}
trial 606500 {'rb': 2419584}
trial 607000 {'rb': 2421580}
trial 607500 {'rb': 2423564}
trial 608000 {'rb': 2425548}
trial 608500 {'rb': 2427532}
trial 609000 {'rb': 2429528}
trial 609500 {'rb': 2431520}
trial 610000 {'rb': 2433516}
trial 610500 {'rb': 2435508}
trial 611000 {'rb': 2437504}
trial 611500 {'rb': 2439496}
trial 612000 {'rb': 2441496}
trial 612500 {'rb': 2443496}
trial 613000 {'rb': 2445496}
trial 613500 {'rb': 2447492}
trial 614000 {'rb': 2449484}
trial 614500 {'rb': 2451484}
trial 615000 {'rb': 2453472}
trial 615500 {'rb': 2455472}
trial 616000 {'rb': 2457464}
trial 616500 {'rb': 2459464}
trial 617000 {'rb': 2461464}
trial 617500 {'rb': 2463456}
trial 618000 {'rb': 2465456}
trial 618500 {'rb': 2467456}
trial 619000 {'rb': 2469444}
trial 619500 {'rb': 2471432}
trial 620000 {'rb': 2473432}
trial 620500 {'rb': 2475432}
trial 621000 {'rb': 2477428}
trial 621500 {'rb': 2479428}
