ports totals {'pull0': 250, 'pull1': 202, 'pull2': 125, 'pull3': 97, 'pull4': 89, 'push0': 52, 'push1': 50, 'push2': 117, 'push3': 122, 'push4': 105}
stage1 mmwmw 1 push@ 0 PL 118 Q [109, 39]
pl 0 118 0 {}
pl 1 118 115 {'PLtried': 1, 'PLwithQ': 1, 'budget': 120, 'build': 80}
pl 2 118 202 {'PLtried': 2, 'PLwithQ': 2, 'budget': 263, 'build': 137}
pl 3 118 279 {'PLtried': 3, 'PLwithQ': 3, 'budget': 387, 'build': 213}
pl 4 118 355 {'PLtried': 4, 'PLwithQ': 4, 'budget': 516, 'build': 284}
pl 5 118 453 {'PLtried': 5, 'PLwithQ': 5, 'budget': 640, 'build': 360}
pl 6 118 555 {'PLtried': 6, 'PLwithQ': 6, 'budget': 772, 'build': 428}
c772_000 mmwmw push@ 0 rail 10 {'PLtried': 7, 'PLwithQ': 7, 'budget': 772, 'build': 433}
c772_001 mmwmw push@ 0 rail 12 {'PLtried': 7, 'PLwithQ': 7, 'budget': 773, 'build': 434}
c772_002 mmwmw push@ 0 rail 12 {'PLtried': 7, 'PLwithQ': 7, 'budget': 773, 'build': 436}
c772_003 mmwmw push@ 0 rail 10 {'PLtried': 7, 'PLwithQ': 7, 'budget': 773, 'build': 436}
c772_004 mmwmw push@ 0 rail 12 {'PLtried': 7, 'PLwithQ': 7, 'budget': 773, 'build': 437}
c772_005 mmwmw push@ 0 rail 15 {'PLtried': 7, 'PLwithQ': 7, 'budget': 775, 'build': 439}
c772_006 mmwmw push@ 0 rail 11 {'PLtried': 7, 'PLwithQ': 7, 'budget': 775, 'build': 439}
c772_007 mmwmw push@ 0 rail 12 {'PLtried': 7, 'PLwithQ': 7, 'budget': 775, 'build': 439}
c772_008 mmwmw push@ 0 rail 11 {'PLtried': 7, 'PLwithQ': 7, 'budget': 776, 'build': 441}
c772_009 mmwmw push@ 0 rail 12 {'PLtried': 7, 'PLwithQ': 7, 'budget': 776, 'build': 441}
c772_010 mmwmw push@ 0 rail 13 {'PLtried': 7, 'PLwithQ': 7, 'budget': 776, 'build': 441}
c772_011 mmwmw push@ 0 rail 11 {'PLtried': 7, 'PLwithQ': 7, 'budget': 777, 'build': 442}
c772_012 mmwmw push@ 0 rail 11 {'PLtried': 7, 'PLwithQ': 7, 'budget': 779, 'build': 442}
c772_013 mmwmw push@ 0 rail 12 {'PLtried': 7, 'PLwithQ': 7, 'budget': 779, 'build': 442}
c772_014 mmwmw push@ 0 rail 11 {'PLtried': 7, 'PLwithQ': 7, 'budget': 780, 'build': 442}
c772_015 mmwmw push@ 0 rail 13 {'PLtried': 7, 'PLwithQ': 7, 'budget': 782, 'build': 443}
c772_016 mmwmw push@ 0 rail 13 {'PLtried': 7, 'PLwithQ': 7, 'budget': 782, 'build': 443}
c772_017 mmwmw push@ 0 rail 9 {'PLtried': 7, 'PLwithQ': 7, 'budget': 783, 'build': 443}
c772_018 mmwmw push@ 0 rail 11 {'PLtried': 7, 'PLwithQ': 7, 'budget': 783, 'build': 444}
c772_019 mmwmw push@ 0 rail 11 {'PLtried': 7, 'PLwithQ': 7, 'budget': 785, 'build': 444}
c772_020 mmwmw push@ 0 rail 13 {'PLtried': 7, 'PLwithQ': 7, 'budget': 787, 'build': 444}
c772_021 mmwmw push@ 0 rail 10 {'PLtried': 7, 'PLwithQ': 7, 'budget': 787, 'build': 444}
c772_022 mmwmw push@ 0 rail 12 {'PLtried': 7, 'PLwithQ': 7, 'budget': 792, 'build': 446}
c772_023 mmwmw push@ 0 rail 11 {'PLtried': 7, 'PLwithQ': 7, 'budget': 792, 'build': 447}
c772_024 mmwmw push@ 0 rail 11 {'PLtried': 7, 'PLwithQ': 7, 'budget': 801, 'build': 451}
c772_025 mmwmw push@ 0 rail 11 {'PLtried': 7, 'PLwithQ': 7, 'budget': 804, 'build': 451}
c772_026 mmwmw push@ 0 rail 9 {'PLtried': 7, 'PLwithQ': 7, 'budget': 805, 'build': 455}
c772_027 mmwmw push@ 0 rail 13 {'PLtried': 7, 'PLwithQ': 7, 'budget': 812, 'build': 455}
c772_028 mmwmw push@ 0 rail 9 {'PLtried': 7, 'PLwithQ': 7, 'budget': 812, 'build': 455}
c772_029 mmwmw push@ 0 rail 12 {'PLtried': 7, 'PLwithQ': 7, 'budget': 816, 'build': 459}
done {'PLtried': 7, 'PLwithQ': 7, 'budget': 816, 'build': 459}
