start (30, 67, [30, 29, 29])
it 1 best (29, 66, [29, 29, 29]) [22, 22, 22]
it 2 best (29, 64, [29, 29, 27]) [20, 22, 22]
it 3 best (29, 63, [29, 28, 27]) [20, 21, 22]
it 150 cur (29, 63, [29, 28, 27]) acc 3
it 300 cur (29, 63, [29, 28, 27]) acc 3
it 350 cur (29, 63, [29, 28, 27]) acc 3
it 450 cur (29, 63, [29, 28, 27]) acc 3
it 500 cur (29, 63, [29, 28, 27]) acc 3
it 600 cur (29, 63, [29, 28, 27]) acc 3
it 700 cur (29, 63, [29, 28, 27]) acc 3
it 750 cur (29, 63, [29, 28, 27]) acc 3
it 800 cur (29, 63, [29, 28, 27]) acc 3
it 850 cur (29, 63, [29, 28, 27]) acc 3
it 950 cur (29, 63, [29, 28, 27]) acc 3
it 1050 cur (29, 63, [29, 28, 27]) acc 3
it 1100 cur (29, 63, [29, 28, 27]) acc 3
it 1150 cur (29, 63, [29, 28, 27]) acc 3
it 1200 cur (29, 63, [29, 28, 27]) acc 5
it 1250 cur (29, 63, [29, 28, 27]) acc 5
it 1450 cur (29, 63, [29, 28, 27]) acc 5
it 1500 cur (29, 63, [29, 28, 27]) acc 5
it 1550 cur (29, 63, [29, 28, 27]) acc 5
it 1650 cur (29, 63, [29, 28, 27]) acc 5
it 1700 cur (29, 63, [29, 28, 27]) acc 5
it 1750 cur (29, 63, [29, 28, 27]) acc 5
it 1800 cur (29, 63, [29, 28, 27]) acc 5
it 1850 cur (29, 63, [29, 28, 27]) acc 5
it 1900 cur (29, 63, [29, 28, 27]) acc 5
it 1950 cur (29, 63, [29, 28, 27]) acc 5
it 2000 cur (29, 63, [29, 28, 27]) acc 5
it 2050 cur (29, 63, [29, 28, 27]) acc 5
it 2100 cur (29, 63, [29, 28, 27]) acc 5
it 2150 cur (29, 63, [29, 28, 27]) acc 5
it 2250 cur (29, 63, [29, 28, 27]) acc 5
it 2350 cur (29, 63, [29, 28, 27]) acc 5
