Q2 (-1, -2, -2) n 0
Q2 (-1, -2, -1) n 0
Q2 (-1, -2, 0) n 0
Q2 (-1, -2, 1) n 0
Q2 (-1, -2, 2) n 0
Q2 (-1, -1, -2) n 0
Q2 (-1, -1, -1) n 0
Q2 (-1, -1, 1) n 0
Q2 (-1, -1, 2) n 0
Q2 (-1, 0, -2) n 0
Q2 (-1, 0, 0) n 0
Q2 (-1, 0, 2) n 0
Q2 (-1, 1, -2) n 0
Q2 (-1, 1, -1) n 0
Q2 (-1, 1, 1) n 0
Q2 (-1, 1, 2) n 0
Q2 (-1, 2, -2) n 0
Q2 (-1, 2, -1) n 0
Q2 (-1, 2, 0) n 0
Q2 (-1, 2, 1) n 0
Q2 (-1, 2, 2) n 0
Q2 (0, -2, -2) n 0
Q2 (0, -2, -1) n 0
Q2 (-1, -1, 0) n 0
Q2 (0, -2, 1) n 0
Q2 (0, -2, 2) n 0
Q2 (0, -1, -2) n 0
Q2 (-1, 0, -1) n 0
Q2 (0, -1, 0) n 0
Q2 (-1, 1, 0) n 0
Q2 (0, -1, 2) n 0
Q2 (-1, 0, 1) n 0
Q2 (0, 0, -1) n 0
Q2 (0, 0, 1) n 0
Q2 (0, -2, 0) n 0
Q2 (0, 1, -2) n 0
Q2 (0, 0, -2) n 0
Q2 (0, 1, 0) n 0
Q2 (0, 0, 2) n 0
Q2 (0, 1, 2) n 0
Q2 (0, 2, -2) n 0
Q2 (0, 2, -1) n 0
Q2 (0, -1, 1) n 0
Q2 (0, 2, 1) n 0
Q2 (0, 2, 2) n 0
Q2 (1, -2, -2) n 0
Q2 (1, -2, -1) n 0
Q2 (1, -2, 0) n 0
Q2 (1, -2, 1) n 0
Q2 (1, -2, 2) n 0
Q2 (1, -1, -2) n 0
Q2 (1, -1, -1) n 0
Q2 (0, -1, -1) n 0
Q2 (1, -1, 1) n 0
Q2 (1, -1, 2) n 0
Q2 (1, 0, -2) n 0
Q2 (0, 2, 0) n 0
Q2 (1, 0, 0) n 0
Q2 (0, 1, -1) n 0
Q2 (1, 0, 2) n 0
Q2 (1, 1, -2) n 0
Q2 (1, 1, -1) n 0
Q2 (1, -1, 0) n 0
Q2 (1, 1, 1) n 0
Q2 (1, 1, 2) n 0
Q2 (1, 2, -2) n 0
Q2 (1, 2, -1) n 0
Q2 (1, 2, 0) n 0
Q2 (1, 2, 1) n 0
Q2 (1, 2, 2) n 0
Q2 (1, 0, -1) n 0
Q2 (1, 0, 1) n 0
Q2 (1, 1, 0) n 0
Q2 (0, 1, 1) n 0
