valid colourings 2
seed 300 ('place', 21, 385)
seed 301 ('place', 19, 6979)
seed 302 ('place', 32, 1389)
seed 303 ('place', 28, 316)
seed 304 ('place', 16, 4850)
seed 305 ('place', 32, 5161)
seed 306 ('place', 30, 835)
seed 307 ('place', 22, 1836)
seed 308 ('place', 3, 3245)
seed 309 ('place', 21, 2714)
seed 310 ('place', 33, 4801)
seed 311 ('place', 5, 4425)
seed 312 ('place', 5, 623)
seed 313 ('place', 25, 3654)
seed 314 ('place', 19, 6956)
seed 315 ('place', 14, 3892)
seed 316 ('place', 26, 3512)
seed 317 ('place', 24, 0)
seed 318 ('place', 17, 8925)
seed 319 ('place', 27, 3594)
seed 320 ('place', 24, 1309)
seed 321 ('place', 3, 1123)
seed 322 ('place', 29, 1728)
seed 323 ('place', 30, 0)
seed 324 ('place', 6, 444)
seed 325 ('place', 5, 13565)
seed 326 ('place', 28, 1507)
seed 327 ('place', 6, 1350)
seed 328 ('place', 6, 336)
seed 329 ('place', 11, 1522)
seed 330 ('place', 32, 1082)
seed 331 ('place', 0, 2523)
seed 332 ('place', 9, 9361)
seed 333 ('place', 11, 1680)
seed 334 ('place', 9, 5000)
seed 335 ('place', 18, 1794)
seed 336 ('place', 9, 31)
seed 337 ('place', 17, 9739)
seed 338 ('place', 27, 607)
seed 339 ('place', 20, 1381)
