valid colourings 2
seed 100 ('place', 15, 8729)
seed 101 ('place', 35, 1082)
seed 102 ('place', 17, 416)
seed 103 ('place', 5, 9783)
seed 104 maxglue 79 {('A', 0): 51, ('A', 1): 43, ('A', 2): 41, ('A', 3): 60, ('A', 4): 27, ('B', 0): 79, ('B', 1): 29, ('B', 2): 48, ('B', 3): 54}
seed 105 ('place', 34, 6092)
seed 106 ('place', 34, 3169)
seed 107 ('place', 0, 10160)
seed 108 ('place', 0, 1325)
seed 109 ('place', 24, 130)
seed 110 ('place', 32, 2413)
seed 111 ('place', 30, 573)
seed 112 ('place', 5, 1037)
seed 113 ('place', 24, 1106)
seed 114 ('place', 32, 5022)
seed 115 ('place', 19, 9530)
seed 116 ('place', 5, 1239)
seed 117 ('place', 31, 4322)
seed 118 ('place', 30, 719)
seed 119 ('place', 27, 0)
seed 120 ('place', 35, 1177)
seed 121 maxglue 78 {('A', 0): 50, ('A', 1): 23, ('A', 2): 54, ('A', 3): 62, ('A', 4): 30, ('B', 0): 78, ('B', 1): 44, ('B', 2): 45, ('B', 3): 73}
seed 122 ('place', 0, 6449)
seed 123 ('place', 14, 3207)
seed 124 ('place', 5, 1033)
seed 125 maxglue 72 {('A', 0): 47, ('A', 1): 26, ('A', 2): 72, ('A', 3): 71, ('A', 4): 32, ('B', 0): 59, ('B', 1): 42, ('B', 2): 44, ('B', 3): 58}
seed 126 ('place', 8, 6257)
seed 127 ('place', 28, 5138)
seed 128 ('place', 27, 724)
seed 129 ('place', 9, 6092)
