valid colourings 2
seed 200 ('place', 25, 1394)
seed 201 ('place', 11, 1169)
seed 202 ('place', 13, 720)
seed 203 ('place', 9, 423)
seed 204 ('place', 12, 10877)
seed 205 ('place', 17, 3042)
seed 206 ('place', 2, 6891)
seed 207 ('place', 1, 1129)
seed 208 ('place', 31, 3208)
seed 209 maxglue 63 {('A', 0): 37, ('A', 1): 55, ('A', 2): 39, ('A', 3): 53, ('A', 4): 28, ('B', 0): 63, ('B', 1): 38, ('B', 2): 46, ('B', 3): 46}
seed 210 maxglue 67 {('A', 0): 47, ('A', 1): 59, ('A', 2): 24, ('A', 3): 58, ('A', 4): 25, ('B', 0): 56, ('B', 1): 52, ('B', 2): 30, ('B', 3): 67}
seed 211 ('place', 14, 11003)
seed 212 ('place', 10, 258)
seed 213 ('place', 4, 4830)
seed 214 ('place', 12, 2609)
seed 215 ('place', 14, 1457)
seed 216 ('place', 0, 2631)
seed 217 ('place', 5, 6835)
seed 218 ('place', 17, 3105)
seed 219 ('place', 1, 881)
seed 220 ('place', 12, 1917)
seed 221 ('place', 8, 1428)
seed 222 ('place', 14, 509)
seed 223 ('place', 15, 3983)
seed 224 ('place', 24, 2074)
seed 225 ('place', 0, 823)
seed 226 ('place', 18, 3799)
seed 227 ('place', 34, 225)
seed 228 ('place', 27, 8882)
seed 229 ('place', 17, 902)
seed 230 ('place', 2, 5584)
seed 231 ('place', 15, 4629)
seed 232 ('place', 9, 4274)
seed 233 ('place', 6, 14157)
seed 234 ('place', 5, 7128)
seed 235 ('place', 34, 3030)
seed 236 ('place', 0, 2695)
seed 237 ('place', 4, 3946)
seed 238 ('place', 30, 1586)
seed 239 ('place', 14, 8206)
