valid colourings 2
seed 0 ('place', 21, 2351)
seed 1 ('place', 33, 4262)
seed 2 maxglue 54 {('A', 0): 49, ('A', 1): 54, ('A', 2): 36, ('A', 3): 49, ('A', 4): 22, ('B', 0): 54, ('B', 1): 47, ('B', 2): 46, ('B', 3): 53}
seed 3 ('place', 29, 8687)
seed 4 ('place', 34, 380)
seed 5 ('place', 23, 2444)
seed 6 ('place', 18, 1928)
seed 7 ('place', 3, 36)
seed 8 ('place', 26, 1395)
seed 9 maxglue 56 {('A', 0): 45, ('A', 1): 50, ('A', 2): 51, ('A', 3): 45, ('A', 4): 20, ('B', 0): 49, ('B', 1): 56, ('B', 2): 38, ('B', 3): 53}
seed 10 ('place', 25, 2731)
seed 11 ('place', 26, 7081)
seed 12 maxglue 51 {('A', 0): 47, ('A', 1): 42, ('A', 2): 20, ('A', 3): 38, ('A', 4): 40, ('B', 0): 40, ('B', 1): 32, ('B', 2): 51, ('B', 3): 43}
seed 13 ('place', 35, 2157)
seed 14 ('place', 34, 2176)
seed 15 ('place', 26, 1339)
seed 16 ('place', 4, 754)
seed 17 ('place', 14, 6295)
seed 18 ('place', 33, 874)
seed 19 ('place', 5, 6138)
seed 20 ('place', 30, 3833)
seed 21 ('place', 35, 2612)
seed 22 ('place', 16, 9713)
seed 23 ('place', 10, 7140)
seed 24 ('place', 25, 1331)
seed 25 ('place', 20, 3926)
seed 26 ('place', 27, 120)
seed 27 ('place', 33, 1008)
seed 28 ('place', 15, 4792)
seed 29 ('place', 16, 133)
seed 30 ('place', 15, 4061)
seed 31 ('place', 6, 3477)
seed 32 ('place', 26, 1874)
seed 33 ('place', 31, 1473)
seed 34 ('place', 23, 1061)
seed 35 maxglue 57 {('A', 0): 49, ('A', 1): 57, ('A', 2): 53, ('A', 3): 41, ('A', 4): 16, ('B', 0): 53, ('B', 1): 53, ('B', 2): 45, ('B', 3): 38}
seed 36 ('place', 0, 278)
seed 37 ('place', 17, 6090)
seed 38 ('place', 20, 2772)
seed 39 ('place', 25, 587)
