valid colourings 2
seed 100 maxglue 53 {('A', 0): 43, ('A', 1): 53, ('A', 2): 34, ('B', 0): 41, ('B', 1): 18, ('B', 2): 27, ('B', 3): 44}
seed 101 ('place', 7, 414)
seed 102 ('place', 11, 0)
seed 103 ('place', 3, 0)
seed 104 ('place', 6, 147)
seed 105 maxglue 41 {('A', 0): 28, ('A', 1): 39, ('A', 2): 41, ('B', 0): 41, ('B', 1): 17, ('B', 2): 29, ('B', 3): 37}
seed 106 ('place', 3, 51)
seed 107 ('place', 6, 0)
seed 108 ('place', 19, 10)
seed 109 ('place', 11, 236)
seed 110 ('place', 18, 1269)
seed 111 ('place', 10, 47)
seed 112 maxglue 39 {('A', 0): 35, ('A', 1): 32, ('A', 2): 27, ('B', 0): 39, ('B', 1): 12, ('B', 2): 20, ('B', 3): 31}
seed 113 ('place', 14, 966)
seed 114 ('place', 7, 0)
seed 115 ('place', 7, 474)
seed 116 ('place', 18, 756)
seed 117 ('place', 6, 0)
seed 118 ('place', 5, 45)
seed 119 maxglue 47 {('A', 0): 45, ('A', 1): 25, ('A', 2): 46, ('B', 0): 47, ('B', 1): 21, ('B', 2): 31, ('B', 3): 20}
seed 120 ('place', 13, 162)
seed 121 maxglue 40 {('A', 0): 40, ('A', 1): 26, ('A', 2): 33, ('B', 0): 31, ('B', 1): 11, ('B', 2): 27, ('B', 3): 31}
seed 122 ('place', 1, 441)
