skeleton 0 (2.9s): K5: (11, 2, 3)g (11, 2, 4)P (11, 3, 3)g (12, 3, 3)g (13, 3, 3)g (13, 4, 3)S | F: (10, 4, 3)g (10, 4, 4)g (11, 3, 4)g (11, 4, 4)g (12, 2, 3)S (12, 2, 4)g (12, 3, 4)g | Q: (11, 2, 2)S
   single chain powered L7: INFEASIBLE
   mirror summary {'SKEL': 85, 'INFEASIBLE': 158}
skeleton 1 (8.2s): K5: (11, 2, 2)g (11, 2, 3)g (11, 2, 4)P (12, 2, 2)g (13, 2, 2)g (13, 3, 2)S | F: (10, 3, 2)g (10, 3, 3)g (11, 3, 3)g (12, 2, 3)S (12, 2, 4)g (12, 3, 3)g (12, 3, 4)g | Q: (11, 2, 1)S
   single chain powered L7: INFEASIBLE
   mirror summary {'SKEL': 85, 'INFEASIBLE': 158}
skeleton 2 (12.7s): K5: (11, 1, 3)P (11, 2, 3)g (11, 2, 4)g (12, 2, 4)g (13, 2, 4)g (13, 2, 5)S | F: (10, 1, 5)g (10, 2, 5)g (11, 1, 5)g (12, 1, 3)g (12, 1, 4)g (12, 1, 5)g (12, 2, 3)S | Q: (11, 2, 2)S
   single chain powered L7: INFEASIBLE
   mirror summary {'SKEL': 85, 'INFEASIBLE': 158}
skeleton 3 (3.1s): K5: (11, 2, 3)g (11, 2, 4)P (11, 3, 3)g (12, 3, 3)g (13, 3, 3)g (13, 4, 3)S | F: (10, 3, 4)g (10, 4, 3)g (10, 4, 4)g (11, 3, 4)g (12, 2, 3)S (12, 2, 4)g (12, 3, 4)g | Q: (11, 2, 2)S
   single chain powered L7: INFEASIBLE
   mirror summary {'SKEL': 85, 'INFEASIBLE': 158}
skeleton 4 (79.3s): K5: (11, 2, 2)g (11, 2, 3)g (11, 2, 4)P (12, 2, 2)g (13, 2, 2)g (13, 3, 2)S | F: (10, 3, 2)g (10, 3, 3)g (11, 3, 3)g (11, 3, 4)g (12, 2, 3)S (12, 2, 4)g (12, 3, 4)g | Q: (11, 2, 1)S
   single chain powered L7: INFEASIBLE
   mirror summary {'SKEL': 85, 'INFEASIBLE': 158}
skeleton 5 (13.9s): K5: (11, 1, 3)g (11, 2, 3)g (11, 3, 3)P (12, 1, 3)g (13, 1, 3)g (13, 1, 4)S | F: (10, 1, 4)g (10, 2, 4)g (11, 2, 4)g (11, 3, 4)g (12, 2, 3)S (12, 3, 3)g (12, 3, 4)g | Q: (11, 2, 2)S
   single chain powered L7: INFEASIBLE
   mirror summary {'SKEL': 85, 'INFEASIBLE': 158}
skeleton 6 (3.8s): K5: (11, 2, 3)g (11, 2, 4)P (11, 3, 3)g (12, 3, 3)g (13, 3, 3)g (13, 4, 3)S | F: (10, 4, 3)g (10, 4, 4)g (11, 4, 4)g (12, 2, 3)S (12, 2, 4)g (12, 3, 4)g (12, 4, 4)g | Q: (11, 2, 2)S
   single chain powered L7: INFEASIBLE
   mirror summary {'SKEL': 85, 'INFEASIBLE': 158}
skeleton 7 (4.4s): K5: (11, 1, 3)g (11, 2, 2)S (11, 2, 3)g (11, 3, 3)P (12, 1, 3)g (13, 1, 3)g | F: (10, 1, 4)g (10, 2, 4)g (11, 2, 4)g (12, 2, 3)S (12, 2, 4)g (12, 3, 3)g (12, 3, 4)g | Q: (13, 1, 4)S
   single chain powered L7: INFEASIBLE
   mirror summary {'SKEL': 85, 'INFEASIBLE': 158}
