bank L=8 flipz d=(-1, 0, 8) obj=None -> OPTIMAL 0.1s (build 0.3s)
K0 word=(0, 1) honey n=5: (0, -1, -1)P (0, -1, 0)g (0, 0, -1)g (0, 0, 0)g (0, 0, 1)P
N word=(1, 2) slime n=2: (2, -1, -1)g (2, 0, -1)S
K1 word=(2, 3) honey n=6: (2, -1, 1)('D', 5) (3, -1, 0)('O', 5) (3, -1, 1)g (3, 0, 0)S (3, 0, 1)g (3, 1, 1)P
K2 word=(0, 1) slime n=5: (3, 1, 0)R (4, 0, 1)S (4, 1, 0)g (4, 1, 1)g (4, 1, 2)P
K3 word=(2, 3) honey n=5: (6, 0, 2)R (7, 0, 2)g (7, 1, 1)S (7, 1, 2)g (7, 2, 2)P
K4 word=(0, 1) slime n=7: (7, 3, 2)('D', 4) (8, 0, 2)S (8, 1, 1)('D', 5) (8, 1, 2)g (8, 1, 3)P (8, 2, 2)g (8, 3, 2)g
K5 word=(2, 3) slime n=7: (10, 2, 3)('O', 2) (11, 1, 2)('D', 1) (11, 1, 3)g (11, 2, 3)g (11, 3, 2)S (11, 3, 3)g (12, 3, 3)P
V word=(1, 2) honey n=1: (9, 3, 3)P
K0' word=(2, 3) slime n=5: (1, -1, 8)g (1, -1, 9)P (1, 0, 7)P (1, 0, 8)g (1, 0, 9)g
N' word=(0, 3) slime n=2: (2, -1, 9)g (2, 0, 9)S
K1' word=(0, 1) honey n=6: (1, -1, 7)('D', 4) (2, -1, 7)g (2, -1, 8)('O', 4) (2, 0, 7)g (2, 0, 8)S (2, 1, 7)P
K2' word=(2, 3) slime n=5: (4, 1, 8)R (5, 0, 7)S (5, 1, 6)P (5, 1, 7)g (5, 1, 8)g
K3' word=(0, 1) slime n=5: (5, 0, 6)R (6, 0, 6)g (6, 1, 6)g (6, 1, 7)S (6, 2, 6)P
K4' word=(2, 3) honey n=7: (8, 3, 6)('D', 5) (9, 0, 6)S (9, 1, 5)P (9, 1, 6)g (9, 1, 7)('D', 4) (9, 2, 6)g (9, 3, 6)g
K5' word=(0, 1) honey n=7: (9, 2, 5)('O', 2) (10, 1, 5)g (10, 1, 6)('D', 1) (10, 2, 5)g (10, 3, 5)g (10, 3, 6)S (11, 3, 5)P
V' word=(0, 3) slime n=1: (9, 3, 5)P
F word=(0, 2) honey n=8: (12, 3, 2)('D', 3) (12, 3, 6)('D', 1) (13, 3, 2)g (13, 3, 3)g (13, 3, 4)g (13, 3, 5)g (13, 3, 6)g (13, 4, 4)g
loads K0+N@1=7 K0'+N'@3=7 K0@0=5 N@2=3 K1'@0=6 K1'@1=6 K2'@2=5 K2'@3=5 K3'@0=5 K3'@1=5 K4'@2=7 K4'@3=8 K5'@0=8 K5'@1=7 F@0=8 F@2=8 K1@2=6 K1@3=6 K2@0=5 K2@1=5 K3@2=5 K3@3=5 K4@0=7 K4@1=8 K5@2=8 K5@3=7 K0'@2=5 N'@0=3
riders [(0, "V'", "K5'"), (1, 'V', 'K4'), (2, 'V', 'K5'), (3, "V'", "K4'")]
