swap (-1, 0, 0) none SKEL_OVERLAP 0.0
flipy (-1, 8, 0) none INFEASIBLE 0.2
anti (-1, 8, 8) none INFEASIBLE 0.2
rot180 (-1, 8, 8) none INFEASIBLE 0.2
id (-1, 0, 0) none SKEL_OVERLAP 0.0
swap (-1, -1, 0) none SKEL_OVERLAP 0.0
swap (-1, 0, -1) none SKEL_OVERLAP 0.0
swap (-1, 0, 1) none SKEL_OVERLAP 0.0
swap (-1, 1, 0) none SKEL_OVERLAP 0.0
flipz (-1, 0, 8) none INFEASIBLE 0.6
rot270 (-1, 0, 8) none INFEASIBLE 0.3
rot90 (-1, 8, 0) none INFEASIBLE 0.3
anti (-1, 7, 8) none INFEASIBLE 0.3
anti (-1, 8, 7) none INFEASIBLE 0.2
anti (-1, 8, 9) none INFEASIBLE 0.1
anti (-1, 9, 8) none INFEASIBLE 0.1
flipy (-1, 8, -1) none INFEASIBLE 0.1
flipy (-1, 8, 1) none INFEASIBLE 0.1
flipy (-1, 9, 0) none INFEASIBLE 0.1
flipy (-1, 7, 0) none INFEASIBLE 1.2
