swap (-1, 0, 0) V SKEL_OVERLAP 0.0
flipz (-1, 0, 8) V INFEASIBLE 1.8
anti (-1, 8, 8) V INFEASIBLE 9.3
rot180 (-1, 8, 8) V INFEASIBLE 8.1
id (-1, 0, 0) V SKEL_OVERLAP 0.0
swap (-1, -1, 0) V SKEL_OVERLAP 0.0
swap (-1, 0, -1) V SKEL_OVERLAP 0.0
swap (-1, 0, 1) V SKEL_OVERLAP 0.0
swap (-1, 1, 0) V SKEL_OVERLAP 0.0
flipy (-1, 8, 0) V INFEASIBLE 8.5
rot90 (-1, 8, 0) V INFEASIBLE 10.0
rot270 (-1, 0, 8) V INFEASIBLE 7.6
anti (-1, 8, 7) V INFEASIBLE 10.8
anti (-1, 7, 8) V INFEASIBLE 10.7
anti (-1, 8, 9) V INFEASIBLE 9.1
anti (-1, 9, 8) V INFEASIBLE 10.1
flipy (-1, 7, 0) V INFEASIBLE 14.4
flipy (-1, 8, -1) V INFEASIBLE 11.2
flipy (-1, 8, 1) V INFEASIBLE 9.8
flipy (-1, 9, 0) V INFEASIBLE 9.9
flipz (-1, 0, 7) V INFEASIBLE 0.5
flipz (-1, -1, 8) V INFEASIBLE 5.4
flipz (-1, 1, 8) V INFEASIBLE 5.5
flipz (-1, 0, 9) V INFEASIBLE 10.0
rot180 (-1, 7, 8) V INFEASIBLE 14.9
rot180 (-1, 9, 8) V INFEASIBLE 8.9
rot180 (-1, 8, 9) V INFEASIBLE 11.1
rot180 (-1, 8, 7) V INFEASIBLE 11.4
rot90 (-1, 7, 0) V INFEASIBLE 1.8
rot90 (-1, 8, -1) V INFEASIBLE 10.3
rot90 (-1, 8, 1) V INFEASIBLE 9.6
rot90 (-1, 9, 0) V INFEASIBLE 7.6
rot270 (-1, -1, 8) V INFEASIBLE 8.2
id (-1, -1, 0) V SKEL_OVERLAP 0.0
id (-1, 0, -1) V SKEL_OVERLAP 0.0
id (-1, 0, 1) V SKEL_OVERLAP 0.0
id (-1, 1, 0) V SKEL_OVERLAP 0.0
swap (-2, 0, 0) V SKEL_OVERLAP 0.0
swap (0, 0, 0) V SKEL_OVERLAP 0.0
rot270 (-1, 0, 7) V INFEASIBLE 1.6
rot270 (-1, 0, 9) V INFEASIBLE 8.2
rot270 (-1, 1, 8) V INFEASIBLE 8.6
anti (0, 8, 8) V INFEASIBLE 6.9
anti (-2, 8, 8) V INFEASIBLE 9.5
flipy (-2, 8, 0) V INFEASIBLE 7.1
flipy (0, 8, 0) V INFEASIBLE 7.1
flipz (-2, 0, 8) V INFEASIBLE 1.6
flipz (0, 0, 8) V INFEASIBLE 1.6
rot90 (-2, 8, 0) V INFEASIBLE 5.6
rot180 (-2, 8, 8) V INFEASIBLE 8.8
rot180 (0, 8, 8) V INFEASIBLE 7.9
id (-2, 0, 0) V SKEL_OVERLAP 0.0
id (0, 0, 0) V SKEL_OVERLAP 0.0
swap (-1, -2, 0) V SKEL_OVERLAP 0.0
swap (-1, -1, -1) V SKEL_OVERLAP 0.0
swap (-1, -1, 1) V SKEL_OVERLAP 0.0
rot90 (0, 8, 0) V INFEASIBLE 8.4
swap (-1, 0, 2) V SKEL_OVERLAP 0.0
swap (-1, 1, -1) V SKEL_OVERLAP 0.0
swap (-1, 1, 1) V SKEL_OVERLAP 0.0
swap (-1, 0, -2) V INFEASIBLE 0.2
swap (-1, 2, 0) V INFEASIBLE 0.1
rot270 (-2, 0, 8) V INFEASIBLE 7.2
rot270 (0, 0, 8) V INFEASIBLE 6.4
anti (-1, 7, 7) V INFEASIBLE 1.9
anti (-1, 7, 9) V INFEASIBLE 7.2
anti (-1, 6, 8) V INFEASIBLE 13.1
anti (-1, 8, 10) V INFEASIBLE 7.7
anti (-1, 8, 6) V INFEASIBLE 10.4
flipy (-1, 6, 0) V INFEASIBLE 0.8
anti (-1, 9, 9) V INFEASIBLE 7.5
anti (-1, 9, 7) V INFEASIBLE 9.4
anti (-1, 10, 8) V INFEASIBLE 7.4
flipy (-1, 7, 1) V INFEASIBLE 3.5
flipy (-1, 7, -1) V INFEASIBLE 4.4
flipy (-1, 8, -2) V INFEASIBLE 10.2
flipy (-1, 8, 2) V INFEASIBLE 8.4
flipy (-1, 9, -1) V INFEASIBLE 7.3
flipy (-1, 9, 1) V INFEASIBLE 10.2
flipz (-1, -1, 7) V INFEASIBLE 0.4
flipz (-1, 0, 6) V SKEL_OVERLAP 0.0
flipy (-1, 10, 0) V INFEASIBLE 10.0
flipz (-1, 1, 7) V INFEASIBLE 0.3
flipz (-1, -2, 8) V INFEASIBLE 18.8
flipz (-1, 0, 10) V INFEASIBLE 11.4
flipz (-1, -1, 9) V INFEASIBLE 12.1
flipz (-1, 1, 9) V INFEASIBLE 11.4
flipz (-1, 2, 8) V INFEASIBLE 12.4
rot180 (-1, 6, 8) V INFEASIBLE 9.2
rot180 (-1, 7, 7) V INFEASIBLE 13.6
rot180 (-1, 7, 9) V INFEASIBLE 9.2
rot180 (-1, 8, 10) V INFEASIBLE 8.1
rot180 (-1, 9, 7) V INFEASIBLE 8.6
rot180 (-1, 8, 6) V INFEASIBLE 17.6
rot90 (-1, 6, 0) V INFEASIBLE 0.8
rot180 (-1, 9, 9) V INFEASIBLE 7.6
rot180 (-1, 10, 8) V INFEASIBLE 7.9
rot90 (-1, 7, -1) V INFEASIBLE 3.9
rot90 (-1, 7, 1) V INFEASIBLE 2.3
rot90 (-1, 8, -2) V INFEASIBLE 8.1
rot90 (-1, 8, 2) V INFEASIBLE 12.8
rot90 (-1, 10, 0) V INFEASIBLE 7.6
rot90 (-1, 9, -1) V INFEASIBLE 9.8
rot90 (-1, 9, 1) V INFEASIBLE 12.2
rot270 (-1, -1, 7) V INFEASIBLE 1.9
rot270 (-1, 0, 6) V INFEASIBLE 1.2
rot270 (-1, -2, 8) V INFEASIBLE 9.6
rot270 (-1, -1, 9) V INFEASIBLE 8.4
rot270 (-1, 1, 7) V INFEASIBLE 1.9
id (-1, -2, 0) V SKEL_OVERLAP 0.0
id (-1, -1, -1) V SKEL_OVERLAP 0.0
id (-1, -1, 1) V SKEL_OVERLAP 0.0
id (-1, 0, -2) V SKEL_OVERLAP 0.0
id (-1, 0, 2) V SKEL_OVERLAP 0.0
id (-1, 1, -1) V SKEL_OVERLAP 0.0
id (-1, 1, 1) V SKEL_OVERLAP 0.0
id (-1, 2, 0) V SKEL_OVERLAP 0.0
swap (-2, -1, 0) V SKEL_OVERLAP 0.0
swap (-2, 0, -1) V SKEL_OVERLAP 0.0
swap (-2, 0, 1) V SKEL_OVERLAP 0.0
swap (-2, 1, 0) V SKEL_OVERLAP 0.0
swap (0, -1, 0) V SKEL_OVERLAP 0.0
swap (0, 0, -1) V SKEL_OVERLAP 0.0
swap (0, 0, 1) V SKEL_OVERLAP 0.0
swap (0, 1, 0) V SKEL_OVERLAP 0.0
rot270 (-1, 0, 10) V INFEASIBLE 8.2
rot270 (-1, 2, 8) V INFEASIBLE 7.0
rot270 (-1, 1, 9) V INFEASIBLE 13.6
anti (-2, 7, 8) V INFEASIBLE 12.2
anti (-2, 8, 7) V INFEASIBLE 11.2
anti (-2, 8, 9) V INFEASIBLE 15.4
anti (-2, 9, 8) V INFEASIBLE 11.6
anti (0, 8, 7) V INFEASIBLE 9.9
anti (0, 7, 8) V INFEASIBLE 11.0
anti (0, 8, 9) V INFEASIBLE 10.8
anti (0, 9, 8) V INFEASIBLE 9.5
flipy (-2, 7, 0) V INFEASIBLE 9.6
flipy (-2, 8, -1) V INFEASIBLE 9.8
flipy (-2, 8, 1) V INFEASIBLE 10.1
flipy (-2, 9, 0) V INFEASIBLE 9.3
flipy (0, 8, -1) V INFEASIBLE 10.1
flipy (0, 7, 0) V INFEASIBLE 10.8
flipy (0, 9, 0) V INFEASIBLE 9.4
flipz (-2, 0, 7) V INFEASIBLE 0.6
flipz (-2, -1, 8) V INFEASIBLE 7.6
flipy (0, 8, 1) V INFEASIBLE 22.0
flipz (-2, 1, 8) V INFEASIBLE 7.1
flipz (0, 0, 7) V INFEASIBLE 0.8
flipz (0, -1, 8) V INFEASIBLE 4.8
flipz (-2, 0, 9) V INFEASIBLE 12.0
flipz (0, 0, 9) V INFEASIBLE 11.0
flipz (0, 1, 8) V INFEASIBLE 8.8
rot180 (-2, 8, 7) V INFEASIBLE 11.8
rot180 (-2, 7, 8) V INFEASIBLE 17.9
rot180 (-2, 8, 9) V INFEASIBLE 13.4
rot180 (-2, 9, 8) V INFEASIBLE 12.3
rot180 (0, 7, 8) V INFEASIBLE 16.6
rot180 (0, 8, 7) V INFEASIBLE 15.2
rot180 (0, 8, 9) V INFEASIBLE 11.5
rot90 (-2, 7, 0) V INFEASIBLE 1.8
rot180 (0, 9, 8) V INFEASIBLE 11.5
rot90 (0, 7, 0) V INFEASIBLE 1.8
rot90 (-2, 8, 1) V INFEASIBLE 10.1
rot90 (-2, 8, -1) V INFEASIBLE 14.1
rot90 (-2, 9, 0) V INFEASIBLE 13.1
rot90 (0, 8, -1) V INFEASIBLE 13.5
rot90 (0, 9, 0) V INFEASIBLE 10.9
rot90 (0, 8, 1) V INFEASIBLE 11.9
rot270 (-2, -1, 8) V INFEASIBLE 9.6
rot270 (-2, 0, 7) V INFEASIBLE 1.7
rot270 (0, 0, 7) V INFEASIBLE 1.9
rot270 (-2, 0, 9) V INFEASIBLE 9.4
rot270 (0, -1, 8) V INFEASIBLE 9.1
id (-2, -1, 0) V SKEL_OVERLAP 0.0
id (-2, 0, -1) V SKEL_OVERLAP 0.0
id (-2, 0, 1) V SKEL_OVERLAP 0.0
id (-2, 1, 0) V SKEL_OVERLAP 0.0
id (0, -1, 0) V SKEL_OVERLAP 0.0
id (0, 0, -1) V SKEL_OVERLAP 0.0
id (0, 0, 1) V SKEL_OVERLAP 0.0
id (0, 1, 0) V SKEL_OVERLAP 0.0
swap (-3, 0, 0) V SKEL_OVERLAP 0.0
swap (1, 0, 0) V SKEL_OVERLAP 0.0
rot270 (-2, 1, 8) V INFEASIBLE 11.9
rot270 (0, 1, 8) V INFEASIBLE 12.9
rot270 (0, 0, 9) V INFEASIBLE 14.5
anti (-3, 8, 8) V INFEASIBLE 12.3
anti (1, 8, 8) V INFEASIBLE 14.7
flipz (-3, 0, 8) V INFEASIBLE 4.8
flipz (1, 0, 8) V INFEASIBLE 3.8
flipy (-3, 8, 0) V INFEASIBLE 14.9
flipy (1, 8, 0) V INFEASIBLE 14.8
rot180 (-3, 8, 8) V INFEASIBLE 15.2
rot180 (1, 8, 8) V INFEASIBLE 14.8
rot90 (1, 8, 0) V INFEASIBLE 14.7
id (-3, 0, 0) V SKEL_OVERLAP 0.0
id (1, 0, 0) V SKEL_OVERLAP 0.0
rot90 (-3, 8, 0) V INFEASIBLE 14.8
swap (-1, -2, -1) V SKEL_OVERLAP 0.0
swap (-1, -2, 1) V SKEL_OVERLAP 0.0
swap (-1, -1, -2) V SKEL_OVERLAP 0.0
swap (-1, -1, 2) V SKEL_OVERLAP 0.0
swap (-1, -3, 0) V INFEASIBLE 0.1
rot270 (1, 0, 8) V INFEASIBLE 11.9
swap (-1, 0, 3) V INFEASIBLE 0.1
swap (-1, 1, 2) V SKEL_OVERLAP 0.0
rot270 (-3, 0, 8) V INFEASIBLE 13.6
swap (-1, 2, 1) V SKEL_OVERLAP 0.0
swap (-1, 0, -3) V INFEASIBLE 7.7
swap (-1, 1, -2) V INFEASIBLE 0.1
swap (-1, 2, -1) V INFEASIBLE 0.1
anti (-1, 6, 7) V INFEASIBLE 1.7
swap (-1, 3, 0) V INFEASIBLE 7.3
anti (-1, 6, 9) V INFEASIBLE 8.5
anti (-1, 5, 8) V INFEASIBLE 9.3
anti (-1, 7, 6) V INFEASIBLE 1.6
anti (-1, 7, 10) V INFEASIBLE 7.6
anti (-1, 8, 11) V INFEASIBLE 8.1
anti (-1, 8, 5) V INFEASIBLE 9.8
anti (-1, 9, 6) V INFEASIBLE 9.4
anti (-1, 9, 10) V INFEASIBLE 10.2
anti (-1, 10, 9) V INFEASIBLE 6.6
anti (-1, 11, 8) V INFEASIBLE 6.7
anti (-1, 10, 7) V INFEASIBLE 7.8
flipy (-1, 5, 0) V INFEASIBLE 0.2
flipy (-1, 6, -1) V INFEASIBLE 0.8
flipy (-1, 6, 1) V INFEASIBLE 1.1
flipy (-1, 7, -2) V INFEASIBLE 10.3
flipy (-1, 7, 2) V INFEASIBLE 10.2
flipy (-1, 8, -3) V INFEASIBLE 7.3
flipy (-1, 8, 3) V INFEASIBLE 8.4
flipy (-1, 9, 2) V INFEASIBLE 8.1
flipy (-1, 9, -2) V INFEASIBLE 7.9
flipy (-1, 10, -1) V INFEASIBLE 10.6
flipy (-1, 10, 1) V INFEASIBLE 9.4
flipz (-1, -2, 7) V INFEASIBLE 0.5
flipy (-1, 11, 0) V INFEASIBLE 11.0
flipz (-1, -1, 6) V INFEASIBLE 0.3
flipz (-1, 0, 5) V SKEL_OVERLAP 0.0
flipz (-1, -3, 8) V INFEASIBLE 14.5
flipz (-1, -2, 9) V INFEASIBLE 9.8
flipz (-1, 1, 6) V INFEASIBLE 0.3
flipz (-1, -1, 10) V INFEASIBLE 7.7
flipz (-1, 0, 11) V INFEASIBLE 7.1
flipz (-1, 2, 7) V INFEASIBLE 0.5
flipz (-1, 1, 10) V INFEASIBLE 9.4
flipz (-1, 2, 9) V INFEASIBLE 9.3
rot180 (-1, 6, 7) V INFEASIBLE 3.4
flipz (-1, 3, 8) V INFEASIBLE 12.1
rot180 (-1, 5, 8) V INFEASIBLE 15.5
rot180 (-1, 7, 10) V INFEASIBLE 8.9
rot180 (-1, 6, 9) V INFEASIBLE 14.1
rot180 (-1, 7, 6) V INFEASIBLE 12.9
rot180 (-1, 8, 5) V INFEASIBLE 15.1
rot180 (-1, 8, 11) V INFEASIBLE 12.9
rot180 (-1, 9, 6) V INFEASIBLE 11.7
rot180 (-1, 9, 10) V INFEASIBLE 9.8
rot90 (-1, 5, 0) V SKEL_OVERLAP 0.0
rot90 (-1, 6, -1) V INFEASIBLE 0.2
rot180 (-1, 11, 8) V INFEASIBLE 6.7
rot90 (-1, 6, 1) V INFEASIBLE 0.3
rot180 (-1, 10, 7) V INFEASIBLE 10.6
rot180 (-1, 10, 9) V INFEASIBLE 10.7
rot90 (-1, 7, 2) V INFEASIBLE 0.6
rot90 (-1, 7, -2) V INFEASIBLE 8.8
rot90 (-1, 9, -2) V INFEASIBLE 9.5
rot90 (-1, 8, 3) V INFEASIBLE 10.9
rot90 (-1, 8, -3) V INFEASIBLE 12.4
rot90 (-1, 10, -1) V INFEASIBLE 7.1
rot90 (-1, 10, 1) V INFEASIBLE 7.6
rot90 (-1, 11, 0) V INFEASIBLE 6.8
rot90 (-1, 9, 2) V INFEASIBLE 10.6
rot270 (-1, -2, 7) V INFEASIBLE 0.5
rot270 (-1, -1, 6) V INFEASIBLE 0.3
rot270 (-1, 0, 5) V SKEL_OVERLAP 0.0
rot270 (-1, -3, 8) V INFEASIBLE 8.9
rot270 (-1, -2, 9) V INFEASIBLE 8.7
rot270 (-1, 1, 6) V INFEASIBLE 0.1
rot270 (-1, -1, 10) V INFEASIBLE 7.3
rot270 (-1, 0, 11) V INFEASIBLE 7.0
rot270 (-1, 1, 10) V INFEASIBLE 6.9
id (-1, -3, 0) V INFEASIBLE 0.1
id (-1, -2, -1) V SKEL_OVERLAP 0.0
rot270 (-1, 2, 7) V INFEASIBLE 8.5
id (-1, -1, -2) V SKEL_OVERLAP 0.0
id (-1, -1, 2) V SKEL_OVERLAP 0.0
rot270 (-1, 2, 9) V INFEASIBLE 11.3
rot270 (-1, 3, 8) V INFEASIBLE 9.3
id (-1, 1, -2) V SKEL_OVERLAP 0.0
id (-1, 1, 2) V SKEL_OVERLAP 0.0
id (-1, 0, -3) V INFEASIBLE 0.1
id (-1, 2, 1) V SKEL_OVERLAP 0.0
id (-1, -2, 1) V INFEASIBLE 0.1
swap (-2, -2, 0) V SKEL_OVERLAP 0.0
swap (-2, -1, -1) V SKEL_OVERLAP 0.0
swap (-2, -1, 1) V SKEL_OVERLAP 0.0
swap (-2, 0, -2) V SKEL_OVERLAP 0.0
swap (-2, 0, 2) V SKEL_OVERLAP 0.0
swap (-2, 1, -1) V SKEL_OVERLAP 0.0
swap (-2, 1, 1) V SKEL_OVERLAP 0.0
id (-1, 3, 0) V INFEASIBLE 0.2
swap (0, -2, 0) V SKEL_OVERLAP 0.0
swap (0, -1, -1) V SKEL_OVERLAP 0.0
swap (0, -1, 1) V SKEL_OVERLAP 0.0
swap (-2, 2, 0) V INFEASIBLE 0.1
swap (0, 0, 2) V SKEL_OVERLAP 0.0
swap (0, 1, -1) V SKEL_OVERLAP 0.0
swap (0, 1, 1) V SKEL_OVERLAP 0.0
swap (0, 2, 0) V SKEL_OVERLAP 0.0
id (-1, 0, 3) V INFEASIBLE 0.2
id (-1, 2, -1) V INFEASIBLE 0.2
swap (0, 0, -2) V INFEASIBLE 0.1
anti (-2, 7, 7) V INFEASIBLE 3.7
anti (-2, 6, 8) V INFEASIBLE 14.0
anti (-2, 8, 6) V INFEASIBLE 12.4
anti (-2, 7, 9) V INFEASIBLE 13.6
anti (-2, 8, 10) V INFEASIBLE 8.5
anti (-2, 9, 9) V INFEASIBLE 8.0
anti (0, 7, 7) V INFEASIBLE 1.9
anti (-2, 10, 8) V INFEASIBLE 15.8
anti (0, 6, 8) V INFEASIBLE 9.6
anti (-2, 9, 7) V INFEASIBLE 17.4
anti (0, 8, 10) V INFEASIBLE 9.2
anti (0, 7, 9) V INFEASIBLE 11.7
anti (0, 8, 6) V INFEASIBLE 10.5
anti (0, 9, 7) V INFEASIBLE 10.0
flipy (-2, 7, -1) V INFEASIBLE 0.8
flipy (-2, 6, 0) V INFEASIBLE 0.7
anti (0, 9, 9) V INFEASIBLE 7.5
anti (0, 10, 8) V INFEASIBLE 7.7
flipy (-2, 7, 1) V INFEASIBLE 1.3
flipy (-2, 8, -2) V INFEASIBLE 8.9
flipy (-2, 8, 2) V INFEASIBLE 9.5
flipy (-2, 9, -1) V INFEASIBLE 8.0
flipy (-2, 9, 1) V INFEASIBLE 8.1
flipy (0, 6, 0) V INFEASIBLE 0.6
flipy (0, 7, -1) V INFEASIBLE 1.5
flipy (0, 7, 1) V INFEASIBLE 0.7
flipy (-2, 10, 0) V INFEASIBLE 7.5
flipy (0, 9, -1) V INFEASIBLE 7.5
flipy (0, 8, -2) V INFEASIBLE 10.4
flipy (0, 8, 2) V INFEASIBLE 11.3
flipy (0, 9, 1) V INFEASIBLE 8.6
flipy (0, 10, 0) V INFEASIBLE 7.4
flipz (-2, 0, 6) V SKEL_OVERLAP 0.0
flipz (-2, -1, 7) V INFEASIBLE 0.3
flipz (-2, 1, 7) V INFEASIBLE 0.3
flipz (-2, -1, 9) V INFEASIBLE 9.5
flipz (-2, 0, 10) V INFEASIBLE 7.5
flipz (-2, -2, 8) V INFEASIBLE 16.8
flipz (0, -1, 7) V INFEASIBLE 0.3
flipz (-2, 2, 8) V INFEASIBLE 9.4
flipz (0, 0, 6) V SKEL_OVERLAP 0.0
flipz (-2, 1, 9) V INFEASIBLE 10.7
flipz (0, -2, 8) V INFEASIBLE 11.8
flipz (0, 1, 7) V INFEASIBLE 0.3
flipz (0, -1, 9) V INFEASIBLE 12.1
flipz (0, 0, 10) V INFEASIBLE 12.9
flipz (0, 1, 9) V INFEASIBLE 16.4
rot180 (-2, 6, 8) V INFEASIBLE 8.7
flipz (0, 2, 8) V INFEASIBLE 18.4
rot180 (-2, 7, 7) V INFEASIBLE 18.4
rot180 (-2, 7, 9) V INFEASIBLE 12.3
rot180 (-2, 8, 10) V INFEASIBLE 10.7
rot180 (-2, 8, 6) V INFEASIBLE 13.0
rot180 (-2, 9, 7) V INFEASIBLE 15.9
rot180 (-2, 9, 9) V INFEASIBLE 10.7
rot180 (-2, 10, 8) V INFEASIBLE 12.3
rot180 (0, 6, 8) V INFEASIBLE 14.0
rot180 (0, 8, 6) V INFEASIBLE 11.8
rot180 (0, 7, 7) V INFEASIBLE 13.4
rot180 (0, 7, 9) V INFEASIBLE 16.0
rot180 (0, 8, 10) V INFEASIBLE 13.1
rot90 (-2, 6, 0) V INFEASIBLE 0.5
rot180 (0, 9, 7) V INFEASIBLE 13.8
rot180 (0, 9, 9) V INFEASIBLE 14.8
rot90 (-2, 7, -1) V INFEASIBLE 1.1
rot180 (0, 10, 8) V INFEASIBLE 13.2
rot90 (-2, 7, 1) V INFEASIBLE 3.0
rot90 (-2, 9, -1) V INFEASIBLE 11.9
rot90 (-2, 9, 1) V INFEASIBLE 12.3
rot90 (-2, 8, 2) V INFEASIBLE 18.7
rot90 (0, 6, 0) V INFEASIBLE 1.0
rot90 (-2, 8, -2) V INFEASIBLE 27.8
rot90 (0, 7, -1) V INFEASIBLE 1.6
rot90 (-2, 10, 0) V INFEASIBLE 9.8
rot90 (0, 7, 1) V INFEASIBLE 0.5
rot90 (0, 8, -2) V INFEASIBLE 12.1
rot90 (0, 9, -1) V INFEASIBLE 13.9
rot90 (0, 9, 1) V INFEASIBLE 11.8
rot90 (0, 8, 2) V INFEASIBLE 24.8
rot270 (-2, -1, 7) V INFEASIBLE 0.4
rot90 (0, 10, 0) V INFEASIBLE 16.5
rot270 (-2, -2, 8) V INFEASIBLE 14.6
rot270 (-2, 0, 6) V INFEASIBLE 0.9
rot270 (-2, -1, 9) V INFEASIBLE 14.7
rot270 (-2, 1, 7) V INFEASIBLE 3.4
rot270 (-2, 0, 10) V INFEASIBLE 14.3
rot270 (-2, 1, 9) V INFEASIBLE 18.8
rot270 (0, -1, 7) V INFEASIBLE 4.5
rot270 (-2, 2, 8) V INFEASIBLE 15.7
rot270 (0, -2, 8) V INFEASIBLE 18.2
rot270 (0, 0, 6) V INFEASIBLE 1.9
rot270 (0, 1, 7) V INFEASIBLE 0.9
rot270 (0, -1, 9) V INFEASIBLE 12.1
id (-2, -2, 0) V SKEL_OVERLAP 0.0
id (-2, -1, -1) V SKEL_OVERLAP 0.0
id (-2, -1, 1) V SKEL_OVERLAP 0.0
id (-2, 0, -2) V SKEL_OVERLAP 0.0
id (-2, 0, 2) V SKEL_OVERLAP 0.0
id (-2, 1, -1) V SKEL_OVERLAP 0.0
id (-2, 1, 1) V SKEL_OVERLAP 0.0
id (-2, 2, 0) V SKEL_OVERLAP 0.0
id (0, -2, 0) V SKEL_OVERLAP 0.0
id (0, -1, -1) V SKEL_OVERLAP 0.0
id (0, -1, 1) V SKEL_OVERLAP 0.0
id (0, 0, -2) V SKEL_OVERLAP 0.0
id (0, 0, 2) V SKEL_OVERLAP 0.0
id (0, 1, -1) V SKEL_OVERLAP 0.0
id (0, 1, 1) V SKEL_OVERLAP 0.0
id (0, 2, 0) V SKEL_OVERLAP 0.0
swap (-3, -1, 0) V SKEL_OVERLAP 0.0
swap (-3, 0, -1) V SKEL_OVERLAP 0.0
swap (-3, 0, 1) V SKEL_OVERLAP 0.0
swap (-3, 1, 0) V SKEL_OVERLAP 0.0
swap (1, -1, 0) V SKEL_OVERLAP 0.0
swap (1, 0, -1) V SKEL_OVERLAP 0.0
swap (1, 0, 1) V SKEL_OVERLAP 0.0
swap (1, 1, 0) V SKEL_OVERLAP 0.0
rot270 (0, 0, 10) V INFEASIBLE 11.3
rot270 (0, 1, 9) V INFEASIBLE 9.8
rot270 (0, 2, 8) V INFEASIBLE 9.9
anti (-3, 7, 8) V INFEASIBLE 12.5
anti (-3, 8, 7) V INFEASIBLE 11.9
anti (-3, 8, 9) V INFEASIBLE 9.2
anti (-3, 9, 8) V INFEASIBLE 11.9
anti (1, 7, 8) V INFEASIBLE 13.2
anti (1, 8, 7) V INFEASIBLE 14.2
anti (1, 8, 9) V INFEASIBLE 14.3
flipy (-3, 7, 0) V INFEASIBLE 10.0
anti (1, 9, 8) V INFEASIBLE 16.7
flipy (-3, 8, -1) V INFEASIBLE 13.6
flipy (-3, 8, 1) V INFEASIBLE 14.9
flipy (1, 7, 0) V INFEASIBLE 11.3
flipy (-3, 9, 0) V INFEASIBLE 16.6
flipy (1, 8, -1) V INFEASIBLE 16.0
flipy (1, 8, 1) V INFEASIBLE 16.5
flipz (-3, 0, 7) V INFEASIBLE 2.2
flipy (1, 9, 0) V INFEASIBLE 11.3
flipz (-3, -1, 8) V INFEASIBLE 13.3
flipz (1, 0, 7) V INFEASIBLE 1.8
flipz (-3, 0, 9) V INFEASIBLE 14.5
flipz (-3, 1, 8) V INFEASIBLE 14.5
flipz (1, -1, 8) V INFEASIBLE 13.0
flipz (1, 1, 8) V INFEASIBLE 12.9
flipz (1, 0, 9) V INFEASIBLE 18.1
rot180 (-3, 8, 7) V INFEASIBLE 13.2
rot180 (-3, 7, 8) V INFEASIBLE 20.7
rot180 (-3, 8, 9) V INFEASIBLE 17.0
rot180 (-3, 9, 8) V INFEASIBLE 17.7
rot180 (1, 7, 8) V INFEASIBLE 21.3
rot180 (1, 8, 7) V INFEASIBLE 18.0
rot180 (1, 9, 8) V INFEASIBLE 13.2
rot180 (1, 8, 9) V INFEASIBLE 15.8
rot90 (-3, 7, 0) V INFEASIBLE 2.0
rot90 (1, 7, 0) V INFEASIBLE 2.4
rot90 (-3, 8, -1) V INFEASIBLE 18.9
rot90 (-3, 9, 0) V INFEASIBLE 14.8
rot90 (-3, 8, 1) V INFEASIBLE 17.2
rot90 (1, 8, -1) V INFEASIBLE 18.2
rot90 (1, 9, 0) V INFEASIBLE 12.3
rot270 (-3, -1, 8) V INFEASIBLE 13.9
rot90 (1, 8, 1) V INFEASIBLE 18.4
rot270 (-3, 0, 7) V INFEASIBLE 4.7
rot270 (-3, 1, 8) V INFEASIBLE 10.1
rot270 (1, 0, 7) V INFEASIBLE 2.1
rot270 (-3, 0, 9) V INFEASIBLE 10.1
id (-3, -1, 0) V SKEL_OVERLAP 0.0
id (-3, 0, -1) V SKEL_OVERLAP 0.0
id (-3, 0, 1) V SKEL_OVERLAP 0.0
id (-3, 1, 0) V SKEL_OVERLAP 0.0
id (1, -1, 0) V SKEL_OVERLAP 0.0
id (1, 0, -1) V SKEL_OVERLAP 0.0
id (1, 0, 1) V SKEL_OVERLAP 0.0
id (1, 1, 0) V SKEL_OVERLAP 0.0
rot270 (1, -1, 8) V INFEASIBLE 11.0
swap (-1, -4, 0) V INFEASIBLE 6.9
rot270 (1, 0, 9) V INFEASIBLE 11.1
swap (-1, -2, -2) V SKEL_OVERLAP 0.0
swap (-1, -2, 2) V SKEL_OVERLAP 0.0
swap (-1, -3, 1) V INFEASIBLE 0.2
rot270 (1, 1, 8) V INFEASIBLE 10.3
swap (-1, -3, -1) V INFEASIBLE 8.0
swap (-1, -1, 3) V INFEASIBLE 0.2
swap (-1, -1, -3) V INFEASIBLE 7.4
swap (-1, 0, -4) V INFEASIBLE 6.9
swap (-1, 0, 4) V INFEASIBLE 7.7
swap (-1, 2, 2) V SKEL_OVERLAP 0.0
swap (-1, 1, -3) V INFEASIBLE 6.6
swap (-1, 2, -2) V INFEASIBLE 6.5
swap (-1, 3, -1) V INFEASIBLE 6.8
swap (-1, 1, 3) V INFEASIBLE 10.4
swap (-1, 3, 1) V INFEASIBLE 8.5
anti (-1, 5, 7) V INFEASIBLE 1.5
swap (-1, 4, 0) V INFEASIBLE 6.7
anti (-1, 6, 6) V INFEASIBLE 0.6
anti (-1, 4, 8) V INFEASIBLE 9.1
anti (-1, 5, 9) V INFEASIBLE 9.2
anti (-1, 7, 5) V INFEASIBLE 1.8
anti (-1, 6, 10) V INFEASIBLE 8.5
anti (-1, 7, 11) V INFEASIBLE 7.1
anti (-1, 8, 4) V INFEASIBLE 9.3
anti (-1, 8, 12) V INFEASIBLE 7.5
anti (-1, 9, 5) V INFEASIBLE 9.8
anti (-1, 9, 11) V INFEASIBLE 9.6
anti (-1, 10, 10) V INFEASIBLE 7.6
anti (-1, 10, 6) V INFEASIBLE 8.4
flipy (-1, 4, 0) V SKEL_OVERLAP 0.0
anti (-1, 11, 9) V INFEASIBLE 9.8
flipy (-1, 5, -1) V INFEASIBLE 0.3
anti (-1, 11, 7) V INFEASIBLE 12.2
flipy (-1, 5, 1) V INFEASIBLE 0.3
flipy (-1, 6, -2) V INFEASIBLE 3.5
flipy (-1, 6, 2) V INFEASIBLE 2.5
anti (-1, 12, 8) V INFEASIBLE 17.0
flipy (-1, 7, -3) V INFEASIBLE 11.3
flipy (-1, 7, 3) V INFEASIBLE 11.6
flipy (-1, 8, -4) V INFEASIBLE 10.8
flipy (-1, 8, 4) V INFEASIBLE 9.9
flipy (-1, 9, 3) V INFEASIBLE 7.9
flipy (-1, 9, -3) V INFEASIBLE 10.9
flipy (-1, 10, -2) V INFEASIBLE 7.1
flipy (-1, 10, 2) V INFEASIBLE 8.0
flipy (-1, 11, 1) V INFEASIBLE 7.5
flipy (-1, 11, -1) V INFEASIBLE 9.5
flipy (-1, 12, 0) V INFEASIBLE 7.0
flipz (-1, -4, 8) V INFEASIBLE 7.5
flipz (-1, -2, 6) V INFEASIBLE 0.2
flipz (-1, -1, 5) V SKEL_OVERLAP 0.0
flipz (-1, -3, 7) V INFEASIBLE 8.3
flipz (-1, 0, 4) V SKEL_OVERLAP 0.0
flipz (-1, -3, 9) V INFEASIBLE 8.3
flipz (-1, 1, 5) V SKEL_OVERLAP 0.0
flipz (-1, -2, 10) V INFEASIBLE 7.6
flipz (-1, -1, 11) V INFEASIBLE 7.3
flipz (-1, 2, 6) V INFEASIBLE 0.5
flipz (-1, 0, 12) V INFEASIBLE 6.5
flipz (-1, 1, 11) V INFEASIBLE 6.4
flipz (-1, 2, 10) V INFEASIBLE 9.6
flipz (-1, 4, 8) V INFEASIBLE 12.4
flipz (-1, 3, 7) V INFEASIBLE 16.4
flipz (-1, 3, 9) V INFEASIBLE 14.6
rot180 (-1, 6, 6) V INFEASIBLE 1.2
rot180 (-1, 4, 8) V INFEASIBLE 17.3
rot180 (-1, 5, 9) V INFEASIBLE 20.0
rot180 (-1, 5, 7) V INFEASIBLE 21.8
rot180 (-1, 7, 5) V INFEASIBLE 13.5
rot180 (-1, 6, 10) V INFEASIBLE 15.1
rot180 (-1, 8, 4) V INFEASIBLE 14.4
rot180 (-1, 7, 11) V INFEASIBLE 14.6
rot180 (-1, 8, 12) V INFEASIBLE 12.4
rot180 (-1, 9, 5) V INFEASIBLE 10.3
rot180 (-1, 9, 11) V INFEASIBLE 10.6
rot180 (-1, 10, 10) V INFEASIBLE 10.1
rot180 (-1, 10, 6) V INFEASIBLE 13.6
rot90 (-1, 4, 0) V SKEL_OVERLAP 0.0
rot90 (-1, 5, -1) V SKEL_OVERLAP 0.0
rot90 (-1, 5, 1) V SKEL_OVERLAP 0.0
rot180 (-1, 11, 7) V INFEASIBLE 11.5
rot90 (-1, 6, 2) V INFEASIBLE 0.5
rot180 (-1, 11, 9) V INFEASIBLE 10.2
rot90 (-1, 6, -2) V INFEASIBLE 4.5
rot180 (-1, 12, 8) V INFEASIBLE 10.4
rot90 (-1, 7, -3) V INFEASIBLE 11.5
rot90 (-1, 8, -4) V INFEASIBLE 11.4
rot90 (-1, 7, 3) V INFEASIBLE 16.7
rot90 (-1, 8, 4) V INFEASIBLE 13.1
rot90 (-1, 9, -3) V INFEASIBLE 12.7
rot90 (-1, 9, 3) V INFEASIBLE 14.2
rot90 (-1, 10, -2) V INFEASIBLE 11.4
rot90 (-1, 10, 2) V INFEASIBLE 10.1
rot90 (-1, 11, -1) V INFEASIBLE 10.9
rot90 (-1, 12, 0) V INFEASIBLE 11.7
rot90 (-1, 11, 1) V INFEASIBLE 15.5
rot270 (-1, -4, 8) V INFEASIBLE 14.6
rot270 (-1, -2, 6) V INFEASIBLE 0.4
rot270 (-1, -1, 5) V SKEL_OVERLAP 0.0
rot270 (-1, -3, 7) V INFEASIBLE 12.8
rot270 (-1, 0, 4) V SKEL_OVERLAP 0.0
rot270 (-1, -3, 9) V INFEASIBLE 11.7
rot270 (-1, 1, 5) V SKEL_OVERLAP 0.0
rot270 (-1, -2, 10) V INFEASIBLE 12.3
rot270 (-1, -1, 11) V INFEASIBLE 12.2
rot270 (-1, 0, 12) V INFEASIBLE 11.9
rot270 (-1, 1, 11) V INFEASIBLE 15.0
rot270 (-1, 2, 6) V INFEASIBLE 7.0
rot270 (-1, 2, 10) V INFEASIBLE 9.9
rot270 (-1, 3, 7) V INFEASIBLE 12.8
rot270 (-1, 4, 8) V INFEASIBLE 9.6
rot270 (-1, 3, 9) V INFEASIBLE 10.8
id (-1, -2, -2) V SKEL_OVERLAP 0.0
id (-1, -2, 2) V INFEASIBLE 0.2
id (-1, -4, 0) V INFEASIBLE 13.7
id (-1, -1, 3) V INFEASIBLE 0.1
id (-1, -3, -1) V INFEASIBLE 14.8
id (-1, -3, 1) V INFEASIBLE 13.3
id (-1, 1, -3) V INFEASIBLE 0.2
id (-1, -1, -3) V INFEASIBLE 11.4
id (-1, 0, -4) V INFEASIBLE 10.0
id (-1, 2, 2) V SKEL_OVERLAP 0.0
id (-1, 0, 4) V INFEASIBLE 11.2
id (-1, 2, -2) V INFEASIBLE 0.2
id (-1, 1, 3) V INFEASIBLE 12.9
swap (-2, -3, 0) V INFEASIBLE 0.3
swap (-2, -2, -1) V SKEL_OVERLAP 0.0
swap (-2, -2, 1) V SKEL_OVERLAP 0.0
swap (-2, -1, -2) V SKEL_OVERLAP 0.0
swap (-2, -1, 2) V SKEL_OVERLAP 0.0
id (-1, 3, 1) V INFEASIBLE 12.0
id (-1, 3, -1) V INFEASIBLE 13.1
id (-1, 4, 0) V INFEASIBLE 13.1
swap (-2, 1, 2) V SKEL_OVERLAP 0.0
swap (-2, 1, -2) V INFEASIBLE 0.2
swap (-2, 0, -3) V INFEASIBLE 0.2
swap (-2, 2, -1) V INFEASIBLE 0.2
swap (-2, 0, 3) V INFEASIBLE 0.4
swap (0, -2, -1) V SKEL_OVERLAP 0.0
swap (0, -2, 1) V SKEL_OVERLAP 0.0
swap (-2, 2, 1) V INFEASIBLE 0.2
swap (0, -1, 2) V SKEL_OVERLAP 0.0
swap (0, -3, 0) V INFEASIBLE 0.3
swap (0, -1, -2) V INFEASIBLE 0.3
swap (0, 0, 3) V INFEASIBLE 0.2
swap (0, 1, 2) V SKEL_OVERLAP 0.0
swap (0, 1, -2) V INFEASIBLE 0.2
swap (0, 2, 1) V SKEL_OVERLAP 0.0
swap (-2, 3, 0) V INFEASIBLE 11.4
swap (0, 2, -1) V INFEASIBLE 0.1
swap (0, 3, 0) V INFEASIBLE 0.1
swap (0, 0, -3) V INFEASIBLE 14.0
anti (-2, 6, 7) V INFEASIBLE 2.3
anti (-2, 7, 6) V INFEASIBLE 3.3
anti (-2, 6, 9) V INFEASIBLE 14.3
anti (-2, 5, 8) V INFEASIBLE 16.4
anti (-2, 7, 10) V INFEASIBLE 13.2
anti (-2, 8, 11) V INFEASIBLE 9.0
anti (-2, 8, 5) V INFEASIBLE 12.9
anti (-2, 9, 6) V INFEASIBLE 10.7
anti (-2, 9, 10) V INFEASIBLE 8.4
anti (-2, 10, 7) V INFEASIBLE 9.0
anti (-2, 10, 9) V INFEASIBLE 8.5
anti (-2, 11, 8) V INFEASIBLE 8.6
anti (0, 6, 7) V INFEASIBLE 1.9
anti (0, 5, 8) V INFEASIBLE 11.6
anti (0, 7, 6) V INFEASIBLE 1.8
