54 deletions x 321 empties -> 34722 variants
screened 2000
screened 4000
screened 6000
screened 8000
screened 10000
screened 12000
screened 14000
screened 16000
screened 18000
screened 20000
screened 22000
screened 24000
screened 26000
screened 28000
screened 30000
screened 32000
screened 34000
screened 34722
6 run clean
   d11_1_2_a12_1_2S 600 900 7:100 8:100 9:100 10:150 11:900 12:600
   d11_3_3_a12_3_3S 600 900 7:100 8:100 9:100 10:150 11:900 12:600
   d5_3_8_a6_3_8S 600 900 7:100 8:100 9:100 10:150 11:900 12:600
   d5_5_5_a6_5_5H 600 900 7:100 8:100 9:100 10:150 11:900 12:600
   d6_5_6_a7_5_6S 600 900 7:100 8:100 9:100 10:150 11:900 12:600
   d7_3_3_a6_2_3H 600 900 7:100 8:100 9:100 10:150 11:900 12:600
best non-clean: [('d5_3_8', '6', '4'), ('d5_3_8_a10_3_0S', '6', '4'), ('d5_3_8_a10_4_1S', '6', '4'), ('d5_3_8_a10_5_2S', '6', '4'), ('d5_3_8_a11_2_5S', '6', '4')]
