six 0 ('hardware', 4, (-2, 2, 7))
six 1 ('hardware', 4, (-2, 2, 7))
six 2 ('hardware', 4, (-2, 2, 7))
six 3 ('hardware', 4, (-2, 2, 7))
six 4 ('hardware', 4, (-2, 2, 7))
six 5 ('hardware', 4, (-2, 2, 7))
six 6 ('hardware', 4, (-2, 2, 7))
six 7 ('hardware', 4, (-2, 2, 7))
three 0 ('route', 0, 34, 33)
three 1 ('route', 1, 38, 36)
three 2 ('route', 2, 33, 31)
three 3 ('route', 1, 34, 33)
three 4 ('body_overlap', 0, 1, 2, (-2, 3, -1))
three 5 ('route', 0, 37, 32)
three 6 ('route', 2, 37, 35)
three 7 ('route', 1, 33, 29)
three 8 ('route', 1, 31, 27)
three 9 ('route', 0, 33, 32)
three 10 ('route', 0, 32, 31)
three 11 ('route', 0, 33, 31)
three 12 ('route', 1, 38, 36)
three 13 ('route', 2, 35, 33)
three 14 ('route', 0, 36, 35)
three 15 ('route', 0, 35, 34)
three 16 ('route', 0, 35, 34)
three 17 ('route', 0, 34, 33)
three 18 ('foreign_source_contact', 0, 0, 1, (-2, 4, -2))
three 19 ('same_material_contact', 0, 0, 2, (-2, 2, 0))
three 20 ('foreign_source_contact', 0, 0, 1, (-2, 2, 4))
three 21 ('route', 0, 38, 37)
three 22 ('unplanned_pickup', 1, 1, 6, (-2, 2, 0))
three 23 ('route', 2, 38, 37)
three 24 ('body_overlap', 0, 0, 1, (-1, 3, 1))
three 25 ('same_material_contact', 0, 0, 2, (-1, 1, 2))
three 26 ('foreign_source_contact', 0, 0, 2, (-2, 2, 4))
three 27 ('foreign_source_contact', 0, 1, 0, (-2, 5, 2))
three 28 ('same_material_contact', 0, 0, 2, (-1, 0, 1))
three 29 ('route', 1, 33, 32)
