ports totals {0: 64, 1: 60, 2: 9, 3: 4, 4: 3}
eligible mmmww 1 [31, 34, 7]
eligible mmmww 2 [35, 36, 5]
eligible mmwmw 1 [31, 34, 2]
eligible mmwmw 2 [35, 34, 2]
eligible mmwwm 1 [31, 34, 0]
eligible mmwwm 2 [31, 34, 2]
eligible mwmmw 1 [29, 7, 2]
eligible mwmmw 2 [33, 5, 2]
eligible mwmwm 1 [29, 7, 0]
eligible mwmwm 2 [29, 5, 2]
eligible mwwmm 1 [29, 2, 0]
eligible mwwmm 2 [29, 2, 2]
eligible wmmmw 1 [34, 7, 2]
eligible wmmmw 2 [36, 5, 2]
eligible wmmwm 1 [34, 7, 0]
eligible wmmwm 2 [36, 5, 2]
eligible wmwmm 1 [34, 2, 0]
eligible wmwmm 2 [34, 2, 2]
eligible wwmmm 1 [7, 2, 0]
eligible wwmmm 2 [5, 2, 2]
budget triples 15272
shard 1 15 1019
hist [(17, 1), (19, 1), (21, 3), (22, 1), (23, 2), (24, 2), (25, 1), (26, 1), (27, 3), (28, 2), (29, 4), (30, 6), (31, 12), (32, 3), (33, 1), (34, 2), (35, 2), (36, 2), (42, 1)]
hist [('portconflict', 1), (17, 1), (19, 3), (21, 6), (22, 5), (23, 3), (24, 6), (25, 2), (26, 3), (27, 5), (28, 7), (29, 7), (30, 13), (31, 15), (32, 4), (33, 2), (34, 7), (35, 4), (36, 4), (37, 1), (42, 1)]
hist [('portconflict', 4), (17, 2), (18, 1), (19, 3), (20, 2), (21, 8), (22, 7), (23, 5), (24, 8), (25, 5), (26, 5), (27, 8), (28, 8), (29, 12), (30, 15), (31, 20), (32, 9), (33, 4), (34, 10), (35, 6), (36, 5), (37, 2), (42, 1)]
progress 200 193 0
hist [('portconflict', 6), (17, 2), (18, 1), (19, 5), (20, 3), (21, 9), (22, 8), (23, 8), (24, 9), (25, 5), (26, 10), (27, 11), (28, 13), (29, 17), (30, 16), (31, 27), (32, 14), (33, 7), (34, 11), (35, 8), (36, 5), (37, 4), (42, 1)]
hist [('portconflict', 11), (17, 2), (18, 1), (19, 5), (20, 4), (21, 10), (22, 9), (23, 10), (24, 10), (25, 9), (26, 12), (27, 13), (28, 16), (29, 26), (30, 21), (31, 30), (32, 15), (33, 8), (34, 13), (35, 11), (36, 8), (37, 5), (42, 1)]
hist [('portconflict', 12), (17, 2), (18, 1), (19, 6), (20, 5), (21, 12), (22, 9), (23, 11), (24, 11), (25, 13), (26, 13), (27, 15), (28, 17), (29, 31), (30, 28), (31, 37), (32, 21), (33, 9), (34, 14), (35, 15), (36, 11), (37, 6), (42, 1)]
hist [('portconflict', 13), (17, 2), (18, 1), (19, 7), (20, 7), (21, 16), (22, 10), (23, 12), (24, 13), (25, 15), (26, 18), (27, 19), (28, 18), (29, 35), (30, 33), (31, 38), (32, 24), (33, 14), (34, 17), (35, 15), (36, 12), (37, 9), (40, 1), (42, 1)]
progress 400 386 0
hist [('portconflict', 13), (16, 1), (17, 2), (18, 2), (19, 8), (20, 8), (21, 17), (22, 12), (23, 14), (24, 13), (25, 18), (26, 21), (27, 20), (28, 19), (29, 38), (30, 42), (31, 43), (32, 29), (33, 16), (34, 19), (35, 19), (36, 14), (37, 10), (40, 1), (42, 1)]
hist [('portconflict', 17), (16, 1), (17, 3), (18, 3), (19, 10), (20, 8), (21, 19), (22, 13), (23, 14), (24, 16), (25, 21), (26, 22), (27, 22), (28, 24), (29, 43), (30, 49), (31, 45), (32, 32), (33, 17), (34, 21), (35, 22), (36, 15), (37, 11), (40, 1), (42, 1)]
hist [('portconflict', 20), (16, 2), (17, 4), (18, 4), (19, 10), (20, 11), (21, 25), (22, 18), (23, 17), (24, 18), (25, 24), (26, 31), (27, 26), (28, 28), (29, 51), (30, 64), (31, 57), (32, 36), (33, 24), (34, 24), (35, 23), (36, 19), (37, 12), (40, 1), (42, 1)]
