ports totals {0: 64, 1: 60, 2: 9, 3: 4, 4: 3}
eligible mmmww 1 [31, 34, 7]
eligible mmmww 2 [35, 36, 5]
eligible mmwmw 1 [31, 34, 2]
eligible mmwmw 2 [35, 34, 2]
eligible mmwwm 1 [31, 34, 0]
eligible mmwwm 2 [31, 34, 2]
eligible mwmmw 1 [29, 7, 2]
eligible mwmmw 2 [33, 5, 2]
eligible mwmwm 1 [29, 7, 0]
eligible mwmwm 2 [29, 5, 2]
eligible mwwmm 1 [29, 2, 0]
eligible mwwmm 2 [29, 2, 2]
eligible wmmmw 1 [34, 7, 2]
eligible wmmmw 2 [36, 5, 2]
eligible wmmwm 1 [34, 7, 0]
eligible wmmwm 2 [36, 5, 2]
eligible wmwmm 1 [34, 2, 0]
eligible wmwmm 2 [34, 2, 2]
eligible wwmmm 1 [7, 2, 0]
eligible wwmmm 2 [5, 2, 2]
budget triples 15272
shard 10 15 1018
hist [('portconflict', 2), (21, 3), (22, 4), (23, 2), (24, 4), (25, 2), (26, 2), (27, 4), (28, 3), (29, 3), (30, 7), (31, 7), (32, 2), (34, 1), (35, 1), (37, 2), (38, 1)]
hist [('portconflict', 7), (18, 1), (20, 2), (21, 5), (22, 6), (23, 2), (24, 5), (25, 3), (26, 3), (27, 7), (28, 7), (29, 8), (30, 14), (31, 10), (32, 4), (33, 4), (34, 2), (35, 3), (36, 2), (37, 4), (38, 1)]
hist [('portconflict', 7), (16, 1), (18, 1), (19, 1), (20, 4), (21, 9), (22, 11), (23, 6), (24, 7), (25, 4), (26, 7), (27, 11), (28, 9), (29, 15), (30, 16), (31, 14), (32, 6), (33, 4), (34, 3), (35, 6), (36, 2), (37, 5), (38, 1)]
progress 200 188 0
hist [('portconflict', 11), (15, 1), (16, 1), (18, 1), (19, 1), (20, 6), (21, 10), (22, 13), (23, 7), (24, 10), (25, 8), (26, 10), (27, 13), (28, 12), (29, 21), (30, 18), (31, 19), (32, 10), (33, 6), (34, 5), (35, 6), (36, 4), (37, 5), (38, 2)]
hist [('portconflict', 15), (15, 1), (16, 1), (18, 3), (19, 1), (20, 8), (21, 11), (22, 16), (23, 8), (24, 10), (25, 11), (26, 11), (27, 15), (28, 16), (29, 26), (30, 24), (31, 25), (32, 11), (33, 8), (34, 7), (35, 8), (36, 7), (37, 5), (38, 2)]
hist [('portconflict', 18), (15, 1), (16, 1), (18, 3), (19, 2), (20, 10), (21, 13), (22, 18), (23, 10), (24, 14), (25, 13), (26, 12), (27, 17), (28, 20), (29, 28), (30, 31), (31, 30), (32, 16), (33, 9), (34, 8), (35, 8), (36, 10), (37, 5), (38, 2), (40, 1)]
hist [('portconflict', 20), (15, 1), (16, 1), (17, 1), (18, 3), (19, 2), (20, 10), (21, 13), (22, 20), (23, 14), (24, 14), (25, 14), (26, 17), (27, 20), (28, 25), (29, 33), (30, 33), (31, 37), (32, 20), (33, 11), (34, 9), (35, 10), (36, 12), (37, 7), (38, 2), (40, 1)]
progress 400 376 0
hist [('portconflict', 23), (15, 1), (16, 1), (17, 2), (18, 3), (19, 3), (20, 11), (21, 14), (22, 22), (23, 17), (24, 17), (25, 16), (26, 20), (27, 24), (28, 30), (29, 34), (30, 35), (31, 44), (32, 21), (33, 13), (34, 10), (35, 13), (36, 13), (37, 10), (38, 2), (40, 1)]
hist [('portconflict', 26), (15, 1), (16, 1), (17, 2), (18, 3), (19, 5), (20, 15), (21, 16), (22, 27), (23, 19), (24, 18), (25, 17), (26, 21), (27, 26), (28, 31), (29, 38), (30, 41), (31, 48), (32, 27), (33, 13), (34, 13), (35, 14), (36, 14), (37, 11), (38, 2), (40, 1)]
c0000 mmmww rail 13
hist [('portconflict', 29), (13, 1), (15, 1), (16, 1), (17, 3), (18, 3), (19, 5), (20, 15), (21, 16), (22, 28), (23, 21), (24, 19), (25, 20), (26, 25), (27, 27), (28, 36), (29, 40), (30, 48), (31, 55), (32, 32), (33, 15), (34, 15), (35, 15), (36, 15), (37, 11), (38, 3), (40, 1)]
progress 600 567 1
hist [('portconflict', 32), (13, 1), (15, 1), (16, 1), (17, 3), (18, 6), (19, 6), (20, 18), (21, 20), (22, 33), (23, 29), (24, 22), (25, 25), (26, 30), (27, 35), (28, 43), (29, 44), (30, 56), (31, 68), (32, 38), (33, 17), (34, 19), (35, 19), (36, 17), (37, 12), (38, 4), (40, 1)]
