ports totals {0: 64, 1: 60, 2: 9, 3: 4, 4: 3}
eligible mmmww 1 [31, 34, 7]
eligible mmmww 2 [35, 36, 5]
eligible mmwmw 1 [31, 34, 2]
eligible mmwmw 2 [35, 34, 2]
eligible mmwwm 1 [31, 34, 0]
eligible mmwwm 2 [31, 34, 2]
eligible mwmmw 1 [29, 7, 2]
eligible mwmmw 2 [33, 5, 2]
eligible mwmwm 1 [29, 7, 0]
eligible mwmwm 2 [29, 5, 2]
eligible mwwmm 1 [29, 2, 0]
eligible mwwmm 2 [29, 2, 2]
eligible wmmmw 1 [34, 7, 2]
eligible wmmmw 2 [36, 5, 2]
eligible wmmwm 1 [34, 7, 0]
eligible wmmwm 2 [36, 5, 2]
eligible wmwmm 1 [34, 2, 0]
eligible wmwmm 2 [34, 2, 2]
eligible wwmmm 1 [7, 2, 0]
eligible wwmmm 2 [5, 2, 2]
budget triples 15272
shard 11 15 1018
hist [('portconflict', 3), (17, 1), (20, 2), (22, 2), (23, 3), (24, 2), (25, 1), (26, 2), (27, 1), (28, 6), (29, 3), (30, 4), (31, 5), (32, 7), (33, 1), (34, 2), (35, 1), (36, 3), (37, 1)]
hist [('portconflict', 4), (17, 2), (18, 1), (20, 2), (21, 3), (22, 2), (23, 6), (24, 4), (25, 3), (26, 3), (27, 3), (28, 7), (29, 11), (30, 11), (31, 13), (32, 10), (33, 3), (34, 4), (35, 2), (36, 4), (37, 2)]
hist [('portconflict', 5), (16, 3), (17, 2), (18, 1), (19, 1), (20, 3), (21, 5), (22, 2), (23, 10), (24, 4), (25, 5), (26, 5), (27, 6), (28, 9), (29, 16), (30, 15), (31, 16), (32, 16), (33, 6), (34, 5), (35, 3), (36, 7), (37, 4), (43, 1)]
progress 200 192 0
hist [('portconflict', 7), (16, 3), (17, 2), (18, 2), (19, 2), (20, 5), (21, 7), (22, 2), (23, 16), (24, 4), (25, 7), (26, 7), (27, 12), (28, 13), (29, 16), (30, 25), (31, 21), (32, 18), (33, 7), (34, 5), (35, 5), (36, 8), (37, 4), (38, 1), (43, 1)]
hist [('portconflict', 9), (16, 4), (17, 2), (18, 3), (19, 2), (20, 9), (21, 12), (22, 3), (23, 18), (24, 4), (25, 9), (26, 10), (27, 14), (28, 15), (29, 20), (30, 31), (31, 28), (32, 20), (33, 7), (34, 8), (35, 6), (36, 9), (37, 5), (38, 1), (43, 1)]
hist [('none', 1), ('portconflict', 10), (14, 1), (16, 4), (17, 4), (18, 4), (19, 2), (20, 11), (21, 13), (22, 4), (23, 20), (24, 7), (25, 9), (26, 12), (27, 18), (28, 19), (29, 25), (30, 36), (31, 34), (32, 24), (33, 7), (34, 8), (35, 8), (36, 11), (37, 6), (38, 1), (43, 1)]
hist [('none', 1), ('portconflict', 13), (14, 1), (16, 4), (17, 4), (18, 5), (19, 2), (20, 12), (21, 17), (22, 9), (23, 21), (24, 8), (25, 10), (26, 16), (27, 19), (28, 21), (29, 29), (30, 40), (31, 43), (32, 28), (33, 9), (34, 9), (35, 9), (36, 12), (37, 6), (38, 1), (43, 1)]
progress 400 385 0
hist [('none', 1), ('portconflict', 14), (14, 1), (16, 5), (17, 4), (18, 5), (19, 3), (20, 12), (21, 22), (22, 10), (23, 23), (24, 10), (25, 11), (26, 18), (27, 21), (28, 24), (29, 36), (30, 47), (31, 48), (32, 29), (33, 11), (34, 12), (35, 11), (36, 14), (37, 6), (38, 1), (43, 1)]
hist [('none', 1), ('portconflict', 17), (14, 1), (16, 5), (17, 4), (18, 5), (19, 4), (20, 14), (21, 25), (22, 11), (23, 27), (24, 13), (25, 14), (26, 23), (27, 23), (28, 26), (29, 42), (30, 52), (31, 52), (32, 31), (33, 12), (34, 13), (35, 11), (36, 16), (37, 6), (38, 1), (43, 1)]
hist [('none', 1), ('portconflict', 19), (14, 1), (16, 5), (17, 4), (18, 6), (19, 6), (20, 17), (21, 27), (22, 11), (23, 28), (24, 14), (25, 15), (26, 25), (27, 26), (28, 34), (29, 47), (30, 58), (31, 55), (32, 35), (33, 13), (34, 15), (35, 12), (36, 16), (37, 7), (38, 2), (43, 1)]
hist [('none', 1), ('portconflict', 20), (14, 1), (16, 5), (17, 4), (18, 7), (19, 7), (20, 17), (21, 29), (22, 13), (23, 30), (24, 18), (25, 16), (26, 26), (27, 29), (28, 37), (29, 53), (30, 64), (31, 64), (32, 36), (33, 14), (34, 17), (35, 12), (36, 19), (37, 8), (38, 2), (43, 1)]
progress 600 576 0
hist [('none', 1), ('portconflict', 23), (14, 1), (16, 5), (17, 4), (18, 7), (19, 10), (20, 20), (21, 32), (22, 16), (23, 35), (24, 19), (25, 20), (26, 29), (27, 30), (28, 39), (29, 56), (30, 67), (31, 69), (32, 39), (33, 15), (34, 18), (35, 12), (36, 21), (37, 9), (38, 2), (43, 1)]
