ports totals {0: 64, 1: 60, 2: 9, 3: 4, 4: 3}
eligible mmmww 1 [31, 34, 7]
eligible mmmww 2 [35, 36, 5]
eligible mmwmw 1 [31, 34, 2]
eligible mmwmw 2 [35, 34, 2]
eligible mmwwm 1 [31, 34, 0]
eligible mmwwm 2 [31, 34, 2]
eligible mwmmw 1 [29, 7, 2]
eligible mwmmw 2 [33, 5, 2]
eligible mwmwm 1 [29, 7, 0]
eligible mwmwm 2 [29, 5, 2]
eligible mwwmm 1 [29, 2, 0]
eligible mwwmm 2 [29, 2, 2]
eligible wmmmw 1 [34, 7, 2]
eligible wmmmw 2 [36, 5, 2]
eligible wmmwm 1 [34, 7, 0]
eligible wmmwm 2 [36, 5, 2]
eligible wmwmm 1 [34, 2, 0]
eligible wmwmm 2 [34, 2, 2]
eligible wwmmm 1 [7, 2, 0]
eligible wwmmm 2 [5, 2, 2]
budget triples 15272
shard 13 15 1018
hist [('portconflict', 1), (18, 1), (20, 1), (22, 1), (23, 3), (24, 1), (25, 3), (26, 2), (27, 2), (28, 3), (29, 5), (30, 6), (31, 4), (32, 3), (33, 4), (34, 2), (35, 4), (36, 1), (37, 2), (38, 1)]
hist [('portconflict', 5), (18, 1), (20, 3), (21, 1), (22, 1), (23, 5), (24, 4), (25, 7), (26, 4), (27, 5), (28, 9), (29, 11), (30, 10), (31, 6), (32, 8), (33, 5), (34, 4), (35, 5), (36, 1), (37, 4), (38, 1)]
hist [('none', 1), ('portconflict', 7), (18, 1), (19, 1), (20, 6), (21, 3), (22, 1), (23, 7), (24, 5), (25, 11), (26, 5), (27, 9), (28, 12), (29, 17), (30, 13), (31, 6), (32, 12), (33, 8), (34, 7), (35, 6), (36, 3), (37, 7), (38, 1), (39, 1)]
progress 200 185 0
hist [('none', 1), ('portconflict', 14), (18, 1), (19, 1), (20, 6), (21, 4), (22, 3), (23, 11), (24, 8), (25, 14), (26, 8), (27, 11), (28, 14), (29, 20), (30, 15), (31, 11), (32, 16), (33, 11), (34, 9), (35, 7), (36, 5), (37, 8), (38, 1), (39, 1)]
hist [('none', 1), ('portconflict', 15), (17, 1), (18, 1), (19, 2), (20, 9), (21, 5), (22, 4), (23, 14), (24, 10), (25, 17), (26, 9), (27, 15), (28, 18), (29, 23), (30, 18), (31, 18), (32, 20), (33, 12), (34, 12), (35, 8), (36, 6), (37, 10), (38, 1), (39, 1)]
hist [('none', 1), ('portconflict', 16), (17, 1), (18, 1), (19, 3), (20, 11), (21, 6), (22, 6), (23, 15), (24, 12), (25, 20), (26, 11), (27, 17), (28, 20), (29, 24), (30, 27), (31, 23), (32, 27), (33, 12), (34, 12), (35, 11), (36, 12), (37, 10), (38, 1), (39, 1)]
hist [('none', 1), ('portconflict', 17), (17, 1), (18, 3), (19, 3), (20, 11), (21, 7), (22, 7), (23, 19), (24, 13), (25, 22), (26, 16), (27, 19), (28, 22), (29, 31), (30, 29), (31, 30), (32, 30), (33, 15), (34, 16), (35, 11), (36, 14), (37, 11), (38, 1), (39, 1)]
progress 400 381 0
hist [('none', 1), ('portconflict', 18), (17, 1), (18, 4), (19, 3), (20, 13), (21, 8), (22, 12), (23, 26), (24, 13), (25, 22), (26, 16), (27, 20), (28, 22), (29, 36), (30, 34), (31, 38), (32, 35), (33, 17), (34, 17), (35, 13), (36, 18), (37, 11), (38, 1), (39, 1)]
hist [('none', 1), ('portconflict', 19), (17, 1), (18, 5), (19, 3), (20, 16), (21, 9), (22, 14), (23, 29), (24, 17), (25, 24), (26, 19), (27, 24), (28, 25), (29, 40), (30, 39), (31, 42), (32, 39), (33, 19), (34, 18), (35, 14), (36, 20), (37, 11), (38, 1), (39, 1)]
hist [('none', 1), ('portconflict', 23), (17, 1), (18, 5), (19, 4), (20, 17), (21, 10), (22, 17), (23, 31), (24, 17), (25, 31), (26, 22), (27, 25), (28, 26), (29, 47), (30, 42), (31, 49), (32, 41), (33, 20), (34, 20), (35, 15), (36, 23), (37, 11), (38, 1), (39, 1)]
hist [('none', 1), ('portconflict', 26), (17, 2), (18, 5), (19, 4), (20, 17), (21, 12), (22, 18), (23, 32), (24, 18), (25, 36), (26, 23), (27, 25), (28, 29), (29, 53), (30, 50), (31, 54), (32, 41), (33, 26), (34, 20), (35, 16), (36, 28), (37, 11), (38, 2), (39, 1)]
progress 600 571 0
hist [('none', 1), ('portconflict', 28), (16, 1), (17, 2), (18, 5), (19, 5), (20, 18), (21, 15), (22, 21), (23, 33), (24, 19), (25, 40), (26, 26), (27, 26), (28, 31), (29, 60), (30, 54), (31, 61), (32, 45), (33, 26), (34, 21), (35, 17), (36, 30), (37, 12), (38, 2), (39, 1)]
