ports totals {0: 64, 1: 60, 2: 9, 3: 4, 4: 3}
eligible mmmww 1 [31, 34, 7]
eligible mmmww 2 [35, 36, 5]
eligible mmwmw 1 [31, 34, 2]
eligible mmwmw 2 [35, 34, 2]
eligible mmwwm 1 [31, 34, 0]
eligible mmwwm 2 [31, 34, 2]
eligible mwmmw 1 [29, 7, 2]
eligible mwmmw 2 [33, 5, 2]
eligible mwmwm 1 [29, 7, 0]
eligible mwmwm 2 [29, 5, 2]
eligible mwwmm 1 [29, 2, 0]
eligible mwwmm 2 [29, 2, 2]
eligible wmmmw 1 [34, 7, 2]
eligible wmmmw 2 [36, 5, 2]
eligible wmmwm 1 [34, 7, 0]
eligible wmmwm 2 [36, 5, 2]
eligible wmwmm 1 [34, 2, 0]
eligible wmwmm 2 [34, 2, 2]
eligible wwmmm 1 [7, 2, 0]
eligible wwmmm 2 [5, 2, 2]
budget triples 15272
shard 5 15 1018
hist [(20, 1), (21, 1), (22, 3), (23, 1), (24, 2), (26, 3), (27, 4), (28, 2), (29, 5), (30, 12), (31, 4), (32, 2), (33, 2), (34, 2), (36, 6)]
hist [('portconflict', 1), (17, 1), (20, 1), (21, 3), (22, 9), (23, 5), (24, 5), (25, 1), (26, 6), (27, 4), (28, 4), (29, 9), (30, 16), (31, 11), (32, 4), (33, 5), (34, 3), (35, 3), (36, 9)]
hist [('portconflict', 2), (16, 1), (17, 1), (18, 1), (20, 1), (21, 5), (22, 12), (23, 8), (24, 8), (25, 5), (26, 10), (27, 6), (28, 6), (29, 11), (30, 20), (31, 16), (32, 8), (33, 10), (34, 4), (35, 3), (36, 9), (37, 3)]
progress 200 193 0
hist [('portconflict', 6), (16, 1), (17, 1), (18, 1), (20, 1), (21, 7), (22, 15), (23, 9), (24, 9), (25, 6), (26, 14), (27, 8), (28, 9), (29, 14), (30, 25), (31, 19), (32, 15), (33, 11), (34, 7), (35, 5), (36, 12), (37, 5)]
hist [('portconflict', 8), (16, 1), (17, 1), (18, 1), (20, 3), (21, 9), (22, 17), (23, 13), (24, 11), (25, 8), (26, 18), (27, 11), (28, 10), (29, 17), (30, 30), (31, 26), (32, 17), (33, 12), (34, 10), (35, 6), (36, 14), (37, 6), (39, 1)]
hist [('portconflict', 8), (16, 1), (17, 2), (18, 3), (19, 2), (20, 5), (21, 10), (22, 19), (23, 16), (24, 13), (25, 10), (26, 19), (27, 12), (28, 15), (29, 17), (30, 36), (31, 32), (32, 21), (33, 16), (34, 11), (35, 9), (36, 14), (37, 7), (38, 1), (39, 1)]
hist [('portconflict', 13), (15, 1), (16, 1), (17, 3), (18, 3), (19, 4), (20, 5), (21, 11), (22, 20), (23, 19), (24, 15), (25, 14), (26, 22), (27, 16), (28, 18), (29, 19), (30, 43), (31, 35), (32, 24), (33, 16), (34, 11), (35, 9), (36, 19), (37, 7), (38, 1), (39, 1)]
progress 400 383 0
hist [('portconflict', 16), (15, 1), (16, 1), (17, 3), (18, 4), (19, 4), (20, 7), (21, 14), (22, 21), (23, 20), (24, 18), (25, 17), (26, 24), (27, 18), (28, 25), (29, 21), (30, 45), (31, 42), (32, 25), (33, 18), (34, 13), (35, 9), (36, 23), (37, 9), (38, 1), (39, 1)]
hist [('portconflict', 17), (15, 1), (16, 1), (17, 3), (18, 5), (19, 6), (20, 10), (21, 17), (22, 24), (23, 21), (24, 21), (25, 18), (26, 26), (27, 21), (28, 30), (29, 24), (30, 49), (31, 43), (32, 28), (33, 20), (34, 16), (35, 11), (36, 25), (37, 11), (38, 1), (39, 1)]
hist [('portconflict', 21), (15, 1), (16, 2), (17, 4), (18, 5), (19, 6), (20, 13), (21, 17), (22, 27), (23, 23), (24, 22), (25, 20), (26, 28), (27, 23), (28, 33), (29, 27), (30, 57), (31, 45), (32, 29), (33, 22), (34, 19), (35, 13), (36, 28), (37, 13), (38, 1), (39, 1)]
hist [('portconflict', 23), (15, 1), (16, 2), (17, 5), (18, 6), (19, 7), (20, 13), (21, 18), (22, 28), (23, 24), (24, 22), (25, 21), (26, 31), (27, 28), (28, 40), (29, 33), (30, 61), (31, 47), (32, 33), (33, 25), (34, 20), (35, 14), (36, 31), (37, 15), (38, 1), (39, 1)]
progress 600 572 0
hist [('portconflict', 27), (15, 1), (16, 2), (17, 5), (18, 6), (19, 7), (20, 15), (21, 24), (22, 32), (23, 27), (24, 23), (25, 22), (26, 33), (27, 31), (28, 42), (29, 41), (30, 62), (31, 52), (32, 35), (33, 28), (34, 20), (35, 15), (36, 33), (37, 15), (38, 1), (39, 1)]
hist [('portconflict', 28), (15, 1), (16, 3), (17, 5), (18, 6), (19, 7), (20, 17), (21, 24), (22, 34), (23, 28), (24, 26), (25, 22), (26, 38), (27, 33), (28, 49), (29, 48), (30, 67), (31, 56), (32, 40), (33, 28), (34, 21), (35, 17), (36, 33), (37, 17), (38, 1), (39, 1)]
