ports totals {0: 64, 1: 60, 2: 9, 3: 4, 4: 3}
eligible mmmww 1 [31, 34, 7]
eligible mmmww 2 [35, 36, 5]
eligible mmwmw 1 [31, 34, 2]
eligible mmwmw 2 [35, 34, 2]
eligible mmwwm 1 [31, 34, 0]
eligible mmwwm 2 [31, 34, 2]
eligible mwmmw 1 [29, 7, 2]
eligible mwmmw 2 [33, 5, 2]
eligible mwmwm 1 [29, 7, 0]
eligible mwmwm 2 [29, 5, 2]
eligible mwwmm 1 [29, 2, 0]
eligible mwwmm 2 [29, 2, 2]
eligible wmmmw 1 [34, 7, 2]
eligible wmmmw 2 [36, 5, 2]
eligible wmmwm 1 [34, 7, 0]
eligible wmmwm 2 [36, 5, 2]
eligible wmwmm 1 [34, 2, 0]
eligible wmwmm 2 [34, 2, 2]
eligible wwmmm 1 [7, 2, 0]
eligible wwmmm 2 [5, 2, 2]
budget triples 15272
shard 6 15 1018
hist [('portconflict', 1), (19, 1), (20, 1), (21, 1), (22, 2), (23, 1), (24, 1), (25, 2), (26, 2), (27, 2), (28, 4), (29, 7), (30, 8), (31, 5), (32, 5), (33, 2), (34, 3), (36, 1), (37, 1)]
hist [('portconflict', 4), (19, 3), (20, 1), (21, 2), (22, 8), (23, 3), (24, 2), (25, 3), (26, 3), (27, 5), (28, 7), (29, 9), (30, 14), (31, 9), (32, 6), (33, 5), (34, 5), (35, 3), (36, 4), (37, 3), (38, 1)]
hist [('portconflict', 5), (19, 3), (20, 2), (21, 4), (22, 12), (23, 3), (24, 3), (25, 5), (26, 6), (27, 7), (28, 9), (29, 14), (30, 23), (31, 14), (32, 8), (33, 9), (34, 7), (35, 5), (36, 5), (37, 4), (38, 2)]
progress 200 194 0
hist [('portconflict', 5), (17, 1), (19, 4), (20, 2), (21, 5), (22, 16), (23, 5), (24, 4), (25, 7), (26, 10), (27, 10), (28, 13), (29, 21), (30, 26), (31, 20), (32, 12), (33, 10), (34, 9), (35, 6), (36, 6), (37, 6), (38, 2)]
hist [('portconflict', 5), (16, 1), (17, 1), (19, 5), (20, 5), (21, 6), (22, 17), (23, 6), (24, 6), (25, 9), (26, 10), (27, 15), (28, 15), (29, 26), (30, 34), (31, 25), (32, 19), (33, 10), (34, 10), (35, 7), (36, 8), (37, 8), (38, 2)]
hist [('portconflict', 6), (16, 2), (17, 1), (18, 1), (19, 5), (20, 6), (21, 9), (22, 21), (23, 8), (24, 6), (25, 14), (26, 13), (27, 17), (28, 18), (29, 31), (30, 38), (31, 26), (32, 22), (33, 14), (34, 12), (35, 9), (36, 9), (37, 9), (38, 2), (42, 1)]
hist [('portconflict', 8), (16, 2), (17, 1), (18, 1), (19, 5), (20, 8), (21, 10), (22, 23), (23, 11), (24, 7), (25, 16), (26, 17), (27, 20), (28, 21), (29, 34), (30, 47), (31, 29), (32, 24), (33, 17), (34, 14), (35, 10), (36, 12), (37, 10), (38, 2), (42, 1)]
progress 400 387 0
hist [('portconflict', 12), (16, 2), (17, 1), (18, 1), (19, 6), (20, 8), (21, 12), (22, 25), (23, 12), (24, 11), (25, 19), (26, 18), (27, 21), (28, 25), (29, 41), (30, 52), (31, 35), (32, 24), (33, 19), (34, 14), (35, 12), (36, 15), (37, 12), (38, 2), (42, 1)]
hist [('portconflict', 12), (15, 1), (16, 2), (17, 2), (18, 1), (19, 6), (20, 10), (21, 14), (22, 27), (23, 14), (24, 16), (25, 20), (26, 22), (27, 27), (28, 25), (29, 45), (30, 54), (31, 40), (32, 27), (33, 20), (34, 17), (35, 13), (36, 16), (37, 15), (38, 3), (42, 1)]
hist [('portconflict', 12), (15, 1), (16, 3), (17, 2), (18, 1), (19, 7), (20, 11), (21, 15), (22, 29), (23, 15), (24, 18), (25, 21), (26, 25), (27, 30), (28, 28), (29, 50), (30, 61), (31, 44), (32, 34), (33, 21), (34, 18), (35, 15), (36, 19), (37, 16), (38, 3), (42, 1)]
hist [('none', 1), ('portconflict', 14), (15, 2), (16, 3), (17, 2), (18, 1), (19, 7), (20, 15), (21, 16), (22, 30), (23, 22), (24, 19), (25, 22), (26, 26), (27, 31), (28, 29), (29, 54), (30, 65), (31, 50), (32, 37), (33, 22), (34, 23), (35, 17), (36, 21), (37, 17), (38, 3), (42, 1)]
progress 600 584 0
hist [('none', 1), ('portconflict', 15), (15, 2), (16, 3), (17, 3), (18, 1), (19, 8), (20, 18), (21, 18), (22, 32), (23, 23), (24, 24), (25, 26), (26, 28), (27, 34), (28, 32), (29, 56), (30, 66), (31, 53), (32, 43), (33, 24), (34, 25), (35, 21), (36, 21), (37, 19), (38, 3), (42, 1)]
hist [('none', 1), ('portconflict', 17), (15, 2), (16, 3), (17, 4), (18, 1), (19, 8), (20, 20), (21, 19), (22, 35), (23, 26), (24, 26), (25, 28), (26, 31), (27, 37), (28, 33), (29, 58), (30, 68), (31, 57), (32, 51), (33, 27), (34, 28), (35, 22), (36, 24), (37, 20), (38, 3), (42, 1)]
