ports totals {0: 64, 1: 60, 2: 9, 3: 4, 4: 3}
eligible mmmww 1 [31, 34, 7]
eligible mmmww 2 [35, 36, 5]
eligible mmwmw 1 [31, 34, 2]
eligible mmwmw 2 [35, 34, 2]
eligible mmwwm 1 [31, 34, 0]
eligible mmwwm 2 [31, 34, 2]
eligible mwmmw 1 [29, 7, 2]
eligible mwmmw 2 [33, 5, 2]
eligible mwmwm 1 [29, 7, 0]
eligible mwmwm 2 [29, 5, 2]
eligible mwwmm 1 [29, 2, 0]
eligible mwwmm 2 [29, 2, 2]
eligible wmmmw 1 [34, 7, 2]
eligible wmmmw 2 [36, 5, 2]
eligible wmmwm 1 [34, 7, 0]
eligible wmmwm 2 [36, 5, 2]
eligible wmwmm 1 [34, 2, 0]
eligible wmwmm 2 [34, 2, 2]
eligible wwmmm 1 [7, 2, 0]
eligible wwmmm 2 [5, 2, 2]
budget triples 15272
shard 7 15 1018
hist [('portconflict', 1), (21, 4), (22, 3), (23, 4), (24, 1), (25, 1), (26, 1), (27, 2), (28, 1), (29, 6), (30, 10), (31, 5), (32, 3), (33, 4), (35, 1), (36, 3)]
hist [('portconflict', 3), (20, 1), (21, 8), (22, 3), (23, 5), (24, 2), (25, 5), (26, 3), (27, 4), (28, 8), (29, 12), (30, 15), (31, 12), (32, 3), (33, 6), (34, 1), (35, 2), (36, 6), (42, 1)]
hist [('portconflict', 6), (14, 1), (19, 1), (20, 3), (21, 10), (22, 5), (23, 8), (24, 3), (25, 7), (26, 5), (27, 6), (28, 9), (29, 17), (30, 17), (31, 16), (32, 8), (33, 7), (34, 4), (35, 3), (36, 10), (37, 1), (38, 1), (40, 1), (42, 1)]
progress 200 191 0
hist [('portconflict', 8), (14, 1), (19, 2), (20, 4), (21, 14), (22, 9), (23, 10), (24, 5), (25, 12), (26, 5), (27, 7), (28, 14), (29, 23), (30, 23), (31, 19), (32, 10), (33, 8), (34, 4), (35, 4), (36, 12), (37, 2), (38, 2), (40, 1), (42, 1)]
hist [('portconflict', 14), (14, 1), (19, 5), (20, 8), (21, 15), (22, 14), (23, 10), (24, 6), (25, 12), (26, 9), (27, 8), (28, 17), (29, 28), (30, 27), (31, 22), (32, 10), (33, 12), (34, 6), (35, 5), (36, 15), (37, 2), (38, 2), (40, 1), (42, 1)]
hist [('portconflict', 16), (14, 1), (16, 1), (17, 1), (18, 2), (19, 7), (20, 9), (21, 15), (22, 15), (23, 13), (24, 7), (25, 17), (26, 10), (27, 10), (28, 24), (29, 30), (30, 33), (31, 26), (32, 12), (33, 12), (34, 7), (35, 6), (36, 18), (37, 4), (38, 2), (40, 1), (42, 1)]
hist [('portconflict', 17), (14, 1), (16, 1), (17, 1), (18, 3), (19, 7), (20, 10), (21, 16), (22, 17), (23, 16), (24, 8), (25, 22), (26, 12), (27, 12), (28, 30), (29, 33), (30, 38), (31, 28), (32, 18), (33, 13), (34, 10), (35, 7), (36, 20), (37, 6), (38, 2), (40, 1), (42, 1)]
progress 400 382 0
hist [('portconflict', 17), (14, 2), (16, 1), (17, 1), (18, 3), (19, 9), (20, 12), (21, 18), (22, 21), (23, 17), (24, 9), (25, 24), (26, 14), (27, 14), (28, 32), (29, 38), (30, 42), (31, 32), (32, 26), (33, 15), (34, 11), (35, 9), (36, 22), (37, 7), (38, 2), (40, 1), (42, 1)]
hist [('portconflict', 18), (14, 2), (16, 1), (17, 1), (18, 3), (19, 10), (20, 13), (21, 21), (22, 22), (23, 18), (24, 13), (25, 28), (26, 16), (27, 20), (28, 32), (29, 41), (30, 49), (31, 38), (32, 29), (33, 16), (34, 15), (35, 10), (36, 22), (37, 8), (38, 2), (40, 1), (42, 1)]
hist [('portconflict', 18), (14, 2), (16, 1), (17, 1), (18, 3), (19, 12), (20, 13), (21, 24), (22, 24), (23, 19), (24, 17), (25, 30), (26, 19), (27, 21), (28, 34), (29, 48), (30, 56), (31, 41), (32, 33), (33, 16), (34, 16), (35, 13), (36, 25), (37, 10), (38, 2), (40, 1), (42, 1)]
hist [('portconflict', 18), (14, 2), (16, 1), (17, 1), (18, 4), (19, 12), (20, 17), (21, 26), (22, 25), (23, 23), (24, 20), (25, 31), (26, 19), (27, 22), (28, 35), (29, 54), (30, 63), (31, 47), (32, 36), (33, 19), (34, 17), (35, 14), (36, 28), (37, 10), (38, 2), (40, 1), (41, 1), (42, 2)]
progress 600 580 0
hist [('portconflict', 19), (14, 2), (16, 1), (17, 2), (18, 5), (19, 13), (20, 17), (21, 30), (22, 29), (23, 23), (24, 20), (25, 35), (26, 22), (27, 23), (28, 39), (29, 56), (30, 71), (31, 51), (32, 38), (33, 23), (34, 20), (35, 16), (36, 29), (37, 10), (38, 2), (40, 1), (41, 1), (42, 2)]
hist [('portconflict', 20), (14, 2), (16, 2), (17, 2), (18, 5), (19, 13), (20, 18), (21, 32), (22, 30), (23, 25), (24, 21), (25, 37), (26, 23), (27, 27), (28, 41), (29, 62), (30, 75), (31, 58), (32, 46), (33, 23), (34, 20), (35, 17), (36, 33), (37, 11), (38, 2), (40, 1), (41, 2), (42, 2)]
