0 swap (-1, 0, 0) fd=0 SKEL_OVERLAP 0.0 build=0.0
1 anti (-1, 6, 6) fd=0 INFEASIBLE 0.2 build=1.2
2 flipy (-1, 6, 0) fd=0 SKEL_OVERLAP 0.0 build=0.0
3 flipz (-1, 0, 6) fd=0 SKEL_OVERLAP 0.0 build=0.0
4 rot180 (-1, 6, 6) fd=0 INFEASIBLE 0.1 build=1.2
5 rot90 (-1, 6, 0) fd=0 SKEL_OVERLAP 0.0 build=0.0
6 rot270 (-1, 0, 6) fd=0 SKEL_OVERLAP 0.0 build=0.0
7 id (-1, 0, 0) fd=0 SKEL_OVERLAP 0.0 build=0.0
8 swap (-1, -1, 0) fd=1 SKEL_OVERLAP 0.0 build=0.0
9 swap (-1, 0, -1) fd=1 SKEL_OVERLAP 0.0 build=0.0
10 swap (-1, 0, 1) fd=1 SKEL_OVERLAP 0.0 build=0.0
11 swap (-1, 1, 0) fd=1 SKEL_OVERLAP 0.0 build=0.0
12 anti (-1, 5, 6) fd=1 INFEASIBLE 0.1 build=1.4
13 anti (-1, 6, 5) fd=1 INFEASIBLE 0.1 build=1.3
14 anti (-1, 6, 7) fd=1 INFEASIBLE 0.2 build=1.2
15 anti (-1, 7, 6) fd=1 INFEASIBLE 0.2 build=1.2
16 flipy (-1, 5, 0) fd=1 SKEL_OVERLAP 0.0 build=0.0
17 flipy (-1, 6, -1) fd=1 INFEASIBLE 0.1 build=1.2
18 flipy (-1, 6, 1) fd=1 INFEASIBLE 0.1 build=1.2
19 flipy (-1, 7, 0) fd=1 INFEASIBLE 0.2 build=1.2
20 flipz (-1, -1, 6) fd=1 INFEASIBLE 0.2 build=1.6
21 flipz (-1, 0, 5) fd=1 SKEL_OVERLAP 0.0 build=0.0
22 flipz (-1, 0, 7) fd=1 INFEASIBLE 0.2 build=1.3
23 flipz (-1, 1, 6) fd=1 INFEASIBLE 0.2 build=1.6
24 rot180 (-1, 5, 6) fd=1 INFEASIBLE 0.2 build=1.4
25 rot180 (-1, 6, 5) fd=1 INFEASIBLE 0.1 build=1.3
26 rot180 (-1, 6, 7) fd=1 INFEASIBLE 0.2 build=1.2
27 rot180 (-1, 7, 6) fd=1 INFEASIBLE 0.2 build=1.2
28 rot90 (-1, 5, 0) fd=1 SKEL_OVERLAP 0.0 build=0.0
29 rot90 (-1, 6, -1) fd=1 INFEASIBLE 0.1 build=1.2
30 rot90 (-1, 6, 1) fd=1 INFEASIBLE 0.2 build=1.3
31 rot90 (-1, 7, 0) fd=1 INFEASIBLE 0.2 build=1.2
32 rot270 (-1, -1, 6) fd=1 INFEASIBLE 0.1 build=1.3
33 rot270 (-1, 0, 5) fd=1 SKEL_OVERLAP 0.0 build=0.0
34 rot270 (-1, 0, 7) fd=1 INFEASIBLE 0.2 build=1.4
35 rot270 (-1, 1, 6) fd=1 INFEASIBLE 0.0 build=1.2
36 id (-1, -1, 0) fd=1 SKEL_OVERLAP 0.0 build=0.0
37 id (-1, 0, -1) fd=1 SKEL_OVERLAP 0.0 build=0.0
38 id (-1, 0, 1) fd=1 SKEL_OVERLAP 0.0 build=0.0
39 id (-1, 1, 0) fd=1 SKEL_OVERLAP 0.0 build=0.0
40 swap (-2, 0, 0) fd=1 SKEL_OVERLAP 0.0 build=0.0
41 swap (0, 0, 0) fd=1 SKEL_OVERLAP 0.0 build=0.0
42 anti (-2, 6, 6) fd=1 INFEASIBLE 0.1 build=1.4
43 anti (0, 6, 6) fd=1 INFEASIBLE 0.2 build=1.4
44 flipy (-2, 6, 0) fd=1 SKEL_OVERLAP 0.0 build=0.0
45 flipy (0, 6, 0) fd=1 SKEL_OVERLAP 0.0 build=0.0
46 flipz (-2, 0, 6) fd=1 SKEL_OVERLAP 0.0 build=0.0
47 flipz (0, 0, 6) fd=1 SKEL_OVERLAP 0.0 build=0.0
48 rot180 (-2, 6, 6) fd=1 INFEASIBLE 0.1 build=1.4
49 rot180 (0, 6, 6) fd=1 INFEASIBLE 0.1 build=1.3
50 rot90 (-2, 6, 0) fd=1 SKEL_OVERLAP 0.0 build=0.0
51 rot90 (0, 6, 0) fd=1 SKEL_OVERLAP 0.0 build=0.0
52 rot270 (-2, 0, 6) fd=1 SKEL_OVERLAP 0.0 build=0.0
53 rot270 (0, 0, 6) fd=1 SKEL_OVERLAP 0.0 build=0.0
54 id (-2, 0, 0) fd=1 SKEL_OVERLAP 0.0 build=0.0
55 id (0, 0, 0) fd=1 SKEL_OVERLAP 0.0 build=0.0
56 swap (-1, -2, 0) fd=2 SKEL_OVERLAP 0.0 build=0.0
57 swap (-1, -1, -1) fd=2 SKEL_OVERLAP 0.0 build=0.0
58 swap (-1, -1, 1) fd=2 SKEL_OVERLAP 0.0 build=0.0
59 swap (-1, 0, -2) fd=2 SKEL_OVERLAP 0.0 build=0.0
60 swap (-1, 0, 2) fd=2 SKEL_OVERLAP 0.0 build=0.0
61 swap (-1, 1, -1) fd=2 SKEL_OVERLAP 0.0 build=0.0
62 swap (-1, 1, 1) fd=2 SKEL_OVERLAP 0.0 build=0.0
63 swap (-1, 2, 0) fd=2 SKEL_OVERLAP 0.0 build=0.0
64 anti (-1, 4, 6) fd=2 SKEL_OVERLAP 0.0 build=0.0
65 anti (-1, 5, 5) fd=2 SKEL_OVERLAP 0.0 build=0.0
66 anti (-1, 5, 7) fd=2 INFEASIBLE 0.2 build=1.3
67 anti (-1, 6, 4) fd=2 SKEL_OVERLAP 0.0 build=0.0
68 anti (-1, 6, 8) fd=2 INFEASIBLE 0.2 build=1.2
69 anti (-1, 7, 5) fd=2 INFEASIBLE 0.2 build=1.3
70 anti (-1, 7, 7) fd=2 INFEASIBLE 0.3 build=1.6
71 anti (-1, 8, 6) fd=2 INFEASIBLE 0.2 build=1.3
72 flipy (-1, 4, 0) fd=2 SKEL_OVERLAP 0.0 build=0.0
73 flipy (-1, 5, -1) fd=2 SKEL_OVERLAP 0.0 build=0.0
74 flipy (-1, 5, 1) fd=2 SKEL_OVERLAP 0.0 build=0.0
75 flipy (-1, 6, -2) fd=2 INFEASIBLE 0.2 build=1.4
76 flipy (-1, 6, 2) fd=2 INFEASIBLE 0.2 build=1.2
77 flipy (-1, 7, -1) fd=2 INFEASIBLE 0.2 build=1.3
78 flipy (-1, 7, 1) fd=2 INFEASIBLE 0.2 build=1.3
79 flipy (-1, 8, 0) fd=2 INFEASIBLE 0.2 build=1.2
80 flipz (-1, -2, 6) fd=2 INFEASIBLE 0.2 build=1.3
81 flipz (-1, -1, 5) fd=2 SKEL_OVERLAP 0.0 build=0.0
82 flipz (-1, -1, 7) fd=2 INFEASIBLE 0.2 build=1.4
83 flipz (-1, 0, 4) fd=2 SKEL_OVERLAP 0.0 build=0.0
84 flipz (-1, 0, 8) fd=2 INFEASIBLE 0.2 build=1.4
85 flipz (-1, 1, 5) fd=2 SKEL_OVERLAP 0.0 build=0.0
86 flipz (-1, 1, 7) fd=2 INFEASIBLE 0.2 build=1.5
87 flipz (-1, 2, 6) fd=2 INFEASIBLE 0.2 build=1.5
88 rot180 (-1, 4, 6) fd=2 SKEL_OVERLAP 0.0 build=0.0
89 rot180 (-1, 5, 5) fd=2 SKEL_OVERLAP 0.0 build=0.0
90 rot180 (-1, 5, 7) fd=2 INFEASIBLE 0.3 build=1.5
91 rot180 (-1, 6, 4) fd=2 SKEL_OVERLAP 0.0 build=0.0
92 rot180 (-1, 6, 8) fd=2 INFEASIBLE 0.2 build=1.3
93 rot180 (-1, 7, 5) fd=2 INFEASIBLE 0.4 build=1.8
94 rot180 (-1, 7, 7) fd=2 INFEASIBLE 0.2 build=1.8
95 rot180 (-1, 8, 6) fd=2 INFEASIBLE 0.2 build=1.5
96 rot90 (-1, 4, 0) fd=2 SKEL_OVERLAP 0.0 build=0.0
97 rot90 (-1, 5, -1) fd=2 SKEL_OVERLAP 0.0 build=0.0
98 rot90 (-1, 5, 1) fd=2 SKEL_OVERLAP 0.0 build=0.0
99 rot90 (-1, 6, -2) fd=2 INFEASIBLE 0.2 build=1.4
100 rot90 (-1, 6, 2) fd=2 INFEASIBLE 0.2 build=1.8
101 rot90 (-1, 7, -1) fd=2 INFEASIBLE 0.3 build=1.4
102 rot90 (-1, 7, 1) fd=2 INFEASIBLE 0.2 build=1.4
103 rot90 (-1, 8, 0) fd=2 INFEASIBLE 0.2 build=1.4
104 rot270 (-1, -2, 6) fd=2 INFEASIBLE 0.2 build=1.4
105 rot270 (-1, -1, 5) fd=2 SKEL_OVERLAP 0.0 build=0.0
106 rot270 (-1, -1, 7) fd=2 INFEASIBLE 0.2 build=1.4
107 rot270 (-1, 0, 4) fd=2 SKEL_OVERLAP 0.0 build=0.0
108 rot270 (-1, 0, 8) fd=2 INFEASIBLE 0.2 build=1.3
109 rot270 (-1, 1, 5) fd=2 SKEL_OVERLAP 0.0 build=0.0
110 rot270 (-1, 1, 7) fd=2 INFEASIBLE 0.2 build=1.4
111 rot270 (-1, 2, 6) fd=2 INFEASIBLE 0.3 build=1.5
112 id (-1, -2, 0) fd=2 SKEL_OVERLAP 0.0 build=0.0
113 id (-1, -1, -1) fd=2 SKEL_OVERLAP 0.0 build=0.0
114 id (-1, -1, 1) fd=2 SKEL_OVERLAP 0.0 build=0.0
115 id (-1, 0, -2) fd=2 SKEL_OVERLAP 0.0 build=0.0
116 id (-1, 0, 2) fd=2 SKEL_OVERLAP 0.0 build=0.0
117 id (-1, 1, -1) fd=2 SKEL_OVERLAP 0.0 build=0.0
118 id (-1, 1, 1) fd=2 SKEL_OVERLAP 0.0 build=0.0
119 id (-1, 2, 0) fd=2 SKEL_OVERLAP 0.0 build=0.0
120 swap (-2, -1, 0) fd=2 SKEL_OVERLAP 0.0 build=0.0
121 swap (-2, 0, -1) fd=2 SKEL_OVERLAP 0.0 build=0.0
122 swap (-2, 0, 1) fd=2 SKEL_OVERLAP 0.0 build=0.0
123 swap (-2, 1, 0) fd=2 SKEL_OVERLAP 0.0 build=0.0
124 swap (0, -1, 0) fd=2 SKEL_OVERLAP 0.0 build=0.0
125 swap (0, 0, -1) fd=2 SKEL_OVERLAP 0.0 build=0.0
126 swap (0, 0, 1) fd=2 SKEL_OVERLAP 0.0 build=0.0
127 swap (0, 1, 0) fd=2 SKEL_OVERLAP 0.0 build=0.0
128 anti (-2, 5, 6) fd=2 INFEASIBLE 0.2 build=2.4
129 anti (-2, 6, 5) fd=2 INFEASIBLE 0.1 build=2.2
130 anti (-2, 6, 7) fd=2 INFEASIBLE 0.3 build=2.0
131 anti (-2, 7, 6) fd=2 INFEASIBLE 0.3 build=1.9
132 anti (0, 5, 6) fd=2 INFEASIBLE 0.2 build=2.5
133 anti (0, 6, 5) fd=2 INFEASIBLE 0.3 build=2.4
134 anti (0, 6, 7) fd=2 INFEASIBLE 0.3 build=1.7
135 anti (0, 7, 6) fd=2 INFEASIBLE 0.2 build=1.5
136 flipy (-2, 5, 0) fd=2 SKEL_OVERLAP 0.0 build=0.0
137 flipy (-2, 6, -1) fd=2 INFEASIBLE 0.1 build=2.1
138 flipy (-2, 6, 1) fd=2 INFEASIBLE 0.2 build=1.9
139 flipy (-2, 7, 0) fd=2 INFEASIBLE 0.3 build=1.5
140 flipy (0, 5, 0) fd=2 SKEL_OVERLAP 0.0 build=0.0
141 flipy (0, 6, -1) fd=2 INFEASIBLE 0.2 build=1.6
142 flipy (0, 6, 1) fd=2 INFEASIBLE 0.1 build=1.5
143 flipy (0, 7, 0) fd=2 INFEASIBLE 0.2 build=1.4
144 flipz (-2, -1, 6) fd=2 INFEASIBLE 0.2 build=1.8
145 flipz (-2, 0, 5) fd=2 SKEL_OVERLAP 0.0 build=0.0
146 flipz (-2, 0, 7) fd=2 INFEASIBLE 0.2 build=1.6
147 flipz (-2, 1, 6) fd=2 INFEASIBLE 0.1 build=1.9
148 flipz (0, -1, 6) fd=2 INFEASIBLE 0.1 build=2.5
149 flipz (0, 0, 5) fd=2 SKEL_OVERLAP 0.0 build=0.0
150 flipz (0, 0, 7) fd=2 INFEASIBLE 0.2 build=1.5
151 flipz (0, 1, 6) fd=2 INFEASIBLE 0.1 build=2.1
152 rot180 (-2, 5, 6) fd=2 INFEASIBLE 0.1 build=1.8
153 rot180 (-2, 6, 5) fd=2 INFEASIBLE 0.1 build=1.7
154 rot180 (-2, 6, 7) fd=2 INFEASIBLE 0.2 build=1.4
155 rot180 (-2, 7, 6) fd=2 INFEASIBLE 0.2 build=1.4
156 rot180 (0, 5, 6) fd=2 INFEASIBLE 0.1 build=1.7
157 rot180 (0, 6, 5) fd=2 INFEASIBLE 0.1 build=1.5
158 rot180 (0, 6, 7) fd=2 INFEASIBLE 0.2 build=1.7
159 rot180 (0, 7, 6) fd=2 INFEASIBLE 0.2 build=1.5
160 rot90 (-2, 5, 0) fd=2 SKEL_OVERLAP 0.0 build=0.0
161 rot90 (-2, 6, -1) fd=2 INFEASIBLE 0.1 build=1.5
162 rot90 (-2, 6, 1) fd=2 INFEASIBLE 0.1 build=1.6
163 rot90 (-2, 7, 0) fd=2 INFEASIBLE 0.1 build=1.5
164 rot90 (0, 5, 0) fd=2 SKEL_OVERLAP 0.0 build=0.0
165 rot90 (0, 6, -1) fd=2 INFEASIBLE 0.2 build=1.4
166 rot90 (0, 6, 1) fd=2 INFEASIBLE 0.2 build=1.6
167 rot90 (0, 7, 0) fd=2 INFEASIBLE 0.2 build=1.5
168 rot270 (-2, -1, 6) fd=2 INFEASIBLE 0.2 build=1.5
169 rot270 (-2, 0, 5) fd=2 SKEL_OVERLAP 0.0 build=0.0
170 rot270 (-2, 0, 7) fd=2 INFEASIBLE 0.2 build=1.6
171 rot270 (-2, 1, 6) fd=2 INFEASIBLE 0.2 build=1.7
172 rot270 (0, -1, 6) fd=2 INFEASIBLE 0.1 build=1.7
173 rot270 (0, 0, 5) fd=2 SKEL_OVERLAP 0.0 build=0.0
174 rot270 (0, 0, 7) fd=2 INFEASIBLE 0.1 build=1.6
175 rot270 (0, 1, 6) fd=2 INFEASIBLE 0.1 build=1.8
176 id (-2, -1, 0) fd=2 SKEL_OVERLAP 0.0 build=0.0
177 id (-2, 0, -1) fd=2 SKEL_OVERLAP 0.0 build=0.0
178 id (-2, 0, 1) fd=2 SKEL_OVERLAP 0.0 build=0.0
179 id (-2, 1, 0) fd=2 SKEL_OVERLAP 0.0 build=0.0
180 id (0, -1, 0) fd=2 SKEL_OVERLAP 0.0 build=0.0
181 id (0, 0, -1) fd=2 SKEL_OVERLAP 0.0 build=0.0
182 id (0, 0, 1) fd=2 SKEL_OVERLAP 0.0 build=0.0
183 id (0, 1, 0) fd=2 SKEL_OVERLAP 0.0 build=0.0
184 swap (-3, 0, 0) fd=2 SKEL_OVERLAP 0.0 build=0.0
185 swap (1, 0, 0) fd=2 SKEL_OVERLAP 0.0 build=0.0
186 anti (-3, 6, 6) fd=2 INFEASIBLE 0.2 build=1.6
187 anti (1, 6, 6) fd=2 INFEASIBLE 0.2 build=1.6
188 flipy (-3, 6, 0) fd=2 INFEASIBLE 0.2 build=1.7
189 flipy (1, 6, 0) fd=2 INFEASIBLE 0.3 build=1.9
190 flipz (-3, 0, 6) fd=2 INFEASIBLE 0.2 build=1.9
191 flipz (1, 0, 6) fd=2 INFEASIBLE 0.2 build=1.5
192 rot180 (-3, 6, 6) fd=2 INFEASIBLE 0.2 build=1.8
193 rot180 (1, 6, 6) fd=2 INFEASIBLE 0.2 build=1.7
194 rot90 (-3, 6, 0) fd=2 INFEASIBLE 0.1 build=1.7
195 rot90 (1, 6, 0) fd=2 INFEASIBLE 0.2 build=1.6
196 rot270 (-3, 0, 6) fd=2 INFEASIBLE 0.2 build=1.6
197 rot270 (1, 0, 6) fd=2 INFEASIBLE 0.1 build=1.7
198 id (-3, 0, 0) fd=2 SKEL_OVERLAP 0.0 build=0.0
199 id (1, 0, 0) fd=2 SKEL_OVERLAP 0.0 build=0.0
200 swap (-1, -3, 0) fd=3 INFEASIBLE 0.1 build=1.6
201 swap (-1, -2, -1) fd=3 SKEL_OVERLAP 0.0 build=0.0
202 swap (-1, -2, 1) fd=3 SKEL_OVERLAP 0.0 build=0.0
203 swap (-1, -1, -2) fd=3 SKEL_OVERLAP 0.0 build=0.0
204 swap (-1, -1, 2) fd=3 SKEL_OVERLAP 0.0 build=0.0
205 swap (-1, 0, -3) fd=3 INFEASIBLE 0.1 build=1.5
206 swap (-1, 0, 3) fd=3 INFEASIBLE 0.1 build=1.5
207 swap (-1, 1, -2) fd=3 INFEASIBLE 0.1 build=1.3
208 swap (-1, 1, 2) fd=3 SKEL_OVERLAP 0.0 build=0.0
209 swap (-1, 2, -1) fd=3 INFEASIBLE 0.1 build=1.4
210 swap (-1, 2, 1) fd=3 SKEL_OVERLAP 0.0 build=0.0
211 swap (-1, 3, 0) fd=3 INFEASIBLE 0.1 build=1.3
212 anti (-1, 3, 6) fd=3 INFEASIBLE 0.1 build=1.3
213 anti (-1, 4, 5) fd=3 SKEL_OVERLAP 0.0 build=0.0
214 anti (-1, 4, 7) fd=3 INFEASIBLE 0.1 build=1.3
215 anti (-1, 5, 4) fd=3 SKEL_OVERLAP 0.0 build=0.0
216 anti (-1, 5, 8) fd=3 INFEASIBLE 0.2 build=1.3
217 anti (-1, 6, 3) fd=3 INFEASIBLE 0.1 build=1.6
218 anti (-1, 6, 9) fd=3 INFEASIBLE 0.2 build=1.4
219 anti (-1, 7, 4) fd=3 INFEASIBLE 0.2 build=1.5
220 anti (-1, 7, 8) fd=3 INFEASIBLE 0.2 build=1.3
221 anti (-1, 8, 5) fd=3 INFEASIBLE 0.2 build=1.3
222 anti (-1, 8, 7) fd=3 INFEASIBLE 0.2 build=1.3
223 anti (-1, 9, 6) fd=3 INFEASIBLE 0.2 build=1.5
224 flipy (-1, 3, 0) fd=3 SKEL_OVERLAP 0.0 build=0.0
225 flipy (-1, 4, -1) fd=3 SKEL_OVERLAP 0.0 build=0.0
226 flipy (-1, 4, 1) fd=3 SKEL_OVERLAP 0.0 build=0.0
227 flipy (-1, 5, -2) fd=3 INFEASIBLE 0.1 build=1.4
228 flipy (-1, 5, 2) fd=3 INFEASIBLE 0.1 build=1.5
229 flipy (-1, 6, -3) fd=3 INFEASIBLE 0.2 build=1.2
230 flipy (-1, 6, 3) fd=3 INFEASIBLE 0.2 build=1.3
231 flipy (-1, 7, -2) fd=3 INFEASIBLE 0.2 build=1.3
232 flipy (-1, 7, 2) fd=3 INFEASIBLE 0.2 build=1.3
233 flipy (-1, 8, -1) fd=3 INFEASIBLE 0.2 build=1.5
234 flipy (-1, 8, 1) fd=3 INFEASIBLE 0.2 build=1.3
235 flipy (-1, 9, 0) fd=3 INFEASIBLE 0.2 build=1.3
236 flipz (-1, -3, 6) fd=3 INFEASIBLE 0.1 build=1.5
237 flipz (-1, -2, 5) fd=3 INFEASIBLE 0.1 build=1.5
238 flipz (-1, -2, 7) fd=3 INFEASIBLE 0.2 build=1.3
239 flipz (-1, -1, 4) fd=3 SKEL_OVERLAP 0.0 build=0.0
240 flipz (-1, -1, 8) fd=3 INFEASIBLE 0.2 build=1.3
241 flipz (-1, 0, 3) fd=3 SKEL_OVERLAP 0.0 build=0.0
242 flipz (-1, 0, 9) fd=3 INFEASIBLE 0.2 build=1.2
243 flipz (-1, 1, 4) fd=3 SKEL_OVERLAP 0.0 build=0.0
244 flipz (-1, 1, 8) fd=3 INFEASIBLE 0.2 build=1.4
245 flipz (-1, 2, 5) fd=3 INFEASIBLE 0.1 build=1.4
246 flipz (-1, 2, 7) fd=3 INFEASIBLE 0.2 build=1.5
247 flipz (-1, 3, 6) fd=3 INFEASIBLE 0.2 build=1.6
248 rot180 (-1, 3, 6) fd=3 INFEASIBLE 0.2 build=1.7
249 rot180 (-1, 4, 5) fd=3 SKEL_OVERLAP 0.0 build=0.0
250 rot180 (-1, 4, 7) fd=3 INFEASIBLE 0.2 build=1.5
251 rot180 (-1, 5, 4) fd=3 SKEL_OVERLAP 0.0 build=0.0
252 rot180 (-1, 5, 8) fd=3 INFEASIBLE 0.2 build=1.4
253 rot180 (-1, 6, 3) fd=3 INFEASIBLE 0.1 build=1.3
254 rot180 (-1, 6, 9) fd=3 INFEASIBLE 0.2 build=1.3
255 rot180 (-1, 7, 4) fd=3 INFEASIBLE 0.2 build=1.3
256 rot180 (-1, 7, 8) fd=3 INFEASIBLE 0.2 build=1.3
257 rot180 (-1, 8, 5) fd=3 INFEASIBLE 0.3 build=1.5
258 rot180 (-1, 8, 7) fd=3 INFEASIBLE 0.2 build=1.8
259 rot180 (-1, 9, 6) fd=3 INFEASIBLE 0.2 build=1.4
260 rot90 (-1, 3, 0) fd=3 SKEL_OVERLAP 0.0 build=0.0
261 rot90 (-1, 4, -1) fd=3 SKEL_OVERLAP 0.0 build=0.0
262 rot90 (-1, 4, 1) fd=3 SKEL_OVERLAP 0.0 build=0.0
263 rot90 (-1, 5, -2) fd=3 INFEASIBLE 0.1 build=1.4
264 rot90 (-1, 5, 2) fd=3 INFEASIBLE 0.1 build=1.7
265 rot90 (-1, 6, -3) fd=3 INFEASIBLE 0.2 build=1.3
266 rot90 (-1, 6, 3) fd=3 INFEASIBLE 0.2 build=1.4
267 rot90 (-1, 7, -2) fd=3 INFEASIBLE 0.2 build=1.5
268 rot90 (-1, 7, 2) fd=3 INFEASIBLE 0.2 build=1.4
269 rot90 (-1, 8, -1) fd=3 INFEASIBLE 0.2 build=1.5
270 rot90 (-1, 8, 1) fd=3 INFEASIBLE 0.2 build=1.4
271 rot90 (-1, 9, 0) fd=3 INFEASIBLE 0.2 build=1.4
272 rot270 (-1, -3, 6) fd=3 INFEASIBLE 0.2 build=1.3
273 rot270 (-1, -2, 5) fd=3 INFEASIBLE 0.1 build=1.5
274 rot270 (-1, -2, 7) fd=3 INFEASIBLE 0.2 build=1.3
275 rot270 (-1, -1, 4) fd=3 SKEL_OVERLAP 0.0 build=0.0
276 rot270 (-1, -1, 8) fd=3 INFEASIBLE 0.2 build=1.4
277 rot270 (-1, 0, 3) fd=3 SKEL_OVERLAP 0.0 build=0.0
278 rot270 (-1, 0, 9) fd=3 INFEASIBLE 0.2 build=1.2
279 rot270 (-1, 1, 4) fd=3 SKEL_OVERLAP 0.0 build=0.0
280 rot270 (-1, 1, 8) fd=3 INFEASIBLE 0.2 build=1.5
281 rot270 (-1, 2, 5) fd=3 INFEASIBLE 0.1 build=1.3
282 rot270 (-1, 2, 7) fd=3 INFEASIBLE 0.2 build=1.3
283 rot270 (-1, 3, 6) fd=3 INFEASIBLE 0.2 build=1.6
284 id (-1, -3, 0) fd=3 INFEASIBLE 0.1 build=1.5
285 id (-1, -2, -1) fd=3 SKEL_OVERLAP 0.0 build=0.0
286 id (-1, -2, 1) fd=3 INFEASIBLE 0.1 build=1.6
287 id (-1, -1, -2) fd=3 SKEL_OVERLAP 0.0 build=0.0
288 id (-1, -1, 2) fd=3 SKEL_OVERLAP 0.0 build=0.0
289 id (-1, 0, -3) fd=3 INFEASIBLE 0.1 build=2.1
290 id (-1, 0, 3) fd=3 INFEASIBLE 0.1 build=1.5
291 id (-1, 1, -2) fd=3 SKEL_OVERLAP 0.0 build=0.0
292 id (-1, 1, 2) fd=3 SKEL_OVERLAP 0.0 build=0.0
293 id (-1, 2, -1) fd=3 INFEASIBLE 0.1 build=1.6
294 id (-1, 2, 1) fd=3 SKEL_OVERLAP 0.0 build=0.0
295 id (-1, 3, 0) fd=3 INFEASIBLE 0.1 build=1.6
296 swap (-2, -2, 0) fd=3 SKEL_OVERLAP 0.0 build=0.0
297 swap (-2, -1, -1) fd=3 SKEL_OVERLAP 0.0 build=0.0
298 swap (-2, -1, 1) fd=3 SKEL_OVERLAP 0.0 build=0.0
299 swap (-2, 0, -2) fd=3 SKEL_OVERLAP 0.0 build=0.0
300 swap (-2, 0, 2) fd=3 SKEL_OVERLAP 0.0 build=0.0
301 swap (-2, 1, -1) fd=3 SKEL_OVERLAP 0.0 build=0.0
302 swap (-2, 1, 1) fd=3 SKEL_OVERLAP 0.0 build=0.0
303 swap (-2, 2, 0) fd=3 SKEL_OVERLAP 0.0 build=0.0
304 swap (0, -2, 0) fd=3 SKEL_OVERLAP 0.0 build=0.0
305 swap (0, -1, -1) fd=3 SKEL_OVERLAP 0.0 build=0.0
306 swap (0, -1, 1) fd=3 SKEL_OVERLAP 0.0 build=0.0
307 swap (0, 0, -2) fd=3 SKEL_OVERLAP 0.0 build=0.0
308 swap (0, 0, 2) fd=3 SKEL_OVERLAP 0.0 build=0.0
309 swap (0, 1, -1) fd=3 SKEL_OVERLAP 0.0 build=0.0
310 swap (0, 1, 1) fd=3 SKEL_OVERLAP 0.0 build=0.0
311 swap (0, 2, 0) fd=3 SKEL_OVERLAP 0.0 build=0.0
312 anti (-2, 4, 6) fd=3 SKEL_OVERLAP 0.0 build=0.0
313 anti (-2, 5, 5) fd=3 SKEL_OVERLAP 0.0 build=0.0
314 anti (-2, 5, 7) fd=3 INFEASIBLE 0.3 build=1.5
315 anti (-2, 6, 4) fd=3 SKEL_OVERLAP 0.0 build=0.0
316 anti (-2, 6, 8) fd=3 INFEASIBLE 0.3 build=1.6
317 anti (-2, 7, 5) fd=3 INFEASIBLE 0.2 build=1.8
318 anti (-2, 7, 7) fd=3 INFEASIBLE 0.3 build=1.9
319 anti (-2, 8, 6) fd=3 INFEASIBLE 0.3 build=2.1
320 anti (0, 4, 6) fd=3 SKEL_OVERLAP 0.0 build=0.0
321 anti (0, 5, 5) fd=3 SKEL_OVERLAP 0.0 build=0.0
322 anti (0, 5, 7) fd=3 INFEASIBLE 0.2 build=2.1
323 anti (0, 6, 4) fd=3 SKEL_OVERLAP 0.0 build=0.0
324 anti (0, 6, 8) fd=3 INFEASIBLE 0.3 build=1.8
325 anti (0, 7, 5) fd=3 INFEASIBLE 0.5 build=2.3
326 anti (0, 7, 7) fd=3 INFEASIBLE 0.3 build=2.0
327 anti (0, 8, 6) fd=3 INFEASIBLE 0.3 build=1.9
328 flipy (-2, 4, 0) fd=3 SKEL_OVERLAP 0.0 build=0.0
329 flipy (-2, 5, -1) fd=3 SKEL_OVERLAP 0.0 build=0.0
330 flipy (-2, 5, 1) fd=3 SKEL_OVERLAP 0.0 build=0.0
331 flipy (-2, 6, -2) fd=3 INFEASIBLE 0.5 build=1.8
332 flipy (-2, 6, 2) fd=3 INFEASIBLE 0.3 build=1.8
333 flipy (-2, 7, -1) fd=3 INFEASIBLE 0.2 build=1.7
334 flipy (-2, 7, 1) fd=3 INFEASIBLE 0.3 build=1.5
335 flipy (-2, 8, 0) fd=3 INFEASIBLE 0.3 build=1.4
336 flipy (0, 4, 0) fd=3 SKEL_OVERLAP 0.0 build=0.0
337 flipy (0, 5, -1) fd=3 SKEL_OVERLAP 0.0 build=0.0
338 flipy (0, 5, 1) fd=3 SKEL_OVERLAP 0.0 build=0.0
