flipz (0, 0, 6) V=(9, 1, 4) skeleton [('INFEASIBLE', ['K4(8, 1, 2)S'])]
flipz (0, 0, 6) V=(9, 2, 4) skeleton [('INFEASIBLE', ['K4(8, 1, 2)S'])]
rot270 (0, 0, 6) V=(9, 2, 4) skeleton [('INFEASIBLE', ['K4(8, 2, 2)g'])]
flipz (0, -1, 6) V=(9, 1, 4) skeleton [('INFEASIBLE', ['K4(8, 2, 2)g'])]
flipz (0, 0, 5) V=(9, 0, 3) skeleton [('INFEASIBLE', ['K4(8, 1, 2)S'])]
flipz (0, 0, 5) V=(9, 1, 4) skeleton [('INFEASIBLE', ['K4(8, 2, 3)P'])]
flipz (0, 1, 6) V=(9, 1, 4) skeleton [('INFEASIBLE', ['K5(11, 2, 2)S'])]
flipz (0, 1, 6) V=(9, 2, 4) skeleton [('INFEASIBLE', ['K4(8, 1, 2)S'])]
flipz (1, 0, 6) V=(9, 0, 3) skeleton [('INFEASIBLE', ['K5(11, 1, 3)g'])]
rot270 (0, -1, 6) V=(9, 1, 4) skeleton [('INFEASIBLE', ['K4(8, 2, 2)g'])]
rot270 (0, 0, 5) V=(9, 1, 4) skeleton [('INFEASIBLE', ['K4(8, 2, 3)P'])]
rot270 (0, 0, 5) V=(9, 2, 4) skeleton [('INFEASIBLE', [])]
anti (0, 4, 6) V=(9, 2, 4) skeleton [('INFEASIBLE', ['K4(8, 2, 2)g'])]
anti (0, 5, 5) V=(9, 3, 3) skeleton [('INFEASIBLE', ['K4(8, 1, 2)S'])]
flipy (0, 5, 1) V=(9, 3, 3) skeleton [('INFEASIBLE', ['K4(8, 2, 2)g'])]
flipz (0, -1, 5) V=(9, 0, 3) skeleton [('INFEASIBLE', ['K4(8, 1, 2)S'])]
flipz (0, 1, 5) V=(9, 2, 4) skeleton [('INFEASIBLE', ['K4(8, 1, 2)S'])]
flipz (0, 1, 5) V=(9, 3, 3) skeleton [('INFEASIBLE', ['K4(8, 2, 2)g'])]
flipz (0, 2, 6) V=(9, 2, 4) skeleton [('INFEASIBLE', ['K4(8, 2, 3)P'])]
flipz (1, -1, 6) V=(9, 0, 3) skeleton [('INFEASIBLE', ['K5(10, 1, 3)R'])]
flipz (1, 0, 7) V=(9, 1, 4) skeleton [('INFEASIBLE', ['K5(11, 1, 3)g'])]
rot180 (0, 4, 6) V=(9, 2, 4) skeleton [('INFEASIBLE', ['K4(8, 1, 2)S'])]
rot180 (0, 5, 5) V=(9, 3, 3) skeleton [('INFEASIBLE', ['K4(8, 2, 2)g'])]
rot90 (0, 5, 1) V=(9, 3, 3) skeleton [('INFEASIBLE', ['K4(8, 2, 2)g'])]
rot270 (0, -1, 5) V=(9, 1, 4) skeleton [('INFEASIBLE', ['K4(8, 1, 2)S'])]
rot270 (0, 1, 5) V=(9, 2, 4) skeleton [('INFEASIBLE', ['K4(8, 2, 3)P'])]
rot270 (0, 1, 5) V=(9, 3, 3) skeleton [('INFEASIBLE', ['K4(8, 2, 2)g'])]
swap (0, 0, 3) V=(9, 1, 4) skeleton [('INFEASIBLE', ['K4(8, 1, 2)S', 'K5(10, 1, 3)R'])]
swap (0, 0, 3) V=(9, 2, 4) skeleton [('INFEASIBLE', ['K4(8, 1, 2)S'])]
anti (0, 3, 6) V=(9, 1, 4) skeleton [('INFEASIBLE', ['K4(8, 2, 2)g'])]
anti (0, 4, 5) V=(9, 2, 4) skeleton [('INFEASIBLE', ['K4(8, 1, 2)S'])]
anti (0, 5, 4) V=(9, 3, 3) skeleton [('INFEASIBLE', ['K4(8, 1, 2)S'])]
anti (1, 5, 5) V=(9, 2, 4) skeleton [('INFEASIBLE', ['K5(11, 1, 3)g'])]
anti (1, 6, 4) V=(9, 3, 3) skeleton [('INFEASIBLE', ['K5(10, 1, 3)R', 'K5(11, 3, 3)g'])]
flipy (0, 4, 1) V=(9, 3, 3) skeleton [('INFEASIBLE', ['K4(8, 1, 2)S'])]
flipy (1, 4, 0) V=(9, 3, 3) skeleton [('INFEASIBLE', ['K4(8, 2, 2)g'])]
flipz (0, -2, 5) V=(9, 0, 3) skeleton [('INFEASIBLE', ['K4(8, 2, 2)g'])]
flipz (0, 2, 5) V=(9, 3, 3) skeleton [('INFEASIBLE', ['K4(8, 1, 2)S'])]
flipz (1, 1, 5) V=(9, 0, 3) skeleton [('INFEASIBLE', ['K4(8, 2, 3)P'])]
flipz (1, 1, 5) V=(9, 1, 4) skeleton [('INFEASIBLE', ['K4(8, 2, 3)P'])]
flipz (1, 1, 7) V=(9, 1, 4) skeleton [('INFEASIBLE', ['K5(11, 2, 3)g'])]
flipz (1, 1, 7) V=(9, 2, 4) skeleton [('INFEASIBLE', ['K5(10, 1, 3)R', 'K5(11, 2, 4)g'])]
flipz (1, 2, 6) V=(9, 1, 4) skeleton [('INFEASIBLE', ['K5(11, 2, 2)S', 'K5(10, 1, 3)R'])]
flipz (1, 2, 6) V=(9, 3, 3) skeleton [('INFEASIBLE', ['K5(10, 1, 3)R', 'K5(11, 3, 3)g'])]
rot180 (0, 3, 6) V=(9, 1, 4) skeleton [('INFEASIBLE', ['K4(8, 2, 2)g'])]
rot180 (0, 3, 6) V=(9, 2, 4) skeleton [('INFEASIBLE', ['K4(8, 1, 2)S'])]
rot180 (0, 4, 5) V=(9, 3, 3) skeleton [('INFEASIBLE', ['K4(8, 1, 2)S'])]
rot180 (1, 4, 6) V=(9, 3, 3) skeleton [('INFEASIBLE', ['K5(11, 1, 3)g'])]
rot90 (0, 5, 2) V=(9, 3, 3) skeleton [('INFEASIBLE', ['K4(8, 1, 2)S'])]
rot90 (1, 6, 2) V=(9, 3, 3) skeleton [('INFEASIBLE', ['K5(10, 1, 3)R', 'K5(11, 3, 3)g'])]
rot270 (0, -2, 5) V=(9, 0, 3) skeleton [('INFEASIBLE', ['K4(8, 2, 2)g'])]
rot270 (0, 1, 4) V=(9, 3, 3) skeleton [('INFEASIBLE', ['K4(8, 1, 2)S'])]
rot270 (1, -1, 5) V=(9, 2, 4) skeleton [('INFEASIBLE', ['K5(10, 1, 3)R'])]
rot270 (1, 0, 4) V=(9, 1, 4) skeleton [('INFEASIBLE', ['K4(8, 2, 2)g'])]
rot270 (1, 0, 4) V=(9, 3, 3) skeleton [('INFEASIBLE', ['K4(8, 2, 2)g'])]
id (0, -2, 1) V=(9, 0, 3) skeleton [('INFEASIBLE', ['K4(8, 2, 2)g'])]
id (0, 0, 3) V=(9, 1, 4) skeleton [('INFEASIBLE', ['K4(7, 2, 1)R', 'K5(10, 1, 3)R'])]
