0 flipz (0, 0, 6) V=(9, 1, 4) behind INFEASIBLE 0.2 build=2.1
0 flipz (0, 0, 6) V=(9, 2, 4) behind INFEASIBLE 0.2 build=2.1
1 rot270 (0, 0, 6) V=(9, 2, 4) behind INFEASIBLE 0.2 build=2.0
2 flipz (0, -1, 6) V=(9, 1, 4) behind INFEASIBLE 0.4 build=2.6
3 flipz (0, 0, 5) V=(9, 0, 3) behind INFEASIBLE 0.1 build=2.4
3 flipz (0, 0, 5) V=(9, 1, 4) behind INFEASIBLE 0.1 build=2.6
4 flipz (0, 1, 6) V=(9, 1, 4) behind INFEASIBLE 0.2 build=2.0
4 flipz (0, 1, 6) V=(9, 2, 4) behind INFEASIBLE 0.2 build=2.4
5 flipz (1, 0, 6) V=(9, 0, 3) side INFEASIBLE 0.3 build=2.6
6 rot270 (0, -1, 6) V=(9, 1, 4) behind INFEASIBLE 0.2 build=1.9
7 rot270 (0, 0, 5) V=(9, 1, 4) behind INFEASIBLE 0.3 build=2.7
7 rot270 (0, 0, 5) V=(9, 2, 4) behind INFEASIBLE 0.3 build=2.7
8 id (0, 0, 1) V=(9, 0, 3) behind SKEL_OVERLAP 0.0 build=0.0
9 id (1, 0, 0) V=(9, 0, 3) side SKEL_OVERLAP 0.0 build=0.0
10 swap (0, 0, 2) V=(9, 2, 4) behind SKEL_OVERLAP 0.0 build=0.0
11 swap (0, 1, 1) V=(9, 3, 3) behind SKEL_OVERLAP 0.0 build=0.0
12 anti (0, 4, 6) V=(9, 2, 4) behind INFEASIBLE 0.2 build=2.1
13 anti (0, 5, 5) V=(9, 3, 3) behind INFEASIBLE 0.4 build=2.3
14 flipy (0, 5, 1) V=(9, 3, 3) behind INFEASIBLE 0.2 build=2.2
15 flipz (0, -1, 5) V=(9, 0, 3) behind INFEASIBLE 0.2 build=3.3
16 flipz (0, 1, 5) V=(9, 2, 4) behind INFEASIBLE 0.1 build=2.3
16 flipz (0, 1, 5) V=(9, 3, 3) behind INFEASIBLE 0.1 build=2.3
17 flipz (0, 2, 6) V=(9, 2, 4) behind INFEASIBLE 0.3 build=2.0
18 flipz (1, -1, 6) V=(9, 0, 3) side INFEASIBLE 0.3 build=2.3
19 flipz (1, 0, 7) V=(9, 1, 4) side INFEASIBLE 0.2 build=2.2
20 rot180 (0, 4, 6) V=(9, 2, 4) behind INFEASIBLE 0.3 build=2.5
21 rot180 (0, 5, 5) V=(9, 3, 3) behind INFEASIBLE 0.2 build=2.1
22 rot90 (0, 5, 1) V=(9, 3, 3) behind INFEASIBLE 0.1 build=2.7
23 rot270 (0, -1, 5) V=(9, 1, 4) behind INFEASIBLE 0.5 build=2.5
24 rot270 (0, 0, 4) V=(9, 2, 4) behind SKEL_OVERLAP 0.0 build=0.0
25 rot270 (0, 1, 5) V=(9, 2, 4) behind INFEASIBLE 0.2 build=2.6
25 rot270 (0, 1, 5) V=(9, 3, 3) behind INFEASIBLE 0.2 build=2.6
26 id (0, -1, 1) V=(9, 0, 3) behind SKEL_OVERLAP 0.0 build=0.0
27 id (0, 0, 2) V=(9, 1, 4) behind SKEL_OVERLAP 0.0 build=0.0
27 id (0, 0, 2) V=(9, 2, 4) behind SKEL_OVERLAP 0.0 build=0.0
28 id (0, 1, 1) V=(9, 3, 3) behind SKEL_OVERLAP 0.0 build=0.0
29 id (1, -1, 0) V=(9, 0, 3) side SKEL_OVERLAP 0.0 build=0.0
30 id (1, 0, 1) V=(9, 1, 4) side SKEL_OVERLAP 0.0 build=0.0
31 swap (0, -2, 1) V=(9, 0, 3) behind SKEL_OVERLAP 0.0 build=0.0
32 swap (0, -1, 2) V=(9, 0, 3) behind SKEL_OVERLAP 0.0 build=0.0
32 swap (0, -1, 2) V=(9, 1, 4) behind SKEL_OVERLAP 0.0 build=0.0
33 swap (0, 0, 3) V=(9, 1, 4) behind INFEASIBLE 0.1 build=2.5
33 swap (0, 0, 3) V=(9, 2, 4) behind INFEASIBLE 0.1 build=2.5
34 swap (0, 1, 2) V=(9, 3, 3) behind SKEL_OVERLAP 0.0 build=0.0
35 swap (1, 0, 2) V=(9, 3, 3) side SKEL_OVERLAP 0.0 build=0.0
36 anti (0, 3, 6) V=(9, 1, 4) behind INFEASIBLE 0.3 build=2.3
37 anti (0, 4, 5) V=(9, 2, 4) behind INFEASIBLE 0.6 build=2.7
38 anti (0, 5, 4) V=(9, 3, 3) behind INFEASIBLE 0.3 build=3.2
39 anti (1, 5, 5) V=(9, 2, 4) side INFEASIBLE 0.3 build=3.5
40 anti (1, 6, 4) V=(9, 3, 3) side INFEASIBLE 0.4 build=2.5
41 flipy (0, 4, 1) V=(9, 3, 3) behind INFEASIBLE 0.2 build=2.5
42 flipy (1, 4, 0) V=(9, 3, 3) side INFEASIBLE 0.3 build=2.9
43 flipz (0, -2, 5) V=(9, 0, 3) behind INFEASIBLE 0.3 build=2.2
44 flipz (0, -1, 4) V=(9, 0, 3) behind SKEL_OVERLAP 0.0 build=0.0
45 flipz (0, 2, 5) V=(9, 3, 3) behind INFEASIBLE 0.1 build=2.3
46 flipz (1, 0, 4) V=(9, 0, 3) side SKEL_OVERLAP 0.0 build=0.0
47 flipz (1, 1, 5) V=(9, 0, 3) side INFEASIBLE 0.4 build=3.1
47 flipz (1, 1, 5) V=(9, 1, 4) side INFEASIBLE 0.2 build=3.5
48 flipz (1, 1, 7) V=(9, 1, 4) side INFEASIBLE 0.3 build=2.3
48 flipz (1, 1, 7) V=(9, 2, 4) side INFEASIBLE 0.4 build=2.3
49 flipz (1, 2, 6) V=(9, 1, 4) side INFEASIBLE 0.3 build=2.3
49 flipz (1, 2, 6) V=(9, 3, 3) side INFEASIBLE 0.4 build=2.4
50 rot180 (0, 3, 6) V=(9, 1, 4) behind INFEASIBLE 0.4 build=2.9
50 rot180 (0, 3, 6) V=(9, 2, 4) behind INFEASIBLE 0.3 build=2.3
51 rot180 (0, 4, 5) V=(9, 3, 3) behind INFEASIBLE 0.4 build=2.7
52 rot180 (1, 4, 6) V=(9, 3, 3) side INFEASIBLE 0.5 build=2.7
53 rot90 (0, 5, 2) V=(9, 3, 3) behind INFEASIBLE 0.1 build=2.5
54 rot90 (1, 6, 2) V=(9, 3, 3) side INFEASIBLE 0.3 build=2.8
55 rot270 (0, -2, 5) V=(9, 0, 3) behind INFEASIBLE 0.5 build=2.8
56 rot270 (0, -1, 4) V=(9, 0, 3) behind SKEL_OVERLAP 0.0 build=0.0
56 rot270 (0, -1, 4) V=(9, 1, 4) behind SKEL_OVERLAP 0.0 build=0.0
57 rot270 (0, 1, 4) V=(9, 3, 3) behind INFEASIBLE 0.1 build=2.8
58 rot270 (1, -1, 5) V=(9, 2, 4) side INFEASIBLE 0.4 build=2.8
59 rot270 (1, 0, 4) V=(9, 1, 4) side INFEASIBLE 0.2 build=2.7
59 rot270 (1, 0, 4) V=(9, 3, 3) side INFEASIBLE 0.3 build=3.2
60 id (0, -2, 1) V=(9, 0, 3) behind INFEASIBLE 0.1 build=2.4
61 id (0, -1, 2) V=(9, 0, 3) behind SKEL_OVERLAP 0.0 build=0.0
61 id (0, -1, 2) V=(9, 1, 4) behind SKEL_OVERLAP 0.0 build=0.0
62 id (0, 0, 3) V=(9, 1, 4) behind INFEASIBLE 0.1 build=1.9
63 id (0, 1, 2) V=(9, 1, 4) behind SKEL_OVERLAP 0.0 build=0.0
63 id (0, 1, 2) V=(9, 2, 4) behind SKEL_OVERLAP 0.0 build=0.0
64 id (0, 2, 1) V=(9, 3, 3) behind SKEL_OVERLAP 0.0 build=0.0
65 id (1, 0, 2) V=(9, 0, 3) side SKEL_OVERLAP 0.0 build=0.0
66 id (1, 1, 1) V=(9, 0, 3) side SKEL_OVERLAP 0.0 build=0.0
66 id (1, 1, 1) V=(9, 1, 4) side SKEL_OVERLAP 0.0 build=0.0
66 id (1, 1, 1) V=(9, 2, 4) side SKEL_OVERLAP 0.0 build=0.0
67 id (1, 2, 0) V=(9, 3, 3) side SKEL_OVERLAP 0.0 build=0.0
