0 swap (-1, 0, 0) fd=0 SKEL_OVERLAP 0.0 build=0.0
1 anti (-1, 6, 6) fd=0 INFEASIBLE 0.5 build=3.6
2 flipy (-1, 6, 0) fd=0 INFEASIBLE 0.4 build=2.7
3 flipz (-1, 0, 6) fd=0 INFEASIBLE 0.4 build=3.6
4 rot180 (-1, 6, 6) fd=0 INFEASIBLE 0.6 build=2.6
5 rot90 (-1, 6, 0) fd=0 INFEASIBLE 0.4 build=3.0
6 rot270 (-1, 0, 6) fd=0 INFEASIBLE 0.5 build=2.9
7 id (-1, 0, 0) fd=0 SKEL_OVERLAP 0.0 build=0.0
8 swap (-1, -1, 0) fd=1 SKEL_OVERLAP 0.0 build=0.0
9 swap (-1, 0, -1) fd=1 SKEL_OVERLAP 0.0 build=0.0
10 swap (-1, 0, 1) fd=1 SKEL_OVERLAP 0.0 build=0.0
11 swap (-1, 1, 0) fd=1 SKEL_OVERLAP 0.0 build=0.0
12 anti (-1, 5, 6) fd=1 INFEASIBLE 0.5 build=2.9
13 anti (-1, 6, 5) fd=1 INFEASIBLE 0.6 build=3.4
14 anti (-1, 6, 7) fd=1 INFEASIBLE 0.7 build=2.6
15 anti (-1, 7, 6) fd=1 INFEASIBLE 0.7 build=2.6
16 flipy (-1, 5, 0) fd=1 INFEASIBLE 0.4 build=3.1
17 flipy (-1, 6, -1) fd=1 INFEASIBLE 0.5 build=2.9
18 flipy (-1, 6, 1) fd=1 INFEASIBLE 0.4 build=2.6
19 flipy (-1, 7, 0) fd=1 INFEASIBLE 0.6 build=2.7
20 flipz (-1, -1, 6) fd=1 INFEASIBLE 0.5 build=3.4
21 flipz (-1, 0, 5) fd=1 INFEASIBLE 0.4 build=4.2
22 flipz (-1, 0, 7) fd=1 INFEASIBLE 0.5 build=3.7
23 flipz (-1, 1, 6) fd=1 INFEASIBLE 0.5 build=4.5
24 rot180 (-1, 5, 6) fd=1 INFEASIBLE 0.9 build=4.1
25 rot180 (-1, 6, 5) fd=1 INFEASIBLE 0.6 build=2.9
26 rot180 (-1, 6, 7) fd=1 INFEASIBLE 0.7 build=2.8
27 rot180 (-1, 7, 6) fd=1 INFEASIBLE 0.7 build=2.7
28 rot90 (-1, 5, 0) fd=1 INFEASIBLE 0.2 build=3.4
29 rot90 (-1, 6, -1) fd=1 INFEASIBLE 0.3 build=2.7
30 rot90 (-1, 6, 1) fd=1 INFEASIBLE 0.5 build=4.1
31 rot90 (-1, 7, 0) fd=1 INFEASIBLE 0.6 build=3.1
32 rot270 (-1, -1, 6) fd=1 INFEASIBLE 0.4 build=3.3
33 rot270 (-1, 0, 5) fd=1 INFEASIBLE 0.2 build=3.4
34 rot270 (-1, 0, 7) fd=1 INFEASIBLE 0.5 build=2.8
35 rot270 (-1, 1, 6) fd=1 INFEASIBLE 0.3 build=3.0
36 id (-1, -1, 0) fd=1 SKEL_OVERLAP 0.0 build=0.0
37 id (-1, 0, -1) fd=1 SKEL_OVERLAP 0.0 build=0.0
38 id (-1, 0, 1) fd=1 SKEL_OVERLAP 0.0 build=0.0
39 id (-1, 1, 0) fd=1 SKEL_OVERLAP 0.0 build=0.0
40 swap (-2, 0, 0) fd=1 SKEL_OVERLAP 0.0 build=0.0
41 anti (-2, 6, 6) fd=1 INFEASIBLE 0.6 build=3.1
42 flipy (-2, 6, 0) fd=1 INFEASIBLE 0.6 build=3.0
43 flipz (-2, 0, 6) fd=1 INFEASIBLE 0.5 build=4.0
