0 swap (-3, 0, 0) fd=2 SKEL_OVERLAP 0.0 build=0.0
1 anti (-3, 6, 6) fd=2 INFEASIBLE 0.9 build=3.5
2 flipy (-3, 6, 0) fd=2 INFEASIBLE 1.0 build=3.4
3 flipz (-3, 0, 6) fd=2 INFEASIBLE 0.5 build=3.6
4 rot180 (-3, 6, 6) fd=2 INFEASIBLE 0.9 build=3.3
5 rot90 (-3, 6, 0) fd=2 INFEASIBLE 0.6 build=3.5
6 rot270 (-3, 0, 6) fd=2 INFEASIBLE 0.6 build=3.6
7 id (-3, 0, 0) fd=2 SKEL_OVERLAP 0.0 build=0.0
8 swap (-3, -1, 0) fd=3 SKEL_OVERLAP 0.0 build=0.0
9 swap (-3, 0, -1) fd=3 SKEL_OVERLAP 0.0 build=0.0
10 swap (-3, 0, 1) fd=3 SKEL_OVERLAP 0.0 build=0.0
11 swap (-3, 1, 0) fd=3 SKEL_OVERLAP 0.0 build=0.0
12 anti (-3, 5, 6) fd=3 INFEASIBLE 0.6 build=3.6
13 anti (-3, 6, 5) fd=3 INFEASIBLE 0.6 build=3.6
14 anti (-3, 6, 7) fd=3 INFEASIBLE 0.9 build=3.1
15 anti (-3, 7, 6) fd=3 INFEASIBLE 0.9 build=3.5
16 flipy (-3, 5, 0) fd=3 INFEASIBLE 0.6 build=3.8
17 flipy (-3, 6, -1) fd=3 INFEASIBLE 0.7 build=3.4
18 flipy (-3, 6, 1) fd=3 INFEASIBLE 1.0 build=3.4
19 flipy (-3, 7, 0) fd=3 INFEASIBLE 1.1 build=4.0
20 flipz (-3, -1, 6) fd=3 INFEASIBLE 0.7 build=5.2
21 flipz (-3, 0, 5) fd=3 INFEASIBLE 0.3 build=4.6
22 flipz (-3, 0, 7) fd=3 INFEASIBLE 0.8 build=4.1
23 flipz (-3, 1, 6) fd=3 INFEASIBLE 0.5 build=4.6
24 rot180 (-3, 5, 6) fd=3 INFEASIBLE 1.0 build=3.7
25 rot180 (-3, 6, 5) fd=3 INFEASIBLE 1.0 build=3.4
26 rot180 (-3, 6, 7) fd=3 INFEASIBLE 1.0 build=3.9
27 rot180 (-3, 7, 6) fd=3 INFEASIBLE 0.9 build=4.5
28 rot90 (-3, 5, 0) fd=3 INFEASIBLE 0.6 build=4.0
29 rot90 (-3, 6, -1) fd=3 INFEASIBLE 0.6 build=3.5
30 rot90 (-3, 6, 1) fd=3 INFEASIBLE 0.7 build=3.9
31 rot90 (-3, 7, 0) fd=3 INFEASIBLE 1.0 build=3.6
32 rot270 (-3, -1, 6) fd=3 INFEASIBLE 0.6 build=4.0
33 rot270 (-3, 0, 5) fd=3 INFEASIBLE 0.6 build=3.9
34 rot270 (-3, 0, 7) fd=3 INFEASIBLE 0.9 build=3.3
35 rot270 (-3, 1, 6) fd=3 INFEASIBLE 1.0 build=4.9
36 id (-3, -1, 0) fd=3 SKEL_OVERLAP 0.0 build=0.0
37 id (-3, 0, -1) fd=3 SKEL_OVERLAP 0.0 build=0.0
38 id (-3, 0, 1) fd=3 SKEL_OVERLAP 0.0 build=0.0
39 id (-3, 1, 0) fd=3 SKEL_OVERLAP 0.0 build=0.0
40 swap (-3, -2, 0) fd=4 SKEL_OVERLAP 0.0 build=0.0
41 swap (-3, -1, -1) fd=4 SKEL_OVERLAP 0.0 build=0.0
42 swap (-3, -1, 1) fd=4 SKEL_OVERLAP 0.0 build=0.0
43 swap (-3, 0, -2) fd=4 SKEL_OVERLAP 0.0 build=0.0
44 swap (-3, 0, 2) fd=4 SKEL_OVERLAP 0.0 build=0.0
45 swap (-3, 1, -1) fd=4 SKEL_OVERLAP 0.0 build=0.0
46 swap (-3, 1, 1) fd=4 SKEL_OVERLAP 0.0 build=0.0
47 swap (-3, 2, 0) fd=4 INFEASIBLE 0.2 build=3.3
48 anti (-3, 4, 6) fd=4 INFEASIBLE 0.8 build=4.2
49 anti (-3, 5, 5) fd=4 INFEASIBLE 0.7 build=4.7
50 anti (-3, 5, 7) fd=4 INFEASIBLE 1.1 build=4.0
51 anti (-3, 6, 4) fd=4 INFEASIBLE 0.9 build=4.4
52 anti (-3, 6, 8) fd=4 INFEASIBLE 1.0 build=4.6
53 anti (-3, 7, 5) fd=4 INFEASIBLE 1.1 build=4.1
54 anti (-3, 7, 7) fd=4 INFEASIBLE 1.0 build=3.8
55 anti (-3, 8, 6) fd=4 INFEASIBLE 0.9 build=3.2
56 flipy (-3, 4, 0) fd=4 INFEASIBLE 0.5 build=4.9
57 flipy (-3, 5, -1) fd=4 INFEASIBLE 0.7 build=4.4
58 flipy (-3, 5, 1) fd=4 INFEASIBLE 0.7 build=4.4
59 flipy (-3, 6, -2) fd=4 INFEASIBLE 1.2 build=3.5
60 flipy (-3, 6, 2) fd=4 INFEASIBLE 1.2 build=3.6
61 flipy (-3, 7, -1) fd=4 INFEASIBLE 1.0 build=3.4
62 flipy (-3, 7, 1) fd=4 INFEASIBLE 1.0 build=4.2
63 flipy (-3, 8, 0) fd=4 INFEASIBLE 1.0 build=3.4
64 flipz (-3, -2, 6) fd=4 INFEASIBLE 0.6 build=3.7
65 flipz (-3, -1, 5) fd=4 INFEASIBLE 0.3 build=4.3
66 flipz (-3, -1, 7) fd=4 INFEASIBLE 0.6 build=4.1
67 flipz (-3, 0, 4) fd=4 SKEL_OVERLAP 0.0 build=0.0
68 flipz (-3, 0, 8) fd=4 INFEASIBLE 1.2 build=3.6
69 flipz (-3, 1, 5) fd=4 INFEASIBLE 0.8 build=4.7
70 flipz (-3, 1, 7) fd=4 INFEASIBLE 0.7 build=4.4
71 flipz (-3, 2, 6) fd=4 INFEASIBLE 1.1 build=3.8
72 rot180 (-3, 4, 6) fd=4 INFEASIBLE 0.8 build=4.5
73 rot180 (-3, 5, 5) fd=4 INFEASIBLE 0.7 build=5.6
74 rot180 (-3, 5, 7) fd=4 INFEASIBLE 1.6 build=4.5
75 rot180 (-3, 6, 4) fd=4 INFEASIBLE 1.1 build=3.5
76 rot180 (-3, 6, 8) fd=4 INFEASIBLE 1.8 build=3.4
77 rot180 (-3, 7, 5) fd=4 INFEASIBLE 1.2 build=4.2
78 rot180 (-3, 7, 7) fd=4 INFEASIBLE 1.3 build=3.8
79 rot180 (-3, 8, 6) fd=4 INFEASIBLE 1.2 build=3.7
80 rot90 (-3, 4, 0) fd=4 INFEASIBLE 0.3 build=4.6
81 rot90 (-3, 5, -1) fd=4 INFEASIBLE 0.7 build=4.7
82 rot90 (-3, 5, 1) fd=4 INFEASIBLE 0.7 build=5.1
83 rot90 (-3, 6, -2) fd=4 INFEASIBLE 1.0 build=4.4
84 rot90 (-3, 6, 2) fd=4 INFEASIBLE 0.8 build=4.7
85 rot90 (-3, 7, -1) fd=4 INFEASIBLE 0.6 build=4.0
86 rot90 (-3, 7, 1) fd=4 INFEASIBLE 1.0 build=4.0
87 rot90 (-3, 8, 0) fd=4 INFEASIBLE 1.1 build=3.4
88 rot270 (-3, -2, 6) fd=4 INFEASIBLE 0.8 build=4.3
89 rot270 (-3, -1, 5) fd=4 INFEASIBLE 0.5 build=4.2
90 rot270 (-3, -1, 7) fd=4 INFEASIBLE 0.9 build=3.4
91 rot270 (-3, 0, 4) fd=4 INFEASIBLE 0.5 build=3.9
92 rot270 (-3, 0, 8) fd=4 INFEASIBLE 1.0 build=3.4
93 rot270 (-3, 1, 5) fd=4 INFEASIBLE 0.6 build=3.7
94 rot270 (-3, 1, 7) fd=4 INFEASIBLE 0.9 build=3.1
95 rot270 (-3, 2, 6) fd=4 INFEASIBLE 0.8 build=3.0
96 id (-3, -2, 0) fd=4 SKEL_OVERLAP 0.0 build=0.0
97 id (-3, -1, -1) fd=4 SKEL_OVERLAP 0.0 build=0.0
98 id (-3, -1, 1) fd=4 SKEL_OVERLAP 0.0 build=0.0
99 id (-3, 0, -2) fd=4 SKEL_OVERLAP 0.0 build=0.0
100 id (-3, 0, 2) fd=4 SKEL_OVERLAP 0.0 build=0.0
101 id (-3, 1, -1) fd=4 SKEL_OVERLAP 0.0 build=0.0
102 id (-3, 1, 1) fd=4 SKEL_OVERLAP 0.0 build=0.0
103 id (-3, 2, 0) fd=4 INFEASIBLE 0.5 build=3.5
