carrier 9 fire 1 push ports 20
carrier 9 fire 1 pull ports 86
carrier 10 fire 4 push ports 31
carrier 10 fire 4 pull ports 93
carrier 11 fire 2 push ports 31
carrier 11 fire 2 pull ports 61
carrier 18 fire 0 push ports 19
carrier 18 fire 0 pull ports 27
carrier 19 fire 4 push ports 69
carrier 19 fire 4 pull ports 150
carrier 24 fire 3 push ports 46
carrier 24 fire 3 pull ports 74
carrier 29 fire 2 push ports 63
carrier 29 fire 2 pull ports 97
carrier 35 fire 1 push ports 50
carrier 35 fire 1 pull ports 125
carrier 36 fire 0 push ports 52
carrier 36 fire 0 pull ports 150
carrier 37 fire 4 push ports 105
carrier 37 fire 4 pull ports 150
carrier 41 fire 3 push ports 99
carrier 41 fire 3 pull ports 74
carrier 45 fire 2 push ports 117
carrier 45 fire 2 pull ports 97
B9 push ports {3: 0, 4: 0} with RB {3: 0, 4: 0}
ports totals {'pull0': 150, 'pull1': 150, 'pull2': 125, 'pull3': 97, 'pull4': 74, 'push0': 52, 'push1': 50, 'push2': 117, 'push3': 99, 'push4': 105}
stage1 mwmwm 1 push@ 4 PL 215 Q [77, 107]
pl 0 215 0 {}
pl 1 215 0 {'PLtried': 1, 'PLwithQ': 1, 'budget': 300}
pl 2 215 0 {'PLtried': 2, 'PLwithQ': 2, 'budget': 600}
pl 3 215 1 {'PLtried': 3, 'PLwithQ': 3, 'budget': 900}
pl 4 215 1 {'PLtried': 4, 'PLwithQ': 4, 'budget': 1163, 'rb3': 37}
pl 5 215 1 {'PLtried': 5, 'PLwithQ': 5, 'budget': 1422, 'rb3': 78}
pl 6 215 1 {'PLtried': 6, 'PLwithQ': 6, 'budget': 1697, 'rb3': 103}
pl 7 215 1 {'PLtried': 7, 'PLwithQ': 7, 'budget': 1959, 'rb3': 141}
pl 8 215 1 {'PLtried': 8, 'PLwithQ': 8, 'budget': 2209, 'rb3': 191}
pl 9 215 2 {'PLtried': 9, 'PLwithQ': 9, 'budget': 2474, 'rb3': 226}
pl 10 215 2 {'PLtried': 10, 'PLwithQ': 10, 'budget': 2723, 'rb3': 277}
pl 11 215 2 {'PLtried': 11, 'PLwithQ': 11, 'budget': 2948, 'rb3': 352}
pl 12 215 2 {'PLtried': 12, 'PLwithQ': 12, 'budget': 3175, 'rb3': 425}
pl 13 215 2 {'PLtried': 13, 'PLwithQ': 13, 'budget': 3475, 'rb3': 425}
pl 14 215 2 {'PLtried': 14, 'PLwithQ': 14, 'budget': 3775, 'rb3': 425}
pl 15 215 2 {'PLtried': 15, 'PLwithQ': 15, 'budget': 3980, 'rb3': 520}
pl 16 215 3 {'PLtried': 16, 'PLwithQ': 16, 'budget': 4214, 'rb3': 586}
pl 17 215 3 {'PLtried': 17, 'PLwithQ': 17, 'budget': 4438, 'rb3': 662}
pl 18 215 3 {'PLtried': 18, 'PLwithQ': 18, 'budget': 4738, 'rb3': 662}
pl 19 215 3 {'PLtried': 19, 'PLwithQ': 19, 'budget': 5034, 'rb3': 666}
pl 20 215 3 {'PLtried': 20, 'PLwithQ': 20, 'budget': 5334, 'rb3': 666}
pl 21 215 3 {'PLtried': 21, 'PLwithQ': 21, 'budget': 5588, 'rb3': 712}
pl 22 215 4 {'PLtried': 22, 'PLwithQ': 22, 'budget': 5860, 'rb3': 740}
pl 23 215 4 {'PLtried': 23, 'PLwithQ': 23, 'budget': 6135, 'rb3': 765}
pl 24 215 4 {'PLtried': 24, 'PLwithQ': 24, 'budget': 6427, 'rb3': 773}
pl 25 215 4 {'PLtried': 25, 'PLwithQ': 25, 'budget': 6724, 'rb3': 776}
pl 26 215 4 {'PLtried': 26, 'PLwithQ': 26, 'budget': 6985, 'rb3': 815}
pl 27 215 4 {'PLtried': 27, 'PLwithQ': 27, 'budget': 7240, 'rb3': 860}
pl 28 215 4 {'PLtried': 28, 'PLwithQ': 28, 'budget': 7501, 'rb3': 899}
pl 29 215 4 {'PLtried': 29, 'PLwithQ': 29, 'budget': 7781, 'rb3': 919}
pl 30 215 5 {'PLtried': 30, 'PLwithQ': 30, 'budget': 8041, 'rb3': 959}
pl 31 215 5 {'PLtried': 31, 'PLwithQ': 31, 'budget': 8311, 'rb3': 989}
pl 32 215 5 {'PLtried': 32, 'PLwithQ': 32, 'budget': 8578, 'rb3': 1022}
pl 33 215 5 {'PLtried': 33, 'PLwithQ': 33, 'budget': 8854, 'rb3': 1046}
pl 34 215 5 {'PLtried': 34, 'PLwithQ': 34, 'budget': 9146, 'rb3': 1054}
pl 35 215 5 {'PLtried': 35, 'PLwithQ': 35, 'budget': 9435, 'rb3': 1065}
pl 36 215 5 {'PLtried': 36, 'PLwithQ': 36, 'budget': 9729, 'rb3': 1071}
pl 37 215 6 {'PLtried': 37, 'PLwithQ': 37, 'budget': 9985, 'rb3': 1115}
pl 38 215 6 {'PLtried': 38, 'PLwithQ': 38, 'budget': 10251, 'rb3': 1149}
pl 39 215 6 {'PLtried': 39, 'PLwithQ': 39, 'budget': 10486, 'rb3': 1214}
pl 40 215 6 {'PLtried': 40, 'PLwithQ': 40, 'budget': 10755, 'rb3': 1245}
pl 41 215 6 {'PLtried': 41, 'PLwithQ': 41, 'budget': 11015, 'rb3': 1285}
pl 42 215 6 {'PLtried': 42, 'PLwithQ': 42, 'budget': 11213, 'rb3': 1387}
pl 43 215 6 {'PLtried': 43, 'PLwithQ': 43, 'budget': 11413, 'rb3': 1487}
pl 44 215 7 {'PLtried': 44, 'PLwithQ': 44, 'budget': 11666, 'rb3': 1534}
pl 45 215 7 {'PLtried': 45, 'PLwithQ': 45, 'budget': 11896, 'rb3': 1604}
pl 46 215 7 {'PLtried': 46, 'PLwithQ': 46, 'budget': 12134, 'rb3': 1666}
pl 47 215 7 {'PLtried': 47, 'PLwithQ': 47, 'budget': 12362, 'rb3': 1738}
pl 48 215 7 {'PLtried': 48, 'PLwithQ': 48, 'budget': 12554, 'rb3': 1846}
pl 49 215 7 {'PLtried': 49, 'PLwithQ': 49, 'budget': 12737, 'rb3': 1963}
pl 50 215 7 {'PLtried': 50, 'PLwithQ': 50, 'budget': 12944, 'rb3': 2056}
pl 51 215 8 {'PLtried': 51, 'PLwithQ': 51, 'budget': 13147, 'rb3': 2153}
pl 52 215 8 {'PLtried': 52, 'PLwithQ': 52, 'budget': 13369, 'rb3': 2231}
pl 53 215 8 {'PLtried': 53, 'PLwithQ': 53, 'budget': 13597, 'rb3': 2303}
pl 54 215 8 {'PLtried': 54, 'PLwithQ': 54, 'budget': 13824, 'rb3': 2376}
pl 55 215 8 {'PLtried': 55, 'PLwithQ': 55, 'budget': 14034, 'rb3': 2466}
pl 56 215 8 {'PLtried': 56, 'PLwithQ': 56, 'budget': 14235, 'rb3': 2565}
pl 57 215 8 {'PLtried': 57, 'PLwithQ': 57, 'budget': 14437, 'rb3': 2663}
pl 58 215 8 {'PLtried': 58, 'PLwithQ': 58, 'budget': 14650, 'rb3': 2750}
pl 59 215 9 {'PLtried': 59, 'PLwithQ': 59, 'budget': 14870, 'rb3': 2830}
pl 60 215 9 {'PLtried': 60, 'PLwithQ': 60, 'budget': 15085, 'rb3': 2915}
pl 61 215 9 {'PLtried': 61, 'PLwithQ': 61, 'budget': 15291, 'rb3': 3009}
pl 62 215 9 {'PLtried': 62, 'PLwithQ': 62, 'budget': 15507, 'rb3': 3093}
pl 63 215 9 {'PLtried': 63, 'PLwithQ': 63, 'budget': 15690, 'rb3': 3210}
pl 64 215 9 {'PLtried': 64, 'PLwithQ': 64, 'budget': 15869, 'rb3': 3331}
pl 65 215 9 {'PLtried': 65, 'PLwithQ': 65, 'budget': 16067, 'rb3': 3433}
pl 66 215 10 {'PLtried': 66, 'PLwithQ': 66, 'budget': 16283, 'rb3': 3517}
pl 67 215 10 {'PLtried': 67, 'PLwithQ': 67, 'budget': 16500, 'rb3': 3600}
pl 68 215 10 {'PLtried': 68, 'PLwithQ': 68, 'budget': 16711, 'rb3': 3689}
pl 69 215 10 {'PLtried': 69, 'PLwithQ': 69, 'budget': 16953, 'rb3': 3747}
pl 70 215 10 {'PLtried': 70, 'PLwithQ': 70, 'budget': 17192, 'rb3': 3808}
pl 71 215 11 {'PLtried': 71, 'PLwithQ': 71, 'budget': 17442, 'rb3': 3858}
pl 72 215 11 {'PLtried': 72, 'PLwithQ': 72, 'budget': 17690, 'rb3': 3910}
pl 73 215 11 {'PLtried': 73, 'PLwithQ': 73, 'budget': 17929, 'rb3': 3971}
pl 74 215 11 {'PLtried': 74, 'PLwithQ': 74, 'budget': 18170, 'rb3': 4030}
pl 75 215 11 {'PLtried': 75, 'PLwithQ': 75, 'budget': 18376, 'rb3': 4124}
pl 76 215 11 {'PLtried': 76, 'PLwithQ': 76, 'budget': 18576, 'rb3': 4224}
pl 77 215 11 {'PLtried': 77, 'PLwithQ': 77, 'budget': 18782, 'rb3': 4318}
pl 78 215 12 {'PLtried': 78, 'PLwithQ': 78, 'budget': 19017, 'rb3': 4383}
pl 79 215 12 {'PLtried': 79, 'PLwithQ': 79, 'budget': 19255, 'rb3': 4445}
pl 80 215 12 {'PLtried': 80, 'PLwithQ': 80, 'budget': 19482, 'rb3': 4518}
pl 81 215 12 {'PLtried': 81, 'PLwithQ': 81, 'budget': 19728, 'rb3': 4572}
pl 82 215 12 {'PLtried': 82, 'PLwithQ': 82, 'budget': 19984, 'rb3': 4616}
pl 83 215 12 {'PLtried': 83, 'PLwithQ': 83, 'budget': 20232, 'rb3': 4668}
pl 84 215 13 {'PLtried': 84, 'PLwithQ': 84, 'budget': 20414, 'rb3': 4786}
pl 85 215 13 {'PLtried': 85, 'PLwithQ': 85, 'budget': 20628, 'rb3': 4872}
pl 86 215 13 {'PLtried': 86, 'PLwithQ': 86, 'budget': 20842, 'rb3': 4958}
pl 87 215 13 {'PLtried': 87, 'PLwithQ': 87, 'budget': 21074, 'rb3': 5026}
pl 88 215 13 {'PLtried': 88, 'PLwithQ': 88, 'budget': 21311, 'rb3': 5089}
pl 89 215 13 {'PLtried': 89, 'PLwithQ': 89, 'budget': 21533, 'rb3': 5167}
pl 90 215 13 {'PLtried': 90, 'PLwithQ': 90, 'budget': 21756, 'rb3': 5244}
pl 91 215 14 {'PLtried': 91, 'PLwithQ': 91, 'budget': 21954, 'rb3': 5346}
pl 92 215 14 {'PLtried': 92, 'PLwithQ': 92, 'budget': 22183, 'rb3': 5417}
pl 93 215 14 {'PLtried': 93, 'PLwithQ': 93, 'budget': 22391, 'rb3': 5509}
pl 94 215 14 {'PLtried': 94, 'PLwithQ': 94, 'budget': 22607, 'rb3': 5593}
pl 95 215 14 {'PLtried': 95, 'PLwithQ': 95, 'budget': 22861, 'rb3': 5639}
pl 96 215 14 {'PLtried': 96, 'PLwithQ': 96, 'budget': 23090, 'rb3': 5710}
pl 97 215 15 {'PLtried': 97, 'PLwithQ': 97, 'budget': 23321, 'rb3': 5779}
pl 98 215 15 {'PLtried': 98, 'PLwithQ': 98, 'budget': 23546, 'rb3': 5854}
pl 99 215 15 {'PLtried': 99, 'PLwithQ': 99, 'budget': 23785, 'rb3': 5915}
pl 100 215 15 {'PLtried': 100, 'PLwithQ': 100, 'budget': 24022, 'rb3': 5978}
pl 101 215 15 {'PLtried': 101, 'PLwithQ': 101, 'budget': 24249, 'rb3': 6051}
pl 102 215 15 {'PLtried': 102, 'PLwithQ': 102, 'budget': 24488, 'rb3': 6112}
pl 103 215 15 {'PLtried': 103, 'PLwithQ': 103, 'budget': 24703, 'rb3': 6197}
pl 104 215 16 {'PLtried': 104, 'PLwithQ': 104, 'budget': 24928, 'rb3': 6272}
pl 105 215 16 {'PLtried': 105, 'PLwithQ': 105, 'budget': 25140, 'rb3': 6360}
pl 106 215 16 {'PLtried': 106, 'PLwithQ': 106, 'budget': 25356, 'rb3': 6444}
pl 107 215 16 {'PLtried': 107, 'PLwithQ': 107, 'budget': 25584, 'rb3': 6516}
pl 108 215 16 {'PLtried': 108, 'PLwithQ': 108, 'budget': 25796, 'rb3': 6604}
pl 109 215 16 {'PLtried': 109, 'PLwithQ': 109, 'budget': 26002, 'rb3': 6698}
pl 110 215 17 {'PLtried': 110, 'PLwithQ': 110, 'budget': 26210, 'rb3': 6790}
pl 111 215 17 {'PLtried': 111, 'PLwithQ': 111, 'budget': 26425, 'rb3': 6875}
pl 112 215 17 {'PLtried': 112, 'PLwithQ': 112, 'budget': 26662, 'rb3': 6938}
pl 113 215 17 {'PLtried': 113, 'PLwithQ': 113, 'budget': 26882, 'rb3': 7018}
pl 114 215 17 {'PLtried': 114, 'PLwithQ': 114, 'budget': 27109, 'rb3': 7091}
pl 115 215 17 {'PLtried': 115, 'PLwithQ': 115, 'budget': 27327, 'rb3': 7173}
pl 116 215 18 {'PLtried': 116, 'PLwithQ': 116, 'budget': 27558, 'rb3': 7242}
pl 117 215 18 {'PLtried': 117, 'PLwithQ': 117, 'budget': 27767, 'rb3': 7333}
pl 118 215 18 {'PLtried': 118, 'PLwithQ': 118, 'budget': 27967, 'rb3': 7433}
pl 119 215 18 {'PLtried': 119, 'PLwithQ': 119, 'budget': 28189, 'rb3': 7511}
pl 120 215 18 {'PLtried': 120, 'PLwithQ': 120, 'budget': 28405, 'rb3': 7595}
pl 121 215 18 {'PLtried': 121, 'PLwithQ': 121, 'budget': 28644, 'rb3': 7656}
pl 122 215 18 {'PLtried': 122, 'PLwithQ': 122, 'budget': 28874, 'rb3': 7726}
pl 123 215 19 {'PLtried': 123, 'PLwithQ': 123, 'budget': 29119, 'rb3': 7781}
pl 124 215 19 {'PLtried': 124, 'PLwithQ': 124, 'budget': 29348, 'rb3': 7852}
pl 125 215 19 {'PLtried': 125, 'PLwithQ': 125, 'budget': 29575, 'rb3': 7925}
pl 126 215 19 {'PLtried': 126, 'PLwithQ': 126, 'budget': 29812, 'rb3': 7988}
pl 127 215 19 {'PLtried': 127, 'PLwithQ': 127, 'budget': 30049, 'rb3': 8051}
pl 128 215 19 {'PLtried': 128, 'PLwithQ': 128, 'budget': 30263, 'rb3': 8137}
pl 129 215 20 {'PLtried': 129, 'PLwithQ': 129, 'budget': 30463, 'rb3': 8237}
pl 130 215 20 {'PLtried': 130, 'PLwithQ': 130, 'budget': 30673, 'rb3': 8327}
pl 131 215 20 {'PLtried': 131, 'PLwithQ': 131, 'budget': 30880, 'rb3': 8420}
pl 132 215 20 {'PLtried': 132, 'PLwithQ': 132, 'budget': 31101, 'rb3': 8499}
pl 133 215 20 {'PLtried': 133, 'PLwithQ': 133, 'budget': 31298, 'rb3': 8602}
pl 134 215 20 {'PLtried': 134, 'PLwithQ': 134, 'budget': 31506, 'rb3': 8694}
pl 135 215 20 {'PLtried': 135, 'PLwithQ': 135, 'budget': 31708, 'rb3': 8792}
pl 136 215 20 {'PLtried': 136, 'PLwithQ': 136, 'budget': 31921, 'rb3': 8879}
pl 137 215 21 {'PLtried': 137, 'PLwithQ': 137, 'budget': 32118, 'rb3': 8982}
pl 138 215 21 {'PLtried': 138, 'PLwithQ': 138, 'budget': 32359, 'rb3': 9041}
pl 139 215 21 {'PLtried': 139, 'PLwithQ': 139, 'budget': 32593, 'rb3': 9107}
pl 140 215 21 {'PLtried': 140, 'PLwithQ': 140, 'budget': 32834, 'rb3': 9166}
pl 141 215 21 {'PLtried': 141, 'PLwithQ': 141, 'budget': 33059, 'rb3': 9241}
pl 142 215 21 {'PLtried': 142, 'PLwithQ': 142, 'budget': 33270, 'rb3': 9330}
pl 143 215 22 {'PLtried': 143, 'PLwithQ': 143, 'budget': 33487, 'rb3': 9413}
pl 144 215 22 {'PLtried': 144, 'PLwithQ': 144, 'budget': 33709, 'rb3': 9491}
pl 145 215 22 {'PLtried': 145, 'PLwithQ': 145, 'budget': 33926, 'rb3': 9574}
pl 146 215 22 {'PLtried': 146, 'PLwithQ': 146, 'budget': 34147, 'rb3': 9653}
pl 147 215 22 {'PLtried': 147, 'PLwithQ': 147, 'budget': 34368, 'rb3': 9732}
pl 148 215 22 {'PLtried': 148, 'PLwithQ': 148, 'budget': 34594, 'rb3': 9806}
pl 149 215 22 {'PLtried': 149, 'PLwithQ': 149, 'budget': 34802, 'rb3': 9898}
pl 150 215 23 {'PLtried': 150, 'PLwithQ': 150, 'budget': 35006, 'rb3': 9994}
pl 151 215 23 {'PLtried': 151, 'PLwithQ': 151, 'budget': 35236, 'rb3': 10064}
pl 152 215 23 {'PLtried': 152, 'PLwithQ': 152, 'budget': 35465, 'rb3': 10135}
pl 153 215 23 {'PLtried': 153, 'PLwithQ': 153, 'budget': 35679, 'rb3': 10221}
pl 154 215 23 {'PLtried': 154, 'PLwithQ': 154, 'budget': 35902, 'rb3': 10298}
pl 155 215 23 {'PLtried': 155, 'PLwithQ': 155, 'budget': 36128, 'rb3': 10372}
pl 156 215 23 {'PLtried': 156, 'PLwithQ': 156, 'budget': 36357, 'rb3': 10443}
pl 157 215 24 {'PLtried': 157, 'PLwithQ': 157, 'budget': 36574, 'rb3': 10526}
pl 158 215 24 {'PLtried': 158, 'PLwithQ': 158, 'budget': 36801, 'rb3': 10599}
pl 159 215 24 {'PLtried': 159, 'PLwithQ': 159, 'budget': 37016, 'rb3': 10684}
pl 160 215 24 {'PLtried': 160, 'PLwithQ': 160, 'budget': 37236, 'rb3': 10764}
pl 161 215 24 {'PLtried': 161, 'PLwithQ': 161, 'budget': 37438, 'rb3': 10862}
pl 162 215 24 {'PLtried': 162, 'PLwithQ': 162, 'budget': 37624, 'rb3': 10976}
pl 163 215 25 {'PLtried': 163, 'PLwithQ': 163, 'budget': 37825, 'rb3': 11075}
pl 164 215 25 {'PLtried': 164, 'PLwithQ': 164, 'budget': 38041, 'rb3': 11159}
pl 165 215 25 {'PLtried': 165, 'PLwithQ': 165, 'budget': 38263, 'rb3': 11237}
pl 166 215 25 {'PLtried': 166, 'PLwithQ': 166, 'budget': 38464, 'rb3': 11336}
pl 167 215 25 {'PLtried': 167, 'PLwithQ': 167, 'budget': 38681, 'rb3': 11419}
pl 168 215 25 {'PLtried': 168, 'PLwithQ': 168, 'budget': 38899, 'rb3': 11501}
pl 169 215 25 {'PLtried': 169, 'PLwithQ': 169, 'budget': 39106, 'rb3': 11594}
pl 170 215 25 {'PLtried': 170, 'PLwithQ': 170, 'budget': 39319, 'rb3': 11681}
pl 171 215 26 {'PLtried': 171, 'PLwithQ': 171, 'budget': 39522, 'rb3': 11778}
pl 172 215 26 {'PLtried': 172, 'PLwithQ': 172, 'budget': 39747, 'rb3': 11853}
pl 173 215 26 {'PLtried': 173, 'PLwithQ': 173, 'budget': 39961, 'rb3': 11939}
pl 174 215 26 {'PLtried': 174, 'PLwithQ': 174, 'budget': 40175, 'rb3': 12025}
pl 175 215 26 {'PLtried': 175, 'PLwithQ': 175, 'budget': 40399, 'rb3': 12101}
pl 176 215 26 {'PLtried': 176, 'PLwithQ': 176, 'budget': 40615, 'rb3': 12185}
pl 177 215 26 {'PLtried': 177, 'PLwithQ': 177, 'budget': 40841, 'rb3': 12259}
pl 178 215 27 {'PLtried': 178, 'PLwithQ': 178, 'budget': 41073, 'rb3': 12327}
pl 179 215 27 {'PLtried': 179, 'PLwithQ': 179, 'budget': 41299, 'rb3': 12401}
pl 180 215 27 {'PLtried': 180, 'PLwithQ': 180, 'budget': 41518, 'rb3': 12482}
pl 181 215 27 {'PLtried': 181, 'PLwithQ': 181, 'budget': 41742, 'rb3': 12558}
pl 182 215 27 {'PLtried': 182, 'PLwithQ': 182, 'budget': 41963, 'rb3': 12637}
pl 183 215 27 {'PLtried': 183, 'PLwithQ': 183, 'budget': 42186, 'rb3': 12714}
pl 184 215 27 {'PLtried': 184, 'PLwithQ': 184, 'budget': 42405, 'rb3': 12795}
pl 185 215 28 {'PLtried': 185, 'PLwithQ': 185, 'budget': 42642, 'rb3': 12858}
pl 186 215 28 {'PLtried': 186, 'PLwithQ': 186, 'budget': 42864, 'rb3': 12936}
pl 187 215 28 {'PLtried': 187, 'PLwithQ': 187, 'budget': 43088, 'rb3': 13012}
pl 188 215 28 {'PLtried': 188, 'PLwithQ': 188, 'budget': 43294, 'rb3': 13106}
pl 189 215 28 {'PLtried': 189, 'PLwithQ': 189, 'budget': 43502, 'rb3': 13198}
pl 190 215 28 {'PLtried': 190, 'PLwithQ': 190, 'budget': 43715, 'rb3': 13285}
pl 191 215 29 {'PLtried': 191, 'PLwithQ': 191, 'budget': 43927, 'rb3': 13373}
pl 192 215 29 {'PLtried': 192, 'PLwithQ': 192, 'budget': 44135, 'rb3': 13465}
pl 193 215 29 {'PLtried': 193, 'PLwithQ': 193, 'budget': 44350, 'rb3': 13550}
pl 194 215 29 {'PLtried': 194, 'PLwithQ': 194, 'budget': 44586, 'rb3': 13614}
pl 195 215 29 {'PLtried': 195, 'PLwithQ': 195, 'budget': 44803, 'rb3': 13697}
pl 196 215 29 {'PLtried': 196, 'PLwithQ': 196, 'budget': 45023, 'rb3': 13777}
pl 197 215 29 {'PLtried': 197, 'PLwithQ': 197, 'budget': 45244, 'rb3': 13856}
pl 198 215 30 {'PLtried': 198, 'PLwithQ': 198, 'budget': 45458, 'rb3': 13942}
pl 199 215 30 {'PLtried': 199, 'PLwithQ': 199, 'budget': 45684, 'rb3': 14016}
pl 200 215 30 {'PLtried': 200, 'PLwithQ': 200, 'budget': 45914, 'rb3': 14086}
pl 201 215 30 {'PLtried': 201, 'PLwithQ': 201, 'budget': 46144, 'rb3': 14156}
pl 202 215 30 {'PLtried': 202, 'PLwithQ': 202, 'budget': 46377, 'rb3': 14223}
pl 203 215 30 {'PLtried': 203, 'PLwithQ': 203, 'budget': 46603, 'rb3': 14297}
pl 204 215 31 {'PLtried': 204, 'PLwithQ': 204, 'budget': 46825, 'rb3': 14375}
pl 205 215 31 {'PLtried': 205, 'PLwithQ': 205, 'budget': 47034, 'rb3': 14466}
pl 206 215 31 {'PLtried': 206, 'PLwithQ': 206, 'budget': 47251, 'rb3': 14549}
pl 207 215 31 {'PLtried': 207, 'PLwithQ': 207, 'budget': 47444, 'rb3': 14656}
pl 208 215 31 {'PLtried': 208, 'PLwithQ': 208, 'budget': 47641, 'rb3': 14759}
pl 209 215 31 {'PLtried': 209, 'PLwithQ': 209, 'budget': 47869, 'rb3': 14831}
pl 210 215 31 {'PLtried': 210, 'PLwithQ': 210, 'budget': 48097, 'rb3': 14903}
pl 211 215 32 {'PLtried': 211, 'PLwithQ': 211, 'budget': 48324, 'rb3': 14976}
pl 212 215 32 {'PLtried': 212, 'PLwithQ': 212, 'budget': 48546, 'rb3': 15054}
pl 213 215 32 {'PLtried': 213, 'PLwithQ': 213, 'budget': 48754, 'rb3': 15146}
pl 214 215 32 {'PLtried': 214, 'PLwithQ': 214, 'budget': 48958, 'rb3': 15242}
stage1 mwmwm 2 push@ 4 PL 227 Q [94, 73]
pl 0 227 32 {'PLtried': 215, 'PLwithQ': 215, 'budget': 49157, 'rb3': 15343}
pl 1 227 32 {'PLtried': 216, 'PLwithQ': 216, 'budget': 49457, 'rb3': 15343}
pl 2 227 32 {'PLtried': 217, 'PLwithQ': 217, 'budget': 49757, 'rb3': 15343}
pl 3 227 33 {'PLtried': 218, 'PLwithQ': 218, 'budget': 50057, 'rb3': 15343}
pl 4 227 33 {'PLtried': 219, 'PLwithQ': 219, 'budget': 50317, 'rb3': 15383}
pl 5 227 33 {'PLtried': 220, 'PLwithQ': 220, 'budget': 50574, 'rb3': 15426}
pl 6 227 33 {'PLtried': 221, 'PLwithQ': 221, 'budget': 50836, 'rb3': 15464}
pl 7 227 33 {'PLtried': 222, 'PLwithQ': 222, 'budget': 51081, 'rb3': 15519}
pl 8 227 33 {'PLtried': 223, 'PLwithQ': 223, 'budget': 51324, 'rb3': 15576}
pl 9 227 33 {'PLtried': 224, 'PLwithQ': 224, 'budget': 51559, 'rb3': 15641}
pl 10 227 33 {'PLtried': 225, 'PLwithQ': 225, 'budget': 51810, 'rb3': 15690}
pl 11 227 33 {'PLtried': 226, 'PLwithQ': 226, 'budget': 52050, 'rb3': 15750}
pl 12 227 34 {'PLtried': 227, 'PLwithQ': 227, 'budget': 52289, 'rb3': 15811}
pl 13 227 34 {'PLtried': 228, 'PLwithQ': 228, 'budget': 52589, 'rb3': 15811}
pl 14 227 34 {'PLtried': 229, 'PLwithQ': 229, 'budget': 52889, 'rb3': 15811}
pl 15 227 34 {'PLtried': 230, 'PLwithQ': 230, 'budget': 53146, 'rb3': 15854}
pl 16 227 34 {'PLtried': 231, 'PLwithQ': 231, 'budget': 53367, 'rb3': 15933}
pl 17 227 34 {'PLtried': 232, 'PLwithQ': 232, 'budget': 53603, 'rb3': 15997}
pl 18 227 34 {'PLtried': 233, 'PLwithQ': 233, 'budget': 53829, 'rb3': 16071}
pl 19 227 34 {'PLtried': 234, 'PLwithQ': 234, 'budget': 54024, 'rb3': 16176}
pl 20 227 34 {'PLtried': 235, 'PLwithQ': 235, 'budget': 54321, 'rb3': 16179}
pl 21 227 34 {'PLtried': 236, 'PLwithQ': 236, 'budget': 54616, 'rb3': 16184}
pl 22 227 35 {'PLtried': 237, 'PLwithQ': 237, 'budget': 54916, 'rb3': 16184}
pl 23 227 35 {'PLtried': 238, 'PLwithQ': 238, 'budget': 55176, 'rb3': 16224}
pl 24 227 35 {'PLtried': 239, 'PLwithQ': 239, 'budget': 55378, 'rb3': 16322}
pl 25 227 35 {'PLtried': 240, 'PLwithQ': 240, 'budget': 55645, 'rb3': 16355}
pl 26 227 35 {'PLtried': 241, 'PLwithQ': 241, 'budget': 55918, 'rb3': 16382}
pl 27 227 35 {'PLtried': 242, 'PLwithQ': 242, 'budget': 56185, 'rb3': 16415}
pl 28 227 35 {'PLtried': 243, 'PLwithQ': 243, 'budget': 56469, 'rb3': 16431}
pl 29 227 35 {'PLtried': 244, 'PLwithQ': 244, 'budget': 56758, 'rb3': 16442}
pl 30 227 35 {'PLtried': 245, 'PLwithQ': 245, 'budget': 57029, 'rb3': 16471}
pl 31 227 36 {'PLtried': 246, 'PLwithQ': 246, 'budget': 57280, 'rb3': 16520}
pl 32 227 36 {'PLtried': 247, 'PLwithQ': 247, 'budget': 57528, 'rb3': 16572}
pl 33 227 36 {'PLtried': 248, 'PLwithQ': 248, 'budget': 57779, 'rb3': 16621}
pl 34 227 36 {'PLtried': 249, 'PLwithQ': 249, 'budget': 58058, 'rb3': 16642}
pl 35 227 36 {'PLtried': 250, 'PLwithQ': 250, 'budget': 58323, 'rb3': 16677}
pl 36 227 36 {'PLtried': 251, 'PLwithQ': 251, 'budget': 58596, 'rb3': 16704}
pl 37 227 36 {'PLtried': 252, 'PLwithQ': 252, 'budget': 58876, 'rb3': 16724}
pl 38 227 36 {'PLtried': 253, 'PLwithQ': 253, 'budget': 59150, 'rb3': 16750}
pl 39 227 36 {'PLtried': 254, 'PLwithQ': 254, 'budget': 59430, 'rb3': 16770}
pl 40 227 37 {'PLtried': 255, 'PLwithQ': 255, 'budget': 59705, 'rb3': 16795}
pl 41 227 37 {'PLtried': 256, 'PLwithQ': 256, 'budget': 59988, 'rb3': 16812}
pl 42 227 37 {'PLtried': 257, 'PLwithQ': 257, 'budget': 60254, 'rb3': 16846}
pl 43 227 37 {'PLtried': 258, 'PLwithQ': 258, 'budget': 60526, 'rb3': 16874}
pl 44 227 37 {'PLtried': 259, 'PLwithQ': 259, 'budget': 60768, 'rb3': 16932}
pl 45 227 37 {'PLtried': 260, 'PLwithQ': 260, 'budget': 61032, 'rb3': 16968}
pl 46 227 37 {'PLtried': 261, 'PLwithQ': 261, 'budget': 61268, 'rb3': 17032}
pl 47 227 37 {'PLtried': 262, 'PLwithQ': 262, 'budget': 61538, 'rb3': 17062}
pl 48 227 37 {'PLtried': 263, 'PLwithQ': 263, 'budget': 61795, 'rb3': 17105}
pl 49 227 38 {'PLtried': 264, 'PLwithQ': 264, 'budget': 62095, 'rb3': 17105}
pl 50 227 38 {'PLtried': 265, 'PLwithQ': 265, 'budget': 62395, 'rb3': 17105}
pl 51 227 38 {'PLtried': 266, 'PLwithQ': 266, 'budget': 62589, 'rb3': 17211}
pl 52 227 38 {'PLtried': 267, 'PLwithQ': 267, 'budget': 62784, 'rb3': 17316}
pl 53 227 38 {'PLtried': 268, 'PLwithQ': 268, 'budget': 63012, 'rb3': 17388}
pl 54 227 38 {'PLtried': 269, 'PLwithQ': 269, 'budget': 63243, 'rb3': 17457}
pl 55 227 38 {'PLtried': 270, 'PLwithQ': 270, 'budget': 63477, 'rb3': 17523}
pl 56 227 38 {'PLtried': 271, 'PLwithQ': 271, 'budget': 63677, 'rb3': 17623}
pl 57 227 38 {'PLtried': 272, 'PLwithQ': 272, 'budget': 63886, 'rb3': 17714}
pl 58 227 39 {'PLtried': 273, 'PLwithQ': 273, 'budget': 64072, 'rb3': 17828}
pl 59 227 39 {'PLtried': 274, 'PLwithQ': 274, 'budget': 64249, 'rb3': 17951}
pl 60 227 39 {'PLtried': 275, 'PLwithQ': 275, 'budget': 64430, 'rb3': 18070}
pl 61 227 39 {'PLtried': 276, 'PLwithQ': 276, 'budget': 64634, 'rb3': 18166}
pl 62 227 39 {'PLtried': 277, 'PLwithQ': 277, 'budget': 64850, 'rb3': 18250}
pl 63 227 39 {'PLtried': 278, 'PLwithQ': 278, 'budget': 65067, 'rb3': 18333}
pl 64 227 39 {'PLtried': 279, 'PLwithQ': 279, 'budget': 65248, 'rb3': 18452}
pl 65 227 39 {'PLtried': 280, 'PLwithQ': 280, 'budget': 65439, 'rb3': 18561}
pl 66 227 39 {'PLtried': 281, 'PLwithQ': 281, 'budget': 65649, 'rb3': 18651}
pl 67 227 40 {'PLtried': 282, 'PLwithQ': 282, 'budget': 65842, 'rb3': 18758}
pl 68 227 40 {'PLtried': 283, 'PLwithQ': 283, 'budget': 66052, 'rb3': 18848}
pl 69 227 40 {'PLtried': 284, 'PLwithQ': 284, 'budget': 66235, 'rb3': 18965}
pl 70 227 40 {'PLtried': 285, 'PLwithQ': 285, 'budget': 66436, 'rb3': 19064}
pl 71 227 40 {'PLtried': 286, 'PLwithQ': 286, 'budget': 66638, 'rb3': 19162}
pl 72 227 40 {'PLtried': 287, 'PLwithQ': 287, 'budget': 66819, 'rb3': 19281}
pl 73 227 40 {'PLtried': 288, 'PLwithQ': 288, 'budget': 67002, 'rb3': 19398}
pl 74 227 40 {'PLtried': 289, 'PLwithQ': 289, 'budget': 67189, 'rb3': 19511}
pl 75 227 41 {'PLtried': 290, 'PLwithQ': 290, 'budget': 67395, 'rb3': 19605}
pl 76 227 41 {'PLtried': 291, 'PLwithQ': 291, 'budget': 67589, 'rb3': 19711}
pl 77 227 41 {'PLtried': 292, 'PLwithQ': 292, 'budget': 67783, 'rb3': 19817}
pl 78 227 41 {'PLtried': 293, 'PLwithQ': 293, 'budget': 68015, 'rb3': 19885}
pl 79 227 41 {'PLtried': 294, 'PLwithQ': 294, 'budget': 68253, 'rb3': 19947}
pl 80 227 41 {'PLtried': 295, 'PLwithQ': 295, 'budget': 68459, 'rb3': 20041}
pl 81 227 41 {'PLtried': 296, 'PLwithQ': 296, 'budget': 68688, 'rb3': 20112}
pl 82 227 42 {'PLtried': 297, 'PLwithQ': 297, 'budget': 68906, 'rb3': 20194}
pl 83 227 42 {'PLtried': 298, 'PLwithQ': 298, 'budget': 69116, 'rb3': 20284}
pl 84 227 42 {'PLtried': 299, 'PLwithQ': 299, 'budget': 69323, 'rb3': 20377}
pl 85 227 42 {'PLtried': 300, 'PLwithQ': 300, 'budget': 69524, 'rb3': 20476}
pl 86 227 42 {'PLtried': 301, 'PLwithQ': 301, 'budget': 69712, 'rb3': 20588}
pl 87 227 43 {'PLtried': 302, 'PLwithQ': 302, 'budget': 69940, 'rb3': 20660}
pl 88 227 43 {'PLtried': 303, 'PLwithQ': 303, 'budget': 70171, 'rb3': 20729}
pl 89 227 43 {'PLtried': 304, 'PLwithQ': 304, 'budget': 70388, 'rb3': 20812}
pl 90 227 43 {'PLtried': 305, 'PLwithQ': 305, 'budget': 70617, 'rb3': 20883}
pl 91 227 44 {'PLtried': 306, 'PLwithQ': 306, 'budget': 70847, 'rb3': 20953}
pl 92 227 44 {'PLtried': 307, 'PLwithQ': 307, 'budget': 71089, 'rb3': 21011}
pl 93 227 44 {'PLtried': 308, 'PLwithQ': 308, 'budget': 71287, 'rb3': 21113}
pl 94 227 44 {'PLtried': 309, 'PLwithQ': 309, 'budget': 71482, 'rb3': 21218}
pl 95 227 45 {'PLtried': 310, 'PLwithQ': 310, 'budget': 71685, 'rb3': 21315}
pl 96 227 45 {'PLtried': 311, 'PLwithQ': 311, 'budget': 71900, 'rb3': 21400}
pl 97 227 45 {'PLtried': 312, 'PLwithQ': 312, 'budget': 72127, 'rb3': 21473}
pl 98 227 45 {'PLtried': 313, 'PLwithQ': 313, 'budget': 72343, 'rb3': 21557}
pl 99 227 46 {'PLtried': 314, 'PLwithQ': 314, 'budget': 72567, 'rb3': 21633}
pl 100 227 46 {'PLtried': 315, 'PLwithQ': 315, 'budget': 72764, 'rb3': 21736}
pl 101 227 46 {'PLtried': 316, 'PLwithQ': 316, 'budget': 72980, 'rb3': 21820}
pl 102 227 46 {'PLtried': 317, 'PLwithQ': 317, 'budget': 73200, 'rb3': 21900}
pl 103 227 47 {'PLtried': 318, 'PLwithQ': 318, 'budget': 73411, 'rb3': 21989}
pl 104 227 47 {'PLtried': 319, 'PLwithQ': 319, 'budget': 73613, 'rb3': 22087}
pl 105 227 47 {'PLtried': 320, 'PLwithQ': 320, 'budget': 73839, 'rb3': 22161}
pl 106 227 47 {'PLtried': 321, 'PLwithQ': 321, 'budget': 74055, 'rb3': 22245}
pl 107 227 48 {'PLtried': 322, 'PLwithQ': 322, 'budget': 74264, 'rb3': 22336}
pl 108 227 48 {'PLtried': 323, 'PLwithQ': 323, 'budget': 74473, 'rb3': 22427}
pl 109 227 48 {'PLtried': 324, 'PLwithQ': 324, 'budget': 74698, 'rb3': 22502}
pl 110 227 48 {'PLtried': 325, 'PLwithQ': 325, 'budget': 74913, 'rb3': 22587}
pl 111 227 48 {'PLtried': 326, 'PLwithQ': 326, 'budget': 75120, 'rb3': 22680}
pl 112 227 49 {'PLtried': 327, 'PLwithQ': 327, 'budget': 75320, 'rb3': 22780}
pl 113 227 49 {'PLtried': 328, 'PLwithQ': 328, 'budget': 75529, 'rb3': 22871}
pl 114 227 49 {'PLtried': 329, 'PLwithQ': 329, 'budget': 75729, 'rb3': 22971}
pl 115 227 50 {'PLtried': 330, 'PLwithQ': 330, 'budget': 75922, 'rb3': 23078}
pl 116 227 50 {'PLtried': 331, 'PLwithQ': 331, 'budget': 76125, 'rb3': 23175}
pl 117 227 50 {'PLtried': 332, 'PLwithQ': 332, 'budget': 76328, 'rb3': 23272}
pl 118 227 51 {'PLtried': 333, 'PLwithQ': 333, 'budget': 76534, 'rb3': 23366}
pl 119 227 51 {'PLtried': 334, 'PLwithQ': 334, 'budget': 76755, 'rb3': 23445}
pl 120 227 51 {'PLtried': 335, 'PLwithQ': 335, 'budget': 76973, 'rb3': 23527}
pl 121 227 51 {'PLtried': 336, 'PLwithQ': 336, 'budget': 77191, 'rb3': 23609}
pl 122 227 52 {'PLtried': 337, 'PLwithQ': 337, 'budget': 77395, 'rb3': 23705}
pl 123 227 52 {'PLtried': 338, 'PLwithQ': 338, 'budget': 77600, 'rb3': 23800}
pl 124 227 52 {'PLtried': 339, 'PLwithQ': 339, 'budget': 77809, 'rb3': 23891}
pl 125 227 53 {'PLtried': 340, 'PLwithQ': 340, 'budget': 77988, 'rb3': 24012}
pl 126 227 53 {'PLtried': 341, 'PLwithQ': 341, 'budget': 78186, 'rb3': 24114}
pl 127 227 53 {'PLtried': 342, 'PLwithQ': 342, 'budget': 78403, 'rb3': 24197}
pl 128 227 53 {'PLtried': 343, 'PLwithQ': 343, 'budget': 78613, 'rb3': 24287}
pl 129 227 54 {'PLtried': 344, 'PLwithQ': 344, 'budget': 78825, 'rb3': 24375}
pl 130 227 54 {'PLtried': 345, 'PLwithQ': 345, 'budget': 79048, 'rb3': 24452}
pl 131 227 54 {'PLtried': 346, 'PLwithQ': 346, 'budget': 79263, 'rb3': 24537}
pl 132 227 54 {'PLtried': 347, 'PLwithQ': 347, 'budget': 79488, 'rb3': 24612}
pl 133 227 55 {'PLtried': 348, 'PLwithQ': 348, 'budget': 79693, 'rb3': 24707}
pl 134 227 55 {'PLtried': 349, 'PLwithQ': 349, 'budget': 79908, 'rb3': 24792}
pl 135 227 55 {'PLtried': 350, 'PLwithQ': 350, 'budget': 80123, 'rb3': 24877}
pl 136 227 56 {'PLtried': 351, 'PLwithQ': 351, 'budget': 80316, 'rb3': 24984}
pl 137 227 56 {'PLtried': 352, 'PLwithQ': 352, 'budget': 80522, 'rb3': 25078}
pl 138 227 56 {'PLtried': 353, 'PLwithQ': 353, 'budget': 80726, 'rb3': 25174}
pl 139 227 57 {'PLtried': 354, 'PLwithQ': 354, 'budget': 80934, 'rb3': 25266}
pl 140 227 57 {'PLtried': 355, 'PLwithQ': 355, 'budget': 81152, 'rb3': 25348}
pl 141 227 57 {'PLtried': 356, 'PLwithQ': 356, 'budget': 81366, 'rb3': 25434}
pl 142 227 58 {'PLtried': 357, 'PLwithQ': 357, 'budget': 81580, 'rb3': 25520}
pl 143 227 58 {'PLtried': 358, 'PLwithQ': 358, 'budget': 81806, 'rb3': 25594}
pl 144 227 58 {'PLtried': 359, 'PLwithQ': 359, 'budget': 82012, 'rb3': 25688}
pl 145 227 59 {'PLtried': 360, 'PLwithQ': 360, 'budget': 82220, 'rb3': 25780}
pl 146 227 59 {'PLtried': 361, 'PLwithQ': 361, 'budget': 82474, 'rb3': 25826}
pl 147 227 60 {'PLtried': 362, 'PLwithQ': 362, 'budget': 82713, 'rb3': 25887}
pl 148 227 60 {'PLtried': 363, 'PLwithQ': 363, 'budget': 82962, 'rb3': 25938}
pl 149 227 61 {'PLtried': 364, 'PLwithQ': 364, 'budget': 83192, 'rb3': 26008}
pl 150 227 61 {'PLtried': 365, 'PLwithQ': 365, 'budget': 83420, 'rb3': 26080}
pl 151 227 62 {'PLtried': 366, 'PLwithQ': 366, 'budget': 83639, 'rb3': 26161}
pl 152 227 62 {'PLtried': 367, 'PLwithQ': 367, 'budget': 83870, 'rb3': 26230}
pl 153 227 62 {'PLtried': 368, 'PLwithQ': 368, 'budget': 84091, 'rb3': 26309}
pl 154 227 63 {'PLtried': 369, 'PLwithQ': 369, 'budget': 84315, 'rb3': 26385}
pl 155 227 63 {'PLtried': 370, 'PLwithQ': 370, 'budget': 84537, 'rb3': 26463}
pl 156 227 64 {'PLtried': 371, 'PLwithQ': 371, 'budget': 84757, 'rb3': 26543}
pl 157 227 64 {'PLtried': 372, 'PLwithQ': 372, 'budget': 84967, 'rb3': 26633}
pl 158 227 64 {'PLtried': 373, 'PLwithQ': 373, 'budget': 85181, 'rb3': 26719}
pl 159 227 64 {'PLtried': 374, 'PLwithQ': 374, 'budget': 85389, 'rb3': 26811}
pl 160 227 65 {'PLtried': 375, 'PLwithQ': 375, 'budget': 85592, 'rb3': 26908}
pl 161 227 65 {'PLtried': 376, 'PLwithQ': 376, 'budget': 85829, 'rb3': 26971}
pl 162 227 65 {'PLtried': 377, 'PLwithQ': 377, 'budget': 86043, 'rb3': 27057}
pl 163 227 66 {'PLtried': 378, 'PLwithQ': 378, 'budget': 86266, 'rb3': 27134}
pl 164 227 66 {'PLtried': 379, 'PLwithQ': 379, 'budget': 86484, 'rb3': 27216}
pl 165 227 67 {'PLtried': 380, 'PLwithQ': 380, 'budget': 86707, 'rb3': 27293}
pl 166 227 67 {'PLtried': 381, 'PLwithQ': 381, 'budget': 86920, 'rb3': 27380}
pl 167 227 67 {'PLtried': 382, 'PLwithQ': 382, 'budget': 87150, 'rb3': 27450}
pl 168 227 68 {'PLtried': 383, 'PLwithQ': 383, 'budget': 87372, 'rb3': 27528}
pl 169 227 68 {'PLtried': 384, 'PLwithQ': 384, 'budget': 87606, 'rb3': 27594}
pl 170 227 69 {'PLtried': 385, 'PLwithQ': 385, 'budget': 87835, 'rb3': 27665}
pl 171 227 69 {'PLtried': 386, 'PLwithQ': 386, 'budget': 88060, 'rb3': 27740}
pl 172 227 69 {'PLtried': 387, 'PLwithQ': 387, 'budget': 88249, 'rb3': 27851}
pl 173 227 70 {'PLtried': 388, 'PLwithQ': 388, 'budget': 88452, 'rb3': 27948}
pl 174 227 70 {'PLtried': 389, 'PLwithQ': 389, 'budget': 88666, 'rb3': 28034}
pl 175 227 70 {'PLtried': 390, 'PLwithQ': 390, 'budget': 88861, 'rb3': 28139}
pl 176 227 71 {'PLtried': 391, 'PLwithQ': 391, 'budget': 89063, 'rb3': 28237}
pl 177 227 71 {'PLtried': 392, 'PLwithQ': 392, 'budget': 89256, 'rb3': 28344}
pl 178 227 71 {'PLtried': 393, 'PLwithQ': 393, 'budget': 89466, 'rb3': 28434}
pl 179 227 72 {'PLtried': 394, 'PLwithQ': 394, 'budget': 89677, 'rb3': 28523}
pl 180 227 72 {'PLtried': 395, 'PLwithQ': 395, 'budget': 89877, 'rb3': 28623}
pl 181 227 72 {'PLtried': 396, 'PLwithQ': 396, 'budget': 90088, 'rb3': 28712}
pl 182 227 73 {'PLtried': 397, 'PLwithQ': 397, 'budget': 90290, 'rb3': 28810}
pl 183 227 73 {'PLtried': 398, 'PLwithQ': 398, 'budget': 90501, 'rb3': 28899}
pl 184 227 73 {'PLtried': 399, 'PLwithQ': 399, 'budget': 90727, 'rb3': 28973}
pl 185 227 74 {'PLtried': 400, 'PLwithQ': 400, 'budget': 90932, 'rb3': 29068}
pl 186 227 74 {'PLtried': 401, 'PLwithQ': 401, 'budget': 91165, 'rb3': 29135}
pl 187 227 75 {'PLtried': 402, 'PLwithQ': 402, 'budget': 91379, 'rb3': 29221}
pl 188 227 75 {'PLtried': 403, 'PLwithQ': 403, 'budget': 91601, 'rb3': 29299}
pl 189 227 75 {'PLtried': 404, 'PLwithQ': 404, 'budget': 91840, 'rb3': 29360}
pl 190 227 76 {'PLtried': 405, 'PLwithQ': 405, 'budget': 92065, 'rb3': 29435}
pl 191 227 76 {'PLtried': 406, 'PLwithQ': 406, 'budget': 92296, 'rb3': 29504}
pl 192 227 77 {'PLtried': 407, 'PLwithQ': 407, 'budget': 92525, 'rb3': 29575}
pl 193 227 77 {'PLtried': 408, 'PLwithQ': 408, 'budget': 92747, 'rb3': 29653}
pl 194 227 77 {'PLtried': 409, 'PLwithQ': 409, 'budget': 92968, 'rb3': 29732}
pl 195 227 78 {'PLtried': 410, 'PLwithQ': 410, 'budget': 93197, 'rb3': 29803}
pl 196 227 78 {'PLtried': 411, 'PLwithQ': 411, 'budget': 93428, 'rb3': 29872}
pl 197 227 79 {'PLtried': 412, 'PLwithQ': 412, 'budget': 93657, 'rb3': 29943}
pl 198 227 79 {'PLtried': 413, 'PLwithQ': 413, 'budget': 93882, 'rb3': 30018}
pl 199 227 79 {'PLtried': 414, 'PLwithQ': 414, 'budget': 94097, 'rb3': 30103}
pl 200 227 80 {'PLtried': 415, 'PLwithQ': 415, 'budget': 94293, 'rb3': 30207}
pl 201 227 80 {'PLtried': 416, 'PLwithQ': 416, 'budget': 94514, 'rb3': 30286}
pl 202 227 80 {'PLtried': 417, 'PLwithQ': 417, 'budget': 94714, 'rb3': 30386}
pl 203 227 81 {'PLtried': 418, 'PLwithQ': 418, 'budget': 94935, 'rb3': 30465}
pl 204 227 81 {'PLtried': 419, 'PLwithQ': 419, 'budget': 95146, 'rb3': 30554}
pl 205 227 82 {'PLtried': 420, 'PLwithQ': 420, 'budget': 95378, 'rb3': 30622}
pl 206 227 82 {'PLtried': 421, 'PLwithQ': 421, 'budget': 95615, 'rb3': 30685}
pl 207 227 82 {'PLtried': 422, 'PLwithQ': 422, 'budget': 95856, 'rb3': 30744}
pl 208 227 83 {'PLtried': 423, 'PLwithQ': 423, 'budget': 96072, 'rb3': 30828}
pl 209 227 83 {'PLtried': 424, 'PLwithQ': 424, 'budget': 96295, 'rb3': 30905}
pl 210 227 84 {'PLtried': 425, 'PLwithQ': 425, 'budget': 96527, 'rb3': 30973}
pl 211 227 84 {'PLtried': 426, 'PLwithQ': 426, 'budget': 96747, 'rb3': 31053}
pl 212 227 84 {'PLtried': 427, 'PLwithQ': 427, 'budget': 96980, 'rb3': 31120}
pl 213 227 85 {'PLtried': 428, 'PLwithQ': 428, 'budget': 97213, 'rb3': 31187}
pl 214 227 85 {'PLtried': 429, 'PLwithQ': 429, 'budget': 97448, 'rb3': 31252}
pl 215 227 86 {'PLtried': 430, 'PLwithQ': 430, 'budget': 97654, 'rb3': 31346}
pl 216 227 86 {'PLtried': 431, 'PLwithQ': 431, 'budget': 97865, 'rb3': 31435}
pl 217 227 86 {'PLtried': 432, 'PLwithQ': 432, 'budget': 98080, 'rb3': 31520}
pl 218 227 87 {'PLtried': 433, 'PLwithQ': 433, 'budget': 98278, 'rb3': 31622}
pl 219 227 87 {'PLtried': 434, 'PLwithQ': 434, 'budget': 98461, 'rb3': 31739}
pl 220 227 87 {'PLtried': 435, 'PLwithQ': 435, 'budget': 98680, 'rb3': 31820}
pl 221 227 88 {'PLtried': 436, 'PLwithQ': 436, 'budget': 98903, 'rb3': 31897}
pl 222 227 88 {'PLtried': 437, 'PLwithQ': 437, 'budget': 99133, 'rb3': 31967}
pl 223 227 89 {'PLtried': 438, 'PLwithQ': 438, 'budget': 99347, 'rb3': 32053}
pl 224 227 89 {'PLtried': 439, 'PLwithQ': 439, 'budget': 99550, 'rb3': 32150}
pl 225 227 89 {'PLtried': 440, 'PLwithQ': 440, 'budget': 99749, 'rb3': 32251}
pl 226 227 90 {'PLtried': 441, 'PLwithQ': 441, 'budget': 99942, 'rb3': 32358}
done {'PLtried': 442, 'PLwithQ': 442, 'budget': 100137, 'rb3': 32463}
