carrier 9 fire 1 push ports 16
carrier 9 fire 1 pull ports 73
carrier 10 fire 4 push ports 22
carrier 10 fire 4 pull ports 38
carrier 11 fire 2 push ports 14
carrier 11 fire 2 pull ports 2
carrier 15 fire 3 push ports 22
carrier 15 fire 3 pull ports 21
carrier 18 fire 4 push ports 58
carrier 18 fire 4 pull ports 102
carrier 19 fire 0 push ports 16
carrier 19 fire 0 pull ports 46
carrier 25 fire 3 push ports 66
carrier 25 fire 3 pull ports 117
carrier 30 fire 2 push ports 48
carrier 30 fire 2 pull ports 21
carrier 36 fire 1 push ports 48
carrier 36 fire 1 pull ports 112
carrier 37 fire 0 push ports 40
carrier 37 fire 0 pull ports 150
carrier 38 fire 4 push ports 94
carrier 38 fire 4 pull ports 150
carrier 42 fire 3 push ports 150
carrier 42 fire 3 pull ports 138
carrier 46 fire 2 push ports 102
carrier 46 fire 2 pull ports 21
ports totals {'pull0': 150, 'pull1': 150, 'pull2': 112, 'pull3': 21, 'pull4': 138, 'push0': 40, 'push1': 48, 'push2': 102, 'push3': 150, 'push4': 94}
stage1 mmwmw 1 push@ 0 PL 70 Q [63, 17]
pl 0 70 0 {}
pl 1 70 11 {'PLtried': 1, 'PLwithQ': 1, 'budget': 287, 'build': 13}
pl 2 70 22 {'PLtried': 2, 'PLwithQ': 2, 'budget': 570, 'build': 30}
pl 3 70 36 {'PLtried': 3, 'PLwithQ': 3, 'budget': 854, 'build': 46}
pl 4 70 48 {'PLtried': 4, 'PLwithQ': 4, 'budget': 1138, 'build': 62}
pl 5 70 57 {'PLtried': 5, 'PLwithQ': 5, 'budget': 1426, 'build': 74}
pl 6 70 67 {'PLtried': 6, 'PLwithQ': 6, 'budget': 1712, 'build': 88}
pl 7 70 80 {'PLtried': 7, 'PLwithQ': 7, 'budget': 1995, 'build': 105}
pl 8 70 104 {'PLtried': 8, 'PLwithQ': 8, 'budget': 2268, 'build': 132}
pl 9 70 127 {'PLtried': 9, 'PLwithQ': 9, 'budget': 2545, 'build': 155}
pl 10 70 138 {'PLtried': 10, 'PLwithQ': 10, 'budget': 2830, 'build': 170}
pl 11 70 150 {'PLtried': 11, 'PLwithQ': 11, 'budget': 3117, 'build': 183}
pl 12 70 153 {'PLtried': 12, 'PLwithQ': 12, 'budget': 3407, 'build': 193}
pl 13 70 163 {'PLtried': 13, 'PLwithQ': 13, 'budget': 3692, 'build': 208}
pl 14 70 170 {'PLtried': 14, 'PLwithQ': 14, 'budget': 3982, 'build': 218}
pl 15 70 175 {'PLtried': 15, 'PLwithQ': 15, 'budget': 4265, 'build': 235}
pl 16 70 183 {'PLtried': 16, 'PLwithQ': 16, 'budget': 4542, 'build': 258}
pl 17 70 185 {'PLtried': 17, 'PLwithQ': 17, 'budget': 4830, 'build': 270}
pl 18 70 188 {'PLtried': 18, 'PLwithQ': 18, 'budget': 5118, 'build': 282}
pl 19 70 196 {'PLtried': 19, 'PLwithQ': 19, 'budget': 5398, 'build': 302}
pl 20 70 202 {'PLtried': 20, 'PLwithQ': 20, 'budget': 5689, 'build': 311}
pl 21 70 210 {'PLtried': 21, 'PLwithQ': 21, 'budget': 5977, 'build': 323}
pl 22 70 221 {'PLtried': 22, 'PLwithQ': 22, 'budget': 6260, 'build': 340}
pl 23 70 236 {'PLtried': 23, 'PLwithQ': 23, 'budget': 6536, 'build': 364}
pl 24 70 252 {'PLtried': 24, 'PLwithQ': 24, 'budget': 6819, 'build': 381}
