ports totals {'pull0': 150, 'pull1': 150, 'pull2': 112, 'pull3': 21, 'pull4': 138, 'push0': 40, 'push1': 48, 'push2': 102, 'push3': 150, 'push4': 94}
stage1 mmwmw 1 push@ 0 PL 70 Q [63, 17]
pl 0 70 0 {}
pl 1 70 0 {'PLtried': 1, 'PLwithQ': 1, 'budget': 300}
pl 2 70 0 {'PLtried': 2, 'PLwithQ': 2, 'budget': 600}
pl 3 70 0 {'PLtried': 3, 'PLwithQ': 3, 'budget': 900}
pl 4 70 1 {'PLtried': 4, 'PLwithQ': 4, 'budget': 1200}
pl 5 70 1 {'PLtried': 5, 'PLwithQ': 5, 'budget': 1500}
pl 6 70 1 {'PLtried': 6, 'PLwithQ': 6, 'budget': 1800}
pl 7 70 1 {'PLtried': 7, 'PLwithQ': 7, 'budget': 2100}
pl 8 70 1 {'PLtried': 8, 'PLwithQ': 8, 'budget': 2400}
pl 9 70 1 {'PLtried': 9, 'PLwithQ': 9, 'budget': 2700}
pl 10 70 1 {'PLtried': 10, 'PLwithQ': 10, 'budget': 3000}
pl 11 70 1 {'PLtried': 11, 'PLwithQ': 11, 'budget': 3300}
pl 12 70 2 {'PLtried': 12, 'PLwithQ': 12, 'budget': 3600}
pl 13 70 2 {'PLtried': 13, 'PLwithQ': 13, 'budget': 3900}
pl 14 70 2 {'PLtried': 14, 'PLwithQ': 14, 'budget': 4200}
pl 15 70 2 {'PLtried': 15, 'PLwithQ': 15, 'budget': 4500}
pl 16 70 2 {'PLtried': 16, 'PLwithQ': 16, 'budget': 4800}
pl 17 70 2 {'PLtried': 17, 'PLwithQ': 17, 'budget': 5100}
pl 18 70 2 {'PLtried': 18, 'PLwithQ': 18, 'budget': 5400}
pl 19 70 3 {'PLtried': 19, 'PLwithQ': 19, 'budget': 5700}
pl 20 70 3 {'PLtried': 20, 'PLwithQ': 20, 'budget': 6000}
pl 21 70 3 {'PLtried': 21, 'PLwithQ': 21, 'budget': 6300}
pl 22 70 3 {'PLtried': 22, 'PLwithQ': 22, 'budget': 6600}
pl 23 70 3 {'PLtried': 23, 'PLwithQ': 23, 'budget': 6900}
pl 24 70 3 {'PLtried': 24, 'PLwithQ': 24, 'budget': 7200}
pl 25 70 4 {'PLtried': 25, 'PLwithQ': 25, 'budget': 7500}
pl 26 70 4 {'PLtried': 26, 'PLwithQ': 26, 'budget': 7800}
pl 27 70 4 {'PLtried': 27, 'PLwithQ': 27, 'budget': 8100}
pl 28 70 4 {'PLtried': 28, 'PLwithQ': 28, 'budget': 8400}
pl 29 70 4 {'PLtried': 29, 'PLwithQ': 29, 'budget': 8700}
pl 30 70 5 {'PLtried': 30, 'PLwithQ': 30, 'budget': 9000}
pl 31 70 5 {'PLtried': 31, 'PLwithQ': 31, 'budget': 9300}
pl 32 70 5 {'PLtried': 32, 'PLwithQ': 32, 'budget': 9600}
pl 33 70 5 {'PLtried': 33, 'PLwithQ': 33, 'budget': 9640}
pl 34 70 5 {'PLtried': 34, 'PLwithQ': 34, 'budget': 9940}
pl 35 70 5 {'PLtried': 35, 'PLwithQ': 35, 'budget': 10145}
pl 36 70 6 {'PLtried': 36, 'PLwithQ': 36, 'budget': 10445}
pl 37 70 6 {'PLtried': 37, 'PLwithQ': 37, 'budget': 10745}
pl 38 70 6 {'PLtried': 38, 'PLwithQ': 38, 'budget': 11045}
pl 39 70 6 {'PLtried': 39, 'PLwithQ': 39, 'budget': 11345}
pl 40 70 6 {'PLtried': 40, 'PLwithQ': 40, 'budget': 11645}
pl 41 70 7 {'PLtried': 41, 'PLwithQ': 41, 'budget': 11945}
pl 42 70 7 {'PLtried': 42, 'PLwithQ': 42, 'budget': 12017}
pl 43 70 7 {'PLtried': 43, 'PLwithQ': 43, 'budget': 12317}
pl 44 70 7 {'PLtried': 44, 'PLwithQ': 44, 'budget': 12617}
pl 45 70 7 {'PLtried': 45, 'PLwithQ': 45, 'budget': 12917}
pl 46 70 7 {'PLtried': 46, 'PLwithQ': 46, 'budget': 13217}
pl 47 70 8 {'PLtried': 47, 'PLwithQ': 47, 'budget': 13517}
pl 48 70 8 {'PLtried': 48, 'PLwithQ': 48, 'budget': 13817}
pl 49 70 8 {'PLtried': 49, 'PLwithQ': 49, 'budget': 14117}
pl 50 70 8 {'PLtried': 50, 'PLwithQ': 50, 'budget': 14317}
pl 51 70 8 {'PLtried': 51, 'PLwithQ': 51, 'budget': 14617}
pl 52 70 8 {'PLtried': 52, 'PLwithQ': 52, 'budget': 14917}
pl 53 70 9 {'PLtried': 53, 'PLwithQ': 53, 'budget': 15217}
pl 54 70 9 {'PLtried': 54, 'PLwithQ': 54, 'budget': 15517}
pl 55 70 9 {'PLtried': 55, 'PLwithQ': 55, 'budget': 15705}
pl 56 70 9 {'PLtried': 56, 'PLwithQ': 56, 'budget': 15777}
pl 57 70 9 {'PLtried': 57, 'PLwithQ': 57, 'budget': 15997}
pl 58 70 9 {'PLtried': 58, 'PLwithQ': 58, 'budget': 16297}
pl 59 70 9 {'PLtried': 59, 'PLwithQ': 59, 'budget': 16507}
pl 60 70 10 {'PLtried': 60, 'PLwithQ': 60, 'budget': 16807}
pl 61 70 10 {'PLtried': 61, 'PLwithQ': 61, 'budget': 17107}
pl 62 70 10 {'PLtried': 62, 'PLwithQ': 62, 'budget': 17407}
pl 63 70 10 {'PLtried': 63, 'PLwithQ': 63, 'budget': 17707}
pl 64 70 10 {'PLtried': 64, 'PLwithQ': 64, 'budget': 18007}
pl 65 70 10 {'PLtried': 65, 'PLwithQ': 65, 'budget': 18307}
pl 66 70 11 {'PLtried': 66, 'PLwithQ': 66, 'budget': 18607}
pl 67 70 11 {'PLtried': 67, 'PLwithQ': 67, 'budget': 18907}
pl 68 70 11 {'PLtried': 68, 'PLwithQ': 68, 'budget': 19207}
pl 69 70 11 {'PLtried': 69, 'PLwithQ': 69, 'budget': 19507}
stage1 mmwmw 1 push@ 1 PL 0 Q [75, 17]
stage1 mmwmw 1 push@ 3 PL 353 Q [75, 63]
pl 0 353 12 {'PLtried': 70, 'PLwithQ': 70, 'budget': 19807}
c148_000 mmwmw push@ 3 rail 16 {'PLtried': 71, 'PLwithQ': 71, 'budget': 19896, 'build': 1}
c148_001 mmwmw push@ 3 rail 14 {'PLtried': 71, 'PLwithQ': 71, 'budget': 19922, 'build': 1}
c148_002 mmwmw push@ 3 rail 14 {'PLtried': 71, 'PLwithQ': 71, 'budget': 20007, 'build': 3}
c148_003 mmwmw push@ 3 rail 14 {'PLtried': 71, 'PLwithQ': 71, 'budget': 20073, 'build': 3}
pl 1 353 20 {'PLtried': 71, 'PLwithQ': 71, 'budget': 20100, 'build': 3}
c148_004 mmwmw push@ 3 rail 14 {'PLtried': 72, 'PLwithQ': 72, 'budget': 20169, 'build': 6}
c148_005 mmwmw push@ 3 rail 16 {'PLtried': 72, 'PLwithQ': 72, 'budget': 20208, 'build': 6}
c148_006 mmwmw push@ 3 rail 14 {'PLtried': 72, 'PLwithQ': 72, 'budget': 20299, 'build': 8}
c148_007 mmwmw push@ 3 rail 12 {'PLtried': 72, 'PLwithQ': 72, 'budget': 20367, 'build': 9}
pl 2 353 26 {'PLtried': 72, 'PLwithQ': 72, 'budget': 20390, 'build': 9}
c148_008 mmwmw push@ 3 rail 14 {'PLtried': 73, 'PLwithQ': 73, 'budget': 20437, 'build': 12}
c148_009 mmwmw push@ 3 rail 16 {'PLtried': 73, 'PLwithQ': 73, 'budget': 20490, 'build': 13}
c148_010 mmwmw push@ 3 rail 16 {'PLtried': 73, 'PLwithQ': 73, 'budget': 20604, 'build': 16}
pl 3 353 44 {'PLtried': 73, 'PLwithQ': 73, 'budget': 20678, 'build': 18}
c148_011 mmwmw push@ 3 rail 15 {'PLtried': 74, 'PLwithQ': 74, 'budget': 20959, 'build': 24}
pl 4 353 53 {'PLtried': 74, 'PLwithQ': 74, 'budget': 20971, 'build': 24}
c148_012 mmwmw push@ 3 rail 15 {'PLtried': 75, 'PLwithQ': 75, 'budget': 20987, 'build': 25}
c148_013 mmwmw push@ 3 rail 15 {'PLtried': 75, 'PLwithQ': 75, 'budget': 21014, 'build': 26}
c148_014 mmwmw push@ 3 rail 15 {'PLtried': 75, 'PLwithQ': 75, 'budget': 21218, 'build': 27}
c148_015 mmwmw push@ 3 rail 15 {'PLtried': 75, 'PLwithQ': 75, 'budget': 21227, 'build': 27}
c148_016 mmwmw push@ 3 rail 15 {'PLtried': 75, 'PLwithQ': 75, 'budget': 21260, 'build': 27}
pl 5 353 62 {'PLtried': 75, 'PLwithQ': 75, 'budget': 21263, 'build': 27}
c148_017 mmwmw push@ 3 rail 14 {'PLtried': 76, 'PLwithQ': 76, 'budget': 21278, 'build': 28}
c148_018 mmwmw push@ 3 rail 16 {'PLtried': 76, 'PLwithQ': 76, 'budget': 21361, 'build': 29}
pl 6 353 81 {'PLtried': 76, 'PLwithQ': 76, 'budget': 21548, 'build': 40}
c148_019 mmwmw push@ 3 rail 12 {'PLtried': 77, 'PLwithQ': 77, 'budget': 21795, 'build': 46}
pl 7 353 90 {'PLtried': 77, 'PLwithQ': 77, 'budget': 21841, 'build': 46}
c148_020 mmwmw push@ 3 rail 16 {'PLtried': 78, 'PLwithQ': 78, 'budget': 21869, 'build': 47}
c148_021 mmwmw push@ 3 rail 12 {'PLtried': 78, 'PLwithQ': 78, 'budget': 21891, 'build': 48}
c148_022 mmwmw push@ 3 rail 11 {'PLtried': 78, 'PLwithQ': 78, 'budget': 21912, 'build': 49}
c148_023 mmwmw push@ 3 rail 13 {'PLtried': 78, 'PLwithQ': 78, 'budget': 21970, 'build': 49}
c148_024 mmwmw push@ 3 rail 12 {'PLtried': 78, 'PLwithQ': 78, 'budget': 22024, 'build': 52}
c148_025 mmwmw push@ 3 rail 15 {'PLtried': 78, 'PLwithQ': 78, 'budget': 22064, 'build': 54}
c148_026 mmwmw push@ 3 rail 11 {'PLtried': 78, 'PLwithQ': 78, 'budget': 22089, 'build': 54}
c148_027 mmwmw push@ 3 rail 12 {'PLtried': 78, 'PLwithQ': 78, 'budget': 22100, 'build': 54}
c148_028 mmwmw push@ 3 rail 14 {'PLtried': 78, 'PLwithQ': 78, 'budget': 22116, 'build': 54}
pl 8 353 107 {'PLtried': 78, 'PLwithQ': 78, 'budget': 22124, 'build': 54}
c148_029 mmwmw push@ 3 rail 13 {'PLtried': 79, 'PLwithQ': 79, 'budget': 22124, 'build': 54}
c148_030 mmwmw push@ 3 rail 13 {'PLtried': 79, 'PLwithQ': 79, 'budget': 22177, 'build': 55}
c148_031 mmwmw push@ 3 rail 15 {'PLtried': 79, 'PLwithQ': 79, 'budget': 22199, 'build': 56}
c148_032 mmwmw push@ 3 rail 13 {'PLtried': 79, 'PLwithQ': 79, 'budget': 22238, 'build': 56}
c148_033 mmwmw push@ 3 rail 14 {'PLtried': 79, 'PLwithQ': 79, 'budget': 22285, 'build': 57}
c148_034 mmwmw push@ 3 rail 12 {'PLtried': 79, 'PLwithQ': 79, 'budget': 22350, 'build': 58}
pl 9 353 117 {'PLtried': 79, 'PLwithQ': 79, 'budget': 22414, 'build': 58}
c148_035 mmwmw push@ 3 rail 13 {'PLtried': 80, 'PLwithQ': 80, 'budget': 22500, 'build': 60}
c148_036 mmwmw push@ 3 rail 12 {'PLtried': 80, 'PLwithQ': 80, 'budget': 22694, 'build': 65}
pl 10 353 131 {'PLtried': 80, 'PLwithQ': 80, 'budget': 22705, 'build': 65}
c148_037 mmwmw push@ 3 rail 13 {'PLtried': 81, 'PLwithQ': 81, 'budget': 22705, 'build': 65}
c148_038 mmwmw push@ 3 rail 12 {'PLtried': 81, 'PLwithQ': 81, 'budget': 22714, 'build': 65}
c148_039 mmwmw push@ 3 rail 15 {'PLtried': 81, 'PLwithQ': 81, 'budget': 22729, 'build': 65}
done {'PLtried': 81, 'PLwithQ': 81, 'budget': 22729, 'build': 65}
