carrier 9 fire 1 push ports 17
carrier 9 fire 1 pull ports 71
carrier 10 fire 4 push ports 22
carrier 10 fire 4 pull ports 38
carrier 11 fire 2 push ports 14
carrier 11 fire 2 pull ports 2
carrier 12 fire 3 push ports 23
carrier 12 fire 3 pull ports 62
carrier 19 fire 4 push ports 57
carrier 19 fire 4 pull ports 110
carrier 20 fire 0 push ports 18
carrier 20 fire 0 pull ports 67
carrier 26 fire 3 push ports 94
carrier 26 fire 3 pull ports 150
carrier 31 fire 2 push ports 46
carrier 31 fire 2 pull ports 21
carrier 37 fire 1 push ports 44
carrier 37 fire 1 pull ports 108
carrier 38 fire 0 push ports 42
carrier 38 fire 0 pull ports 150
carrier 39 fire 4 push ports 92
carrier 39 fire 4 pull ports 150
carrier 43 fire 3 push ports 150
carrier 43 fire 3 pull ports 150
carrier 47 fire 2 push ports 143
carrier 47 fire 2 pull ports 21
ports totals {'pull0': 150, 'pull1': 150, 'pull2': 108, 'pull3': 21, 'pull4': 150, 'push0': 42, 'push1': 44, 'push2': 143, 'push3': 150, 'push4': 92}
stage1 mmwmw 1 push@ 0 PL 57 Q [53, 17]
pl 0 57 0 {}
pl 1 57 0 {'PLtried': 1, 'PLwithQ': 1, 'budget': 300}
pl 2 57 0 {'PLtried': 2, 'PLwithQ': 2, 'budget': 600}
pl 3 57 0 {'PLtried': 3, 'PLwithQ': 3, 'budget': 900}
pl 4 57 0 {'PLtried': 4, 'PLwithQ': 4, 'budget': 1200}
pl 5 57 0 {'PLtried': 5, 'PLwithQ': 5, 'budget': 1500}
pl 6 57 0 {'PLtried': 6, 'PLwithQ': 6, 'budget': 1800}
pl 7 57 0 {'PLtried': 7, 'PLwithQ': 7, 'budget': 2100}
pl 8 57 0 {'PLtried': 8, 'PLwithQ': 8, 'budget': 2400}
pl 9 57 0 {'PLtried': 9, 'PLwithQ': 9, 'budget': 2700}
pl 10 57 1 {'PLtried': 10, 'PLwithQ': 10, 'budget': 3000}
pl 11 57 1 {'PLtried': 11, 'PLwithQ': 11, 'budget': 3300}
pl 12 57 1 {'PLtried': 12, 'PLwithQ': 12, 'budget': 3600}
pl 13 57 1 {'PLtried': 13, 'PLwithQ': 13, 'budget': 3900}
pl 14 57 1 {'PLtried': 14, 'PLwithQ': 14, 'budget': 4200}
pl 15 57 1 {'PLtried': 15, 'PLwithQ': 15, 'budget': 4500}
pl 16 57 1 {'PLtried': 16, 'PLwithQ': 16, 'budget': 4800}
pl 17 57 1 {'PLtried': 17, 'PLwithQ': 17, 'budget': 5100}
pl 18 57 1 {'PLtried': 18, 'PLwithQ': 18, 'budget': 5400}
pl 19 57 1 {'PLtried': 19, 'PLwithQ': 19, 'budget': 5700}
pl 20 57 1 {'PLtried': 20, 'PLwithQ': 20, 'budget': 6000}
pl 21 57 1 {'PLtried': 21, 'PLwithQ': 21, 'budget': 6300}
pl 22 57 1 {'PLtried': 22, 'PLwithQ': 22, 'budget': 6334}
pl 23 57 1 {'PLtried': 23, 'PLwithQ': 23, 'budget': 6634}
pl 24 57 1 {'PLtried': 24, 'PLwithQ': 24, 'budget': 6809}
pl 25 57 1 {'PLtried': 25, 'PLwithQ': 25, 'budget': 7109}
pl 26 57 1 {'PLtried': 26, 'PLwithQ': 26, 'budget': 7294}
pl 27 57 1 {'PLtried': 27, 'PLwithQ': 27, 'budget': 7594}
pl 28 57 1 {'PLtried': 28, 'PLwithQ': 28, 'budget': 7894}
pl 29 57 1 {'PLtried': 29, 'PLwithQ': 29, 'budget': 8194}
pl 30 57 2 {'PLtried': 30, 'PLwithQ': 30, 'budget': 8494}
pl 31 57 2 {'PLtried': 31, 'PLwithQ': 31, 'budget': 8794}
pl 32 57 2 {'PLtried': 32, 'PLwithQ': 32, 'budget': 9094}
pl 33 57 2 {'PLtried': 33, 'PLwithQ': 33, 'budget': 9394}
pl 34 57 2 {'PLtried': 34, 'PLwithQ': 34, 'budget': 9694}
pl 35 57 2 {'PLtried': 35, 'PLwithQ': 35, 'budget': 9994}
pl 36 57 2 {'PLtried': 36, 'PLwithQ': 36, 'budget': 10294}
pl 37 57 2 {'PLtried': 37, 'PLwithQ': 37, 'budget': 10594}
pl 38 57 2 {'PLtried': 38, 'PLwithQ': 38, 'budget': 10894}
pl 39 57 2 {'PLtried': 39, 'PLwithQ': 39, 'budget': 10958}
pl 40 57 2 {'PLtried': 40, 'PLwithQ': 40, 'budget': 11258}
pl 41 57 2 {'PLtried': 41, 'PLwithQ': 41, 'budget': 11558}
pl 42 57 2 {'PLtried': 42, 'PLwithQ': 42, 'budget': 11858}
pl 43 57 2 {'PLtried': 43, 'PLwithQ': 43, 'budget': 12158}
pl 44 57 2 {'PLtried': 44, 'PLwithQ': 44, 'budget': 12326}
pl 45 57 2 {'PLtried': 45, 'PLwithQ': 45, 'budget': 12390}
pl 46 57 2 {'PLtried': 46, 'PLwithQ': 46, 'budget': 12585}
pl 47 57 3 {'PLtried': 47, 'PLwithQ': 47, 'budget': 12885}
pl 48 57 3 {'PLtried': 48, 'PLwithQ': 48, 'budget': 13185}
pl 49 57 3 {'PLtried': 49, 'PLwithQ': 49, 'budget': 13485}
pl 50 57 3 {'PLtried': 50, 'PLwithQ': 50, 'budget': 13785}
pl 51 57 3 {'PLtried': 51, 'PLwithQ': 51, 'budget': 14085}
pl 52 57 3 {'PLtried': 52, 'PLwithQ': 52, 'budget': 14385}
pl 53 57 3 {'PLtried': 53, 'PLwithQ': 53, 'budget': 14685}
pl 54 57 3 {'PLtried': 54, 'PLwithQ': 54, 'budget': 14985}
pl 55 57 3 {'PLtried': 55, 'PLwithQ': 55, 'budget': 15160}
pl 56 57 3 {'PLtried': 56, 'PLwithQ': 56, 'budget': 15460}
stage1 mmwmw 1 push@ 1 PL 0 Q [76, 17]
stage1 mmwmw 1 push@ 3 PL 336 Q [76, 53]
pl 0 336 3 {'PLtried': 57, 'PLwithQ': 57, 'budget': 15760}
pl 1 336 4 {'PLtried': 58, 'PLwithQ': 58, 'budget': 16060}
pl 2 336 4 {'PLtried': 59, 'PLwithQ': 59, 'budget': 16360}
pl 3 336 4 {'PLtried': 60, 'PLwithQ': 60, 'budget': 16660}
pl 4 336 4 {'PLtried': 61, 'PLwithQ': 61, 'budget': 16960}
pl 5 336 4 {'PLtried': 62, 'PLwithQ': 62, 'budget': 17260}
pl 6 336 4 {'PLtried': 63, 'PLwithQ': 63, 'budget': 17560}
pl 7 336 5 {'PLtried': 64, 'PLwithQ': 64, 'budget': 17860}
pl 8 336 5 {'PLtried': 65, 'PLwithQ': 65, 'budget': 18160}
pl 9 336 5 {'PLtried': 66, 'PLwithQ': 66, 'budget': 18460}
pl 10 336 5 {'PLtried': 67, 'PLwithQ': 67, 'budget': 18760}
pl 11 336 5 {'PLtried': 68, 'PLwithQ': 68, 'budget': 19060}
pl 12 336 5 {'PLtried': 69, 'PLwithQ': 69, 'budget': 19360}
pl 13 336 6 {'PLtried': 70, 'PLwithQ': 70, 'budget': 19660}
pl 14 336 6 {'PLtried': 71, 'PLwithQ': 71, 'budget': 19960}
pl 15 336 6 {'PLtried': 72, 'PLwithQ': 72, 'budget': 20260}
pl 16 336 6 {'PLtried': 73, 'PLwithQ': 73, 'budget': 20560}
pl 17 336 7 {'PLtried': 74, 'PLwithQ': 74, 'budget': 20860}
pl 18 336 7 {'PLtried': 75, 'PLwithQ': 75, 'budget': 21160}
pl 19 336 7 {'PLtried': 76, 'PLwithQ': 76, 'budget': 21460}
pl 20 336 8 {'PLtried': 77, 'PLwithQ': 77, 'budget': 21760}
pl 21 336 8 {'PLtried': 78, 'PLwithQ': 78, 'budget': 22060}
pl 22 336 8 {'PLtried': 79, 'PLwithQ': 79, 'budget': 22360}
pl 23 336 9 {'PLtried': 80, 'PLwithQ': 80, 'budget': 22660}
pl 24 336 9 {'PLtried': 81, 'PLwithQ': 81, 'budget': 22960}
pl 25 336 9 {'PLtried': 82, 'PLwithQ': 82, 'budget': 23260}
pl 26 336 10 {'PLtried': 83, 'PLwithQ': 83, 'budget': 23560}
pl 27 336 10 {'PLtried': 84, 'PLwithQ': 84, 'budget': 23860}
pl 28 336 10 {'PLtried': 85, 'PLwithQ': 85, 'budget': 24160}
pl 29 336 10 {'PLtried': 86, 'PLwithQ': 86, 'budget': 24460}
pl 30 336 10 {'PLtried': 87, 'PLwithQ': 87, 'budget': 24760}
pl 31 336 11 {'PLtried': 88, 'PLwithQ': 88, 'budget': 25060}
pl 32 336 11 {'PLtried': 89, 'PLwithQ': 89, 'budget': 25360}
pl 33 336 11 {'PLtried': 90, 'PLwithQ': 90, 'budget': 25660}
pl 34 336 11 {'PLtried': 91, 'PLwithQ': 91, 'budget': 25960}
pl 35 336 12 {'PLtried': 92, 'PLwithQ': 92, 'budget': 26260}
pl 36 336 12 {'PLtried': 93, 'PLwithQ': 93, 'budget': 26560}
pl 37 336 12 {'PLtried': 94, 'PLwithQ': 94, 'budget': 26860}
pl 38 336 12 {'PLtried': 95, 'PLwithQ': 95, 'budget': 27160}
pl 39 336 12 {'PLtried': 96, 'PLwithQ': 96, 'budget': 27460}
pl 40 336 12 {'PLtried': 97, 'PLwithQ': 97, 'budget': 27760}
pl 41 336 12 {'PLtried': 98, 'PLwithQ': 98, 'budget': 28060}
pl 42 336 12 {'PLtried': 99, 'PLwithQ': 99, 'budget': 28360}
pl 43 336 13 {'PLtried': 100, 'PLwithQ': 100, 'budget': 28660}
pl 44 336 13 {'PLtried': 101, 'PLwithQ': 101, 'budget': 28960}
pl 45 336 13 {'PLtried': 102, 'PLwithQ': 102, 'budget': 29260}
pl 46 336 13 {'PLtried': 103, 'PLwithQ': 103, 'budget': 29560}
pl 47 336 13 {'PLtried': 104, 'PLwithQ': 104, 'budget': 29860}
pl 48 336 14 {'PLtried': 105, 'PLwithQ': 105, 'budget': 30160}
pl 49 336 14 {'PLtried': 106, 'PLwithQ': 106, 'budget': 30460}
pl 50 336 14 {'PLtried': 107, 'PLwithQ': 107, 'budget': 30760}
pl 51 336 14 {'PLtried': 108, 'PLwithQ': 108, 'budget': 31060}
pl 52 336 14 {'PLtried': 109, 'PLwithQ': 109, 'budget': 31360}
pl 53 336 14 {'PLtried': 110, 'PLwithQ': 110, 'budget': 31660}
pl 54 336 14 {'PLtried': 111, 'PLwithQ': 111, 'budget': 31960}
pl 55 336 14 {'PLtried': 112, 'PLwithQ': 112, 'budget': 32260}
pl 56 336 15 {'PLtried': 113, 'PLwithQ': 113, 'budget': 32560}
pl 57 336 15 {'PLtried': 114, 'PLwithQ': 114, 'budget': 32860}
pl 58 336 15 {'PLtried': 115, 'PLwithQ': 115, 'budget': 33160}
pl 59 336 15 {'PLtried': 116, 'PLwithQ': 116, 'budget': 33460}
pl 60 336 15 {'PLtried': 117, 'PLwithQ': 117, 'budget': 33760}
pl 61 336 15 {'PLtried': 118, 'PLwithQ': 118, 'budget': 34060}
pl 62 336 15 {'PLtried': 119, 'PLwithQ': 119, 'budget': 34360}
pl 63 336 16 {'PLtried': 120, 'PLwithQ': 120, 'budget': 34660}
pl 64 336 16 {'PLtried': 121, 'PLwithQ': 121, 'budget': 34960}
pl 65 336 16 {'PLtried': 122, 'PLwithQ': 122, 'budget': 35260}
pl 66 336 16 {'PLtried': 123, 'PLwithQ': 123, 'budget': 35560}
pl 67 336 16 {'PLtried': 124, 'PLwithQ': 124, 'budget': 35860}
pl 68 336 16 {'PLtried': 125, 'PLwithQ': 125, 'budget': 36160}
pl 69 336 16 {'PLtried': 126, 'PLwithQ': 126, 'budget': 36460}
pl 70 336 17 {'PLtried': 127, 'PLwithQ': 127, 'budget': 36760}
pl 71 336 17 {'PLtried': 128, 'PLwithQ': 128, 'budget': 37060}
pl 72 336 17 {'PLtried': 129, 'PLwithQ': 129, 'budget': 37360}
pl 73 336 17 {'PLtried': 130, 'PLwithQ': 130, 'budget': 37660}
pl 74 336 17 {'PLtried': 131, 'PLwithQ': 131, 'budget': 37960}
pl 75 336 17 {'PLtried': 132, 'PLwithQ': 132, 'budget': 38260}
pl 76 336 18 {'PLtried': 133, 'PLwithQ': 133, 'budget': 38560}
pl 77 336 18 {'PLtried': 134, 'PLwithQ': 134, 'budget': 38860}
pl 78 336 18 {'PLtried': 135, 'PLwithQ': 135, 'budget': 39160}
pl 79 336 18 {'PLtried': 136, 'PLwithQ': 136, 'budget': 39460}
pl 80 336 18 {'PLtried': 137, 'PLwithQ': 137, 'budget': 39760}
pl 81 336 18 {'PLtried': 138, 'PLwithQ': 138, 'budget': 40060}
pl 82 336 19 {'PLtried': 139, 'PLwithQ': 139, 'budget': 40360}
pl 83 336 19 {'PLtried': 140, 'PLwithQ': 140, 'budget': 40660}
pl 84 336 19 {'PLtried': 141, 'PLwithQ': 141, 'budget': 40960}
pl 85 336 19 {'PLtried': 142, 'PLwithQ': 142, 'budget': 41260}
pl 86 336 19 {'PLtried': 143, 'PLwithQ': 143, 'budget': 41560}
pl 87 336 19 {'PLtried': 144, 'PLwithQ': 144, 'budget': 41860}
pl 88 336 20 {'PLtried': 145, 'PLwithQ': 145, 'budget': 42160}
pl 89 336 20 {'PLtried': 146, 'PLwithQ': 146, 'budget': 42460}
pl 90 336 20 {'PLtried': 147, 'PLwithQ': 147, 'budget': 42760}
pl 91 336 20 {'PLtried': 148, 'PLwithQ': 148, 'budget': 43060}
pl 92 336 20 {'PLtried': 149, 'PLwithQ': 149, 'budget': 43360}
pl 93 336 20 {'PLtried': 150, 'PLwithQ': 150, 'budget': 43660}
pl 94 336 21 {'PLtried': 151, 'PLwithQ': 151, 'budget': 43960}
pl 95 336 21 {'PLtried': 152, 'PLwithQ': 152, 'budget': 44260}
pl 96 336 21 {'PLtried': 153, 'PLwithQ': 153, 'budget': 44560}
pl 97 336 21 {'PLtried': 154, 'PLwithQ': 154, 'budget': 44860}
pl 98 336 21 {'PLtried': 155, 'PLwithQ': 155, 'budget': 45160}
pl 99 336 22 {'PLtried': 156, 'PLwithQ': 156, 'budget': 45460}
pl 100 336 22 {'PLtried': 157, 'PLwithQ': 157, 'budget': 45760}
pl 101 336 22 {'PLtried': 158, 'PLwithQ': 158, 'budget': 46060}
pl 102 336 22 {'PLtried': 159, 'PLwithQ': 159, 'budget': 46360}
pl 103 336 22 {'PLtried': 160, 'PLwithQ': 160, 'budget': 46660}
pl 104 336 22 {'PLtried': 161, 'PLwithQ': 161, 'budget': 46960}
pl 105 336 22 {'PLtried': 162, 'PLwithQ': 162, 'budget': 47260}
pl 106 336 23 {'PLtried': 163, 'PLwithQ': 163, 'budget': 47560}
pl 107 336 23 {'PLtried': 164, 'PLwithQ': 164, 'budget': 47860}
pl 108 336 23 {'PLtried': 165, 'PLwithQ': 165, 'budget': 48160}
pl 109 336 23 {'PLtried': 166, 'PLwithQ': 166, 'budget': 48460}
pl 110 336 23 {'PLtried': 167, 'PLwithQ': 167, 'budget': 48760}
pl 111 336 23 {'PLtried': 168, 'PLwithQ': 168, 'budget': 49060}
pl 112 336 23 {'PLtried': 169, 'PLwithQ': 169, 'budget': 49360}
pl 113 336 23 {'PLtried': 170, 'PLwithQ': 170, 'budget': 49660}
pl 114 336 24 {'PLtried': 171, 'PLwithQ': 171, 'budget': 49960}
pl 115 336 24 {'PLtried': 172, 'PLwithQ': 172, 'budget': 50260}
pl 116 336 24 {'PLtried': 173, 'PLwithQ': 173, 'budget': 50560}
pl 117 336 24 {'PLtried': 174, 'PLwithQ': 174, 'budget': 50860}
pl 118 336 24 {'PLtried': 175, 'PLwithQ': 175, 'budget': 51160}
pl 119 336 24 {'PLtried': 176, 'PLwithQ': 176, 'budget': 51460}
pl 120 336 24 {'PLtried': 177, 'PLwithQ': 177, 'budget': 51760}
pl 121 336 24 {'PLtried': 178, 'PLwithQ': 178, 'budget': 52060}
pl 122 336 25 {'PLtried': 179, 'PLwithQ': 179, 'budget': 52360}
pl 123 336 25 {'PLtried': 180, 'PLwithQ': 180, 'budget': 52660}
pl 124 336 25 {'PLtried': 181, 'PLwithQ': 181, 'budget': 52960}
pl 125 336 25 {'PLtried': 182, 'PLwithQ': 182, 'budget': 53260}
pl 126 336 25 {'PLtried': 183, 'PLwithQ': 183, 'budget': 53560}
pl 127 336 25 {'PLtried': 184, 'PLwithQ': 184, 'budget': 53860}
pl 128 336 25 {'PLtried': 185, 'PLwithQ': 185, 'budget': 54160}
pl 129 336 26 {'PLtried': 186, 'PLwithQ': 186, 'budget': 54460}
pl 130 336 26 {'PLtried': 187, 'PLwithQ': 187, 'budget': 54760}
pl 131 336 26 {'PLtried': 188, 'PLwithQ': 188, 'budget': 55060}
pl 132 336 26 {'PLtried': 189, 'PLwithQ': 189, 'budget': 55360}
pl 133 336 26 {'PLtried': 190, 'PLwithQ': 190, 'budget': 55660}
pl 134 336 26 {'PLtried': 191, 'PLwithQ': 191, 'budget': 55960}
pl 135 336 27 {'PLtried': 192, 'PLwithQ': 192, 'budget': 56260}
pl 136 336 27 {'PLtried': 193, 'PLwithQ': 193, 'budget': 56560}
pl 137 336 27 {'PLtried': 194, 'PLwithQ': 194, 'budget': 56860}
pl 138 336 27 {'PLtried': 195, 'PLwithQ': 195, 'budget': 57160}
pl 139 336 27 {'PLtried': 196, 'PLwithQ': 196, 'budget': 57460}
pl 140 336 27 {'PLtried': 197, 'PLwithQ': 197, 'budget': 57760}
pl 141 336 28 {'PLtried': 198, 'PLwithQ': 198, 'budget': 58060}
pl 142 336 28 {'PLtried': 199, 'PLwithQ': 199, 'budget': 58360}
pl 143 336 28 {'PLtried': 200, 'PLwithQ': 200, 'budget': 58660}
pl 144 336 28 {'PLtried': 201, 'PLwithQ': 201, 'budget': 58960}
pl 145 336 28 {'PLtried': 202, 'PLwithQ': 202, 'budget': 59260}
pl 146 336 28 {'PLtried': 203, 'PLwithQ': 203, 'budget': 59560}
pl 147 336 29 {'PLtried': 204, 'PLwithQ': 204, 'budget': 59860}
pl 148 336 29 {'PLtried': 205, 'PLwithQ': 205, 'budget': 60160}
pl 149 336 29 {'PLtried': 206, 'PLwithQ': 206, 'budget': 60460}
pl 150 336 29 {'PLtried': 207, 'PLwithQ': 207, 'budget': 60760}
pl 151 336 29 {'PLtried': 208, 'PLwithQ': 208, 'budget': 61060}
pl 152 336 29 {'PLtried': 209, 'PLwithQ': 209, 'budget': 61360}
pl 153 336 29 {'PLtried': 210, 'PLwithQ': 210, 'budget': 61660}
pl 154 336 30 {'PLtried': 211, 'PLwithQ': 211, 'budget': 61960}
pl 155 336 30 {'PLtried': 212, 'PLwithQ': 212, 'budget': 62260}
pl 156 336 30 {'PLtried': 213, 'PLwithQ': 213, 'budget': 62560}
pl 157 336 30 {'PLtried': 214, 'PLwithQ': 214, 'budget': 62860}
pl 158 336 30 {'PLtried': 215, 'PLwithQ': 215, 'budget': 63160}
pl 159 336 30 {'PLtried': 216, 'PLwithQ': 216, 'budget': 63460}
pl 160 336 31 {'PLtried': 217, 'PLwithQ': 217, 'budget': 63760}
pl 161 336 31 {'PLtried': 218, 'PLwithQ': 218, 'budget': 64060}
pl 162 336 31 {'PLtried': 219, 'PLwithQ': 219, 'budget': 64360}
pl 163 336 31 {'PLtried': 220, 'PLwithQ': 220, 'budget': 64660}
pl 164 336 31 {'PLtried': 221, 'PLwithQ': 221, 'budget': 64960}
pl 165 336 31 {'PLtried': 222, 'PLwithQ': 222, 'budget': 65260}
pl 166 336 32 {'PLtried': 223, 'PLwithQ': 223, 'budget': 65560}
pl 167 336 32 {'PLtried': 224, 'PLwithQ': 224, 'budget': 65860}
pl 168 336 32 {'PLtried': 225, 'PLwithQ': 225, 'budget': 66160}
pl 169 336 32 {'PLtried': 226, 'PLwithQ': 226, 'budget': 66460}
pl 170 336 32 {'PLtried': 227, 'PLwithQ': 227, 'budget': 66760}
pl 171 336 32 {'PLtried': 228, 'PLwithQ': 228, 'budget': 67060}
pl 172 336 32 {'PLtried': 229, 'PLwithQ': 229, 'budget': 67360}
pl 173 336 33 {'PLtried': 230, 'PLwithQ': 230, 'budget': 67660}
pl 174 336 33 {'PLtried': 231, 'PLwithQ': 231, 'budget': 67960}
pl 175 336 33 {'PLtried': 232, 'PLwithQ': 232, 'budget': 68260}
pl 176 336 33 {'PLtried': 233, 'PLwithQ': 233, 'budget': 68560}
pl 177 336 33 {'PLtried': 234, 'PLwithQ': 234, 'budget': 68860}
pl 178 336 33 {'PLtried': 235, 'PLwithQ': 235, 'budget': 69160}
pl 179 336 34 {'PLtried': 236, 'PLwithQ': 236, 'budget': 69460}
pl 180 336 34 {'PLtried': 237, 'PLwithQ': 237, 'budget': 69760}
pl 181 336 34 {'PLtried': 238, 'PLwithQ': 238, 'budget': 70060}
pl 182 336 34 {'PLtried': 239, 'PLwithQ': 239, 'budget': 70360}
pl 183 336 34 {'PLtried': 240, 'PLwithQ': 240, 'budget': 70660}
pl 184 336 35 {'PLtried': 241, 'PLwithQ': 241, 'budget': 70960}
pl 185 336 35 {'PLtried': 242, 'PLwithQ': 242, 'budget': 71260}
pl 186 336 35 {'PLtried': 243, 'PLwithQ': 243, 'budget': 71560}
pl 187 336 35 {'PLtried': 244, 'PLwithQ': 244, 'budget': 71860}
pl 188 336 35 {'PLtried': 245, 'PLwithQ': 245, 'budget': 72160}
pl 189 336 35 {'PLtried': 246, 'PLwithQ': 246, 'budget': 72460}
pl 190 336 35 {'PLtried': 247, 'PLwithQ': 247, 'budget': 72760}
pl 191 336 36 {'PLtried': 248, 'PLwithQ': 248, 'budget': 73060}
pl 192 336 36 {'PLtried': 249, 'PLwithQ': 249, 'budget': 73360}
pl 193 336 36 {'PLtried': 250, 'PLwithQ': 250, 'budget': 73660}
pl 194 336 36 {'PLtried': 251, 'PLwithQ': 251, 'budget': 73960}
pl 195 336 36 {'PLtried': 252, 'PLwithQ': 252, 'budget': 74260}
pl 196 336 36 {'PLtried': 253, 'PLwithQ': 253, 'budget': 74560}
pl 197 336 36 {'PLtried': 254, 'PLwithQ': 254, 'budget': 74860}
pl 198 336 37 {'PLtried': 255, 'PLwithQ': 255, 'budget': 75160}
pl 199 336 37 {'PLtried': 256, 'PLwithQ': 256, 'budget': 75460}
pl 200 336 37 {'PLtried': 257, 'PLwithQ': 257, 'budget': 75760}
pl 201 336 37 {'PLtried': 258, 'PLwithQ': 258, 'budget': 76060}
pl 202 336 37 {'PLtried': 259, 'PLwithQ': 259, 'budget': 76360}
pl 203 336 37 {'PLtried': 260, 'PLwithQ': 260, 'budget': 76660}
pl 204 336 38 {'PLtried': 261, 'PLwithQ': 261, 'budget': 76960}
pl 205 336 38 {'PLtried': 262, 'PLwithQ': 262, 'budget': 77260}
pl 206 336 38 {'PLtried': 263, 'PLwithQ': 263, 'budget': 77560}
pl 207 336 38 {'PLtried': 264, 'PLwithQ': 264, 'budget': 77860}
pl 208 336 38 {'PLtried': 265, 'PLwithQ': 265, 'budget': 78160}
pl 209 336 38 {'PLtried': 266, 'PLwithQ': 266, 'budget': 78460}
pl 210 336 38 {'PLtried': 267, 'PLwithQ': 267, 'budget': 78760}
pl 211 336 39 {'PLtried': 268, 'PLwithQ': 268, 'budget': 79060}
pl 212 336 39 {'PLtried': 269, 'PLwithQ': 269, 'budget': 79360}
pl 213 336 39 {'PLtried': 270, 'PLwithQ': 270, 'budget': 79660}
pl 214 336 39 {'PLtried': 271, 'PLwithQ': 271, 'budget': 79960}
pl 215 336 39 {'PLtried': 272, 'PLwithQ': 272, 'budget': 80260}
pl 216 336 39 {'PLtried': 273, 'PLwithQ': 273, 'budget': 80560}
pl 217 336 39 {'PLtried': 274, 'PLwithQ': 274, 'budget': 80860}
pl 218 336 40 {'PLtried': 275, 'PLwithQ': 275, 'budget': 81160}
pl 219 336 40 {'PLtried': 276, 'PLwithQ': 276, 'budget': 81460}
pl 220 336 40 {'PLtried': 277, 'PLwithQ': 277, 'budget': 81760}
pl 221 336 40 {'PLtried': 278, 'PLwithQ': 278, 'budget': 82060}
pl 222 336 40 {'PLtried': 279, 'PLwithQ': 279, 'budget': 82360}
pl 223 336 40 {'PLtried': 280, 'PLwithQ': 280, 'budget': 82660}
pl 224 336 40 {'PLtried': 281, 'PLwithQ': 281, 'budget': 82960}
pl 225 336 41 {'PLtried': 282, 'PLwithQ': 282, 'budget': 83260}
pl 226 336 41 {'PLtried': 283, 'PLwithQ': 283, 'budget': 83560}
pl 227 336 41 {'PLtried': 284, 'PLwithQ': 284, 'budget': 83860}
pl 228 336 41 {'PLtried': 285, 'PLwithQ': 285, 'budget': 84160}
pl 229 336 41 {'PLtried': 286, 'PLwithQ': 286, 'budget': 84460}
pl 230 336 42 {'PLtried': 287, 'PLwithQ': 287, 'budget': 84760}
pl 231 336 42 {'PLtried': 288, 'PLwithQ': 288, 'budget': 85060}
pl 232 336 42 {'PLtried': 289, 'PLwithQ': 289, 'budget': 85360}
pl 233 336 42 {'PLtried': 290, 'PLwithQ': 290, 'budget': 85660}
pl 234 336 42 {'PLtried': 291, 'PLwithQ': 291, 'budget': 85960}
pl 235 336 42 {'PLtried': 292, 'PLwithQ': 292, 'budget': 86260}
pl 236 336 42 {'PLtried': 293, 'PLwithQ': 293, 'budget': 86560}
pl 237 336 43 {'PLtried': 294, 'PLwithQ': 294, 'budget': 86860}
pl 238 336 43 {'PLtried': 295, 'PLwithQ': 295, 'budget': 87160}
pl 239 336 43 {'PLtried': 296, 'PLwithQ': 296, 'budget': 87460}
pl 240 336 43 {'PLtried': 297, 'PLwithQ': 297, 'budget': 87760}
pl 241 336 43 {'PLtried': 298, 'PLwithQ': 298, 'budget': 88060}
pl 242 336 43 {'PLtried': 299, 'PLwithQ': 299, 'budget': 88360}
pl 243 336 44 {'PLtried': 300, 'PLwithQ': 300, 'budget': 88660}
pl 244 336 44 {'PLtried': 301, 'PLwithQ': 301, 'budget': 88960}
pl 245 336 44 {'PLtried': 302, 'PLwithQ': 302, 'budget': 89260}
pl 246 336 44 {'PLtried': 303, 'PLwithQ': 303, 'budget': 89560}
pl 247 336 44 {'PLtried': 304, 'PLwithQ': 304, 'budget': 89860}
pl 248 336 44 {'PLtried': 305, 'PLwithQ': 305, 'budget': 90160}
pl 249 336 45 {'PLtried': 306, 'PLwithQ': 306, 'budget': 90460}
pl 250 336 45 {'PLtried': 307, 'PLwithQ': 307, 'budget': 90760}
pl 251 336 45 {'PLtried': 308, 'PLwithQ': 308, 'budget': 91060}
pl 252 336 45 {'PLtried': 309, 'PLwithQ': 309, 'budget': 91360}
pl 253 336 45 {'PLtried': 310, 'PLwithQ': 310, 'budget': 91660}
pl 254 336 45 {'PLtried': 311, 'PLwithQ': 311, 'budget': 91960}
pl 255 336 45 {'PLtried': 312, 'PLwithQ': 312, 'budget': 92260}
pl 256 336 45 {'PLtried': 313, 'PLwithQ': 313, 'budget': 92560}
pl 257 336 46 {'PLtried': 314, 'PLwithQ': 314, 'budget': 92860}
pl 258 336 46 {'PLtried': 315, 'PLwithQ': 315, 'budget': 93160}
pl 259 336 46 {'PLtried': 316, 'PLwithQ': 316, 'budget': 93460}
pl 260 336 46 {'PLtried': 317, 'PLwithQ': 317, 'budget': 93760}
pl 261 336 46 {'PLtried': 318, 'PLwithQ': 318, 'budget': 94060}
pl 262 336 46 {'PLtried': 319, 'PLwithQ': 319, 'budget': 94360}
pl 263 336 46 {'PLtried': 320, 'PLwithQ': 320, 'budget': 94660}
pl 264 336 46 {'PLtried': 321, 'PLwithQ': 321, 'budget': 94960}
pl 265 336 46 {'PLtried': 322, 'PLwithQ': 322, 'budget': 95260}
pl 266 336 47 {'PLtried': 323, 'PLwithQ': 323, 'budget': 95560}
pl 267 336 47 {'PLtried': 324, 'PLwithQ': 324, 'budget': 95860}
pl 268 336 47 {'PLtried': 325, 'PLwithQ': 325, 'budget': 96160}
pl 269 336 47 {'PLtried': 326, 'PLwithQ': 326, 'budget': 96460}
pl 270 336 47 {'PLtried': 327, 'PLwithQ': 327, 'budget': 96760}
pl 271 336 48 {'PLtried': 328, 'PLwithQ': 328, 'budget': 97060}
pl 272 336 48 {'PLtried': 329, 'PLwithQ': 329, 'budget': 97360}
pl 273 336 48 {'PLtried': 330, 'PLwithQ': 330, 'budget': 97660}
pl 274 336 48 {'PLtried': 331, 'PLwithQ': 331, 'budget': 97960}
pl 275 336 48 {'PLtried': 332, 'PLwithQ': 332, 'budget': 98260}
pl 276 336 48 {'PLtried': 333, 'PLwithQ': 333, 'budget': 98560}
pl 277 336 48 {'PLtried': 334, 'PLwithQ': 334, 'budget': 98860}
pl 278 336 48 {'PLtried': 335, 'PLwithQ': 335, 'budget': 99160}
pl 279 336 49 {'PLtried': 336, 'PLwithQ': 336, 'budget': 99460}
pl 280 336 49 {'PLtried': 337, 'PLwithQ': 337, 'budget': 99760}
pl 281 336 49 {'PLtried': 338, 'PLwithQ': 338, 'budget': 100060}
pl 282 336 49 {'PLtried': 339, 'PLwithQ': 339, 'budget': 100360}
pl 283 336 49 {'PLtried': 340, 'PLwithQ': 340, 'budget': 100660}
pl 284 336 49 {'PLtried': 341, 'PLwithQ': 341, 'budget': 100960}
pl 285 336 50 {'PLtried': 342, 'PLwithQ': 342, 'budget': 101260}
pl 286 336 50 {'PLtried': 343, 'PLwithQ': 343, 'budget': 101560}
pl 287 336 50 {'PLtried': 344, 'PLwithQ': 344, 'budget': 101860}
pl 288 336 50 {'PLtried': 345, 'PLwithQ': 345, 'budget': 102160}
pl 289 336 50 {'PLtried': 346, 'PLwithQ': 346, 'budget': 102460}
pl 290 336 50 {'PLtried': 347, 'PLwithQ': 347, 'budget': 102760}
