ports totals {0: 83, 1: 48, 2: 31, 3: 36, 4: 9}
eligible mmmww 1 [49, 14, 17]
eligible mmmww 2 [56, 16, 19]
eligible mmwmw 1 [49, 14, 3]
eligible mmwmw 2 [56, 15, 18]
eligible mmwwm 1 [49, 14, 4]
eligible mmwwm 2 [56, 15, 4]
eligible mwmmw 1 [49, 17, 3]
eligible mwmmw 2 [54, 19, 18]
eligible mwmwm 1 [49, 17, 4]
eligible mwmwm 2 [54, 19, 4]
eligible mwwmm 1 [44, 3, 4]
eligible mwwmm 2 [54, 18, 4]
eligible wmmmw 1 [7, 17, 3]
eligible wmmmw 2 [18, 19, 18]
eligible wmmwm 1 [7, 17, 4]
eligible wmmwm 2 [17, 19, 4]
eligible wmwmm 1 [7, 3, 4]
eligible wmwmm 2 [16, 18, 4]
eligible wwmmm 1 [17, 3, 4]
eligible wwmmm 2 [19, 18, 4]
ML {8: 12, 9: 12, 15: 12, 16: 12, 17: 11, 24: 8, 25: 11, 29: 10, 30: 11, 34: 11, 41: 12, 42: 12, 43: 11, 48: 11, 55: 7, 56: 11, 64: 7, 65: 7, 66: 7, 69: 7}
hist [('none', 2), ('portconflict', 5), (15, 1), (18, 1), (19, 3), (20, 3), (21, 2), (22, 1), (23, 5), (24, 8), (25, 3), (26, 7), (27, 3), (28, 5), (29, 4), (30, 6), (31, 4), (32, 6), (33, 9), (34, 3), (35, 1), (36, 3), (37, 2), (38, 1), (39, 3), (40, 1), (41, 2), (43, 2), (44, 1), (46, 1)]
c0000 mwmwm rail 12
hist [('none', 2), ('portconflict', 8), (12, 1), (15, 2), (18, 2), (19, 8), (20, 3), (21, 2), (22, 1), (23, 7), (24, 10), (25, 7), (26, 11), (27, 6), (28, 6), (29, 6), (30, 9), (31, 5), (32, 6), (33, 12), (34, 3), (35, 3), (36, 8), (37, 3), (38, 5), (39, 4), (40, 1), (41, 2), (43, 2), (44, 1), (46, 1)]
