ports totals {0: 83, 1: 48, 2: 31, 3: 36, 4: 9}
eligible mmmww 1 [49, 14, 17]
eligible mmmww 2 [56, 16, 19]
eligible mmwmw 1 [49, 14, 3]
eligible mmwmw 2 [56, 15, 18]
eligible mmwwm 1 [49, 14, 4]
eligible mmwwm 2 [56, 15, 4]
eligible mwmmw 1 [49, 17, 3]
eligible mwmmw 2 [54, 19, 18]
eligible mwmwm 1 [49, 17, 4]
eligible mwmwm 2 [54, 19, 4]
eligible mwwmm 1 [44, 3, 4]
eligible mwwmm 2 [54, 18, 4]
eligible wmmmw 1 [7, 17, 3]
eligible wmmmw 2 [18, 19, 18]
eligible wmmwm 1 [7, 17, 4]
eligible wmmwm 2 [17, 19, 4]
eligible wmwmm 1 [7, 3, 4]
eligible wmwmm 2 [16, 18, 4]
eligible wwmmm 1 [17, 3, 4]
eligible wwmmm 2 [19, 18, 4]
ML {8: 12, 9: 12, 15: 12, 16: 12, 17: 11, 24: 8, 25: 11, 29: 10, 30: 11, 34: 11, 41: 12, 42: 12, 43: 11, 48: 11, 55: 7, 56: 11, 64: 7, 65: 7, 66: 7, 69: 7}
hist [('none', 2), ('portconflict', 1), (16, 1), (17, 1), (19, 1), (21, 5), (22, 1), (23, 1), (24, 3), (25, 5), (27, 1), (28, 2), (29, 1), (30, 1), (31, 2), (32, 2), (33, 2), (34, 4), (36, 2), (37, 3), (38, 2), (39, 1), (40, 1), (44, 1), (47, 1)]
hist [('none', 6), ('portconflict', 4), (16, 1), (17, 2), (19, 2), (20, 1), (21, 6), (22, 4), (23, 2), (24, 6), (25, 5), (26, 5), (27, 2), (28, 4), (29, 3), (30, 4), (31, 3), (32, 4), (33, 3), (34, 7), (35, 1), (36, 4), (37, 3), (38, 6), (39, 1), (40, 1), (41, 1), (43, 1), (44, 1), (47, 1), (55, 1)]
hist [('none', 8), ('portconflict', 4), (16, 1), (17, 2), (19, 5), (20, 2), (21, 7), (22, 4), (23, 5), (24, 8), (25, 5), (26, 11), (27, 4), (28, 5), (29, 5), (30, 6), (31, 5), (32, 8), (33, 4), (34, 9), (35, 3), (36, 5), (37, 8), (38, 8), (39, 1), (40, 3), (41, 1), (43, 2), (44, 1), (47, 1), (55, 1)]
c0000 mwmwm rail 12
