carrier 8 slot 3 ports 49
carrier 9 slot 0 ports 39
carrier 15 slot 4 ports 74
carrier 16 slot 2 ports 27
carrier 17 slot 1 ports 23
carrier 24 slot 3 ports 52
carrier 25 slot 4 ports 188
carrier 29 slot 0 ports 72
carrier 30 slot 1 ports 123
carrier 34 slot 2 ports 109
carrier 41 slot 1 ports 246
carrier 42 slot 3 ports 143
carrier 43 slot 4 ports 253
carrier 48 slot 2 ports 229
carrier 55 slot 4 ports 304
carrier 56 slot 0 ports 184
carrier 64 slot 0 ports 243
carrier 65 slot 1 ports 289
carrier 66 slot 2 ports 284
carrier 69 slot 3 ports 168
ports totals {0: 243, 1: 289, 2: 284, 3: 168, 4: 304}
eligible mmmww 1 [120, 159, 174]
eligible mmmww 2 [168, 174, 175]
eligible mmwmw 1 [120, 158, 55]
eligible mmwmw 2 [162, 175, 112]
eligible mmwwm 1 [120, 158, 155]
eligible mmwwm 2 [159, 173, 205]
eligible mwmmw 1 [120, 157, 58]
eligible mwmmw 2 [159, 187, 108]
eligible mwmwm 1 [120, 157, 155]
eligible mwmwm 2 [156, 178, 205]
eligible mwwmm 1 [115, 55, 156]
eligible mwwmm 2 [156, 112, 192]
eligible wmmmw 1 [152, 174, 58]
eligible wmmmw 2 [183, 184, 106]
eligible wmmwm 1 [152, 174, 155]
eligible wmmwm 2 [181, 175, 205]
eligible wmwmm 1 [151, 55, 156]
eligible wmwmm 2 [182, 112, 192]
eligible wwmmm 1 [156, 58, 156]
eligible wwmmm 2 [197, 108, 192]
ML {8: 12, 9: 12, 15: 12, 16: 12, 17: 11, 24: 8, 25: 11, 29: 10, 30: 11, 34: 11, 41: 12, 42: 12, 43: 11, 48: 11, 55: 7, 56: 11, 64: 7, 65: 7, 66: 7, 69: 7}
