ports totals {0: 27, 1: 26, 2: 1, 3: 2, 4: 2}
eligible mmmww 1 [11, 13, 1]
eligible mmmww 2 [13, 13, 0]
eligible mmwmw 1 [11, 13, 0]
eligible mmwmw 2 [13, 13, 0]
eligible mmwwm 1 [11, 13, 0]
eligible mmwwm 2 [11, 13, 1]
eligible mwmmw 1 [9, 1, 0]
eligible mwmmw 2 [11, 0, 0]
eligible mwmwm 1 [9, 1, 0]
eligible mwmwm 2 [9, 0, 1]
eligible mwwmm 1 [9, 0, 0]
eligible mwwmm 2 [9, 0, 1]
eligible wmmmw 1 [13, 1, 0]
eligible wmmmw 2 [13, 0, 0]
eligible wmmwm 1 [13, 1, 0]
eligible wmmwm 2 [13, 0, 1]
eligible wmwmm 1 [13, 0, 0]
eligible wmwmm 2 [13, 0, 1]
eligible wwmmm 1 [1, 0, 0]
eligible wwmmm 2 [0, 0, 1]
budget triples 286
shard 0 1 286
hist [(21, 1), (22, 1), (24, 2), (25, 2), (26, 3), (28, 5), (29, 13), (30, 7), (31, 6), (32, 3), (33, 1), (34, 2), (35, 1), (36, 3)]
hist [(21, 2), (22, 2), (23, 1), (24, 2), (25, 3), (26, 6), (27, 1), (28, 8), (29, 22), (30, 20), (31, 12), (32, 6), (33, 4), (34, 2), (35, 2), (36, 5), (37, 2)]
hist [(21, 3), (22, 2), (23, 1), (24, 3), (25, 7), (26, 7), (27, 2), (28, 11), (29, 33), (30, 33), (31, 17), (32, 9), (33, 5), (34, 3), (35, 2), (36, 8), (37, 4)]
progress 200 199 0
hist [(21, 3), (22, 2), (23, 2), (24, 4), (25, 7), (26, 8), (27, 5), (28, 19), (29, 40), (30, 45), (31, 24), (32, 10), (33, 10), (34, 3), (35, 3), (36, 9), (37, 6)]
hist [(21, 3), (22, 4), (23, 3), (24, 4), (25, 12), (26, 9), (27, 5), (28, 21), (29, 53), (30, 55), (31, 29), (32, 13), (33, 12), (34, 5), (35, 4), (36, 11), (37, 7)]
done {'attempts': 286, 'facepass': 286, 'candidates': 0}

real	2m55.719s
user	0m0.000s
sys	0m0.031s
