pool {0: {'D': 27, 'R': 29}, 1: {'D': 26, 'R': 13, 'E': 1}, 2: {'D': 1, 'E': 1, 'R': 9}, 3: {'D': 2, 'R': 26}, 4: {'D': 2, 'R': 34}}
mmmww 1 [27, 40, 11]
mmmww 2 [27, 40, 11]
mmwmw 1 [27, 40, 2]
mmwmw 2 [27, 40, 2]
mmwwm 1 [56, 40, 2]
mmwwm 2 [56, 40, 2]
mwmmw 1 [27, 2, 28]
mwmmw 2 [27, 2, 28]
mwmwm 1 [56, 2, 2]
mwmwm 2 [56, 2, 2]
mwwmm 1 [56, 2, 36]
mwwmm 2 [56, 2, 36]
wmmmw 1 [27, 11, 28]
wmmmw 2 [27, 11, 28]
wmmwm 1 [27, 11, 2]
wmmwm 2 [27, 11, 2]
wmwmm 1 [27, 2, 36]
wmwmm 2 [27, 2, 36]
wwmmm 1 [2, 28, 36]
wwmmm 2 [2, 28, 36]
combos 6193
prog 0 {}
prog 2000 {'face': 1721, 'budget': 213, 'rail30': 4, 'conflict': 22, 'rail32': 3, 'rail29': 3, 'rail35': 3, 'rail21': 4, 'rail22': 4, 'rail34': 2, 'rail24': 2, 'rail31': 1, 'rail27': 5, 'rail18': 1, 'rail25': 3, 'rail37': 1, 'rail20': 1, 'rail33': 1, 'rail26': 1, 'rail23': 2, 'rail19': 1, 'rail28': 1, 'rail13': 1}
prog 4000 {'face': 3424, 'budget': 441, 'rail30': 8, 'conflict': 41, 'rail32': 5, 'rail29': 9, 'rail35': 4, 'rail21': 4, 'rail22': 9, 'rail34': 3, 'rail24': 6, 'rail31': 6, 'rail27': 7, 'rail18': 2, 'rail25': 8, 'rail37': 1, 'rail20': 2, 'rail33': 2, 'rail26': 2, 'rail23': 6, 'rail19': 1, 'rail28': 3, 'rail13': 1, 'norail': 1, 'rail17': 1, 'rail40': 1, 'rail12': 1, 'rail36': 1}
