pool {0: {'D': 27, 'R': 29}, 1: {'D': 26, 'R': 13, 'E': 1}, 2: {'D': 1, 'E': 1, 'R': 9}, 3: {'D': 2, 'R': 26}, 4: {'D': 2, 'R': 34}}
mmmww 1 [27, 40, 11]
mmmww 2 [27, 40, 11]
mmwmw 1 [27, 40, 2]
mmwmw 2 [27, 40, 2]
mmwwm 1 [56, 40, 2]
mmwwm 2 [56, 40, 2]
mwmmw 1 [27, 2, 28]
mwmmw 2 [27, 2, 28]
mwmwm 1 [56, 2, 2]
mwmwm 2 [56, 2, 2]
mwwmm 1 [56, 2, 36]
mwwmm 2 [56, 2, 36]
wmmmw 1 [27, 11, 28]
wmmmw 2 [27, 11, 28]
wmmwm 1 [27, 11, 2]
wmmwm 2 [27, 11, 2]
wmwmm 1 [27, 2, 36]
wmwmm 2 [27, 2, 36]
wwmmm 1 [2, 28, 36]
wwmmm 2 [2, 28, 36]
combos 6193
prog 0 {}
prog 2000 {'face': 1724, 'budget': 215, 'rail29': 6, 'rail30': 6, 'rail28': 2, 'conflict': 19, 'rail31': 2, 'rail33': 2, 'rail25': 3, 'rail12': 1, 'rail34': 4, 'rail32': 3, 'rail20': 3, 'rail24': 1, 'rail21': 1, 'rail22': 2, 'rail37': 1, 'rail38': 1, 'rail16': 1, 'rail36': 1, 'rail26': 1, 'rail23': 1}
prog 4000 {'face': 3437, 'budget': 444, 'rail29': 10, 'rail30': 9, 'rail28': 5, 'conflict': 34, 'rail31': 6, 'rail33': 3, 'rail25': 5, 'rail12': 1, 'rail34': 8, 'rail32': 5, 'rail20': 6, 'rail24': 3, 'rail21': 3, 'rail22': 4, 'rail37': 1, 'rail38': 1, 'rail16': 2, 'rail36': 3, 'rail26': 1, 'rail23': 2, 'rail19': 1, 'rail27': 2, 'norail': 2, 'rail14': 1, 'rail35': 1}
