pool {0: {'D': 27, 'R': 29}, 1: {'D': 26, 'R': 13, 'E': 1}, 2: {'D': 1, 'E': 1, 'R': 9}, 3: {'D': 2, 'R': 26}, 4: {'D': 2, 'R': 34}}
mmmww 1 [27, 40, 11]
mmmww 2 [27, 40, 11]
mmwmw 1 [27, 40, 2]
mmwmw 2 [27, 40, 2]
mmwwm 1 [56, 40, 2]
mmwwm 2 [56, 40, 2]
mwmmw 1 [27, 2, 28]
mwmmw 2 [27, 2, 28]
mwmwm 1 [56, 2, 2]
mwmwm 2 [56, 2, 2]
mwwmm 1 [56, 2, 36]
mwwmm 2 [56, 2, 36]
wmmmw 1 [27, 11, 28]
wmmmw 2 [27, 11, 28]
wmmwm 1 [27, 11, 2]
wmmwm 2 [27, 11, 2]
wmwmm 1 [27, 2, 36]
wmwmm 2 [27, 2, 36]
wwmmm 1 [2, 28, 36]
wwmmm 2 [2, 28, 36]
combos 6193
prog 0 {}
prog 2000 {'face': 1705, 'budget': 237, 'rail32': 2, 'rail24': 5, 'rail23': 3, 'conflict': 13, 'rail30': 4, 'rail22': 4, 'rail27': 2, 'rail21': 2, 'rail26': 3, 'rail31': 3, 'rail25': 3, 'rail33': 3, 'rail37': 1, 'rail10': 1, 'norb': 1, 'rail29': 2, 'rail15': 1, 'rail34': 2, 'rail19': 1, 'rail14': 1, 'rail28': 1}
prog 4000 {'face': 3419, 'budget': 457, 'rail32': 2, 'rail24': 10, 'rail23': 4, 'conflict': 30, 'rail30': 7, 'rail22': 6, 'rail27': 4, 'rail21': 5, 'rail26': 5, 'rail31': 7, 'rail25': 8, 'rail33': 7, 'rail37': 1, 'rail10': 1, 'norb': 1, 'rail29': 5, 'rail15': 2, 'rail34': 4, 'rail19': 4, 'rail14': 1, 'rail28': 1, 'rail41': 2, 'rail36': 2, 'rail20': 2, 'rail12': 1, 'rail35': 1, 'rail18': 1}
