pool {0: {'D': 27, 'R': 29}, 1: {'D': 26, 'R': 13, 'E': 1}, 2: {'D': 1, 'E': 1, 'R': 9}, 3: {'D': 2, 'R': 26}, 4: {'D': 2, 'R': 34}}
mmmww 1 [27, 40, 11]
mmmww 2 [27, 40, 11]
mmwmw 1 [27, 40, 2]
mmwmw 2 [27, 40, 2]
mmwwm 1 [56, 40, 2]
mmwwm 2 [56, 40, 2]
mwmmw 1 [27, 2, 28]
mwmmw 2 [27, 2, 28]
mwmwm 1 [56, 2, 2]
mwmwm 2 [56, 2, 2]
mwwmm 1 [56, 2, 36]
mwwmm 2 [56, 2, 36]
wmmmw 1 [27, 11, 28]
wmmmw 2 [27, 11, 28]
wmmwm 1 [27, 11, 2]
wmmwm 2 [27, 11, 2]
wmwmm 1 [27, 2, 36]
wmwmm 2 [27, 2, 36]
wwmmm 1 [2, 28, 36]
wwmmm 2 [2, 28, 36]
combos 6193
prog 0 {}
prog 2000 {'face': 1704, 'budget': 229, 'rail31': 7, 'conflict': 19, 'rail32': 3, 'rail21': 5, 'rail23': 6, 'rail30': 4, 'rail35': 2, 'rail15': 1, 'rail33': 3, 'rail20': 2, 'rail24': 1, 'rail26': 1, 'rail27': 1, 'rail34': 2, 'rail22': 2, 'rail17': 1, 'rail29': 3, 'rail18': 1, 'rail28': 2, 'rail25': 1}
prog 4000 {'face': 3435, 'budget': 434, 'rail31': 9, 'conflict': 41, 'rail32': 9, 'rail21': 7, 'rail23': 9, 'rail30': 7, 'rail35': 3, 'rail15': 1, 'rail33': 3, 'rail20': 4, 'rail24': 7, 'rail26': 2, 'rail27': 1, 'rail34': 3, 'rail22': 5, 'rail17': 1, 'rail29': 5, 'rail18': 2, 'rail28': 4, 'rail25': 4, 'rail19': 2, 'rail36': 2}
