pool {0: {'D': 27, 'R': 29}, 1: {'D': 26, 'R': 13, 'E': 1}, 2: {'D': 1, 'E': 1, 'R': 9}, 3: {'D': 2, 'R': 26}, 4: {'D': 2, 'R': 34}}
mmmww 1 [27, 40, 11]
mmmww 2 [27, 40, 11]
mmwmw 1 [27, 40, 2]
mmwmw 2 [27, 40, 2]
mmwwm 1 [56, 40, 2]
mmwwm 2 [56, 40, 2]
mwmmw 1 [27, 2, 28]
mwmmw 2 [27, 2, 28]
mwmwm 1 [56, 2, 2]
mwmwm 2 [56, 2, 2]
mwwmm 1 [56, 2, 36]
mwwmm 2 [56, 2, 36]
wmmmw 1 [27, 11, 28]
wmmmw 2 [27, 11, 28]
wmmwm 1 [27, 11, 2]
wmmwm 2 [27, 11, 2]
wmwmm 1 [27, 2, 36]
wmwmm 2 [27, 2, 36]
wwmmm 1 [2, 28, 36]
wwmmm 2 [2, 28, 36]
combos 6193
prog 0 {}
prog 2000 {'face': 1706, 'budget': 232, 'rail22': 6, 'rail28': 3, 'conflict': 15, 'rail17': 1, 'rail37': 1, 'rail30': 5, 'rail26': 1, 'rail23': 5, 'rail34': 2, 'rail25': 4, 'rail31': 4, 'rail36': 1, 'rail29': 2, 'rail38': 1, 'rail16': 1, 'rail24': 2, 'rail20': 2, 'rail33': 3, 'rail27': 1, 'rail32': 1, 'rail15': 1}
prog 4000 {'face': 3399, 'budget': 473, 'rail22': 10, 'rail28': 4, 'conflict': 36, 'rail17': 1, 'rail37': 1, 'rail30': 8, 'rail26': 2, 'rail23': 8, 'rail34': 2, 'rail25': 5, 'rail31': 8, 'rail36': 2, 'rail29': 4, 'rail38': 1, 'rail16': 1, 'rail24': 7, 'rail20': 4, 'rail33': 5, 'rail27': 3, 'rail32': 5, 'rail15': 2, 'rail21': 2, 'norail': 1, 'rail14': 1, 'rail11': 1, 'norb': 2, 'rail10': 1, 'rail12': 1, 'rail35': 1}
