pool {0: {'D': 27, 'R': 29}, 1: {'D': 26, 'R': 13, 'E': 1}, 2: {'D': 1, 'E': 1, 'R': 9}, 3: {'D': 2, 'R': 26}, 4: {'D': 2, 'R': 34}}
mmmww 1 [27, 40, 11]
mmmww 2 [27, 40, 11]
mmwmw 1 [27, 40, 2]
mmwmw 2 [27, 40, 2]
mmwwm 1 [56, 40, 2]
mmwwm 2 [56, 40, 2]
mwmmw 1 [27, 2, 28]
mwmmw 2 [27, 2, 28]
mwmwm 1 [56, 2, 2]
mwmwm 2 [56, 2, 2]
mwwmm 1 [56, 2, 36]
mwwmm 2 [56, 2, 36]
wmmmw 1 [27, 11, 28]
wmmmw 2 [27, 11, 28]
wmmwm 1 [27, 11, 2]
wmmwm 2 [27, 11, 2]
wmwmm 1 [27, 2, 36]
wmwmm 2 [27, 2, 36]
wwmmm 1 [2, 28, 36]
wwmmm 2 [2, 28, 36]
combos 6193
prog 0 {}
prog 2000 {'face': 1737, 'budget': 209, 'rail33': 3, 'rail29': 2, 'rail32': 6, 'rail23': 2, 'rail34': 2, 'conflict': 12, 'rail30': 1, 'rail35': 1, 'rail20': 3, 'rail31': 2, 'rail24': 4, 'rail22': 4, 'rail27': 2, 'rail26': 1, 'rail18': 1, 'rail28': 3, 'rail36': 1, 'rail25': 1, 'rail21': 1, 'rail38': 1, 'rail37': 1}
prog 4000 {'face': 3433, 'budget': 443, 'rail33': 5, 'rail29': 3, 'rail32': 7, 'rail23': 2, 'rail34': 3, 'conflict': 29, 'rail30': 7, 'rail35': 1, 'rail20': 6, 'rail31': 7, 'rail24': 9, 'rail22': 7, 'rail27': 4, 'rail26': 6, 'rail18': 1, 'rail28': 10, 'rail36': 3, 'rail25': 2, 'rail21': 5, 'rail38': 1, 'rail37': 1, 'rail14': 1, 'rail17': 2, 'rail15': 1, 'rail10': 1, 'norb': 1}
