pool {0: {'D': 27, 'R': 29}, 1: {'D': 26, 'R': 13, 'E': 1}, 2: {'D': 1, 'E': 1, 'R': 9}, 3: {'D': 2, 'R': 26}, 4: {'D': 2, 'R': 34}}
mmmww 1 [27, 40, 11]
mmmww 2 [27, 40, 11]
mmwmw 1 [27, 40, 2]
mmwmw 2 [27, 40, 2]
mmwwm 1 [56, 40, 2]
mmwwm 2 [56, 40, 2]
mwmmw 1 [27, 2, 28]
mwmmw 2 [27, 2, 28]
mwmwm 1 [56, 2, 2]
mwmwm 2 [56, 2, 2]
mwwmm 1 [56, 2, 36]
mwwmm 2 [56, 2, 36]
wmmmw 1 [27, 11, 28]
wmmmw 2 [27, 11, 28]
wmmwm 1 [27, 11, 2]
wmmwm 2 [27, 11, 2]
wmwmm 1 [27, 2, 36]
wmwmm 2 [27, 2, 36]
wwmmm 1 [2, 28, 36]
wwmmm 2 [2, 28, 36]
combos 6193
prog 0 {}
prog 2000 {'conflict': 23, 'face': 1717, 'budget': 222, 'rail23': 3, 'rail30': 3, 'rail18': 1, 'rail21': 3, 'rail29': 1, 'rail31': 1, 'rail22': 5, 'norail': 1, 'rail35': 2, 'rail37': 2, 'rail15': 2, 'rail36': 1, 'rail33': 1, 'rail13': 2, 'rail27': 3, 'rail20': 1, 'rail24': 1, 'rail25': 2, 'rail34': 2, 'rail16': 1}
prog 4000 {'conflict': 38, 'face': 3422, 'budget': 453, 'rail23': 5, 'rail30': 8, 'rail18': 2, 'rail21': 7, 'rail29': 7, 'rail31': 4, 'rail22': 11, 'norail': 1, 'rail35': 3, 'rail37': 2, 'rail15': 4, 'rail36': 2, 'rail33': 4, 'rail13': 2, 'rail27': 4, 'rail20': 2, 'rail24': 1, 'rail25': 5, 'rail34': 4, 'rail16': 1, 'rail19': 1, 'rail32': 2, 'rail38': 1, 'rail26': 3, 'rail40': 1}
