pool {0: {'D': 27, 'R': 29}, 1: {'D': 26, 'R': 13, 'E': 1}, 2: {'D': 1, 'E': 1, 'R': 9}, 3: {'D': 2, 'R': 26}, 4: {'D': 2, 'R': 34}}
pool+E2 {0: {'D': 27, 'R': 29, 'E': 1}, 1: {'D': 26, 'R': 13, 'E': 1}, 2: {'D': 1, 'E': 1, 'R': 9}, 3: {'D': 2, 'R': 26}, 4: {'D': 2, 'R': 34}}
mmmww 1 [28, 40, 11]
mmmww 2 [28, 40, 11]
mmwmw 1 [28, 40, 2]
mmwmw 2 [28, 40, 2]
mmwwm 1 [57, 40, 2]
mmwwm 2 [57, 40, 2]
mwmmw 1 [28, 2, 28]
mwmmw 2 [28, 2, 28]
mwmwm 1 [57, 2, 2]
mwmwm 2 [57, 2, 2]
mwwmm 1 [57, 2, 36]
mwwmm 2 [57, 2, 36]
wmmmw 1 [27, 11, 28]
wmmmw 2 [27, 11, 28]
wmmwm 1 [27, 11, 2]
wmmwm 2 [27, 11, 2]
wmwmm 1 [27, 2, 36]
wmwmm 2 [27, 2, 36]
wwmmm 1 [2, 28, 36]
wwmmm 2 [2, 28, 36]
combos 75780
prog 0 {}
prog 2000 {'face': 1838, 'budget': 120, 'conflict': 7, 'rail34': 1, 'rail36': 2, 'rail21': 4, 'rail23': 5, 'rail29': 5, 'rail30': 2, 'rail22': 2, 'rail26': 1, 'rail35': 1, 'rail32': 2, 'rail28': 2, 'rail24': 2, 'rail25': 1, 'rail31': 2, 'rail27': 2, 'rail37': 1}
prog 4000 {'face': 3629, 'budget': 271, 'conflict': 12, 'rail34': 4, 'rail36': 5, 'rail21': 9, 'rail23': 12, 'rail29': 5, 'rail30': 6, 'rail22': 4, 'rail26': 3, 'rail35': 3, 'rail32': 6, 'rail28': 4, 'rail24': 5, 'rail25': 4, 'rail31': 6, 'rail27': 2, 'rail37': 3, 'rail33': 5, 'rail20': 1, 'rail13': 1}
prog 6000 {'face': 5437, 'budget': 413, 'conflict': 18, 'rail34': 4, 'rail36': 9, 'rail21': 12, 'rail23': 18, 'rail29': 11, 'rail30': 7, 'rail22': 7, 'rail26': 4, 'rail35': 3, 'rail32': 8, 'rail28': 7, 'rail24': 9, 'rail25': 5, 'rail31': 9, 'rail27': 4, 'rail37': 5, 'rail33': 6, 'rail20': 1, 'rail13': 1, 'rail19': 1, 'rail11': 1, 'norb': 1}
prog 8000 {'face': 7233, 'budget': 569, 'conflict': 27, 'rail34': 5, 'rail36': 12, 'rail21': 15, 'rail23': 22, 'rail29': 13, 'rail30': 8, 'rail22': 11, 'rail26': 8, 'rail35': 3, 'rail32': 11, 'rail28': 10, 'rail24': 10, 'rail25': 6, 'rail31': 12, 'rail27': 6, 'rail37': 6, 'rail33': 8, 'rail20': 2, 'rail13': 1, 'rail19': 1, 'rail11': 1, 'norb': 1}
