pool {0: {'D': 27, 'R': 29}, 1: {'D': 26, 'R': 13, 'E': 1}, 2: {'D': 1, 'E': 1, 'R': 9}, 3: {'D': 2, 'R': 26}, 4: {'D': 2, 'R': 34}}
pool+E2 {0: {'D': 27, 'R': 29, 'E': 1}, 1: {'D': 26, 'R': 13, 'E': 1}, 2: {'D': 1, 'E': 1, 'R': 9}, 3: {'D': 2, 'R': 26}, 4: {'D': 2, 'R': 34}}
mmmww 1 [11, 18, 6]
mmmww 2 [13, 17, 3]
mmwmw 1 [11, 24, 1]
mmwmw 2 [13, 23, 0]
mmwwm 1 [15, 24, 0]
mmwwm 2 [16, 23, 1]
mwmmw 1 [12, 2, 10]
mwmmw 2 [14, 0, 9]
mwmwm 1 [23, 2, 0]
mwmwm 2 [25, 0, 1]
mwwmm 1 [21, 0, 3]
mwwmm 2 [27, 0, 9]
wmmmw 1 [13, 5, 8]
wmmmw 2 [13, 2, 9]
wmmwm 1 [13, 6, 1]
wmmwm 2 [13, 3, 2]
wmwmm 1 [16, 0, 13]
wmwmm 2 [16, 0, 18]
wwmmm 1 [2, 2, 12]
wwmmm 2 [0, 3, 17]
combos 37
prog 0 {}
done {'rail12': 10, 'rail11': 5, 'norb': 20, 'budget': 6, 'rail10': 6, 'face': 1, 'rail8': 8, 'rail6': 1}
