pool {0: {'D': 27, 'R': 29}, 1: {'D': 26, 'R': 13, 'E': 1}, 2: {'D': 1, 'E': 1, 'R': 9}, 3: {'D': 2, 'R': 26}, 4: {'D': 2, 'R': 34}}
pool+E2 {0: {'D': 27, 'R': 29, 'E': 1}, 1: {'D': 26, 'R': 13, 'E': 1}, 2: {'D': 1, 'E': 1, 'R': 9}, 3: {'D': 2, 'R': 26}, 4: {'D': 2, 'R': 34}}
mmmww 1 [11, 16, 2]
mmmww 2 [13, 15, 0]
mmwmw 1 [11, 22, 1]
mmwmw 2 [13, 21, 0]
mmwwm 1 [12, 16, 0]
mmwwm 2 [13, 16, 1]
mwmmw 1 [12, 2, 6]
mwmmw 2 [14, 0, 5]
mwmwm 1 [20, 2, 0]
mwmwm 2 [21, 0, 1]
mwwmm 1 [11, 0, 1]
mwwmm 2 [13, 0, 6]
wmmmw 1 [13, 3, 1]
wmmmw 2 [13, 1, 0]
wmmwm 1 [13, 4, 1]
wmmwm 2 [13, 2, 2]
wmwmm 1 [16, 0, 10]
wmwmm 2 [16, 0, 14]
wwmmm 1 [2, 0, 1]
wwmmm 2 [0, 0, 2]
combos 136
prog 0 {}
done {'rail23': 7, 'rail27': 11, 'rail22': 7, 'budget': 32, 'rail29': 12, 'rail35': 2, 'rail28': 14, 'rail32': 3, 'rail34': 3, 'rail30': 16, 'rail31': 9, 'rail24': 1, 'rail33': 1, 'rail25': 4, 'rail21': 3, 'rail19': 2, 'rail20': 7, 'rail26': 2}
