ports totals {0: 64, 1: 60, 2: 9, 3: 4, 4: 3}
eligible mmmww 1 [31, 34, 7]
eligible mmmww 2 [35, 36, 5]
eligible mmwmw 1 [31, 34, 2]
eligible mmwmw 2 [35, 34, 2]
eligible mmwwm 1 [31, 34, 0]
eligible mmwwm 2 [31, 34, 2]
eligible mwmmw 1 [29, 7, 2]
eligible mwmmw 2 [33, 5, 2]
eligible mwmwm 1 [29, 7, 0]
eligible mwmwm 2 [29, 5, 2]
eligible mwwmm 1 [29, 2, 0]
eligible mwwmm 2 [29, 2, 2]
eligible wmmmw 1 [34, 7, 2]
eligible wmmmw 2 [36, 5, 2]
eligible wmmwm 1 [34, 7, 0]
eligible wmmwm 2 [36, 5, 2]
eligible wmwmm 1 [34, 2, 0]
eligible wmwmm 2 [34, 2, 2]
eligible wwmmm 1 [7, 2, 0]
eligible wwmmm 2 [5, 2, 2]
budget triples 15272
shard 0 14 1091
hist [(18, 1), (19, 2), (21, 3), (22, 2), (23, 2), (24, 2), (25, 1), (26, 4), (27, 2), (28, 2), (29, 5), (30, 6), (31, 5), (32, 2), (33, 1), (34, 1), (35, 2), (36, 2), (37, 3)]
hist [(18, 1), (19, 2), (20, 2), (21, 4), (22, 4), (23, 4), (24, 4), (25, 5), (26, 9), (27, 7), (28, 7), (29, 8), (30, 12), (31, 10), (32, 5), (33, 3), (34, 2), (35, 3), (36, 2), (37, 4)]
hist [('none', 1), (17, 1), (18, 1), (19, 2), (20, 3), (21, 7), (22, 8), (23, 7), (24, 6), (25, 8), (26, 10), (27, 12), (28, 8), (29, 13), (30, 17), (31, 16), (32, 7), (33, 5), (34, 2), (35, 3), (36, 4), (37, 7)]
progress 200 196 0
hist [('none', 1), (16, 1), (17, 1), (18, 1), (19, 2), (20, 4), (21, 11), (22, 12), (23, 9), (24, 6), (25, 10), (26, 13), (27, 15), (28, 11), (29, 20), (30, 21), (31, 20), (32, 11), (33, 8), (34, 2), (35, 4), (36, 6), (37, 8)]
hist [('none', 1), (10, 1), (16, 1), (17, 1), (18, 2), (19, 2), (20, 5), (21, 15), (22, 16), (23, 13), (24, 8), (25, 12), (26, 15), (27, 15), (28, 14), (29, 21), (30, 25), (31, 24), (32, 18), (33, 12), (34, 5), (35, 4), (36, 7), (37, 9)]
hist [('none', 1), (10, 2), (16, 2), (17, 1), (18, 2), (19, 2), (20, 5), (21, 16), (22, 18), (23, 15), (24, 11), (25, 12), (26, 17), (27, 18), (28, 20), (29, 24), (30, 35), (31, 29), (32, 22), (33, 15), (34, 6), (35, 4), (36, 8), (37, 10)]
