ports totals {0: 64, 1: 60, 2: 9, 3: 4, 4: 3}
eligible mmmww 1 [31, 34, 7]
eligible mmmww 2 [35, 36, 5]
eligible mmwmw 1 [31, 34, 2]
eligible mmwmw 2 [35, 34, 2]
eligible mmwwm 1 [31, 34, 0]
eligible mmwwm 2 [31, 34, 2]
eligible mwmmw 1 [29, 7, 2]
eligible mwmmw 2 [33, 5, 2]
eligible mwmwm 1 [29, 7, 0]
eligible mwmwm 2 [29, 5, 2]
eligible mwwmm 1 [29, 2, 0]
eligible mwwmm 2 [29, 2, 2]
eligible wmmmw 1 [34, 7, 2]
eligible wmmmw 2 [36, 5, 2]
eligible wmmwm 1 [34, 7, 0]
eligible wmmwm 2 [36, 5, 2]
eligible wmwmm 1 [34, 2, 0]
eligible wmwmm 2 [34, 2, 2]
eligible wwmmm 1 [7, 2, 0]
eligible wwmmm 2 [5, 2, 2]
budget triples 15272
shard 1 14 1091
hist [(17, 1), (19, 1), (20, 3), (21, 3), (22, 3), (23, 2), (24, 5), (25, 3), (26, 2), (27, 2), (28, 1), (29, 3), (30, 4), (31, 6), (32, 4), (33, 1), (36, 1), (37, 1), (38, 1), (39, 1)]
hist [(10, 1), (17, 1), (19, 1), (20, 5), (21, 6), (22, 6), (23, 7), (24, 6), (25, 5), (26, 3), (27, 3), (28, 10), (29, 4), (30, 8), (31, 11), (32, 6), (33, 3), (34, 1), (36, 5), (37, 3), (38, 2), (39, 1)]
c0000 mmmww rail 14
progress 200 193 1
hist [(10, 1), (14, 1), (15, 1), (16, 1), (17, 2), (19, 2), (20, 9), (21, 10), (22, 10), (23, 16), (24, 10), (25, 8), (26, 8), (27, 6), (28, 10), (29, 16), (30, 18), (31, 21), (32, 16), (33, 6), (34, 3), (35, 4), (36, 7), (37, 5), (38, 2), (39, 1)]
hist [(10, 1), (14, 1), (15, 1), (16, 1), (17, 3), (19, 3), (20, 11), (21, 11), (22, 12), (23, 18), (24, 11), (25, 11), (26, 11), (27, 10), (28, 11), (29, 20), (30, 21), (31, 28), (32, 18), (33, 8), (34, 5), (35, 7), (36, 10), (37, 7), (38, 2), (39, 1)]
c0001 mmmww rail 14
hist [(10, 1), (14, 2), (15, 1), (16, 1), (17, 3), (18, 1), (19, 5), (20, 13), (21, 16), (22, 14), (23, 21), (24, 15), (25, 14), (26, 12), (27, 12), (28, 13), (29, 25), (30, 22), (31, 29), (32, 25), (33, 9), (34, 7), (35, 8), (36, 12), (37, 7), (38, 2), (39, 1)]
