ports totals {0: 64, 1: 60, 2: 9, 3: 4, 4: 3}
eligible mmmww 1 [31, 34, 7]
eligible mmmww 2 [35, 36, 5]
eligible mmwmw 1 [31, 34, 2]
eligible mmwmw 2 [35, 34, 2]
eligible mmwwm 1 [31, 34, 0]
eligible mmwwm 2 [31, 34, 2]
eligible mwmmw 1 [29, 7, 2]
eligible mwmmw 2 [33, 5, 2]
eligible mwmwm 1 [29, 7, 0]
eligible mwmwm 2 [29, 5, 2]
eligible mwwmm 1 [29, 2, 0]
eligible mwwmm 2 [29, 2, 2]
eligible wmmmw 1 [34, 7, 2]
eligible wmmmw 2 [36, 5, 2]
eligible wmmwm 1 [34, 7, 0]
eligible wmmwm 2 [36, 5, 2]
eligible wmwmm 1 [34, 2, 0]
eligible wmwmm 2 [34, 2, 2]
eligible wwmmm 1 [7, 2, 0]
eligible wwmmm 2 [5, 2, 2]
budget triples 15272
shard 10 14 1091
hist [(16, 1), (20, 3), (21, 5), (22, 1), (23, 2), (25, 3), (26, 2), (27, 1), (28, 4), (29, 9), (30, 5), (31, 5), (32, 2), (34, 1), (35, 2), (36, 1), (38, 1)]
hist [(16, 1), (20, 3), (21, 6), (22, 4), (23, 6), (24, 2), (25, 4), (26, 6), (27, 1), (28, 7), (29, 15), (30, 10), (31, 13), (32, 5), (33, 4), (34, 2), (35, 4), (36, 1), (38, 2), (40, 1)]
hist [(16, 2), (18, 1), (19, 2), (20, 3), (21, 9), (22, 7), (23, 10), (24, 3), (25, 6), (26, 10), (27, 2), (28, 9), (29, 21), (30, 16), (31, 14), (32, 9), (33, 5), (34, 3), (35, 5), (36, 2), (37, 2), (38, 2), (40, 2)]
progress 200 191 0
hist [(16, 2), (18, 2), (19, 2), (20, 3), (21, 13), (22, 8), (23, 14), (24, 6), (25, 9), (26, 15), (27, 3), (28, 12), (29, 22), (30, 18), (31, 20), (32, 13), (33, 7), (34, 4), (35, 7), (36, 4), (37, 3), (38, 3), (40, 2)]
hist [(15, 1), (16, 2), (17, 1), (18, 2), (19, 3), (20, 6), (21, 15), (22, 11), (23, 16), (24, 9), (25, 10), (26, 19), (27, 6), (28, 12), (29, 27), (30, 24), (31, 23), (32, 16), (33, 10), (34, 8), (35, 8), (36, 5), (37, 3), (38, 3), (40, 2)]
