ports totals {0: 64, 1: 60, 2: 9, 3: 4, 4: 3}
eligible mmmww 1 [31, 34, 7]
eligible mmmww 2 [35, 36, 5]
eligible mmwmw 1 [31, 34, 2]
eligible mmwmw 2 [35, 34, 2]
eligible mmwwm 1 [31, 34, 0]
eligible mmwwm 2 [31, 34, 2]
eligible mwmmw 1 [29, 7, 2]
eligible mwmmw 2 [33, 5, 2]
eligible mwmwm 1 [29, 7, 0]
eligible mwmwm 2 [29, 5, 2]
eligible mwwmm 1 [29, 2, 0]
eligible mwwmm 2 [29, 2, 2]
eligible wmmmw 1 [34, 7, 2]
eligible wmmmw 2 [36, 5, 2]
eligible wmmwm 1 [34, 7, 0]
eligible wmmwm 2 [36, 5, 2]
eligible wmwmm 1 [34, 2, 0]
eligible wmwmm 2 [34, 2, 2]
eligible wwmmm 1 [7, 2, 0]
eligible wwmmm 2 [5, 2, 2]
budget triples 15272
shard 11 14 1091
hist [(19, 1), (20, 1), (21, 1), (22, 2), (23, 2), (24, 4), (25, 3), (26, 3), (27, 1), (28, 1), (29, 5), (30, 10), (31, 2), (32, 4), (33, 3), (34, 2), (35, 2), (36, 3)]
hist [(10, 1), (15, 1), (16, 1), (18, 1), (19, 3), (20, 2), (21, 4), (22, 7), (23, 4), (24, 8), (25, 6), (26, 5), (27, 4), (28, 2), (29, 6), (30, 15), (31, 8), (32, 5), (33, 5), (34, 4), (35, 2), (36, 3), (40, 1)]
hist [(10, 1), (15, 1), (16, 1), (18, 1), (19, 6), (20, 3), (21, 7), (22, 10), (23, 4), (24, 9), (25, 11), (26, 8), (27, 6), (28, 7), (29, 8), (30, 16), (31, 12), (32, 8), (33, 7), (34, 7), (35, 5), (36, 6), (37, 1), (40, 1), (42, 1)]
progress 200 192 0
hist [(10, 1), (15, 1), (16, 1), (18, 1), (19, 6), (20, 4), (21, 10), (22, 11), (23, 7), (24, 10), (25, 12), (26, 14), (27, 8), (28, 8), (29, 17), (30, 23), (31, 15), (32, 10), (33, 8), (34, 9), (35, 7), (36, 6), (37, 1), (39, 1), (40, 1), (42, 1)]
hist [(10, 1), (15, 1), (16, 2), (18, 2), (19, 6), (20, 4), (21, 13), (22, 13), (23, 9), (24, 11), (25, 16), (26, 16), (27, 9), (28, 12), (29, 22), (30, 28), (31, 24), (32, 13), (33, 10), (34, 10), (35, 9), (36, 7), (37, 1), (39, 1), (40, 1), (42, 1)]
