ports totals {0: 64, 1: 60, 2: 9, 3: 4, 4: 3}
eligible mmmww 1 [31, 34, 7]
eligible mmmww 2 [35, 36, 5]
eligible mmwmw 1 [31, 34, 2]
eligible mmwmw 2 [35, 34, 2]
eligible mmwwm 1 [31, 34, 0]
eligible mmwwm 2 [31, 34, 2]
eligible mwmmw 1 [29, 7, 2]
eligible mwmmw 2 [33, 5, 2]
eligible mwmwm 1 [29, 7, 0]
eligible mwmwm 2 [29, 5, 2]
eligible mwwmm 1 [29, 2, 0]
eligible mwwmm 2 [29, 2, 2]
eligible wmmmw 1 [34, 7, 2]
eligible wmmmw 2 [36, 5, 2]
eligible wmmwm 1 [34, 7, 0]
eligible wmmwm 2 [36, 5, 2]
eligible wmwmm 1 [34, 2, 0]
eligible wmwmm 2 [34, 2, 2]
eligible wwmmm 1 [7, 2, 0]
eligible wwmmm 2 [5, 2, 2]
budget triples 15272
shard 12 14 1090
hist [(17, 1), (19, 1), (20, 1), (21, 5), (22, 3), (23, 2), (24, 2), (25, 2), (26, 1), (27, 2), (28, 5), (29, 2), (30, 7), (31, 6), (32, 4), (33, 1), (34, 1), (36, 2), (37, 1)]
hist [(17, 1), (19, 1), (20, 2), (21, 8), (22, 7), (23, 5), (24, 5), (25, 5), (26, 2), (27, 5), (28, 6), (29, 11), (30, 12), (31, 10), (32, 6), (33, 3), (34, 3), (35, 1), (36, 4), (37, 2)]
hist [(17, 2), (19, 1), (20, 4), (21, 12), (22, 9), (23, 7), (24, 8), (25, 10), (26, 3), (27, 7), (28, 7), (29, 14), (30, 18), (31, 15), (32, 13), (33, 4), (34, 4), (35, 2), (36, 4), (37, 4)]
progress 200 197 0
hist [(15, 1), (17, 2), (19, 2), (20, 7), (21, 13), (22, 12), (23, 11), (24, 10), (25, 12), (26, 5), (27, 12), (28, 11), (29, 19), (30, 22), (31, 20), (32, 17), (33, 5), (34, 5), (35, 3), (36, 4), (37, 5)]
hist [(15, 1), (17, 2), (19, 2), (20, 12), (21, 14), (22, 13), (23, 13), (24, 14), (25, 13), (26, 7), (27, 15), (28, 12), (29, 24), (30, 24), (31, 25), (32, 21), (33, 7), (34, 6), (35, 6), (36, 5), (37, 7), (39, 1)]
