ports totals {0: 64, 1: 60, 2: 9, 3: 4, 4: 3}
eligible mmmww 1 [31, 34, 7]
eligible mmmww 2 [35, 36, 5]
eligible mmwmw 1 [31, 34, 2]
eligible mmwmw 2 [35, 34, 2]
eligible mmwwm 1 [31, 34, 0]
eligible mmwwm 2 [31, 34, 2]
eligible mwmmw 1 [29, 7, 2]
eligible mwmmw 2 [33, 5, 2]
eligible mwmwm 1 [29, 7, 0]
eligible mwmwm 2 [29, 5, 2]
eligible mwwmm 1 [29, 2, 0]
eligible mwwmm 2 [29, 2, 2]
eligible wmmmw 1 [34, 7, 2]
eligible wmmmw 2 [36, 5, 2]
eligible wmmwm 1 [34, 7, 0]
eligible wmmwm 2 [36, 5, 2]
eligible wmwmm 1 [34, 2, 0]
eligible wmwmm 2 [34, 2, 2]
eligible wwmmm 1 [7, 2, 0]
eligible wwmmm 2 [5, 2, 2]
budget triples 15272
shard 13 14 1090
hist [(17, 1), (18, 1), (19, 1), (20, 1), (21, 1), (22, 4), (23, 1), (24, 2), (25, 1), (27, 2), (28, 5), (29, 7), (30, 5), (31, 6), (32, 1), (33, 3), (34, 3), (36, 1), (37, 2), (38, 1)]
hist [(17, 1), (18, 1), (19, 1), (20, 4), (21, 5), (22, 6), (23, 2), (24, 3), (25, 4), (26, 2), (27, 2), (28, 7), (29, 13), (30, 11), (31, 10), (32, 3), (33, 7), (34, 6), (35, 2), (36, 2), (37, 4), (38, 1), (43, 1)]
hist [(17, 1), (18, 1), (19, 2), (20, 7), (21, 5), (22, 7), (23, 6), (24, 3), (25, 6), (26, 6), (27, 6), (28, 10), (29, 20), (30, 15), (31, 16), (32, 6), (33, 8), (34, 9), (35, 2), (36, 4), (37, 5), (38, 2), (43, 1)]
progress 200 196 0
hist [(15, 1), (16, 1), (17, 1), (18, 1), (19, 2), (20, 7), (21, 6), (22, 12), (23, 10), (24, 5), (25, 10), (26, 10), (27, 9), (28, 13), (29, 25), (30, 15), (31, 19), (32, 10), (33, 10), (34, 10), (35, 5), (36, 5), (37, 6), (38, 3), (43, 1)]
hist [(15, 1), (16, 2), (17, 1), (18, 2), (19, 2), (20, 10), (21, 9), (22, 13), (23, 12), (24, 6), (25, 13), (26, 13), (27, 13), (28, 13), (29, 32), (30, 20), (31, 26), (32, 11), (33, 12), (34, 10), (35, 5), (36, 6), (37, 7), (38, 3), (39, 1), (43, 1)]
