ports totals {0: 64, 1: 60, 2: 9, 3: 4, 4: 3}
eligible mmmww 1 [31, 34, 7]
eligible mmmww 2 [35, 36, 5]
eligible mmwmw 1 [31, 34, 2]
eligible mmwmw 2 [35, 34, 2]
eligible mmwwm 1 [31, 34, 0]
eligible mmwwm 2 [31, 34, 2]
eligible mwmmw 1 [29, 7, 2]
eligible mwmmw 2 [33, 5, 2]
eligible mwmwm 1 [29, 7, 0]
eligible mwmwm 2 [29, 5, 2]
eligible mwwmm 1 [29, 2, 0]
eligible mwwmm 2 [29, 2, 2]
eligible wmmmw 1 [34, 7, 2]
eligible wmmmw 2 [36, 5, 2]
eligible wmmwm 1 [34, 7, 0]
eligible wmmwm 2 [36, 5, 2]
eligible wmwmm 1 [34, 2, 0]
eligible wmwmm 2 [34, 2, 2]
eligible wwmmm 1 [7, 2, 0]
eligible wwmmm 2 [5, 2, 2]
budget triples 15272
shard 2 14 1091
hist [(20, 3), (21, 3), (22, 5), (23, 5), (24, 1), (25, 5), (26, 3), (27, 2), (28, 2), (29, 4), (30, 4), (31, 4), (32, 5), (33, 2), (37, 1), (38, 1)]
hist [(16, 2), (17, 1), (18, 1), (19, 1), (20, 3), (21, 8), (22, 6), (23, 8), (24, 2), (25, 6), (26, 3), (27, 5), (28, 6), (29, 7), (30, 11), (31, 9), (32, 6), (33, 5), (34, 3), (36, 3), (37, 2), (38, 1)]
hist [(16, 2), (17, 1), (18, 1), (19, 2), (20, 4), (21, 12), (22, 8), (23, 15), (24, 6), (25, 7), (26, 4), (27, 7), (28, 11), (29, 12), (30, 15), (31, 11), (32, 8), (33, 7), (34, 4), (35, 1), (36, 4), (37, 4), (38, 1), (40, 1)]
progress 200 197 0
hist [(16, 3), (17, 2), (18, 2), (19, 2), (20, 5), (21, 14), (22, 8), (23, 17), (24, 8), (25, 13), (26, 10), (27, 11), (28, 15), (29, 12), (30, 17), (31, 18), (32, 11), (33, 9), (34, 4), (35, 1), (36, 7), (37, 6), (38, 2), (40, 1)]
hist [(16, 3), (17, 3), (18, 2), (19, 2), (20, 9), (21, 18), (22, 15), (23, 20), (24, 10), (25, 14), (26, 12), (27, 13), (28, 17), (29, 15), (30, 23), (31, 24), (32, 11), (33, 11), (34, 6), (35, 1), (36, 8), (37, 7), (38, 2), (40, 1)]
