ports totals {0: 64, 1: 60, 2: 9, 3: 4, 4: 3}
eligible mmmww 1 [31, 34, 7]
eligible mmmww 2 [35, 36, 5]
eligible mmwmw 1 [31, 34, 2]
eligible mmwmw 2 [35, 34, 2]
eligible mmwwm 1 [31, 34, 0]
eligible mmwwm 2 [31, 34, 2]
eligible mwmmw 1 [29, 7, 2]
eligible mwmmw 2 [33, 5, 2]
eligible mwmwm 1 [29, 7, 0]
eligible mwmwm 2 [29, 5, 2]
eligible mwwmm 1 [29, 2, 0]
eligible mwwmm 2 [29, 2, 2]
eligible wmmmw 1 [34, 7, 2]
eligible wmmmw 2 [36, 5, 2]
eligible wmmwm 1 [34, 7, 0]
eligible wmmwm 2 [36, 5, 2]
eligible wmwmm 1 [34, 2, 0]
eligible wmwmm 2 [34, 2, 2]
eligible wwmmm 1 [7, 2, 0]
eligible wwmmm 2 [5, 2, 2]
budget triples 15272
shard 3 14 1091
hist [(17, 2), (19, 1), (20, 1), (22, 4), (23, 2), (24, 2), (25, 1), (27, 4), (28, 5), (29, 3), (30, 9), (31, 5), (32, 2), (33, 1), (34, 3), (35, 2), (36, 2), (37, 1)]
hist [(17, 4), (19, 1), (20, 2), (21, 4), (22, 5), (23, 3), (24, 3), (25, 5), (26, 3), (27, 8), (28, 8), (29, 9), (30, 16), (31, 7), (32, 4), (33, 6), (34, 5), (35, 2), (36, 4), (37, 1)]
hist [(15, 1), (16, 1), (17, 4), (19, 3), (20, 2), (21, 5), (22, 7), (23, 4), (24, 6), (25, 5), (26, 9), (27, 9), (28, 14), (29, 13), (30, 20), (31, 11), (32, 8), (33, 7), (34, 8), (35, 2), (36, 6), (37, 3), (38, 2)]
progress 200 198 0
hist [(15, 1), (16, 2), (17, 5), (18, 1), (19, 4), (20, 2), (21, 6), (22, 9), (23, 7), (24, 8), (25, 7), (26, 12), (27, 12), (28, 20), (29, 16), (30, 24), (31, 14), (32, 13), (33, 7), (34, 8), (35, 4), (36, 9), (37, 5), (38, 3)]
hist [(15, 1), (16, 2), (17, 5), (18, 1), (19, 4), (20, 5), (21, 8), (22, 9), (23, 8), (24, 11), (25, 10), (26, 13), (27, 16), (28, 24), (29, 19), (30, 30), (31, 19), (32, 18), (33, 7), (34, 11), (35, 4), (36, 13), (37, 5), (38, 3)]
hist [(15, 1), (16, 2), (17, 5), (18, 1), (19, 5), (20, 5), (21, 12), (22, 13), (23, 9), (24, 12), (25, 11), (26, 15), (27, 21), (28, 27), (29, 22), (30, 38), (31, 22), (32, 22), (33, 9), (34, 13), (35, 4), (36, 18), (37, 6), (38, 3)]
