ports totals {0: 64, 1: 60, 2: 9, 3: 4, 4: 3}
eligible mmmww 1 [31, 34, 7]
eligible mmmww 2 [35, 36, 5]
eligible mmwmw 1 [31, 34, 2]
eligible mmwmw 2 [35, 34, 2]
eligible mmwwm 1 [31, 34, 0]
eligible mmwwm 2 [31, 34, 2]
eligible mwmmw 1 [29, 7, 2]
eligible mwmmw 2 [33, 5, 2]
eligible mwmwm 1 [29, 7, 0]
eligible mwmwm 2 [29, 5, 2]
eligible mwwmm 1 [29, 2, 0]
eligible mwwmm 2 [29, 2, 2]
eligible wmmmw 1 [34, 7, 2]
eligible wmmmw 2 [36, 5, 2]
eligible wmmwm 1 [34, 7, 0]
eligible wmmwm 2 [36, 5, 2]
eligible wmwmm 1 [34, 2, 0]
eligible wmwmm 2 [34, 2, 2]
eligible wwmmm 1 [7, 2, 0]
eligible wwmmm 2 [5, 2, 2]
budget triples 15272
shard 4 14 1091
hist [(15, 1), (21, 5), (22, 2), (23, 2), (25, 5), (26, 2), (27, 4), (28, 2), (29, 5), (30, 6), (31, 8), (32, 3), (33, 1), (34, 2), (35, 2)]
hist [(15, 2), (17, 1), (18, 2), (19, 2), (20, 1), (21, 7), (22, 4), (23, 3), (24, 2), (25, 9), (26, 5), (27, 7), (28, 5), (29, 6), (30, 9), (31, 14), (32, 6), (33, 3), (34, 4), (35, 3), (36, 1), (37, 2), (38, 1)]
hist [(15, 2), (16, 1), (17, 1), (18, 2), (19, 3), (20, 1), (21, 9), (22, 5), (23, 5), (24, 3), (25, 14), (26, 8), (27, 9), (28, 9), (29, 11), (30, 12), (31, 15), (32, 7), (33, 5), (34, 7), (35, 7), (36, 6), (37, 4), (38, 1), (42, 1)]
progress 200 196 0
hist [(15, 2), (16, 1), (17, 1), (18, 4), (19, 3), (20, 2), (21, 10), (22, 8), (23, 7), (24, 4), (25, 15), (26, 12), (27, 11), (28, 13), (29, 12), (30, 17), (31, 22), (32, 11), (33, 8), (34, 10), (35, 9), (36, 6), (37, 7), (38, 1), (42, 1)]
hist [(15, 2), (16, 3), (17, 1), (18, 6), (19, 4), (20, 3), (21, 15), (22, 9), (23, 10), (24, 5), (25, 21), (26, 13), (27, 14), (28, 15), (29, 15), (30, 24), (31, 26), (32, 13), (33, 10), (34, 12), (35, 9), (36, 8), (37, 7), (38, 1), (42, 1)]
hist [(15, 2), (16, 3), (17, 1), (18, 6), (19, 5), (20, 5), (21, 16), (22, 9), (23, 15), (24, 6), (25, 27), (26, 15), (27, 15), (28, 21), (29, 17), (30, 29), (31, 32), (32, 15), (33, 14), (34, 13), (35, 9), (36, 9), (37, 10), (38, 1), (42, 1)]
