ports totals {0: 64, 1: 60, 2: 9, 3: 4, 4: 3}
eligible mmmww 1 [31, 34, 7]
eligible mmmww 2 [35, 36, 5]
eligible mmwmw 1 [31, 34, 2]
eligible mmwmw 2 [35, 34, 2]
eligible mmwwm 1 [31, 34, 0]
eligible mmwwm 2 [31, 34, 2]
eligible mwmmw 1 [29, 7, 2]
eligible mwmmw 2 [33, 5, 2]
eligible mwmwm 1 [29, 7, 0]
eligible mwmwm 2 [29, 5, 2]
eligible mwwmm 1 [29, 2, 0]
eligible mwwmm 2 [29, 2, 2]
eligible wmmmw 1 [34, 7, 2]
eligible wmmmw 2 [36, 5, 2]
eligible wmmwm 1 [34, 7, 0]
eligible wmmwm 2 [36, 5, 2]
eligible wmwmm 1 [34, 2, 0]
eligible wmwmm 2 [34, 2, 2]
eligible wwmmm 1 [7, 2, 0]
eligible wwmmm 2 [5, 2, 2]
budget triples 15272
shard 5 14 1091
hist [(17, 1), (21, 1), (22, 2), (23, 3), (24, 4), (25, 3), (26, 2), (27, 3), (28, 3), (29, 2), (30, 4), (31, 2), (32, 7), (33, 2), (34, 3), (35, 3), (36, 3), (37, 1), (38, 1)]
hist [(17, 2), (18, 1), (20, 2), (21, 2), (22, 4), (23, 5), (24, 5), (25, 4), (26, 6), (27, 8), (28, 7), (29, 3), (30, 11), (31, 8), (32, 11), (33, 4), (34, 4), (35, 4), (36, 3), (37, 3), (38, 1), (42, 1)]
c0000 mmmww rail 14
hist [(14, 1), (17, 2), (18, 2), (19, 1), (20, 3), (21, 3), (22, 4), (23, 10), (24, 6), (25, 8), (26, 9), (27, 9), (28, 12), (29, 8), (30, 20), (31, 9), (32, 14), (33, 6), (34, 7), (35, 6), (36, 4), (37, 3), (38, 1), (42, 1)]
progress 200 196 1
hist [(14, 1), (16, 1), (17, 2), (18, 3), (19, 3), (20, 3), (21, 6), (22, 6), (23, 12), (24, 7), (25, 10), (26, 11), (27, 12), (28, 18), (29, 17), (30, 25), (31, 13), (32, 17), (33, 6), (34, 7), (35, 6), (36, 4), (37, 3), (38, 2), (40, 1), (42, 1)]
hist [(14, 1), (16, 2), (17, 2), (18, 6), (19, 6), (20, 7), (21, 7), (22, 10), (23, 14), (24, 8), (25, 13), (26, 12), (27, 13), (28, 24), (29, 19), (30, 30), (31, 15), (32, 20), (33, 7), (34, 9), (35, 7), (36, 5), (37, 4), (38, 2), (40, 1), (42, 1)]
hist [(14, 1), (16, 3), (17, 3), (18, 6), (19, 7), (20, 7), (21, 7), (22, 13), (23, 17), (24, 8), (25, 15), (26, 15), (27, 16), (28, 28), (29, 22), (30, 34), (31, 22), (32, 26), (33, 8), (34, 9), (35, 9), (36, 10), (37, 5), (38, 2), (40, 1), (42, 1)]
