ports totals {0: 64, 1: 60, 2: 9, 3: 4, 4: 3}
eligible mmmww 1 [31, 34, 7]
eligible mmmww 2 [35, 36, 5]
eligible mmwmw 1 [31, 34, 2]
eligible mmwmw 2 [35, 34, 2]
eligible mmwwm 1 [31, 34, 0]
eligible mmwwm 2 [31, 34, 2]
eligible mwmmw 1 [29, 7, 2]
eligible mwmmw 2 [33, 5, 2]
eligible mwmwm 1 [29, 7, 0]
eligible mwmwm 2 [29, 5, 2]
eligible mwwmm 1 [29, 2, 0]
eligible mwwmm 2 [29, 2, 2]
eligible wmmmw 1 [34, 7, 2]
eligible wmmmw 2 [36, 5, 2]
eligible wmmwm 1 [34, 7, 0]
eligible wmmwm 2 [36, 5, 2]
eligible wmwmm 1 [34, 2, 0]
eligible wmwmm 2 [34, 2, 2]
eligible wwmmm 1 [7, 2, 0]
eligible wwmmm 2 [5, 2, 2]
budget triples 15272
shard 6 14 1091
hist [(18, 1), (21, 5), (22, 6), (23, 3), (24, 1), (25, 4), (26, 1), (27, 3), (28, 6), (29, 2), (30, 8), (31, 2), (32, 1), (33, 1), (34, 2), (36, 2), (37, 1), (42, 1)]
hist [(18, 1), (19, 2), (20, 3), (21, 7), (22, 9), (23, 6), (24, 3), (25, 7), (26, 1), (27, 4), (28, 8), (29, 9), (30, 13), (31, 6), (32, 5), (33, 1), (34, 3), (35, 2), (36, 4), (37, 4), (38, 1), (42, 1)]
hist [(18, 1), (19, 5), (20, 4), (21, 9), (22, 14), (23, 9), (24, 4), (25, 11), (26, 3), (27, 8), (28, 10), (29, 10), (30, 18), (31, 11), (32, 6), (33, 4), (34, 5), (35, 5), (36, 6), (37, 4), (38, 1), (42, 1)]
progress 200 196 0
hist [(18, 1), (19, 5), (20, 5), (21, 13), (22, 16), (23, 10), (24, 7), (25, 17), (26, 6), (27, 11), (28, 13), (29, 11), (30, 22), (31, 18), (32, 7), (33, 7), (34, 5), (35, 7), (36, 8), (37, 6), (38, 1), (42, 1)]
hist [(18, 3), (19, 5), (20, 6), (21, 17), (22, 20), (23, 11), (24, 8), (25, 20), (26, 7), (27, 13), (28, 16), (29, 13), (30, 29), (31, 22), (32, 11), (33, 8), (34, 6), (35, 8), (36, 12), (37, 7), (38, 1), (42, 1)]
