ports totals {0: 64, 1: 60, 2: 9, 3: 4, 4: 3}
eligible mmmww 1 [31, 34, 7]
eligible mmmww 2 [35, 36, 5]
eligible mmwmw 1 [31, 34, 2]
eligible mmwmw 2 [35, 34, 2]
eligible mmwwm 1 [31, 34, 0]
eligible mmwwm 2 [31, 34, 2]
eligible mwmmw 1 [29, 7, 2]
eligible mwmmw 2 [33, 5, 2]
eligible mwmwm 1 [29, 7, 0]
eligible mwmwm 2 [29, 5, 2]
eligible mwwmm 1 [29, 2, 0]
eligible mwwmm 2 [29, 2, 2]
eligible wmmmw 1 [34, 7, 2]
eligible wmmmw 2 [36, 5, 2]
eligible wmmwm 1 [34, 7, 0]
eligible wmmwm 2 [36, 5, 2]
eligible wmwmm 1 [34, 2, 0]
eligible wmwmm 2 [34, 2, 2]
eligible wwmmm 1 [7, 2, 0]
eligible wwmmm 2 [5, 2, 2]
budget triples 15272
shard 7 14 1091
hist [(19, 1), (20, 1), (21, 3), (22, 1), (23, 4), (25, 2), (26, 4), (27, 4), (28, 5), (29, 2), (30, 3), (31, 4), (32, 4), (33, 2), (34, 2), (35, 1), (36, 2), (37, 3), (38, 1)]
hist [(17, 1), (19, 1), (20, 2), (21, 5), (22, 6), (23, 6), (24, 1), (25, 5), (26, 4), (27, 7), (28, 8), (29, 6), (30, 8), (31, 9), (32, 8), (33, 3), (34, 5), (35, 2), (36, 5), (37, 3), (38, 2)]
hist [(17, 1), (18, 1), (19, 2), (20, 3), (21, 7), (22, 9), (23, 7), (24, 4), (25, 6), (26, 6), (27, 7), (28, 11), (29, 13), (30, 14), (31, 11), (32, 15), (33, 5), (34, 7), (35, 3), (36, 8), (37, 4), (38, 2)]
progress 200 195 0
hist [(17, 1), (18, 1), (19, 3), (20, 4), (21, 8), (22, 12), (23, 7), (24, 8), (25, 10), (26, 10), (27, 11), (28, 15), (29, 15), (30, 23), (31, 13), (32, 17), (33, 8), (34, 10), (35, 3), (36, 10), (37, 5), (38, 2)]
hist [(17, 1), (18, 1), (19, 4), (20, 4), (21, 8), (22, 15), (23, 10), (24, 9), (25, 12), (26, 12), (27, 14), (28, 15), (29, 19), (30, 31), (31, 21), (32, 21), (33, 8), (34, 11), (35, 7), (36, 13), (37, 5), (38, 2)]
