ports totals {0: 64, 1: 60, 2: 9, 3: 4, 4: 3}
eligible mmmww 1 [31, 34, 7]
eligible mmmww 2 [35, 36, 5]
eligible mmwmw 1 [31, 34, 2]
eligible mmwmw 2 [35, 34, 2]
eligible mmwwm 1 [31, 34, 0]
eligible mmwwm 2 [31, 34, 2]
eligible mwmmw 1 [29, 7, 2]
eligible mwmmw 2 [33, 5, 2]
eligible mwmwm 1 [29, 7, 0]
eligible mwmwm 2 [29, 5, 2]
eligible mwwmm 1 [29, 2, 0]
eligible mwwmm 2 [29, 2, 2]
eligible wmmmw 1 [34, 7, 2]
eligible wmmmw 2 [36, 5, 2]
eligible wmmwm 1 [34, 7, 0]
eligible wmmwm 2 [36, 5, 2]
eligible wmwmm 1 [34, 2, 0]
eligible wmwmm 2 [34, 2, 2]
eligible wwmmm 1 [7, 2, 0]
eligible wwmmm 2 [5, 2, 2]
budget triples 15272
shard 8 14 1091
hist [(18, 1), (21, 1), (22, 4), (23, 2), (24, 2), (26, 3), (27, 3), (28, 4), (29, 5), (30, 10), (31, 6), (32, 3), (33, 4), (35, 1)]
hist [(18, 1), (19, 2), (20, 2), (21, 3), (22, 6), (23, 5), (24, 3), (25, 3), (26, 4), (27, 8), (28, 7), (29, 9), (30, 18), (31, 13), (32, 6), (33, 5), (35, 2)]
hist [(18, 2), (19, 2), (20, 3), (21, 3), (22, 12), (23, 7), (24, 4), (25, 6), (26, 6), (27, 9), (28, 11), (29, 11), (30, 20), (31, 16), (32, 13), (33, 8), (34, 3), (35, 3), (36, 4), (37, 1), (39, 1), (42, 1), (43, 1)]
progress 200 195 0
hist [(17, 2), (18, 2), (19, 3), (20, 6), (21, 3), (22, 16), (23, 10), (24, 5), (25, 8), (26, 7), (27, 9), (28, 15), (29, 17), (30, 22), (31, 21), (32, 18), (33, 11), (34, 6), (35, 4), (36, 6), (37, 2), (39, 1), (42, 1), (43, 1)]
hist [(15, 1), (17, 2), (18, 2), (19, 3), (20, 11), (21, 6), (22, 17), (23, 13), (24, 5), (25, 10), (26, 9), (27, 11), (28, 21), (29, 20), (30, 28), (31, 25), (32, 23), (33, 13), (34, 7), (35, 4), (36, 9), (37, 2), (39, 1), (42, 1), (43, 1)]
hist [(15, 1), (17, 3), (18, 4), (19, 3), (20, 12), (21, 8), (22, 21), (23, 15), (24, 6), (25, 11), (26, 10), (27, 13), (28, 25), (29, 24), (30, 32), (31, 35), (32, 26), (33, 15), (34, 7), (35, 6), (36, 11), (37, 3), (39, 1), (42, 1), (43, 1)]
