ports totals {0: 64, 1: 60, 2: 9, 3: 4, 4: 3}
eligible mmmww 1 [31, 34, 7]
eligible mmmww 2 [35, 36, 5]
eligible mmwmw 1 [31, 34, 2]
eligible mmwmw 2 [35, 34, 2]
eligible mmwwm 1 [31, 34, 0]
eligible mmwwm 2 [31, 34, 2]
eligible mwmmw 1 [29, 7, 2]
eligible mwmmw 2 [33, 5, 2]
eligible mwmwm 1 [29, 7, 0]
eligible mwmwm 2 [29, 5, 2]
eligible mwwmm 1 [29, 2, 0]
eligible mwwmm 2 [29, 2, 2]
eligible wmmmw 1 [34, 7, 2]
eligible wmmmw 2 [36, 5, 2]
eligible wmmwm 1 [34, 7, 0]
eligible wmmwm 2 [36, 5, 2]
eligible wmwmm 1 [34, 2, 0]
eligible wmwmm 2 [34, 2, 2]
eligible wwmmm 1 [7, 2, 0]
eligible wwmmm 2 [5, 2, 2]
budget triples 15272
shard 9 14 1091
hist [(16, 1), (19, 2), (20, 2), (21, 1), (22, 2), (23, 3), (24, 2), (25, 1), (26, 2), (27, 3), (28, 1), (29, 2), (30, 7), (31, 5), (32, 2), (33, 5), (34, 5), (35, 2), (36, 2)]
hist [(16, 1), (17, 1), (19, 3), (20, 5), (21, 3), (22, 4), (23, 6), (24, 2), (25, 2), (26, 4), (27, 5), (28, 7), (29, 7), (30, 14), (31, 10), (32, 4), (33, 6), (34, 7), (35, 3), (36, 5), (37, 1)]
hist [(16, 1), (17, 1), (19, 3), (20, 6), (21, 6), (22, 7), (23, 9), (24, 4), (25, 4), (26, 5), (27, 8), (28, 8), (29, 10), (30, 20), (31, 14), (32, 5), (33, 9), (34, 9), (35, 8), (36, 9), (37, 2)]
progress 200 194 0
hist [(15, 1), (16, 1), (17, 1), (19, 3), (20, 6), (21, 8), (22, 10), (23, 11), (24, 4), (25, 5), (26, 7), (27, 10), (28, 11), (29, 16), (30, 27), (31, 20), (32, 8), (33, 12), (34, 9), (35, 11), (36, 11), (37, 3)]
hist [(15, 2), (16, 2), (17, 1), (19, 5), (20, 7), (21, 10), (22, 12), (23, 14), (24, 5), (25, 7), (26, 9), (27, 13), (28, 12), (29, 18), (30, 29), (31, 27), (32, 12), (33, 12), (34, 11), (35, 12), (36, 15), (37, 7)]
hist [(15, 2), (16, 2), (17, 1), (19, 6), (20, 9), (21, 10), (22, 15), (23, 16), (24, 6), (25, 11), (26, 13), (27, 16), (28, 17), (29, 22), (30, 37), (31, 32), (32, 14), (33, 12), (34, 14), (35, 13), (36, 16), (37, 8)]
