44 combos
((0, 1), (0, 1), (0, 1)) INFEASIBLE 0.2s
((0, 1), (0, 1), (0, 2)) INFEASIBLE 0.1s
((0, 1), (0, 1), (0, 3)) INFEASIBLE 0.2s
((0, 1), (0, 1), (0, 4)) INFEASIBLE 0.2s
((0, 1), (0, 1), (1, 2)) INFEASIBLE 0.2s
((0, 1), (0, 1), (1, 3)) INFEASIBLE 0.2s
((0, 1), (0, 1), (1, 4)) INFEASIBLE 0.1s
((0, 1), (0, 1), (2, 3)) INFEASIBLE 8.8s
((0, 1), (0, 1), (2, 4)) INFEASIBLE 92.2s
((0, 1), (0, 1), (3, 4)) INFEASIBLE 9.1s
((0, 1), (0, 2), (0, 2)) INFEASIBLE 0.1s
((0, 1), (0, 2), (0, 3)) INFEASIBLE 0.1s
((0, 1), (0, 2), (0, 4)) INFEASIBLE 0.2s
((0, 1), (0, 2), (1, 2)) INFEASIBLE 0.2s
((0, 1), (0, 2), (1, 3)) INFEASIBLE 0.1s
((0, 1), (0, 2), (1, 4)) INFEASIBLE 0.1s
((0, 1), (0, 2), (2, 3)) INFEASIBLE 6.9s
((0, 1), (0, 2), (2, 4)) UNKNOWN 120.1s
((0, 1), (0, 2), (3, 4)) UNKNOWN 120.1s
((0, 1), (0, 3), (0, 3)) INFEASIBLE 0.2s
((0, 1), (0, 3), (0, 4)) INFEASIBLE 0.1s
((0, 1), (0, 3), (1, 2)) INFEASIBLE 1.4s
((0, 1), (0, 3), (1, 3)) INFEASIBLE 1.5s
((0, 1), (0, 3), (1, 4)) INFEASIBLE 0.1s
((0, 1), (0, 3), (2, 3)) INFEASIBLE 8.0s
((0, 1), (0, 3), (2, 4)) INFEASIBLE 1.2s
((0, 1), (0, 4), (1, 2)) INFEASIBLE 1.5s
((0, 1), (0, 4), (1, 3)) INFEASIBLE 1.4s
((0, 1), (0, 4), (2, 3)) UNKNOWN 120.1s
((0, 1), (1, 3), (1, 3)) INFEASIBLE 0.1s
((0, 1), (1, 3), (1, 4)) INFEASIBLE 0.1s
((0, 1), (1, 3), (2, 3)) INFEASIBLE 6.8s
((0, 1), (1, 3), (2, 4)) UNKNOWN 120.2s
((0, 1), (1, 4), (1, 4)) INFEASIBLE 0.1s
((0, 1), (1, 4), (2, 3)) UNKNOWN 120.1s
((0, 1), (1, 4), (2, 4)) UNKNOWN 120.1s
((0, 1), (2, 4), (2, 4)) UNKNOWN 120.1s
((0, 2), (0, 2), (0, 2)) INFEASIBLE 0.1s
((0, 2), (0, 2), (0, 3)) INFEASIBLE 0.1s
((0, 2), (0, 2), (1, 3)) INFEASIBLE 0.1s
((0, 2), (0, 2), (1, 4)) INFEASIBLE 0.1s
((0, 2), (0, 2), (2, 4)) INFEASIBLE 0.2s
((0, 2), (0, 3), (1, 3)) INFEASIBLE 1.1s
((0, 2), (0, 3), (1, 4)) INFEASIBLE 0.1s
