offset -3 -3 -3 candidates 0
offset -3 -3 -2 candidates 0
offset -3 -3 -1 candidates 0
offset -3 -3 0 candidates 0
offset -3 -3 1 candidates 0
offset -3 -3 2 candidates 0
offset -3 -3 3 candidates 0
offset -3 -2 -3 candidates 0
offset -3 -2 -2 candidates 0
offset -3 -2 -1 candidates 0
offset -3 -2 0 candidates 0
offset -3 -2 1 candidates 0
offset -3 -2 2 candidates 0
offset -3 -2 3 candidates 0
offset -3 -1 -3 candidates 0
offset -3 -1 -2 candidates 0
offset -3 -1 -1 candidates 0
offset -3 -1 0 candidates 0
offset -3 -1 1 candidates 26
offset -3 -1 2 candidates 26
offset -3 -1 3 candidates 26
offset -3 0 -3 candidates 26
offset -3 0 -2 candidates 26
offset -3 0 -1 candidates 26
offset -3 0 0 candidates 42
offset -3 0 1 candidates 64
offset -3 0 2 candidates 86
offset -3 0 3 candidates 86
offset -3 1 -3 candidates 86
offset -3 1 -2 candidates 86
offset -3 1 -1 candidates 114
offset -3 1 0 candidates 138
offset -3 1 1 candidates 138
offset -3 1 2 candidates 138
offset -3 1 3 candidates 138
offset -3 2 -3 candidates 138
offset -3 2 -2 candidates 138
offset -3 2 -1 candidates 138
offset -3 2 0 candidates 160
offset -3 2 1 candidates 160
offset -3 2 2 candidates 160
offset -3 2 3 candidates 160
offset -3 3 -3 candidates 160
offset -3 3 -2 candidates 160
offset -3 3 -1 candidates 160
offset -3 3 0 candidates 160
offset -3 3 1 candidates 160
offset -3 3 2 candidates 160
offset -3 3 3 candidates 160
offset -2 -3 -3 candidates 160
offset -2 -3 -2 candidates 160
offset -2 -3 -1 candidates 160
offset -2 -3 0 candidates 160
offset -2 -3 1 candidates 160
offset -2 -3 2 candidates 160
offset -2 -3 3 candidates 160
offset -2 -2 -3 candidates 160
offset -2 -2 -2 candidates 160
offset -2 -2 -1 candidates 160
offset -2 -2 0 candidates 160
offset -2 -2 1 candidates 170
offset -2 -2 2 candidates 170
offset -2 -2 3 candidates 170
offset -2 -1 -3 candidates 170
offset -2 -1 -2 candidates 170
offset -2 -1 -1 candidates 170
offset -2 -1 0 candidates 190
offset -2 -1 1 candidates 196
offset -2 -1 2 candidates 220
offset -2 -1 3 candidates 220
offset -2 0 -3 candidates 220
offset -2 0 -2 candidates 220
offset -2 0 -1 candidates 240
offset -2 0 0 candidates 240
offset -2 0 1 candidates 250
offset -2 0 2 candidates 260
offset -2 0 3 candidates 278
offset -2 1 -3 candidates 278
offset -2 1 -2 candidates 284
offset -2 1 -1 candidates 290
offset -2 1 0 candidates 298
offset -2 1 1 candidates 298
offset -2 1 2 candidates 304
offset -2 1 3 candidates 304
offset -2 2 -3 candidates 304
offset -2 2 -2 candidates 304
offset -2 2 -1 candidates 330
offset -2 2 0 candidates 340
offset -2 2 1 candidates 344
offset -2 2 2 candidates 344
offset -2 2 3 candidates 344
offset -2 3 -3 candidates 344
offset -2 3 -2 candidates 344
offset -2 3 -1 candidates 344
offset -2 3 0 candidates 362
offset -2 3 1 candidates 362
offset -2 3 2 candidates 362
offset -2 3 3 candidates 362
offset -1 -3 -3 candidates 362
offset -1 -3 -2 candidates 362
offset -1 -3 -1 candidates 362
offset -1 -3 0 candidates 362
offset -1 -3 1 candidates 362
offset -1 -3 2 candidates 362
offset -1 -3 3 candidates 362
offset -1 -2 -3 candidates 362
offset -1 -2 -2 candidates 362
offset -1 -2 -1 candidates 362
offset -1 -2 0 candidates 362
offset -1 -2 1 candidates 376
offset -1 -2 2 candidates 386
offset -1 -2 3 candidates 386
offset -1 -1 -3 candidates 386
offset -1 -1 -2 candidates 386
offset -1 -1 -1 candidates 386
offset -1 -1 0 candidates 388
offset -1 -1 1 candidates 390
offset -1 -1 2 candidates 400
offset -1 -1 3 candidates 408
offset -1 0 -3 candidates 408
offset -1 0 -2 candidates 408
offset -1 0 -1 candidates 412
offset -1 0 0 candidates 412
offset -1 0 1 candidates 412
offset -1 0 2 candidates 420
offset -1 0 3 candidates 430
offset -1 1 -3 candidates 430
offset -1 1 -2 candidates 440
offset -1 1 -1 candidates 442
offset -1 1 0 candidates 442
offset -1 1 1 candidates 442
offset -1 1 2 candidates 442
offset -1 1 3 candidates 444
offset -1 2 -3 candidates 444
offset -1 2 -2 candidates 452
offset -1 2 -1 candidates 468
offset -1 2 0 candidates 476
offset -1 2 1 candidates 476
offset -1 2 2 candidates 476
offset -1 2 3 candidates 476
offset -1 3 -3 candidates 476
offset -1 3 -2 candidates 476
offset -1 3 -1 candidates 484
offset -1 3 0 candidates 496
offset -1 3 1 candidates 498
offset -1 3 2 candidates 498
offset -1 3 3 candidates 498
offset 0 -3 -3 candidates 498
offset 0 -3 -2 candidates 498
offset 0 -3 -1 candidates 498
offset 0 -3 0 candidates 498
offset 0 -3 1 candidates 498
offset 0 -3 2 candidates 498
offset 0 -3 3 candidates 498
offset 0 -2 -3 candidates 498
offset 0 -2 -2 candidates 498
offset 0 -2 -1 candidates 498
offset 0 -2 0 candidates 508
offset 0 -2 1 candidates 520
offset 0 -2 2 candidates 530
offset 0 -2 3 candidates 530
offset 0 -1 -3 candidates 530
offset 0 -1 -2 candidates 530
offset 0 -1 -1 candidates 530
offset 0 -1 0 candidates 534
offset 0 -1 1 candidates 536
offset 0 -1 2 candidates 552
offset 0 -1 3 candidates 560
offset 0 0 -3 candidates 560
offset 0 0 -2 candidates 568
offset 0 0 -1 candidates 570
offset 0 0 0 candidates 570
offset 0 0 1 candidates 570
offset 0 0 2 candidates 570
offset 0 0 3 candidates 580
offset 0 1 -3 candidates 580
offset 0 1 -2 candidates 594
offset 0 1 -1 candidates 596
offset 0 1 0 candidates 596
offset 0 1 1 candidates 596
offset 0 1 2 candidates 596
offset 0 1 3 candidates 598
offset 0 2 -3 candidates 598
offset 0 2 -2 candidates 606
offset 0 2 -1 candidates 622
offset 0 2 0 candidates 622
offset 0 2 1 candidates 622
offset 0 2 2 candidates 622
offset 0 2 3 candidates 622
offset 0 3 -3 candidates 622
offset 0 3 -2 candidates 622
offset 0 3 -1 candidates 632
offset 0 3 0 candidates 642
offset 0 3 1 candidates 644
offset 0 3 2 candidates 644
offset 0 3 3 candidates 644
offset 1 -3 -3 candidates 644
offset 1 -3 -2 candidates 644
offset 1 -3 -1 candidates 644
offset 1 -3 0 candidates 654
offset 1 -3 1 candidates 654
offset 1 -3 2 candidates 654
offset 1 -3 3 candidates 654
offset 1 -2 -3 candidates 654
offset 1 -2 -2 candidates 654
offset 1 -2 -1 candidates 667
offset 1 -2 0 candidates 677
offset 1 -2 1 candidates 687
offset 1 -2 2 candidates 687
offset 1 -2 3 candidates 687
offset 1 -1 -3 candidates 687
offset 1 -1 -2 candidates 696
offset 1 -1 -1 candidates 700
offset 1 -1 0 candidates 724
offset 1 -1 1 candidates 728
offset 1 -1 2 candidates 746
offset 1 -1 3 candidates 746
offset 1 0 -3 candidates 754
offset 1 0 -2 candidates 764
offset 1 0 -1 candidates 788
offset 1 0 0 candidates 788
offset 1 0 1 candidates 794
offset 1 0 2 candidates 794
offset 1 0 3 candidates 810
offset 1 1 -3 candidates 810
offset 1 1 -2 candidates 824
offset 1 1 -1 candidates 828
offset 1 1 0 candidates 836
offset 1 1 1 candidates 836
offset 1 1 2 candidates 836
offset 1 1 3 candidates 836
offset 1 2 -3 candidates 836
offset 1 2 -2 candidates 836
offset 1 2 -1 candidates 852
offset 1 2 0 candidates 852
offset 1 2 1 candidates 852
offset 1 2 2 candidates 852
offset 1 2 3 candidates 852
offset 1 3 -3 candidates 852
offset 1 3 -2 candidates 852
offset 1 3 -1 candidates 852
offset 1 3 0 candidates 862
offset 1 3 1 candidates 862
offset 1 3 2 candidates 862
offset 1 3 3 candidates 862
offset 2 -3 -3 candidates 862
offset 2 -3 -2 candidates 862
offset 2 -3 -1 candidates 862
offset 2 -3 0 candidates 862
offset 2 -3 1 candidates 862
offset 2 -3 2 candidates 862
offset 2 -3 3 candidates 862
offset 2 -2 -3 candidates 862
offset 2 -2 -2 candidates 862
offset 2 -2 -1 candidates 862
offset 2 -2 0 candidates 880
offset 2 -2 1 candidates 880
offset 2 -2 2 candidates 880
offset 2 -2 3 candidates 880
offset 2 -1 -3 candidates 880
offset 2 -1 -2 candidates 880
offset 2 -1 -1 candidates 902
offset 2 -1 0 candidates 912
offset 2 -1 1 candidates 926
offset 2 -1 2 candidates 926
offset 2 -1 3 candidates 926
offset 2 0 -3 candidates 926
offset 2 0 -2 candidates 946
offset 2 0 -1 candidates 958
offset 2 0 0 candidates 976
offset 2 0 1 candidates 988
offset 2 0 2 candidates 988
offset 2 0 3 candidates 988
offset 2 1 -3 candidates 988
offset 2 1 -2 candidates 988
offset 2 1 -1 candidates 1002
offset 2 1 0 candidates 1014
offset 2 1 1 candidates 1014
offset 2 1 2 candidates 1014
offset 2 1 3 candidates 1014
offset 2 2 -3 candidates 1014
offset 2 2 -2 candidates 1014
offset 2 2 -1 candidates 1014
offset 2 2 0 candidates 1014
offset 2 2 1 candidates 1014
offset 2 2 2 candidates 1014
offset 2 2 3 candidates 1014
offset 2 3 -3 candidates 1014
offset 2 3 -2 candidates 1014
offset 2 3 -1 candidates 1014
offset 2 3 0 candidates 1014
offset 2 3 1 candidates 1014
offset 2 3 2 candidates 1014
offset 2 3 3 candidates 1014
TESTED
1014
TOP
(40, 'c999\t40\t80\t23')
(40, 'c998\t40\t80\t23')
(40, 'c997\t40\t80\t23')
(40, 'c996\t40\t80\t23')
(40, 'c995\t40\t80\t23')
(40, 'c994\t40\t80\t23')
(40, 'c993\t40\t80\t23')
(40, 'c992\t40\t80\t23')
(40, 'c991\t40\t80\t23')
(40, 'c990\t40\t80\t23')
(40, 'c99\t40\t80\t25')
(40, 'c989\t40\t80\t23')
(40, 'c988\t40\t80\t23')
(40, 'c987\t40\t80\t21')
(40, 'c986\t40\t80\t21')
(40, 'c985\t40\t80\t21')
(40, 'c984\t40\t80\t21')
(40, 'c983\t40\t80\t21')
(40, 'c982\t40\t80\t21')
(40, 'c981\t40\t80\t21')
