ports totals {0: 100, 1: 100, 2: 100, 3: 100, 4: 101, 5: 100}
eligible mmmmww 1 [72, 68, 55, 56]
eligible mmmmww 2 [65, 71, 51, 49]
eligible mmmwmw 1 [72, 68, 57, 77]
eligible mmmwmw 2 [65, 72, 51, 68]
eligible mmmwwm 1 [72, 68, 57, 70]
eligible mmmwwm 2 [76, 72, 51, 62]
eligible mmwmmw 1 [72, 68, 54, 80]
eligible mmwmmw 2 [66, 72, 49, 68]
eligible mmwmwm 1 [72, 68, 56, 70]
eligible mmwmwm 2 [77, 72, 49, 62]
eligible mmwwmm 1 [72, 68, 72, 71]
eligible mmwwmm 2 [77, 72, 65, 62]
eligible mwmmmw 1 [73, 54, 54, 80]
eligible mwmmmw 2 [68, 51, 49, 68]
eligible mwmmwm 1 [73, 54, 56, 72]
eligible mwmmwm 2 [79, 51, 49, 62]
eligible mwmwmm 1 [73, 56, 72, 73]
eligible mwmwmm 2 [79, 51, 65, 62]
eligible mwwmmm 1 [73, 54, 75, 73]
eligible mwwmmm 2 [81, 49, 65, 62]
eligible wmmmmw 1 [68, 55, 54, 84]
eligible wmmmmw 2 [61, 51, 49, 68]
eligible wmmmwm 1 [68, 55, 56, 72]
eligible wmmmwm 2 [61, 51, 49, 62]
eligible wmmwmm 1 [68, 57, 74, 73]
eligible wmmwmm 2 [62, 51, 65, 62]
eligible wmwmmm 1 [68, 54, 77, 73]
eligible wmwmmm 2 [62, 49, 65, 62]
eligible wwmmmm 1 [54, 54, 77, 73]
eligible wwmmmm 2 [51, 49, 65, 62]
combos mmmmww 1 0
combos mmmmww 2 0
combos mmmwmw 1 0
combos mmmwmw 2 0
combos mmmwwm 1 0
combos mmmwwm 2 0
combos mmwmmw 1 0
combos mmwmmw 2 0
combos mmwmwm 1 0
combos mmwmwm 2 0
combos mmwwmm 1 70
combos mmwwmm 2 72
combos mwmmmw 1 0
combos mwmmmw 2 0
combos mwmmwm 1 0
combos mwmmwm 2 0
combos mwmwmm 1 0
combos mwmwmm 2 0
combos mwwmmm 1 0
combos mwwmmm 2 0
combos wmmmmw 1 0
combos wmmmmw 2 0
combos wmmmwm 1 0
combos wmmmwm 2 0
combos wmmwmm 1 0
combos wmmwmm 2 0
combos wmwmmm 1 0
combos wmwmmm 2 0
combos wwmmmm 1 0
combos wwmmmm 2 0
budget triples 142
done {'attempts': 1, 'facepass': 0, 'candidates': 0}
