ports totals {0: 100, 1: 100, 2: 100, 3: 100, 4: 101, 5: 100}
eligible mmmmww 1 [72, 68, 55, 56]
eligible mmmmww 2 [65, 71, 51, 49]
eligible mmmwmw 1 [72, 68, 57, 77]
eligible mmmwmw 2 [65, 72, 51, 68]
eligible mmmwwm 1 [72, 68, 57, 70]
eligible mmmwwm 2 [76, 72, 51, 62]
eligible mmwmmw 1 [72, 68, 54, 80]
eligible mmwmmw 2 [66, 72, 49, 68]
eligible mmwmwm 1 [72, 68, 56, 70]
eligible mmwmwm 2 [77, 72, 49, 62]
eligible mmwwmm 1 [72, 68, 72, 71]
eligible mmwwmm 2 [77, 72, 65, 62]
eligible mwmmmw 1 [73, 54, 54, 80]
eligible mwmmmw 2 [68, 51, 49, 68]
eligible mwmmwm 1 [73, 54, 56, 72]
eligible mwmmwm 2 [79, 51, 49, 62]
eligible mwmwmm 1 [73, 56, 72, 73]
eligible mwmwmm 2 [79, 51, 65, 62]
eligible mwwmmm 1 [73, 54, 75, 73]
eligible mwwmmm 2 [81, 49, 65, 62]
eligible wmmmmw 1 [68, 55, 54, 84]
eligible wmmmmw 2 [61, 51, 49, 68]
eligible wmmmwm 1 [68, 55, 56, 72]
eligible wmmmwm 2 [61, 51, 49, 62]
eligible wmmwmm 1 [68, 57, 74, 73]
eligible wmmwmm 2 [62, 51, 65, 62]
eligible wmwmmm 1 [68, 54, 77, 73]
eligible wmwmmm 2 [62, 49, 65, 62]
eligible wwmmmm 1 [54, 54, 77, 73]
eligible wwmmmm 2 [51, 49, 65, 62]
combos mmmmww 1 210
combos mmmmww 2 323
combos mmmwmw 1 2250
combos mmmwmw 2 3042
combos mmmwwm 1 3808
combos mmmwwm 2 4920
combos mmwmmw 1 1800
combos mmwmmw 2 1782
combos mmwmwm 1 3264
combos mmwmwm 2 3444
combos mmwwmm 1 31414
combos mmwwmm 2 22878
combos mwmmmw 1 620
combos mwmmmw 2 507
combos mwmmwm 1 2688
combos mwmmwm 2 2520
combos mwmwmm 1 7154
combos mwmwmm 2 6678
combos mwwmmm 1 22932
combos mwwmmm 2 15120
combos wmmmmw 1 3825
combos wmmmmw 2 2580
combos wmmmwm 1 1390
combos wmmmwm 2 936
combos wmmwmm 1 68160
combos wmmwmm 2 39360
combos wmwmmm 1 14200
combos wmwmmm 2 9840
combos wwmmmm 1 49000
combos wwmmmm 2 20664
budget triples 347309
c0000 wmmwmm rail 21
c0001 wmmwmm rail 17
c0002 wmmwmm rail 13
c0003 wmmwmm rail 18
c0004 mmwwmm rail 13
c0005 wmwmmm rail 19
c0006 mmwwmm rail 13
c0007 wmmwmm rail 18
c0008 mmwmwm rail 16
c0009 wmmwmm rail 19
c0010 mmwwmm rail 16
c0011 wmmwmm rail 15
c0012 mwmwmm rail 16
c0013 wmwmmm rail 17
c0014 mmmwwm rail 17
c0015 wmwmmm rail 17
c0016 wmmwmm rail 18
c0017 wmwmmm rail 17
c0018 mwwmmm rail 18
c0019 mmwwmm rail 16
c0020 mmwwmm rail 19
c0021 mwmmwm rail 19
c0022 wwmmmm rail 20
c0023 mwwmmm rail 21
c0024 mwmwmm rail 12
c0025 mmwwmm rail 16
c0026 wwmmmm rail 18
c0027 wmmwmm rail 21
c0028 mwmwmm rail 21
c0029 wmmwmm rail 17
c0030 mmwmwm rail 17
c0031 mmwwmm rail 17
c0032 wmmwmm rail 19
c0033 wwmmmm rail 21
c0034 mwwmmm rail 21
c0035 mmwwmm rail 18
c0036 wmmwmm rail 10
c0037 wmwmmm rail 17
c0038 mmwwmm rail 20
c0039 mmwwmm rail 20
c0040 mmwwmm rail 19
c0041 mmwwmm rail 16
c0042 mwmwmm rail 19
c0043 wmmwmm rail 17
c0044 mmmwwm rail 19
c0045 wmmwmm rail 20
c0046 mmwmwm rail 17
c0047 mmwwmm rail 16
c0048 mmwwmm rail 18
c0049 wmmwmm rail 16
c0050 mmwwmm rail 18
c0051 wmmwmm rail 16
c0052 mmwwmm rail 21
c0053 wmmwmm rail 17
c0054 wmmwmm rail 17
c0055 wmmwmm rail 18
c0056 mmwmmw rail 18
c0057 mmwmmw rail 19
c0058 wwmmmm rail 19
c0059 mmwwmm rail 19
done {'attempts': 254, 'facepass': 219, 'candidates': 60}
