ports totals {0: 100, 1: 100, 2: 100, 3: 100, 4: 101, 5: 100}
eligible mmmmww 1 [72, 68, 55, 56]
eligible mmmmww 2 [65, 71, 51, 49]
eligible mmmwmw 1 [72, 68, 57, 77]
eligible mmmwmw 2 [65, 72, 51, 68]
eligible mmmwwm 1 [72, 68, 57, 70]
eligible mmmwwm 2 [76, 72, 51, 62]
eligible mmwmmw 1 [72, 68, 54, 80]
eligible mmwmmw 2 [66, 72, 49, 68]
eligible mmwmwm 1 [72, 68, 56, 70]
eligible mmwmwm 2 [77, 72, 49, 62]
eligible mmwwmm 1 [72, 68, 72, 71]
eligible mmwwmm 2 [77, 72, 65, 62]
eligible mwmmmw 1 [73, 54, 54, 80]
eligible mwmmmw 2 [68, 51, 49, 68]
eligible mwmmwm 1 [73, 54, 56, 72]
eligible mwmmwm 2 [79, 51, 49, 62]
eligible mwmwmm 1 [73, 56, 72, 73]
eligible mwmwmm 2 [79, 51, 65, 62]
eligible mwwmmm 1 [73, 54, 75, 73]
eligible mwwmmm 2 [81, 49, 65, 62]
eligible wmmmmw 1 [68, 55, 54, 84]
eligible wmmmmw 2 [61, 51, 49, 68]
eligible wmmmwm 1 [68, 55, 56, 72]
eligible wmmmwm 2 [61, 51, 49, 62]
eligible wmmwmm 1 [68, 57, 74, 73]
eligible wmmwmm 2 [62, 51, 65, 62]
eligible wmwmmm 1 [68, 54, 77, 73]
eligible wmwmmm 2 [62, 49, 65, 62]
eligible wwmmmm 1 [54, 54, 77, 73]
eligible wwmmmm 2 [51, 49, 65, 62]
combos mmmmww 1 5440
combos mmmmww 2 6080
combos mmmwmw 1 26908
combos mmmwmw 2 41088
combos mmmwwm 1 43840
combos mmmwwm 2 57148
combos mmwmmw 1 18224
combos mmwmmw 2 24612
combos mmwmwm 1 32712
combos mmwmwm 2 47008
combos mmwwmm 1 143706
combos mmwwmm 2 178980
combos mwmmmw 1 12805
combos mwmmmw 2 15576
combos mwmmwm 1 59280
combos mwmmwm 2 53295
combos mwmwmm 1 56940
combos mwmwmm 2 72292
combos mwwmmm 1 199056
combos mwwmmm 2 226083
combos wmmmmw 1 60112
combos wmmmmw 2 44132
combos wmmmwm 1 18031
combos wmmmwm 2 17182
combos wmmwmm 1 400000
combos wmmwmm 2 358512
combos wmwmmm 1 94537
combos wmwmmm 2 97926
combos wwmmmm 1 400000
combos wwmmmm 2 345576
budget triples 3157081
c0000 wmmmwm rail 17
c0001 wmmwmm rail 17
c0002 wmwmmm rail 12
c0003 wmmwmm rail 17
c0004 wmwmmm rail 16
c0005 mmwmwm rail 16
c0006 mmwwmm rail 14
c0007 wwmmmm rail 20
c0008 wmmwmm rail 19
c0009 wmmwmm rail 18
c0010 wmmwmm rail 18
c0011 mwwmmm rail 19
c0012 wmwmmm rail 17
c0013 mmwwmm rail 17
c0014 wmwmmm rail 22
c0015 mwmwmm rail 20
c0016 mmwwmm rail 21
c0017 mmwwmm rail 20
c0018 mmwwmm rail 22
c0019 wwmmmm rail 18
c0020 mmwwmm rail 15
c0021 mwmwmm rail 13
c0022 wmmwmm rail 18
c0023 wmmwmm rail 17
c0024 mmmwmw rail 15
c0025 mwmwmm rail 16
c0026 wmwmmm rail 18
c0027 wmwmmm rail 16
c0028 wmwmmm rail 16
c0029 mwwmmm rail 22
c0030 mmmwmw rail 17
c0031 mmmwmw rail 19
c0032 wmmwmm rail 15
c0033 mmmwwm rail 15
c0034 mmwwmm rail 15
c0035 wmmwmm rail 17
c0036 wmwmmm rail 12
c0037 mwmmwm rail 18
c0038 mwwmmm rail 21
c0039 mwmwmm rail 21
c0040 mwwmmm rail 18
c0041 mmwmmw rail 18
c0042 mmwwmm rail 15
c0043 mmwwmm rail 15
c0044 mmwwmm rail 19
c0045 wmmwmm rail 21
c0046 wmmwmm rail 17
c0047 mwmwmm rail 21
c0048 mwmwmm rail 22
c0049 wwmmmm rail 18
c0050 mmwwmm rail 12
c0051 wwmmmm rail 18
c0052 mmwwmm rail 17
c0053 wmwmmm rail 13
c0054 wmmwmm rail 22
c0055 mmmwwm rail 15
c0056 wmwmmm rail 16
c0057 wmmwmm rail 13
c0058 mmwwmm rail 22
c0059 mmmwwm rail 16
done {'attempts': 264, 'facepass': 229, 'candidates': 60}
