rot180 (-2, 6, 7) INFEASIBLE 54.1
rot180 (-2, 7, 6) INFEASIBLE 45.7
rot180 (0, 5, 6) UNKNOWN 61.1
rot180 (0, 6, 5) INFEASIBLE 57.1
rot90 (-2, 5, 0) INFEASIBLE 24.2
rot180 (0, 7, 6) INFEASIBLE 61.7
rot180 (0, 6, 7) UNKNOWN 63.5
rot90 (-2, 6, -1) UNKNOWN 61.7
rot90 (0, 6, -1) UNKNOWN 45.4
rot90 (-2, 7, 0) UNKNOWN 78.5
rot90 (0, 5, 0) UNKNOWN 92.7
rot90 (-2, 6, 1) UNKNOWN 157.4
rot90 (0, 6, 1) UNKNOWN 69.0
rot90 (0, 7, 0) UNKNOWN 85.8
rot270 (-2, -1, 6) UNKNOWN 110.6
rot270 (-2, 1, 6) UNKNOWN 45.8
rot270 (-2, 0, 7) UNKNOWN 82.2
rot270 (0, -1, 6) UNKNOWN 70.2
rot270 (-2, 0, 5) UNKNOWN 292.2
id (-2, -1, 0) SKEL_OVERLAP 0.0
id (-2, 0, -1) SKEL_OVERLAP 0.0
id (-2, 0, 1) SKEL_OVERLAP 0.0
id (-2, 1, 0) SKEL_OVERLAP 0.0
id (0, -1, 0) SKEL_OVERLAP 0.0
id (0, 0, -1) SKEL_OVERLAP 0.0
id (0, 0, 1) SKEL_OVERLAP 0.0
id (0, 1, 0) SKEL_OVERLAP 0.0
swap (-3, 0, 0) SKEL_OVERLAP 0.0
swap (1, 0, 0) SKEL_OVERLAP 0.0
rot270 (0, 0, 5) UNKNOWN 44.5
flipy (-1, 5, -1) INFEASIBLE 63.6 (retry tl=300)
flipy (-1, 5, 1) INFEASIBLE 66.1 (retry tl=300)
rot270 (0, 0, 7) INFEASIBLE 84.1
rot270 (0, 1, 6) INFEASIBLE 94.6
anti (1, 6, 6) INFEASIBLE 89.8
anti (-3, 6, 6) INFEASIBLE 89.5
flipy (-3, 6, 0) INFEASIBLE 86.5
flipy (1, 6, 0) INFEASIBLE 98.2
flipz (-3, 0, 6) INFEASIBLE 149.6
flipz (1, 0, 6) INFEASIBLE 152.2
rot180 (-3, 6, 6) INFEASIBLE 143.9
rot180 (1, 6, 6) INFEASIBLE 132.2
rot90 (-3, 6, 0) INFEASIBLE 108.7
id (-3, 0, 0) SKEL_OVERLAP 0.0
id (1, 0, 0) SKEL_OVERLAP 0.0
rot90 (1, 6, 0) INFEASIBLE 115.0
swap (-1, -2, -1) SKEL_OVERLAP 0.0
swap (-1, -2, 1) SKEL_OVERLAP 0.0
swap (-1, -1, -2) SKEL_OVERLAP 0.0
swap (-1, -1, 2) SKEL_OVERLAP 0.0
rot270 (-3, 0, 6) INFEASIBLE 151.3
rot270 (1, 0, 6) INFEASIBLE 161.6
swap (-1, -3, 0) INFEASIBLE 3.1
swap (-1, 1, 2) SKEL_OVERLAP 0.0
swap (-1, 0, -3) INFEASIBLE 73.7
swap (-1, 2, 1) SKEL_OVERLAP 0.0
swap (-1, 1, -2) INFEASIBLE 1.2
swap (-1, 0, 3) INFEASIBLE 2.6
swap (-1, 2, -1) INFEASIBLE 1.5
swap (-1, 3, 0) INFEASIBLE 51.7
anti (-1, 3, 6) INFEASIBLE 100.2
anti (-1, 4, 5) INFEASIBLE 64.4
anti (-1, 4, 7) INFEASIBLE 121.2
anti (-1, 5, 4) INFEASIBLE 98.6
anti (-1, 5, 8) INFEASIBLE 96.2
anti (-1, 6, 3) INFEASIBLE 107.3
anti (-1, 6, 9) INFEASIBLE 84.7
anti (-1, 7, 8) INFEASIBLE 99.0
anti (-1, 7, 4) INFEASIBLE 152.0
anti (-1, 8, 5) INFEASIBLE 118.2
anti (-1, 8, 7) INFEASIBLE 119.0
flipy (-1, 3, 0) INFEASIBLE 2.5
anti (-1, 9, 6) INFEASIBLE 91.1
flipy (-1, 4, -1) INFEASIBLE 17.7
flipy (-1, 4, 1) INFEASIBLE 22.0
flipy (-1, 5, 2) INFEASIBLE 119.3
flipy (-1, 5, -2) INFEASIBLE 156.6
flipy (-1, 6, -3) INFEASIBLE 140.0
flipy (-1, 6, 3) INFEASIBLE 155.1
flipy (-1, 7, -2) INFEASIBLE 102.0
flipy (-1, 7, 2) INFEASIBLE 99.3
flipy (-1, 9, 0) INFEASIBLE 33.7
flipy (-1, 8, -1) INFEASIBLE 108.7
flipy (-1, 8, 1) INFEASIBLE 114.9
flipz (-1, -3, 6) INFEASIBLE 79.0
flipz (-1, -2, 5) INFEASIBLE 11.5
flipz (-1, 0, 3) SKEL_OVERLAP 0.0
flipz (-1, -1, 4) INFEASIBLE 13.7
flipz (-1, -2, 7) INFEASIBLE 93.3
flipz (-1, 0, 9) INFEASIBLE 44.3
flipz (-1, 1, 4) INFEASIBLE 16.3
flipz (-1, -1, 8) INFEASIBLE 115.5
flipz (-1, 2, 5) INFEASIBLE 17.8
flipz (-1, 1, 8) INFEASIBLE 133.8
flipz (-1, 2, 7) INFEASIBLE 119.5
flipz (-1, 3, 6) INFEASIBLE 110.0
rot180 (-1, 3, 6) INFEASIBLE 163.7
rot180 (-1, 4, 5) INFEASIBLE 164.6
rot180 (-1, 5, 4) UNKNOWN 166.3
rot180 (-1, 5, 8) UNKNOWN 226.8
rot180 (-1, 4, 7) UNKNOWN 303.9
rot180 (-1, 6, 3) UNKNOWN 223.0
rot180 (-1, 6, 9) INFEASIBLE 37.2
rot180 (-1, 7, 8) INFEASIBLE 46.7
rot180 (-1, 7, 4) INFEASIBLE 65.0
rot90 (-1, 3, 0) SKEL_OVERLAP 0.0
rot180 (-1, 8, 5) INFEASIBLE 80.6
rot180 (-1, 8, 7) INFEASIBLE 33.5
rot180 (-1, 9, 6) INFEASIBLE 16.5
rot90 (-1, 4, -1) INFEASIBLE 2.2
rot90 (-1, 4, 1) INFEASIBLE 6.9
rot90 (-1, 5, 2) INFEASIBLE 18.9
rot90 (-1, 5, -2) INFEASIBLE 100.8
rot90 (-1, 6, -3) INFEASIBLE 106.7
rot90 (-1, 7, -2) INFEASIBLE 114.0
rot90 (-1, 6, 3) INFEASIBLE 190.0
rot90 (-1, 8, -1) INFEASIBLE 123.4
rot90 (-1, 7, 2) UNKNOWN 170.2
rot90 (-1, 9, 0) INFEASIBLE 80.3
rot90 (-1, 8, 1) INFEASIBLE 127.8
rot270 (-1, -2, 5) INFEASIBLE 52.5
rot270 (-1, -3, 6) UNKNOWN 193.5
rot270 (-1, 0, 3) SKEL_OVERLAP 0.0
rot270 (-1, -1, 4) INFEASIBLE 31.2
rot270 (-1, -2, 7) UNKNOWN 180.9
rot270 (-1, 1, 4) INFEASIBLE 3.2
rot270 (-1, 0, 9) INFEASIBLE 81.1
rot270 (-1, -1, 8) INFEASIBLE 144.6
rot270 (-1, 1, 8) INFEASIBLE 120.5
id (-1, -3, 0) INFEASIBLE 4.0
id (-1, -2, -1) SKEL_OVERLAP 0.0
rot270 (-1, 2, 5) INFEASIBLE 140.6
id (-1, -1, -2) SKEL_OVERLAP 0.0
id (-1, -1, 2) SKEL_OVERLAP 0.0
rot270 (-1, 2, 7) INFEASIBLE 149.1
id (-1, -2, 1) INFEASIBLE 33.8
id (-1, 1, -2) SKEL_OVERLAP 0.0
id (-1, 1, 2) SKEL_OVERLAP 0.0
rot270 (-1, 3, 6) UNKNOWN 169.8
id (-1, 2, 1) SKEL_OVERLAP 0.0
id (-1, 0, -3) INFEASIBLE 1.8
swap (-2, -2, 0) SKEL_OVERLAP 0.0
swap (-2, -1, -1) SKEL_OVERLAP 0.0
swap (-2, -1, 1) SKEL_OVERLAP 0.0
swap (-2, 0, -2) SKEL_OVERLAP 0.0
swap (-2, 0, 2) SKEL_OVERLAP 0.0
swap (-2, 1, -1) SKEL_OVERLAP 0.0
swap (-2, 1, 1) SKEL_OVERLAP 0.0
id (-1, 0, 3) INFEASIBLE 1.5
swap (0, -2, 0) SKEL_OVERLAP 0.0
swap (0, -1, -1) SKEL_OVERLAP 0.0
swap (0, -1, 1) SKEL_OVERLAP 0.0
id (-1, 2, -1) INFEASIBLE 2.3
swap (0, 0, 2) SKEL_OVERLAP 0.0
swap (0, 1, -1) SKEL_OVERLAP 0.0
swap (0, 1, 1) SKEL_OVERLAP 0.0
swap (0, 2, 0) SKEL_OVERLAP 0.0
id (-1, 3, 0) INFEASIBLE 1.4
swap (-2, 2, 0) INFEASIBLE 1.2
swap (0, 0, -2) INFEASIBLE 1.3
anti (-2, 4, 6) INFEASIBLE 130.7
anti (-2, 5, 7) INFEASIBLE 167.3
anti (-2, 6, 4) UNKNOWN 256.2
anti (-2, 5, 5) INFEASIBLE 259.4
anti (-2, 6, 8) UNKNOWN 179.9
anti (-2, 7, 7) INFEASIBLE 105.6
anti (-2, 8, 6) INFEASIBLE 123.4
anti (-2, 7, 5) INFEASIBLE 169.7
anti (0, 4, 6) UNKNOWN 181.0
anti (0, 5, 5) INFEASIBLE 128.2
anti (0, 5, 7) INFEASIBLE 140.2
anti (0, 6, 8) INFEASIBLE 131.7
anti (0, 6, 4) UNKNOWN 179.6
anti (0, 7, 5) UNKNOWN 179.3
flipy (-2, 4, 0) INFEASIBLE 48.5
anti (0, 8, 6) INFEASIBLE 213.3
anti (0, 7, 7) UNKNOWN 231.1
flipy (-2, 5, -1) INFEASIBLE 10.4
flipy (-2, 5, 1) INFEASIBLE 25.2
flipy (-2, 7, -1) INFEASIBLE 65.2
flipy (-2, 6, 2) INFEASIBLE 104.0
flipy (-2, 6, -2) INFEASIBLE 132.1
flipy (-2, 7, 1) INFEASIBLE 124.1
flipy (-2, 8, 0) INFEASIBLE 39.6
flipy (0, 4, 0) INFEASIBLE 11.6
flipy (0, 5, -1) INFEASIBLE 20.0
flipy (0, 5, 1) INFEASIBLE 18.7
flipy (0, 6, -2) INFEASIBLE 67.2
flipy (0, 6, 2) INFEASIBLE 81.2
flipy (0, 7, -1) INFEASIBLE 89.4
flipy (0, 8, 0) INFEASIBLE 68.5
flipy (0, 7, 1) INFEASIBLE 103.3
flipz (-2, 0, 4) SKEL_OVERLAP 0.0
flipz (-2, -2, 6) INFEASIBLE 93.6
flipz (-2, -1, 5) INFEASIBLE 27.4
flipz (-2, 1, 5) INFEASIBLE 14.2
flipz (-2, 0, 8) INFEASIBLE 101.0
flipz (-2, -1, 7) INFEASIBLE 156.0
flipz (-2, 1, 7) INFEASIBLE 167.0
flipz (0, -1, 5) INFEASIBLE 16.1
flipz (0, 0, 4) SKEL_OVERLAP 0.0
flipz (-2, 2, 6) INFEASIBLE 93.8
flipz (0, -2, 6) INFEASIBLE 119.5
flipz (0, 1, 5) INFEASIBLE 17.9
flipz (0, -1, 7) INFEASIBLE 152.8
flipz (0, 0, 8) INFEASIBLE 146.7
flipz (0, 1, 7) INFEASIBLE 125.9
flipz (0, 2, 6) INFEASIBLE 120.5
rot180 (-2, 5, 5) INFEASIBLE 139.5
rot180 (-2, 4, 6) UNKNOWN 239.7
rot180 (-2, 5, 7) UNKNOWN 302.8
rot180 (-2, 6, 4) UNKNOWN 276.1
rot180 (-2, 6, 8) INFEASIBLE 49.3
rot180 (-2, 8, 6) INFEASIBLE 47.6
rot180 (-2, 7, 5) INFEASIBLE 71.7
rot180 (-2, 7, 7) INFEASIBLE 80.0
rot180 (0, 4, 6) INFEASIBLE 131.7
rot180 (0, 6, 4) INFEASIBLE 90.7
rot180 (0, 5, 5) INFEASIBLE 205.3
rot180 (0, 5, 7) UNKNOWN 193.0
rot180 (0, 6, 8) UNKNOWN 207.3
rot90 (-2, 4, 0) INFEASIBLE 2.7
rot180 (0, 7, 5) INFEASIBLE 53.9
rot180 (0, 8, 6) INFEASIBLE 48.1
rot180 (0, 7, 7) INFEASIBLE 73.9
rot90 (-2, 5, -1) INFEASIBLE 10.3
rot90 (-2, 5, 1) INFEASIBLE 30.7
rot90 (-2, 6, -2) INFEASIBLE 58.1
rot90 (-2, 7, -1) INFEASIBLE 74.7
rot90 (-2, 6, 2) INFEASIBLE 106.5
rot90 (-2, 8, 0) INFEASIBLE 52.9
rot90 (-2, 7, 1) INFEASIBLE 77.7
rot90 (0, 4, 0) INFEASIBLE 16.8
rot90 (0, 5, -1) INFEASIBLE 35.4
rot90 (0, 5, 1) INFEASIBLE 5.2
rot90 (0, 6, -2) INFEASIBLE 41.0
rot90 (0, 7, -1) UNKNOWN 3797.8
rot90 (0, 6, 2) UNKNOWN 3809.9
rot90 (0, 7, 1) UNKNOWN 3773.6
rot90 (0, 8, 0) INFEASIBLE 64.0
rot270 (-2, -1, 5) INFEASIBLE 6.9
rot270 (-2, 0, 4) INFEASIBLE 9.0
rot270 (-2, -1, 7) INFEASIBLE 63.4
rot270 (-2, -2, 6) INFEASIBLE 80.8
rot270 (-2, 0, 8) INFEASIBLE 58.8
rot270 (-2, 1, 5) INFEASIBLE 24.0
rot270 (-2, 2, 6) INFEASIBLE 41.2
rot270 (-2, 1, 7) INFEASIBLE 48.8
rot270 (0, -1, 5) INFEASIBLE 20.0
rot270 (0, -2, 6) INFEASIBLE 72.3
rot270 (0, 0, 4) INFEASIBLE 3.3
rot270 (0, -1, 7) INFEASIBLE 51.4
rot270 (0, 0, 8) INFEASIBLE 52.2
id (-2, -2, 0) SKEL_OVERLAP 0.0
id (-2, -1, -1) SKEL_OVERLAP 0.0
id (-2, -1, 1) SKEL_OVERLAP 0.0
id (-2, 0, -2) SKEL_OVERLAP 0.0
id (-2, 0, 2) SKEL_OVERLAP 0.0
id (-2, 1, -1) SKEL_OVERLAP 0.0
id (-2, 1, 1) SKEL_OVERLAP 0.0
id (-2, 2, 0) SKEL_OVERLAP 0.0
id (0, -2, 0) SKEL_OVERLAP 0.0
id (0, -1, -1) SKEL_OVERLAP 0.0
id (0, -1, 1) SKEL_OVERLAP 0.0
id (0, 0, -2) SKEL_OVERLAP 0.0
id (0, 0, 2) SKEL_OVERLAP 0.0
id (0, 1, -1) SKEL_OVERLAP 0.0
id (0, 1, 1) SKEL_OVERLAP 0.0
id (0, 2, 0) SKEL_OVERLAP 0.0
swap (-3, -1, 0) SKEL_OVERLAP 0.0
swap (-3, 0, -1) SKEL_OVERLAP 0.0
swap (-3, 0, 1) SKEL_OVERLAP 0.0
swap (-3, 1, 0) SKEL_OVERLAP 0.0
swap (1, -1, 0) SKEL_OVERLAP 0.0
swap (1, 0, -1) SKEL_OVERLAP 0.0
swap (1, 0, 1) SKEL_OVERLAP 0.0
swap (1, 1, 0) SKEL_OVERLAP 0.0
rot270 (0, 1, 5) INFEASIBLE 16.8
rot270 (0, 1, 7) INFEASIBLE 39.1
rot270 (0, 2, 6) INFEASIBLE 41.3
anti (-3, 6, 5) INFEASIBLE 61.5
anti (-3, 5, 6) INFEASIBLE 86.3
anti (-3, 6, 7) INFEASIBLE 89.4
anti (-3, 7, 6) INFEASIBLE 99.4
anti (1, 5, 6) INFEASIBLE 52.4
anti (1, 6, 7) INFEASIBLE 54.4
anti (1, 7, 6) INFEASIBLE 60.4
anti (1, 6, 5) INFEASIBLE 81.6
flipy (-3, 5, 0) INFEASIBLE 66.1
flipy (-3, 6, -1) INFEASIBLE 57.1
flipy (-3, 7, 0) INFEASIBLE 63.9
flipy (-3, 6, 1) INFEASIBLE 80.4
flipy (1, 5, 0) INFEASIBLE 94.5
flipy (1, 6, -1) INFEASIBLE 80.5
flipy (1, 6, 1) INFEASIBLE 55.0
flipy (1, 7, 0) INFEASIBLE 61.2
flipz (-3, 0, 5) INFEASIBLE 16.7
flipz (-3, -1, 6) INFEASIBLE 45.4
flipz (-3, 0, 7) UNKNOWN 144.0
flipz (1, -1, 6) UNKNOWN 8960.3
flipz (1, 0, 5) UNKNOWN 35138.3
flipz (-3, 1, 6) UNKNOWN 35255.9
flipz (1, 0, 7) UNKNOWN 26261.7
rot180 (-3, 6, 7) INFEASIBLE 100.4
rot180 (-3, 6, 5) INFEASIBLE 103.8
flipz (1, 1, 6) INFEASIBLE 169.4
rot180 (-3, 5, 6) INFEASIBLE 175.9
rot180 (-3, 7, 6) INFEASIBLE 84.5
rot180 (1, 5, 6) INFEASIBLE 120.1
rot180 (1, 6, 7) INFEASIBLE 131.0
rot180 (1, 6, 5) INFEASIBLE 138.3
rot180 (1, 7, 6) INFEASIBLE 143.7
rot90 (-3, 5, 0) INFEASIBLE 44.6
rot90 (-3, 6, -1) INFEASIBLE 92.9
rot90 (-3, 6, 1) INFEASIBLE 131.9
rot90 (-3, 7, 0) INFEASIBLE 143.6
rot90 (1, 5, 0) UNKNOWN 251.0
rot90 (1, 6, -1) UNKNOWN 190.2
rot90 (1, 7, 0) INFEASIBLE 123.4
rot90 (1, 6, 1) INFEASIBLE 145.6
rot270 (-3, -1, 6) INFEASIBLE 143.4
rot270 (-3, 0, 7) UNKNOWN 171.5
rot270 (-3, 1, 6) UNKNOWN 187.0
rot270 (1, -1, 6) UNKNOWN 98.4
rot270 (-3, 0, 5) UNKNOWN 277.1
id (-3, -1, 0) SKEL_OVERLAP 0.0
id (-3, 0, -1) SKEL_OVERLAP 0.0
id (-3, 0, 1) SKEL_OVERLAP 0.0
id (-3, 1, 0) SKEL_OVERLAP 0.0
id (1, -1, 0) SKEL_OVERLAP 0.0
id (1, 0, -1) SKEL_OVERLAP 0.0
id (1, 0, 1) SKEL_OVERLAP 0.0
id (1, 1, 0) SKEL_OVERLAP 0.0
rot270 (1, 0, 5) INFEASIBLE 48.0
rot270 (1, 0, 7) INFEASIBLE 61.8
swap (-1, -3, 1) INFEASIBLE 2.5
swap (-1, -2, -2) SKEL_OVERLAP 0.0
swap (-1, -2, 2) SKEL_OVERLAP 0.0
swap (-1, -4, 0) INFEASIBLE 60.8
rot270 (1, 1, 6) INFEASIBLE 83.2
swap (-1, -3, -1) INFEASIBLE 96.7
swap (-1, -1, -3) INFEASIBLE 67.4
swap (-1, -1, 3) INFEASIBLE 5.9
swap (-1, 0, -4) INFEASIBLE 19.2
swap (-1, 0, 4) INFEASIBLE 45.7
swap (-1, 2, 2) SKEL_OVERLAP 0.0
swap (-1, 1, -3) INFEASIBLE 38.1
swap (-1, 2, -2) INFEASIBLE 38.1
swap (-1, 1, 3) INFEASIBLE 69.8
swap (-1, 3, -1) INFEASIBLE 60.7
swap (-1, 4, 0) INFEASIBLE 25.7
swap (-1, 3, 1) INFEASIBLE 70.1
anti (-1, 2, 6) INFEASIBLE 48.7
anti (-1, 3, 5) INFEASIBLE 26.3
anti (-1, 4, 4) INFEASIBLE 12.0
anti (-1, 3, 7) INFEASIBLE 67.1
anti (-1, 4, 8) INFEASIBLE 51.2
anti (-1, 5, 3) INFEASIBLE 20.2
anti (-1, 5, 9) INFEASIBLE 47.3
anti (-1, 6, 10) INFEASIBLE 34.0
anti (-1, 6, 2) INFEASIBLE 74.2
anti (-1, 7, 3) INFEASIBLE 77.4
anti (-1, 7, 9) INFEASIBLE 69.0
anti (-1, 8, 8) INFEASIBLE 56.4
anti (-1, 8, 4) INFEASIBLE 81.0
flipy (-1, 2, 0) SKEL_OVERLAP 0.0
anti (-1, 9, 7) INFEASIBLE 35.3
anti (-1, 9, 5) INFEASIBLE 47.7
anti (-1, 10, 6) INFEASIBLE 28.9
flipy (-1, 3, -1) INFEASIBLE 2.2
flipy (-1, 3, 1) INFEASIBLE 1.3
flipy (-1, 5, -3) INFEASIBLE 54.5
flipy (-1, 4, -2) INFEASIBLE 89.1
flipy (-1, 4, 2) INFEASIBLE 96.4
flipy (-1, 5, 3) INFEASIBLE 90.7
flipy (-1, 6, -4) INFEASIBLE 69.4
flipy (-1, 6, 4) INFEASIBLE 45.9
flipy (-1, 7, -3) INFEASIBLE 46.7
flipy (-1, 7, 3) INFEASIBLE 52.5
flipy (-1, 8, -2) INFEASIBLE 54.3
flipy (-1, 9, -1) INFEASIBLE 26.7
flipy (-1, 8, 2) INFEASIBLE 55.8
flipy (-1, 9, 1) INFEASIBLE 23.4
flipy (-1, 10, 0) INFEASIBLE 12.6
flipz (-1, -4, 6) INFEASIBLE 29.9
flipz (-1, -2, 4) INFEASIBLE 3.4
flipz (-1, -1, 3) SKEL_OVERLAP 0.0
flipz (-1, -3, 7) INFEASIBLE 40.8
flipz (-1, 0, 2) SKEL_OVERLAP 0.0
flipz (-1, -3, 5) INFEASIBLE 49.8
flipz (-1, 1, 3) SKEL_OVERLAP 0.0
flipz (-1, -2, 8) INFEASIBLE 59.6
flipz (-1, -1, 9) INFEASIBLE 52.0
flipz (-1, 0, 10) INFEASIBLE 40.8
flipz (-1, 1, 9) INFEASIBLE 40.4
flipz (-1, 2, 4) INFEASIBLE 3.7
flipz (-1, 2, 8) INFEASIBLE 36.7
flipz (-1, 4, 6) INFEASIBLE 48.5
flipz (-1, 3, 5) INFEASIBLE 64.5
flipz (-1, 3, 7) INFEASIBLE 72.8
rot180 (-1, 2, 6) INFEASIBLE 96.0
rot180 (-1, 4, 4) INFEASIBLE 12.3
rot180 (-1, 3, 5) INFEASIBLE 102.1
rot180 (-1, 3, 7) INFEASIBLE 146.3
rot180 (-1, 4, 8) INFEASIBLE 143.8
rot180 (-1, 5, 3) INFEASIBLE 136.5
rot180 (-1, 6, 2) INFEASIBLE 31.0
rot180 (-1, 5, 9) INFEASIBLE 36.8
rot180 (-1, 6, 10) INFEASIBLE 41.2
rot180 (-1, 7, 3) INFEASIBLE 49.1
rot180 (-1, 7, 9) INFEASIBLE 37.8
rot180 (-1, 8, 4) INFEASIBLE 40.2
rot180 (-1, 9, 5) INFEASIBLE 24.9
rot90 (-1, 2, 0) SKEL_OVERLAP 0.0
rot90 (-1, 3, -1) SKEL_OVERLAP 0.0
rot90 (-1, 3, 1) SKEL_OVERLAP 0.0
rot180 (-1, 8, 8) INFEASIBLE 44.0
rot180 (-1, 9, 7) INFEASIBLE 27.1
rot180 (-1, 10, 6) INFEASIBLE 16.2
rot90 (-1, 4, 2) INFEASIBLE 6.1
rot90 (-1, 4, -2) INFEASIBLE 55.9
rot90 (-1, 5, -3) INFEASIBLE 60.1
rot90 (-1, 6, -4) INFEASIBLE 21.2
rot90 (-1, 5, 3) INFEASIBLE 94.7
rot90 (-1, 6, 4) INFEASIBLE 64.4
rot90 (-1, 7, -3) INFEASIBLE 63.6
rot90 (-1, 8, -2) INFEASIBLE 58.5
rot90 (-1, 7, 3) INFEASIBLE 91.1
rot90 (-1, 9, -1) INFEASIBLE 58.5
rot90 (-1, 8, 2) INFEASIBLE 77.6
rot90 (-1, 10, 0) INFEASIBLE 17.7
rot90 (-1, 9, 1) INFEASIBLE 47.4
rot270 (-1, -4, 6) INFEASIBLE 29.6
rot270 (-1, -2, 4) INFEASIBLE 6.1
rot270 (-1, -1, 3) SKEL_OVERLAP 0.0
rot270 (-1, -3, 7) INFEASIBLE 47.4
rot270 (-1, 0, 2) SKEL_OVERLAP 0.0
rot270 (-1, -3, 5) INFEASIBLE 76.5
rot270 (-1, 1, 3) SKEL_OVERLAP 0.0
rot270 (-1, -2, 8) INFEASIBLE 66.3
rot270 (-1, 0, 10) INFEASIBLE 26.8
rot270 (-1, -1, 9) INFEASIBLE 54.3
rot270 (-1, 1, 9) INFEASIBLE 44.0
rot270 (-1, 2, 8) INFEASIBLE 50.2
rot270 (-1, 2, 4) INFEASIBLE 61.6
rot270 (-1, 3, 7) INFEASIBLE 58.2
rot270 (-1, 3, 5) INFEASIBLE 76.9
rot270 (-1, 4, 6) INFEASIBLE 18.0
id (-1, -2, -2) SKEL_OVERLAP 0.0
id (-1, -4, 0) INFEASIBLE 41.5
id (-1, -2, 2) INFEASIBLE 1.7
id (-1, -3, -1) INFEASIBLE 63.9
id (-1, -3, 1) INFEASIBLE 78.6
id (-1, -1, 3) INFEASIBLE 4.2
id (-1, -1, -3) INFEASIBLE 83.7
id (-1, 1, -3) INFEASIBLE 2.4
id (-1, 0, -4) INFEASIBLE 45.3
id (-1, 2, 2) SKEL_OVERLAP 0.0
id (-1, 0, 4) INFEASIBLE 51.0
id (-1, 2, -2) INFEASIBLE 1.7
id (-1, 1, 3) INFEASIBLE 51.4
swap (-2, -3, 0) INFEASIBLE 1.8
swap (-2, -2, -1) SKEL_OVERLAP 0.0
swap (-2, -2, 1) SKEL_OVERLAP 0.0
swap (-2, -1, -2) SKEL_OVERLAP 0.0
swap (-2, -1, 2) SKEL_OVERLAP 0.0
id (-1, 3, -1) INFEASIBLE 52.6
id (-1, 3, 1) INFEASIBLE 63.8
swap (-2, 0, -3) INFEASIBLE 1.2
swap (-2, 1, 2) SKEL_OVERLAP 0.0
id (-1, 4, 0) INFEASIBLE 66.0
swap (-2, 0, 3) INFEASIBLE 1.4
swap (-2, 2, -1) INFEASIBLE 1.8
swap (-2, 1, -2) INFEASIBLE 3.3
swap (0, -2, -1) SKEL_OVERLAP 0.0
swap (0, -2, 1) SKEL_OVERLAP 0.0
swap (-2, 2, 1) INFEASIBLE 1.0
swap (0, -1, 2) SKEL_OVERLAP 0.0
swap (0, -1, -2) INFEASIBLE 2.6
swap (0, -3, 0) INFEASIBLE 1.9
swap (-2, 3, 0) INFEASIBLE 42.6
swap (0, 1, 2) SKEL_OVERLAP 0.0
swap (0, 0, -3) INFEASIBLE 57.5
swap (0, 2, 1) SKEL_OVERLAP 0.0
swap (0, 1, -2) INFEASIBLE 1.3
swap (0, 2, -1) INFEASIBLE 1.0
swap (0, 0, 3) INFEASIBLE 1.5
swap (0, 3, 0) INFEASIBLE 1.0
anti (-2, 5, 4) INFEASIBLE 25.8
anti (-2, 3, 6) INFEASIBLE 82.0
anti (-2, 4, 7) INFEASIBLE 92.2
anti (-2, 4, 5) UNKNOWN 233.7
anti (-2, 6, 3) UNKNOWN 103.1
anti (-2, 5, 8) UNKNOWN 162.7
anti (-2, 6, 9) INFEASIBLE 157.3
anti (-2, 7, 8) INFEASIBLE 53.5
anti (-2, 7, 4) INFEASIBLE 83.8
anti (-2, 8, 7) INFEASIBLE 77.0
anti (-2, 8, 5) INFEASIBLE 95.9
anti (-2, 9, 6) INFEASIBLE 79.5
anti (0, 3, 6) INFEASIBLE 55.9
anti (0, 4, 5) INFEASIBLE 36.7
anti (0, 4, 7) INFEASIBLE 92.3
anti (0, 5, 8) INFEASIBLE 137.4
anti (0, 6, 3) UNKNOWN 173.0
anti (0, 6, 9) UNKNOWN 172.0
anti (0, 5, 4) UNKNOWN 391.9
anti (0, 7, 4) UNKNOWN 181.2
anti (0, 7, 8) INFEASIBLE 153.1
anti (0, 8, 5) INFEASIBLE 158.3
anti (0, 8, 7) INFEASIBLE 47.6
anti (0, 9, 6) INFEASIBLE 50.9
flipy (-2, 3, 0) INFEASIBLE 2.1
flipy (-2, 4, -1) INFEASIBLE 9.6
flipy (-2, 4, 1) INFEASIBLE 30.3
flipy (-2, 5, -2) INFEASIBLE 71.3
flipy (-2, 6, -3) INFEASIBLE 66.1
flipy (-2, 5, 2) INFEASIBLE 101.2
flipy (-2, 6, 3) INFEASIBLE 68.0
flipy (-2, 7, -2) INFEASIBLE 46.1
flipy (-2, 7, 2) INFEASIBLE 50.1
flipy (-2, 8, -1) INFEASIBLE 54.5
flipy (-2, 8, 1) INFEASIBLE 58.0
flipy (-2, 9, 0) INFEASIBLE 33.1
flipy (0, 3, 0) INFEASIBLE 1.9
flipy (0, 4, 1) INFEASIBLE 16.3
flipy (0, 4, -1) INFEASIBLE 35.3
flipy (0, 5, -2) INFEASIBLE 89.2
flipy (0, 5, 2) INFEASIBLE 92.4
flipy (0, 6, -3) INFEASIBLE 72.4
flipy (0, 6, 3) INFEASIBLE 85.3
flipy (0, 7, -2) INFEASIBLE 82.3
flipy (0, 7, 2) INFEASIBLE 85.5
flipy (0, 8, -1) INFEASIBLE 50.8
flipy (0, 8, 1) INFEASIBLE 45.8
flipy (0, 9, 0) INFEASIBLE 31.1
flipz (-2, -3, 6) INFEASIBLE 51.0
flipz (-2, -2, 5) INFEASIBLE 8.2
flipz (-2, 0, 3) SKEL_OVERLAP 0.0
flipz (-2, -1, 4) INFEASIBLE 7.8
flipz (-2, -2, 7) INFEASIBLE 60.7
flipz (-2, 1, 4) INFEASIBLE 8.0
flipz (-2, 0, 9) INFEASIBLE 66.8
flipz (-2, -1, 8) INFEASIBLE 97.6
flipz (-2, 1, 8) INFEASIBLE 55.8
flipz (-2, 2, 5) INFEASIBLE 80.7
flipz (-2, 3, 6) INFEASIBLE 86.7
flipz (-2, 2, 7) INFEASIBLE 112.6
flipz (0, -3, 6) INFEASIBLE 116.8
flipz (0, -1, 4) INFEASIBLE 3.4
flipz (0, 0, 3) SKEL_OVERLAP 0.0
flipz (0, -2, 5) INFEASIBLE 45.2
flipz (0, -2, 7) INFEASIBLE 44.0
flipz (0, 1, 4) INFEASIBLE 5.7
flipz (0, -1, 8) INFEASIBLE 55.9
flipz (0, 0, 9) INFEASIBLE 48.9
flipz (0, 2, 5) INFEASIBLE 6.8
flipz (0, 1, 8) INFEASIBLE 36.9
flipz (0, 3, 6) INFEASIBLE 38.5
flipz (0, 2, 7) INFEASIBLE 50.0
rot180 (-2, 3, 6) INFEASIBLE 47.4
rot180 (-2, 4, 5) INFEASIBLE 60.4
rot180 (-2, 5, 4) INFEASIBLE 73.3
rot180 (-2, 4, 7) INFEASIBLE 96.6
rot180 (-2, 6, 3) INFEASIBLE 67.9
rot180 (-2, 5, 8) INFEASIBLE 92.9
rot180 (-2, 6, 9) INFEASIBLE 61.3
rot180 (-2, 7, 4) INFEASIBLE 63.8
rot180 (-2, 7, 8) INFEASIBLE 33.1
rot180 (-2, 8, 5) INFEASIBLE 33.0
rot180 (-2, 9, 6) INFEASIBLE 24.4
rot180 (-2, 8, 7) INFEASIBLE 41.3
rot180 (0, 3, 6) INFEASIBLE 50.0
rot180 (0, 5, 4) INFEASIBLE 52.1
rot180 (0, 4, 5) INFEASIBLE 77.2
rot180 (0, 4, 7) INFEASIBLE 111.1
rot180 (0, 5, 8) INFEASIBLE 37.3
rot180 (0, 6, 3) INFEASIBLE 37.9
rot180 (0, 6, 9) INFEASIBLE 43.7
rot180 (0, 7, 4) INFEASIBLE 51.7
rot180 (0, 7, 8) INFEASIBLE 47.4
rot90 (-2, 3, 0) SKEL_OVERLAP 0.0
rot180 (0, 8, 5) INFEASIBLE 27.9
rot180 (0, 9, 6) INFEASIBLE 17.9
rot90 (-2, 4, -1) INFEASIBLE 0.9
rot180 (0, 8, 7) INFEASIBLE 31.2
rot90 (-2, 4, 1) INFEASIBLE 6.3
rot90 (-2, 6, -3) INFEASIBLE 26.3
rot90 (-2, 5, -2) INFEASIBLE 39.2
rot90 (-2, 5, 2) INFEASIBLE 57.0
rot90 (-2, 6, 3) INFEASIBLE 46.9
rot90 (-2, 7, -2) INFEASIBLE 47.6
rot90 (-2, 8, -1) INFEASIBLE 37.6
rot90 (0, 3, 0) SKEL_OVERLAP 0.0
rot90 (-2, 7, 2) INFEASIBLE 67.0
rot90 (-2, 8, 1) INFEASIBLE 59.7
rot90 (-2, 9, 0) INFEASIBLE 52.3
rot90 (0, 4, -1) INFEASIBLE 8.7
rot90 (0, 4, 1) INFEASIBLE 4.6
rot90 (0, 5, 2) INFEASIBLE 7.9
rot90 (0, 5, -2) INFEASIBLE 38.4
rot90 (0, 6, -3) INFEASIBLE 38.2
rot90 (0, 6, 3) INFEASIBLE 50.9
rot90 (0, 7, -2) INFEASIBLE 38.0
rot90 (0, 8, -1) INFEASIBLE 39.7
rot90 (0, 7, 2) INFEASIBLE 53.9
rot90 (0, 8, 1) INFEASIBLE 57.7
rot90 (0, 9, 0) INFEASIBLE 53.2
rot270 (-2, -3, 6) INFEASIBLE 31.4
rot270 (-2, -2, 5) INFEASIBLE 10.0
rot270 (-2, 0, 3) SKEL_OVERLAP 0.0
rot270 (-2, -1, 4) INFEASIBLE 9.5
rot270 (-2, -2, 7) INFEASIBLE 46.4
rot270 (-2, -1, 8) INFEASIBLE 43.8
rot270 (-2, 0, 9) INFEASIBLE 43.7
rot270 (-2, 1, 4) INFEASIBLE 15.1
rot270 (-2, 1, 8) INFEASIBLE 25.1
rot270 (-2, 2, 7) INFEASIBLE 30.6
rot270 (-2, 3, 6) INFEASIBLE 33.3
rot270 (-2, 2, 5) INFEASIBLE 45.1
rot270 (0, -3, 6) INFEASIBLE 54.1
rot270 (0, -1, 4) INFEASIBLE 8.7
rot270 (0, 0, 3) SKEL_OVERLAP 0.0
rot270 (0, -2, 5) INFEASIBLE 60.8
rot270 (0, -2, 7) INFEASIBLE 66.5
rot270 (0, -1, 8) INFEASIBLE 79.6
rot270 (0, 0, 9) INFEASIBLE 72.3
rot270 (0, 1, 4) INFEASIBLE 1.6
rot270 (0, 1, 8) INFEASIBLE 28.2
rot270 (0, 2, 7) INFEASIBLE 35.4
id (-2, -2, -1) SKEL_OVERLAP 0.0
id (-2, -2, 1) SKEL_OVERLAP 0.0
id (-2, -1, -2) SKEL_OVERLAP 0.0
id (-2, -1, 2) SKEL_OVERLAP 0.0
id (-2, -3, 0) INFEASIBLE 1.0
rot270 (0, 2, 5) INFEASIBLE 50.0
id (-2, 1, -2) SKEL_OVERLAP 0.0
id (-2, 1, 2) SKEL_OVERLAP 0.0
rot270 (0, 3, 6) INFEASIBLE 47.9
id (-2, 2, 1) SKEL_OVERLAP 0.0
id (-2, 0, -3) INFEASIBLE 0.6
id (-2, 2, -1) INFEASIBLE 1.0
id (0, -2, -1) SKEL_OVERLAP 0.0
id (-2, 0, 3) INFEASIBLE 28.5
id (0, -1, -2) SKEL_OVERLAP 0.0
id (0, -1, 2) SKEL_OVERLAP 0.0
id (-2, 3, 0) INFEASIBLE 32.8
id (0, -2, 1) INFEASIBLE 1.2
id (0, 1, -2) SKEL_OVERLAP 0.0
id (0, 1, 2) SKEL_OVERLAP 0.0
id (0, 2, -1) SKEL_OVERLAP 0.0
id (0, 2, 1) SKEL_OVERLAP 0.0
id (0, -3, 0) INFEASIBLE 34.7
swap (-3, -2, 0) SKEL_OVERLAP 0.0
swap (-3, -1, -1) SKEL_OVERLAP 0.0
swap (-3, -1, 1) SKEL_OVERLAP 0.0
swap (-3, 0, -2) SKEL_OVERLAP 0.0
swap (-3, 0, 2) SKEL_OVERLAP 0.0
swap (-3, 1, -1) SKEL_OVERLAP 0.0
swap (-3, 1, 1) SKEL_OVERLAP 0.0
id (0, 0, 3) INFEASIBLE 1.2
swap (1, -2, 0) SKEL_OVERLAP 0.0
swap (1, -1, -1) SKEL_OVERLAP 0.0
swap (1, -1, 1) SKEL_OVERLAP 0.0
id (0, 0, -3) INFEASIBLE 33.4
swap (1, 0, 2) SKEL_OVERLAP 0.0
swap (1, 1, -1) SKEL_OVERLAP 0.0
swap (1, 1, 1) SKEL_OVERLAP 0.0
swap (1, 2, 0) SKEL_OVERLAP 0.0
id (0, 3, 0) INFEASIBLE 3.0
swap (-3, 2, 0) INFEASIBLE 0.7
swap (1, 0, -2) INFEASIBLE 0.8
anti (-3, 4, 6) INFEASIBLE 40.1
anti (-3, 5, 7) INFEASIBLE 43.4
anti (-3, 5, 5) INFEASIBLE 56.1
anti (-3, 6, 4) INFEASIBLE 67.8
anti (-3, 6, 8) INFEASIBLE 25.7
anti (-3, 8, 6) INFEASIBLE 31.2
anti (-3, 7, 7) INFEASIBLE 42.7
anti (-3, 7, 5) INFEASIBLE 56.6
anti (1, 4, 6) INFEASIBLE 67.2
anti (1, 5, 5) INFEASIBLE 41.8
anti (1, 6, 8) INFEASIBLE 35.4
anti (1, 5, 7) INFEASIBLE 49.9
anti (1, 6, 4) INFEASIBLE 68.6
anti (1, 7, 5) INFEASIBLE 32.1
flipy (-3, 4, 0) INFEASIBLE 11.0
anti (1, 8, 6) INFEASIBLE 38.0
anti (1, 7, 7) INFEASIBLE 45.7
flipy (-3, 5, -1) INFEASIBLE 45.1
flipy (-3, 6, -2) INFEASIBLE 38.5
flipy (-3, 7, -1) INFEASIBLE 61.2
flipy (-3, 6, 2) INFEASIBLE 69.7
flipy (-3, 5, 1) INFEASIBLE 87.7
flipy (-3, 8, 0) INFEASIBLE 21.3
flipy (1, 4, 0) INFEASIBLE 8.5
flipy (-3, 7, 1) INFEASIBLE 33.6
flipy (1, 5, -1) INFEASIBLE 44.7
flipy (1, 6, -2) INFEASIBLE 32.1
flipy (1, 6, 2) INFEASIBLE 38.8
flipy (1, 7, -1) INFEASIBLE 41.4
flipy (1, 5, 1) INFEASIBLE 56.7
flipy (1, 7, 1) INFEASIBLE 43.3
flipy (1, 8, 0) INFEASIBLE 21.8
flipz (-3, -1, 5) INFEASIBLE 20.7
flipz (-3, -2, 6) INFEASIBLE 41.2
flipz (-3, 0, 4) INFEASIBLE 15.1
flipz (-3, -1, 7) INFEASIBLE 54.4
flipz (-3, 0, 8) INFEASIBLE 31.0
flipz (-3, 1, 5) INFEASIBLE 36.2
flipz (-3, 1, 7) INFEASIBLE 55.7
flipz (-3, 2, 6) INFEASIBLE 62.8
flipz (1, -2, 6) INFEASIBLE 76.3
flipz (1, -1, 5) INFEASIBLE 56.9
flipz (1, 0, 4) INFEASIBLE 5.6
flipz (1, -1, 7) INFEASIBLE 53.8
flipz (1, 0, 8) INFEASIBLE 40.9
flipz (1, 1, 5) INFEASIBLE 24.9
flipz (1, 1, 7) INFEASIBLE 43.4
flipz (1, 2, 6) INFEASIBLE 46.6
rot180 (-3, 4, 6) INFEASIBLE 65.0
rot180 (-3, 5, 5) INFEASIBLE 69.8
rot180 (-3, 5, 7) INFEASIBLE 85.4
rot180 (-3, 6, 4) INFEASIBLE 77.5
rot180 (-3, 6, 8) INFEASIBLE 35.7
rot180 (-3, 7, 5) INFEASIBLE 40.7
rot180 (-3, 8, 6) INFEASIBLE 37.8
rot180 (-3, 7, 7) INFEASIBLE 55.1
rot180 (1, 4, 6) INFEASIBLE 70.8
rot180 (1, 5, 5) INFEASIBLE 68.1
rot180 (1, 6, 4) INFEASIBLE 81.8
rot180 (1, 5, 7) INFEASIBLE 119.2
rot180 (1, 6, 8) INFEASIBLE 125.4
rot180 (1, 7, 5) INFEASIBLE 48.8
rot180 (1, 7, 7) INFEASIBLE 54.1
rot90 (-3, 4, 0) INFEASIBLE 16.8
rot180 (1, 8, 6) INFEASIBLE 51.3
rot90 (-3, 5, -1) INFEASIBLE 61.6
rot90 (-3, 6, -2) INFEASIBLE 74.8
rot90 (-3, 5, 1) INFEASIBLE 83.4
rot90 (-3, 6, 2) INFEASIBLE 117.5
rot90 (-3, 7, -1) INFEASIBLE 105.6
rot90 (-3, 7, 1) INFEASIBLE 64.9
rot90 (1, 4, 0) INFEASIBLE 13.5
rot90 (-3, 8, 0) INFEASIBLE 67.7
rot90 (1, 5, -1) INFEASIBLE 68.3
rot90 (1, 6, -2) INFEASIBLE 52.6
rot90 (1, 6, 2) UNKNOWN 165.2
rot90 (1, 7, -1) UNKNOWN 212.9
rot90 (1, 7, 1) UNKNOWN 221.1
rot90 (1, 8, 0) UNKNOWN 125.8
rot90 (1, 5, 1) UNKNOWN 367.5
rot270 (-3, -2, 6) UNKNOWN 169.9
rot270 (-3, -1, 7) UNKNOWN 144.5
rot270 (-3, 0, 8) UNKNOWN 131.5
rot270 (-3, 0, 4) UNKNOWN 213.0
rot270 (-3, -1, 5) UNKNOWN 438.8
rot270 (-3, 1, 5) UNKNOWN 167.3
rot270 (-3, 1, 7) UNKNOWN 100.8
rot270 (-3, 2, 6) INFEASIBLE 88.5
rot270 (1, 0, 4) INFEASIBLE 11.6
rot270 (1, -2, 6) INFEASIBLE 66.7
rot270 (1, -1, 7) INFEASIBLE 79.3
rot270 (1, -1, 5) INFEASIBLE 86.9
rot270 (1, 0, 8) INFEASIBLE 61.4
id (-3, -2, 0) SKEL_OVERLAP 0.0
id (-3, -1, -1) SKEL_OVERLAP 0.0
id (-3, -1, 1) SKEL_OVERLAP 0.0
id (-3, 0, -2) SKEL_OVERLAP 0.0
id (-3, 0, 2) SKEL_OVERLAP 0.0
id (-3, 1, -1) SKEL_OVERLAP 0.0
id (-3, 1, 1) SKEL_OVERLAP 0.0
rot270 (1, 1, 5) INFEASIBLE 64.3
id (-3, 2, 0) INFEASIBLE 18.6
id (1, -1, -1) SKEL_OVERLAP 0.0
id (1, -1, 1) SKEL_OVERLAP 0.0
id (1, 0, -2) SKEL_OVERLAP 0.0
id (1, 0, 2) SKEL_OVERLAP 0.0
id (1, 1, -1) SKEL_OVERLAP 0.0
id (1, 1, 1) SKEL_OVERLAP 0.0
id (1, 2, 0) SKEL_OVERLAP 0.0
rot270 (1, 1, 7) INFEASIBLE 70.7
rot270 (1, 2, 6) INFEASIBLE 78.1
id (1, -2, 0) INFEASIBLE 15.0
anti (-2, 5, 8) INFEASIBLE 50.7
anti (-2, 6, 3) INFEASIBLE 64.2
anti (-2, 6, 4) INFEASIBLE 86.4
anti (-2, 4, 5) UNKNOWN 228.7
anti (-2, 6, 8) INFEASIBLE 197.0
anti (0, 4, 6) INFEASIBLE 184.5
anti (0, 6, 3) INFEASIBLE 316.5
anti (0, 6, 9) UNKNOWN 248.6
anti (0, 6, 4) UNKNOWN 365.4
anti (0, 5, 4) UNKNOWN 491.5
anti (0, 7, 4) INFEASIBLE 54.9
anti (0, 7, 7) INFEASIBLE 54.5
anti (0, 7, 5) INFEASIBLE 82.9
flipy (-1, 5, -1) INFEASIBLE 91.7
flipy (-1, 5, 1) INFEASIBLE 87.2
flipz (-3, 0, 7) INFEASIBLE 85.1
flipz (1, 0, 5) UNKNOWN 214.4
flipz (1, 0, 7) UNKNOWN 270.3
flipz (-3, 1, 6) UNKNOWN 498.4
flipz (1, -1, 6) UNKNOWN 665.8
rot180 (-2, 6, 4) INFEASIBLE 204.1
rot180 (-2, 5, 7) INFEASIBLE 369.0
rot180 (-2, 4, 6) UNKNOWN 402.1
rot180 (-1, 4, 7) INFEASIBLE 85.7
rot180 (-1, 6, 3) INFEASIBLE 58.1
rot180 (-1, 5, 8) INFEASIBLE 94.5
rot180 (-1, 5, 4) INFEASIBLE 131.5
rot180 (0, 5, 6) INFEASIBLE 141.4
rot180 (0, 5, 7) INFEASIBLE 133.5
rot180 (0, 6, 8) INFEASIBLE 123.8
rot180 (0, 6, 7) INFEASIBLE 154.5
rot270 (-3, -2, 6) INFEASIBLE 202.4
rot270 (-3, 0, 4) UNKNOWN 198.6
rot270 (-3, -1, 7) UNKNOWN 327.3
rot270 (-3, 0, 5) UNKNOWN 218.3
rot270 (-3, 0, 7) UNKNOWN 343.2
rot270 (-3, 0, 8) UNKNOWN 332.5
rot270 (-3, 1, 5) UNKNOWN 335.7
rot270 (-3, -1, 5) UNKNOWN 863.2
rot270 (-3, 1, 7) INFEASIBLE 114.0
rot270 (-3, 1, 6) INFEASIBLE 184.6
rot270 (-2, -1, 6) INFEASIBLE 295.7
rot270 (-2, 1, 6) UNKNOWN 198.4
rot270 (-2, 0, 7) UNKNOWN 321.1
rot270 (-1, -3, 6) UNKNOWN 324.2
rot270 (-1, -2, 7) UNKNOWN 370.7
rot270 (-1, 3, 6) UNKNOWN 311.9
rot270 (-2, 0, 5) UNKNOWN 811.0
rot270 (0, 0, 5) INFEASIBLE 80.5
rot90 (-2, 6, 1) UNKNOWN 241.6
rot270 (1, -1, 6) UNKNOWN 350.2
rot90 (-2, 6, -1) UNKNOWN 426.2
rot270 (0, -1, 6) UNKNOWN 752.8
rot90 (-1, 7, 2) UNKNOWN 339.8
rot90 (-2, 7, 0) UNKNOWN 413.3
rot90 (0, 6, -1) UNKNOWN 195.9
rot90 (0, 6, 1) UNKNOWN 341.1
rot90 (0, 6, 2) UNKNOWN 391.8
rot90 (0, 7, -1) UNKNOWN 435.9
rot90 (0, 7, 0) UNKNOWN 175.8
rot90 (0, 5, 0) UNKNOWN 1191.0
rot90 (0, 7, 1) UNKNOWN 346.8
rot90 (1, 6, -1) UNKNOWN 332.2
rot90 (1, 7, -1) UNKNOWN 242.8
rot90 (1, 6, 2) UNKNOWN 424.4
rot90 (1, 8, 0) UNKNOWN 186.8
rot90 (1, 7, 1) UNKNOWN 276.1
rot90 (1, 5, 0) UNKNOWN 1938.3
rot90 (1, 5, 1) UNKNOWN 2163.6
