swap (-1, 0, 0) SKEL_OVERLAP 0.0
flipy (-1, 6, 0) INFEASIBLE 7.8
flipz (-1, 0, 6) INFEASIBLE 8.0
rot180 (-1, 6, 6) INFEASIBLE 11.6
id (-1, 0, 0) SKEL_OVERLAP 0.0
swap (-1, -1, 0) SKEL_OVERLAP 0.0
swap (-1, 0, -1) SKEL_OVERLAP 0.0
swap (-1, 0, 1) SKEL_OVERLAP 0.0
swap (-1, 1, 0) SKEL_OVERLAP 0.0
anti (-1, 6, 6) INFEASIBLE 11.9
rot90 (-1, 6, 0) INFEASIBLE 18.7
rot270 (-1, 0, 6) INFEASIBLE 18.6
anti (-1, 6, 5) INFEASIBLE 25.6
anti (-1, 5, 6) INFEASIBLE 25.8
anti (-1, 6, 7) INFEASIBLE 12.3
anti (-1, 7, 6) INFEASIBLE 12.3
flipy (-1, 6, -1) INFEASIBLE 13.0
flipy (-1, 5, 0) INFEASIBLE 16.5
flipy (-1, 6, 1) INFEASIBLE 14.6
flipy (-1, 7, 0) INFEASIBLE 12.2
flipz (-1, 0, 5) INFEASIBLE 6.3
flipz (-1, -1, 6) INFEASIBLE 31.9
flipz (-1, 0, 7) INFEASIBLE 20.3
flipz (-1, 1, 6) INFEASIBLE 28.9
rot180 (-1, 5, 6) INFEASIBLE 25.2
rot180 (-1, 6, 5) INFEASIBLE 17.4
rot180 (-1, 6, 7) INFEASIBLE 17.5
rot180 (-1, 7, 6) INFEASIBLE 15.3
rot90 (-1, 5, 0) INFEASIBLE 9.1
rot90 (-1, 6, -1) INFEASIBLE 14.1
rot90 (-1, 7, 0) INFEASIBLE 13.7
rot90 (-1, 6, 1) INFEASIBLE 23.5
rot270 (-1, 0, 5) INFEASIBLE 10.6
id (-1, -1, 0) SKEL_OVERLAP 0.0
id (-1, 0, -1) SKEL_OVERLAP 0.0
id (-1, 0, 1) SKEL_OVERLAP 0.0
id (-1, 1, 0) SKEL_OVERLAP 0.0
swap (-2, 0, 0) SKEL_OVERLAP 0.0
swap (0, 0, 0) SKEL_OVERLAP 0.0
rot270 (-1, -1, 6) INFEASIBLE 26.2
rot270 (-1, 0, 7) INFEASIBLE 15.8
rot270 (-1, 1, 6) INFEASIBLE 18.4
anti (-2, 6, 6) INFEASIBLE 24.7
flipy (-2, 6, 0) INFEASIBLE 24.7
anti (0, 6, 6) INFEASIBLE 27.4
flipy (0, 6, 0) INFEASIBLE 23.4
flipz (-2, 0, 6) INFEASIBLE 15.1
flipz (0, 0, 6) INFEASIBLE 14.8
rot180 (-2, 6, 6) INFEASIBLE 23.4
rot180 (0, 6, 6) INFEASIBLE 14.7
rot90 (-2, 6, 0) INFEASIBLE 10.2
id (-2, 0, 0) SKEL_OVERLAP 0.0
id (0, 0, 0) SKEL_OVERLAP 0.0
swap (-1, -2, 0) SKEL_OVERLAP 0.0
swap (-1, -1, -1) SKEL_OVERLAP 0.0
swap (-1, -1, 1) SKEL_OVERLAP 0.0
rot90 (0, 6, 0) INFEASIBLE 16.5
swap (-1, 0, 2) SKEL_OVERLAP 0.0
swap (-1, 1, -1) SKEL_OVERLAP 0.0
swap (-1, 1, 1) SKEL_OVERLAP 0.0
swap (-1, 0, -2) INFEASIBLE 0.6
rot270 (-2, 0, 6) INFEASIBLE 17.5
rot270 (0, 0, 6) INFEASIBLE 21.2
swap (-1, 2, 0) INFEASIBLE 0.7
anti (-1, 5, 5) INFEASIBLE 15.9
anti (-1, 4, 6) INFEASIBLE 19.6
anti (-1, 5, 7) INFEASIBLE 21.9
anti (-1, 6, 4) INFEASIBLE 27.4
anti (-1, 6, 8) INFEASIBLE 11.1
anti (-1, 7, 7) INFEASIBLE 13.8
anti (-1, 7, 5) INFEASIBLE 16.8
anti (-1, 8, 6) INFEASIBLE 13.4
flipy (-1, 4, 0) INFEASIBLE 8.6
flipy (-1, 6, -2) INFEASIBLE 27.8
flipy (-1, 6, 2) INFEASIBLE 27.6
flipy (-1, 5, -1) UNKNOWN 46.4
flipy (-1, 5, 1) UNKNOWN 45.5
flipy (-1, 7, -1) INFEASIBLE 20.6
flipy (-1, 8, 0) INFEASIBLE 11.1
flipy (-1, 7, 1) INFEASIBLE 19.2
flipz (-1, 0, 4) SKEL_OVERLAP 0.0
flipz (-1, -1, 5) INFEASIBLE 1.7
flipz (-1, -2, 6) INFEASIBLE 23.7
flipz (-1, 0, 8) INFEASIBLE 9.7
flipz (-1, -1, 7) INFEASIBLE 20.4
flipz (-1, 1, 5) INFEASIBLE 1.4
flipz (-1, 1, 7) INFEASIBLE 21.0
flipz (-1, 2, 6) INFEASIBLE 21.2
rot180 (-1, 5, 5) INFEASIBLE 14.5
rot180 (-1, 4, 6) INFEASIBLE 13.1
rot180 (-1, 5, 7) INFEASIBLE 14.7
rot180 (-1, 6, 4) INFEASIBLE 12.3
rot180 (-1, 6, 8) INFEASIBLE 10.7
rot180 (-1, 7, 5) INFEASIBLE 9.3
rot180 (-1, 8, 6) INFEASIBLE 6.0
rot180 (-1, 7, 7) INFEASIBLE 6.8
rot90 (-1, 4, 0) INFEASIBLE 2.9
rot90 (-1, 5, -1) INFEASIBLE 6.1
rot90 (-1, 6, -2) INFEASIBLE 11.2
rot90 (-1, 5, 1) INFEASIBLE 9.4
rot90 (-1, 7, -1) INFEASIBLE 10.0
rot90 (-1, 6, 2) INFEASIBLE 17.0
rot90 (-1, 8, 0) INFEASIBLE 18.9
rot90 (-1, 7, 1) INFEASIBLE 25.0
rot270 (-1, -1, 5) INFEASIBLE 18.5
rot270 (-1, -2, 6) INFEASIBLE 36.5
rot270 (-1, 0, 4) INFEASIBLE 3.5
rot270 (-1, -1, 7) INFEASIBLE 17.3
rot270 (-1, 0, 8) INFEASIBLE 10.1
id (-1, -2, 0) SKEL_OVERLAP 0.0
id (-1, -1, -1) SKEL_OVERLAP 0.0
id (-1, -1, 1) SKEL_OVERLAP 0.0
id (-1, 0, -2) SKEL_OVERLAP 0.0
id (-1, 0, 2) SKEL_OVERLAP 0.0
id (-1, 1, -1) SKEL_OVERLAP 0.0
id (-1, 1, 1) SKEL_OVERLAP 0.0
id (-1, 2, 0) SKEL_OVERLAP 0.0
swap (-2, -1, 0) SKEL_OVERLAP 0.0
swap (-2, 0, -1) SKEL_OVERLAP 0.0
swap (-2, 0, 1) SKEL_OVERLAP 0.0
swap (-2, 1, 0) SKEL_OVERLAP 0.0
swap (0, -1, 0) SKEL_OVERLAP 0.0
swap (0, 0, -1) SKEL_OVERLAP 0.0
swap (0, 0, 1) SKEL_OVERLAP 0.0
swap (0, 1, 0) SKEL_OVERLAP 0.0
rot270 (-1, 1, 5) INFEASIBLE 8.7
rot270 (-1, 2, 6) INFEASIBLE 13.9
rot270 (-1, 1, 7) INFEASIBLE 14.8
anti (-2, 7, 6) INFEASIBLE 25.2
anti (-2, 6, 7) INFEASIBLE 27.0
anti (-2, 5, 6) INFEASIBLE 38.8
anti (-2, 6, 5) INFEASIBLE 32.6
anti (0, 6, 7) INFEASIBLE 25.3
anti (0, 7, 6) INFEASIBLE 25.1
anti (0, 5, 6) INFEASIBLE 29.5
anti (0, 6, 5) INFEASIBLE 29.7
flipy (-2, 7, 0) INFEASIBLE 21.3
flipy (-2, 6, -1) INFEASIBLE 33.7
flipy (-2, 6, 1) INFEASIBLE 32.8
flipy (-2, 5, 0) INFEASIBLE 36.7
flipy (0, 5, 0) INFEASIBLE 18.4
flipy (0, 6, -1) INFEASIBLE 15.2
flipy (0, 7, 0) INFEASIBLE 13.9
flipy (0, 6, 1) INFEASIBLE 15.8
flipz (-2, 0, 5) INFEASIBLE 1.8
flipz (-2, -1, 6) INFEASIBLE 17.9
flipz (-2, 0, 7) INFEASIBLE 17.6
flipz (-2, 1, 6) INFEASIBLE 20.3
flipz (0, -1, 6) INFEASIBLE 22.1
flipz (0, 0, 5) INFEASIBLE 3.0
flipz (0, 0, 7) INFEASIBLE 21.2
flipz (0, 1, 6) INFEASIBLE 22.7
rot180 (-2, 6, 5) INFEASIBLE 12.6
rot180 (-2, 5, 6) INFEASIBLE 15.3
