d=(-1, 5, 5) g=(2, 2) w=(2, 3) S5/P5=(10, 2, 2) L7 pm=() noF=False INFEASIBLE 6.1
d=(-1, 5, 5) g=(2, 2) w=(2, 3) S5/P5=(10, 2, 3) L7 pm=() noF=False INFEASIBLE 6.3
d=(-1, 5, 5) g=(2, 2) w=(2, 3) S5/P5=(11, 1, 2) L7 pm=() noF=False INFEASIBLE 92.5
d=(-1, 5, 5) g=(2, 2) w=(2, 3) S5/P5=(11, 1, 3) L7 pm=() noF=False INFEASIBLE 86.8
d=(-1, 5, 5) g=(2, 2) w=(2, 3) S5/P5=(11, 2, 1) L7 pm=() noF=False INFEASIBLE 88.3
d=(-1, 5, 5) g=(2, 2) w=(2, 3) S5/P5=(11, 3, 2) L7 pm=() noF=False INFEASIBLE 5.4
d=(-1, 5, 5) g=(2, 2) w=(2, 3) S5/P5=(11, 3, 3) L7 pm=() noF=False INFEASIBLE 5.7
d=(-1, 5, 5) g=(2, 2) w=(2, 3) S5/P5=(11, 2, 4) L7 pm=() noF=False INFEASIBLE 73.2
d=(-1, 5, 5) g=(2, 2) w=(2, 3) S5/P5=(12, 3, 3) L7 pm=() noF=False INFEASIBLE 5.8
d=(-1, 5, 5) g=(2, 2) w=(2, 3) S5/P5=(12, 1, 3) L7 pm=() noF=False INFEASIBLE 81.2
d=(-1, 5, 5) g=(2, 2) w=(2, 3) S5/P5=(12, 2, 4) L7 pm=() noF=False INFEASIBLE 83.2
d=(-1, 5, 5) g=(2, 2) w=(2, 3) S5/P5=(13, 2, 2) L7 pm=() noF=False INFEASIBLE 6.5
d=(-1, 5, 5) g=(2, 2) w=(2, 3) S5/P5=(13, 1, 3) L7 pm=() noF=False INFEASIBLE 80.8
d=(-1, 5, 5) g=(2, 2) w=(2, 3) S5/P5=(13, 2, 4) L7 pm=() noF=False INFEASIBLE 73.5
d=(-1, 5, 5) g=(2, 2) w=(3, 2) S5/P5=(10, 3, 2) L7 pm=() noF=False INFEASIBLE 5.5
d=(-1, 5, 5) g=(2, 2) w=(3, 2) S5/P5=(10, 2, 2) L7 pm=() noF=False INFEASIBLE 5.5
d=(-1, 5, 5) g=(2, 2) w=(3, 2) S5/P5=(11, 2, 3) L7 pm=() noF=False INFEASIBLE 5.5
d=(-1, 5, 5) g=(2, 2) w=(3, 2) S5/P5=(11, 1, 2) L7 pm=() noF=False INFEASIBLE 80.0
d=(-1, 5, 5) g=(2, 2) w=(3, 2) S5/P5=(11, 3, 3) L7 pm=() noF=False INFEASIBLE 5.8
d=(-1, 5, 5) g=(2, 2) w=(3, 2) S5/P5=(11, 2, 1) L7 pm=() noF=False INFEASIBLE 91.1
d=(-1, 5, 5) g=(2, 2) w=(3, 2) S5/P5=(11, 3, 1) L7 pm=() noF=False INFEASIBLE 77.7
d=(-1, 5, 5) g=(2, 2) w=(3, 2) S5/P5=(12, 3, 3) L7 pm=() noF=False INFEASIBLE 5.6
d=(-1, 5, 5) g=(2, 2) w=(3, 2) S5/P5=(11, 4, 2) L7 pm=() noF=False INFEASIBLE 78.4
d=(-1, 5, 5) g=(2, 2) w=(3, 2) S5/P5=(12, 3, 1) L7 pm=() noF=False INFEASIBLE 77.1
d=(-1, 5, 5) g=(2, 2) w=(3, 2) S5/P5=(13, 2, 2) L7 pm=() noF=False INFEASIBLE 6.3
d=(-1, 5, 5) g=(2, 2) w=(3, 2) S5/P5=(12, 4, 2) L7 pm=() noF=False INFEASIBLE 72.6
d=(-1, 5, 5) g=(2, 2) w=(3, 2) S5/P5=(13, 3, 1) L7 pm=() noF=False INFEASIBLE 78.3
d=(-1, 5, 5) g=(2, 2) w=(3, 2) S5/P5=(13, 4, 2) L7 pm=() noF=False INFEASIBLE 76.4
