d=(-1, 3, 5) gx=11 g=(1, 2) w=(1, 3) L7 INFEASIBLE 14.1
d=(-1, 3, 5) gx=11 g=(1, 2) w=(2, 2) L7 INFEASIBLE 15.5
d=(-1, 3, 5) gx=11 g=(2, 2) w=(2, 3) L7 INFEASIBLE 18.2
d=(-1, 3, 5) gx=11 g=(2, 2) w=(1, 2) L7 INFEASIBLE 17.3
d=(-1, 3, 5) gx=11 g=(1, 3) w=(1, 2) L7 INFEASIBLE 18.1
d=(-1, 3, 5) gx=11 g=(1, 3) w=(2, 3) L7 INFEASIBLE 17.4
d=(-1, 3, 5) gx=11 g=(2, 3) w=(2, 2) L7 INFEASIBLE 15.2
d=(-1, 3, 5) gx=11 g=(2, 3) w=(1, 3) L7 INFEASIBLE 14.7
d=(-1, 3, 3) gx=11 g=(1, 1) w=(1, 2) L7 SKEL_OVERLAP
d=(-1, 3, 3) gx=11 g=(1, 1) w=(2, 1) L7 SKEL_OVERLAP
d=(-1, 3, 3) gx=11 g=(2, 1) w=(2, 2) L7 SKEL_OVERLAP
d=(-1, 3, 3) gx=11 g=(2, 1) w=(1, 1) L7 SKEL_OVERLAP
d=(-1, 3, 3) gx=11 g=(1, 2) w=(1, 1) L7 SKEL_OVERLAP
d=(-1, 3, 3) gx=11 g=(1, 2) w=(2, 2) L7 SKEL_OVERLAP
d=(-1, 3, 3) gx=11 g=(2, 2) w=(2, 1) L7 SKEL_OVERLAP
d=(-1, 3, 3) gx=11 g=(2, 2) w=(1, 2) L7 SKEL_OVERLAP
d=(-1, 1, 5) gx=11 g=(0, 2) w=(0, 3) L7 INFEASIBLE 0.5
d=(-1, 1, 5) gx=11 g=(0, 2) w=(1, 2) L7 INFEASIBLE 0.3
d=(-1, 1, 5) gx=11 g=(1, 2) w=(1, 3) L7 INFEASIBLE 0.4
d=(-1, 1, 5) gx=11 g=(1, 2) w=(0, 2) L7 INFEASIBLE 0.4
d=(-1, 1, 5) gx=11 g=(0, 3) w=(0, 2) L7 INFEASIBLE 0.3
d=(-1, 1, 5) gx=11 g=(0, 3) w=(1, 3) L7 INFEASIBLE 0.3
d=(-1, 1, 5) gx=11 g=(1, 3) w=(1, 2) L7 INFEASIBLE 0.5
d=(-1, 1, 5) gx=11 g=(1, 3) w=(0, 3) L7 INFEASIBLE 0.3
d=(-1, 1, 3) gx=11 g=(0, 1) w=(0, 2) L7 SKEL_OVERLAP
d=(-1, 1, 3) gx=11 g=(0, 1) w=(1, 1) L7 SKEL_OVERLAP
d=(-1, 1, 3) gx=11 g=(1, 1) w=(1, 2) L7 SKEL_OVERLAP
d=(-1, 1, 3) gx=11 g=(1, 1) w=(0, 1) L7 SKEL_OVERLAP
d=(-1, 1, 3) gx=11 g=(0, 2) w=(0, 1) L7 SKEL_OVERLAP
d=(-1, 1, 3) gx=11 g=(0, 2) w=(1, 2) L7 SKEL_OVERLAP
d=(-1, 1, 3) gx=11 g=(1, 2) w=(1, 1) L7 SKEL_OVERLAP
d=(-1, 1, 3) gx=11 g=(1, 2) w=(0, 2) L7 SKEL_OVERLAP
d=(-1, 5, 5) gx=11 g=(2, 2) w=(2, 3) L7 INFEASIBLE 17.5
d=(-1, 5, 5) gx=11 g=(2, 2) w=(3, 2) L7 INFEASIBLE 15.8
d=(-1, 5, 5) gx=11 g=(3, 2) w=(3, 3) L7 INFEASIBLE 16.7
d=(-1, 5, 5) gx=11 g=(3, 2) w=(2, 2) L7 INFEASIBLE 21.3
d=(-1, 5, 7) gx=11 g=(2, 3) w=(2, 4) L7 INFEASIBLE 16.6
d=(-1, 5, 7) gx=11 g=(2, 3) w=(3, 3) L7 INFEASIBLE 17.4
d=(-1, 5, 7) gx=11 g=(3, 3) w=(3, 4) L7 INFEASIBLE 22.6
d=(-1, 5, 7) gx=11 g=(3, 3) w=(2, 3) L7 INFEASIBLE 27.4
d=(-1, 5, 7) gx=11 g=(2, 4) w=(2, 3) L7 INFEASIBLE 22.3
d=(-1, 5, 7) gx=11 g=(2, 4) w=(3, 4) L7 INFEASIBLE 31.1
d=(-1, 5, 7) gx=11 g=(3, 4) w=(3, 3) L7 INFEASIBLE 25.4
d=(-1, 5, 7) gx=11 g=(3, 4) w=(2, 4) L7 INFEASIBLE 22.3
d=(-1, 3, 7) gx=11 g=(1, 3) w=(1, 4) L7 INFEASIBLE 16.5
d=(-1, 3, 7) gx=11 g=(1, 3) w=(2, 3) L7 INFEASIBLE 20.7
d=(-1, 3, 7) gx=11 g=(2, 3) w=(2, 4) L7 INFEASIBLE 21.6
d=(-1, 3, 7) gx=11 g=(2, 3) w=(1, 3) L7 INFEASIBLE 25.1
d=(-1, 3, 7) gx=11 g=(1, 4) w=(1, 3) L7 INFEASIBLE 24.9
d=(-1, 3, 7) gx=11 g=(1, 4) w=(2, 4) L7 INFEASIBLE 23.0
d=(-1, 3, 7) gx=11 g=(2, 4) w=(2, 3) L7 INFEASIBLE 21.0
d=(-1, 3, 7) gx=11 g=(2, 4) w=(1, 4) L7 INFEASIBLE 15.8
