d=(-1, 3, 3) gx=11 g=(1, 1) w=(1, 2) SKEL_OVERLAP
d=(-1, 3, 3) gx=11 g=(1, 1) w=(2, 1) SKEL_OVERLAP
d=(-1, 3, 3) gx=11 g=(2, 1) w=(2, 2) SKEL_OVERLAP
d=(-1, 3, 3) gx=11 g=(2, 1) w=(1, 1) SKEL_OVERLAP
d=(-1, 3, 3) gx=11 g=(1, 2) w=(1, 1) SKEL_OVERLAP
d=(-1, 3, 3) gx=11 g=(1, 2) w=(2, 2) SKEL_OVERLAP
d=(-1, 3, 3) gx=11 g=(2, 2) w=(2, 1) SKEL_OVERLAP
d=(-1, 3, 3) gx=11 g=(2, 2) w=(1, 2) SKEL_OVERLAP
d=(-1, 1, 5) gx=11 g=(0, 2) w=(0, 3) L 7 INFEASIBLE 0.5 build 9.7
d=(-1, 1, 5) gx=11 g=(0, 2) w=(1, 2) L 7 INFEASIBLE 0.3 build 10.7
d=(-1, 1, 5) gx=11 g=(1, 2) w=(1, 3) L 7 INFEASIBLE 0.4 build 9.1
d=(-1, 1, 5) gx=11 g=(1, 2) w=(0, 2) L 7 INFEASIBLE 0.4 build 10.6
d=(-1, 1, 5) gx=11 g=(0, 3) w=(0, 2) L 7 INFEASIBLE 0.3 build 19.3
d=(-1, 1, 5) gx=11 g=(0, 3) w=(1, 3) L 7 INFEASIBLE 0.3 build 20.7
d=(-1, 1, 5) gx=11 g=(1, 3) w=(1, 2) L 7 INFEASIBLE 0.5 build 9.6
d=(-1, 1, 5) gx=11 g=(1, 3) w=(0, 3) L 7 INFEASIBLE 0.3 build 10.0
d=(-1, 1, 3) gx=11 g=(0, 1) w=(0, 2) SKEL_OVERLAP
d=(-1, 1, 3) gx=11 g=(0, 1) w=(1, 1) SKEL_OVERLAP
d=(-1, 1, 3) gx=11 g=(1, 1) w=(1, 2) SKEL_OVERLAP
d=(-1, 1, 3) gx=11 g=(1, 1) w=(0, 1) SKEL_OVERLAP
d=(-1, 1, 3) gx=11 g=(0, 2) w=(0, 1) SKEL_OVERLAP
d=(-1, 1, 3) gx=11 g=(0, 2) w=(1, 2) SKEL_OVERLAP
d=(-1, 1, 3) gx=11 g=(1, 2) w=(1, 1) SKEL_OVERLAP
d=(-1, 1, 3) gx=11 g=(1, 2) w=(0, 2) SKEL_OVERLAP
d=(-1, 5, 5) gx=11 g=(2, 2) w=(2, 3) L 7 INFEASIBLE 17.5 build 7.0
d=(-1, 5, 5) gx=11 g=(2, 2) w=(3, 2) L 7 INFEASIBLE 15.8 build 11.6
d=(-1, 5, 5) gx=11 g=(3, 2) w=(3, 3) L 7 INFEASIBLE 16.7 build 8.8
d=(-1, 5, 5) gx=11 g=(3, 2) w=(2, 2) L 7 INFEASIBLE 21.3 build 9.1
