case 1 d (-1, 5, 7) w (3, 3) pa (3, 4) L 8 skip () build 4.9
status INFEASIBLE 21.2 core None
K4 word=(0, 1) honey n=9: (7, 3, 2)('D', 5) (8, 0, 2)S (8, 1, 1)('D', 3) (8, 1, 2)g (8, 1, 3)P (8, 2, 2)g (8, 3, 2)g (9, 3, 2)g (10, 3, 2)g
K5 word=(2, 3) slime n=9: (11, 1, 2)('D', 1) (11, 1, 3)g (11, 2, 3)g (11, 3, 3)g (12, 3, 3)g (13, 3, 2)S (13, 3, 3)g (13, 3, 4)S (13, 4, 3)P
K4' word=(2, 3) slime n=9: (8, 2, 5)('D', 4) (9, 2, 5)g (9, 3, 5)g (9, 4, 4)P (9, 4, 5)g (9, 4, 6)('D', 2) (9, 5, 5)S (10, 2, 5)g (11, 2, 5)g
K5' word=(0, 1) honey n=9: (10, 2, 4)g (10, 3, 4)g (10, 4, 4)g (10, 4, 5)('D', 1) (11, 2, 4)g (12, 1, 4)P (12, 2, 3)S (12, 2, 4)g (12, 2, 5)S
F word=(0, 2) slime n=9: (14, 1, 4)g (14, 2, 4)('D', 1) (14, 3, 3)('D', 1) (14, 4, 3)g (15, 1, 4)g (15, 2, 3)g (15, 2, 4)g (15, 3, 3)g (15, 4, 3)g
saved C:\Users\Ruben\OneDrive\Documents\FastFlyerPlayground\flyers\WIP\experiments\rigid_sat_20261004\runs\subA\tight_c1_L9.pkl
K4 word=(0, 1) slime n=10: (7, 2, 1)('D', 4) (8, 1, 2)S (8, 2, 1)g (8, 2, 2)g (8, 2, 3)P (8, 3, 2)g (9, 3, 2)g (9, 4, 2)g (9, 4, 3)g (9, 4, 4)('D', 3)
K5 word=(2, 3) honey n=10: (11, 2, 2)S (11, 2, 3)g (11, 3, 3)g (12, 3, 3)g (12, 4, 3)g (12, 4, 4)('D', 3) (13, 3, 2)g (13, 3, 3)g (13, 3, 4)S (14, 3, 2)P
K4' word=(2, 3) honey n=10: (8, 3, 6)('D', 5) (9, 2, 5)g (9, 3, 4)P (9, 3, 5)g (9, 3, 6)g (9, 4, 5)S (10, 1, 3)('D', 2) (10, 1, 4)g (10, 1, 5)g (10, 2, 5)g
K5' word=(0, 1) slime n=10: (10, 2, 4)g (10, 3, 4)g (10, 3, 5)S (11, 1, 3)('D', 2) (11, 1, 4)g (11, 2, 4)g (12, 2, 3)S (12, 2, 4)g (12, 2, 5)g (13, 2, 5)P
F word=(0, 2) honey n=10: (14, 2, 4)('D', 1) (14, 3, 3)('D', 1) (14, 4, 3)g (15, 2, 4)g (15, 2, 5)g (15, 3, 2)g (15, 3, 3)g (15, 3, 4)g (15, 3, 5)g (15, 4, 3)g
saved C:\Users\Ruben\OneDrive\Documents\FastFlyerPlayground\flyers\WIP\experiments\rigid_sat_20261004\runs\subA\tight_c1_L10.pkl
status OPTIMAL 7.7 core None
K4 word=(0, 1) slime n=3: (8, 1, 2)S (8, 2, 2)g (8, 2, 3)P
K5 word=(2, 3) slime n=7: (11, 2, 2)S (11, 2, 3)g (11, 3, 3)g (12, 3, 3)g (13, 3, 3)g (13, 3, 4)S (14, 3, 3)P
F word=(0, 2) slime n=7: (15, 1, 2)R (15, 2, 2)g (15, 2, 3)g (15, 2, 4)g (15, 3, 3)g (15, 3, 4)g (15, 3, 5)g
^ skip power
status INFEASIBLE 11.8 core None
^ skip targets
status OPTIMAL 10.8 core None
K4 word=(0, 1) slime n=7: (7, 0, 3)g (7, 1, 3)('D', 5) (8, 0, 2)g (8, 0, 3)g (8, 0, 4)('D', 0) (8, 1, 2)g (8, 2, 2)g
K5 word=(2, 3) honey n=7: (11, 1, 2)g (11, 1, 3)g (11, 2, 3)g (11, 3, 3)g (12, 3, 3)g (13, 3, 3)g (13, 3, 4)S
F word=(0, 2) slime n=7: (13, 1, 2)g (13, 2, 2)('D', 2) (13, 3, 2)('D', 4) (14, 1, 2)g (14, 2, 2)g (14, 2, 3)('D', 3) (14, 3, 2)g
^ skip cause
status INFEASIBLE 12.0 core None
^ skip move
status INFEASIBLE 6.4 core None
^ skip adh
status OPTIMAL 7.2 core None
K4 word=(0, 1) slime n=7: (7, 2, 1)('D', 2) (7, 4, 3)g (8, 1, 2)S (8, 1, 3)g (8, 2, 2)g (8, 2, 3)P (9, 1, 4)S
K5 word=(2, 3) slime n=7: (11, 1, 3)('D', 1) (11, 2, 3)g (11, 3, 3)g (12, 3, 3)g (13, 3, 3)g (13, 3, 4)S (14, 3, 5)P
F word=(0, 2) slime n=6: (13, 2, 5)g (14, 2, 3)('D', 5) (14, 3, 4)R (15, 2, 2)g (15, 3, 5)g (16, 1, 4)('D', 5)
^ skip conn
