ports totals {0: 64, 1: 60, 2: 9, 3: 4, 4: 3}
eligible mmmww 1 [31, 34, 7]
eligible mmmww 2 [35, 36, 5]
eligible mmwmw 1 [31, 34, 2]
eligible mmwmw 2 [35, 34, 2]
eligible mmwwm 1 [31, 34, 0]
eligible mmwwm 2 [31, 34, 2]
eligible mwmmw 1 [29, 7, 2]
eligible mwmmw 2 [33, 5, 2]
eligible mwmwm 1 [29, 7, 0]
eligible mwmwm 2 [29, 5, 2]
eligible mwwmm 1 [29, 2, 0]
eligible mwwmm 2 [29, 2, 2]
eligible wmmmw 1 [34, 7, 2]
eligible wmmmw 2 [36, 5, 2]
eligible wmmwm 1 [34, 7, 0]
eligible wmmwm 2 [36, 5, 2]
eligible wmwmm 1 [34, 2, 0]
eligible wmwmm 2 [34, 2, 2]
eligible wwmmm 1 [7, 2, 0]
eligible wwmmm 2 [5, 2, 2]
budget triples 15272
shard 0 15 1019
hist [('portconflict', 1), (15, 1), (20, 1), (21, 3), (22, 9), (23, 3), (24, 2), (25, 2), (26, 1), (27, 5), (28, 5), (29, 2), (30, 3), (31, 5), (32, 2), (34, 1), (35, 1), (36, 1), (37, 1), (38, 1)]
hist [('portconflict', 2), (15, 1), (16, 1), (19, 1), (20, 1), (21, 6), (22, 12), (23, 9), (24, 4), (25, 5), (26, 4), (27, 9), (28, 10), (29, 6), (30, 4), (31, 7), (32, 6), (33, 2), (34, 3), (35, 1), (36, 2), (37, 2), (38, 1), (40, 1)]
hist [('portconflict', 5), (15, 1), (16, 2), (19, 2), (20, 2), (21, 6), (22, 13), (23, 13), (24, 5), (25, 9), (26, 9), (27, 12), (28, 15), (29, 8), (30, 10), (31, 8), (32, 10), (33, 3), (34, 5), (35, 3), (36, 4), (37, 2), (38, 2), (40, 1)]
progress 200 190 0
hist [('portconflict', 9), (15, 1), (16, 2), (19, 2), (20, 3), (21, 7), (22, 17), (23, 14), (24, 7), (25, 12), (26, 13), (27, 14), (28, 17), (29, 14), (30, 13), (31, 14), (32, 12), (33, 8), (34, 5), (35, 4), (36, 7), (37, 2), (38, 2), (40, 1)]
hist [('portconflict', 11), (15, 1), (16, 3), (18, 1), (19, 2), (20, 3), (21, 8), (22, 22), (23, 16), (24, 9), (25, 12), (26, 15), (27, 15), (28, 19), (29, 17), (30, 20), (31, 23), (32, 16), (33, 12), (34, 5), (35, 6), (36, 9), (37, 2), (38, 2), (40, 1)]
hist [('portconflict', 13), (15, 1), (16, 3), (18, 1), (19, 4), (20, 5), (21, 11), (22, 23), (23, 19), (24, 9), (25, 16), (26, 16), (27, 18), (28, 20), (29, 20), (30, 24), (31, 30), (32, 24), (33, 12), (34, 7), (35, 9), (36, 10), (37, 2), (38, 2), (40, 1)]
hist [('portconflict', 14), (15, 1), (16, 3), (18, 2), (19, 5), (20, 5), (21, 14), (22, 24), (23, 21), (24, 10), (25, 20), (26, 20), (27, 22), (28, 21), (29, 25), (30, 29), (31, 39), (32, 25), (33, 15), (34, 8), (35, 10), (36, 12), (37, 2), (38, 2), (40, 1)]
progress 400 383 0
hist [('portconflict', 16), (15, 1), (16, 4), (18, 2), (19, 6), (20, 6), (21, 15), (22, 29), (23, 22), (24, 11), (25, 27), (26, 24), (27, 24), (28, 24), (29, 30), (30, 32), (31, 45), (32, 26), (33, 17), (34, 9), (35, 11), (36, 13), (37, 3), (38, 2), (40, 1)]
hist [('portconflict', 16), (15, 1), (16, 4), (17, 1), (18, 2), (19, 6), (20, 10), (21, 18), (22, 33), (23, 30), (24, 12), (25, 30), (26, 25), (27, 26), (28, 25), (29, 33), (30, 37), (31, 49), (32, 30), (33, 19), (34, 10), (35, 11), (36, 14), (37, 5), (38, 2), (40, 1)]
hist [('portconflict', 19), (15, 1), (16, 4), (17, 2), (18, 4), (19, 10), (20, 11), (21, 21), (22, 33), (23, 31), (24, 13), (25, 32), (26, 28), (27, 29), (28, 29), (29, 34), (30, 41), (31, 55), (32, 34), (33, 21), (34, 12), (35, 12), (36, 15), (37, 5), (38, 2), (39, 1), (40, 1)]
hist [('portconflict', 22), (15, 1), (16, 5), (17, 2), (18, 4), (19, 12), (20, 11), (21, 23), (22, 33), (23, 33), (24, 14), (25, 37), (26, 33), (27, 32), (28, 31), (29, 37), (30, 44), (31, 58), (32, 39), (33, 22), (34, 14), (35, 12), (36, 19), (37, 7), (38, 2), (39, 1), (40, 1), (42, 1)]
progress 600 574 0
hist [('portconflict', 25), (15, 1), (16, 5), (17, 2), (18, 4), (19, 13), (20, 12), (21, 24), (22, 36), (23, 33), (24, 16), (25, 39), (26, 35), (27, 37), (28, 36), (29, 40), (30, 46), (31, 63), (32, 41), (33, 27), (34, 16), (35, 14), (36, 21), (37, 8), (38, 3), (39, 1), (40, 1), (42, 1)]
hist [('portconflict', 28), (15, 2), (16, 5), (17, 2), (18, 4), (19, 14), (20, 15), (21, 25), (22, 39), (23, 35), (24, 16), (25, 44), (26, 36), (27, 41), (28, 39), (29, 42), (30, 52), (31, 66), (32, 45), (33, 30), (34, 17), (35, 15), (36, 22), (37, 9), (38, 4), (39, 1), (40, 1), (42, 1)]
hist [('portconflict', 32), (15, 2), (16, 5), (17, 4), (18, 5), (19, 15), (20, 17), (21, 29), (22, 40), (23, 37), (24, 19), (25, 46), (26, 39), (27, 41), (28, 41), (29, 44), (30, 58), (31, 70), (32, 45), (33, 32), (34, 17), (35, 17), (36, 26), (37, 12), (38, 4), (39, 1), (40, 1), (42, 1)]
