ports totals {0: 64, 1: 60, 2: 9, 3: 4, 4: 3}
eligible mmmww 1 [31, 34, 7]
eligible mmmww 2 [35, 36, 5]
eligible mmwmw 1 [31, 34, 2]
eligible mmwmw 2 [35, 34, 2]
eligible mmwwm 1 [31, 34, 0]
eligible mmwwm 2 [31, 34, 2]
eligible mwmmw 1 [29, 7, 2]
eligible mwmmw 2 [33, 5, 2]
eligible mwmwm 1 [29, 7, 0]
eligible mwmwm 2 [29, 5, 2]
eligible mwwmm 1 [29, 2, 0]
eligible mwwmm 2 [29, 2, 2]
eligible wmmmw 1 [34, 7, 2]
eligible wmmmw 2 [36, 5, 2]
eligible wmmwm 1 [34, 7, 0]
eligible wmmwm 2 [36, 5, 2]
eligible wmwmm 1 [34, 2, 0]
eligible wmwmm 2 [34, 2, 2]
eligible wwmmm 1 [7, 2, 0]
eligible wwmmm 2 [5, 2, 2]
budget triples 15272
shard 12 15 1018
hist [('portconflict', 4), (19, 1), (20, 4), (21, 4), (23, 4), (24, 3), (25, 2), (27, 1), (28, 4), (29, 4), (30, 5), (31, 4), (32, 2), (33, 2), (34, 1), (35, 3), (37, 2)]
hist [('portconflict', 6), (17, 1), (19, 2), (20, 7), (21, 6), (22, 1), (23, 6), (24, 6), (25, 9), (26, 1), (27, 4), (28, 5), (29, 8), (30, 10), (31, 7), (32, 3), (33, 6), (34, 1), (35, 3), (36, 1), (37, 7)]
hist [('portconflict', 7), (15, 1), (17, 1), (19, 5), (20, 7), (21, 7), (22, 4), (23, 10), (24, 6), (25, 12), (26, 5), (27, 4), (28, 9), (29, 15), (30, 13), (31, 9), (32, 7), (33, 8), (34, 4), (35, 3), (36, 2), (37, 11)]
progress 200 188 0
hist [('portconflict', 11), (15, 1), (16, 3), (17, 1), (19, 5), (20, 7), (21, 7), (22, 6), (23, 13), (24, 6), (25, 17), (26, 8), (27, 6), (28, 13), (29, 17), (30, 18), (31, 16), (32, 9), (33, 11), (34, 5), (35, 4), (36, 3), (37, 12), (39, 1)]
hist [('portconflict', 15), (15, 2), (16, 3), (17, 2), (19, 8), (20, 9), (21, 14), (22, 14), (23, 16), (24, 8), (25, 22), (26, 12), (27, 11), (28, 16), (29, 25), (30, 27), (31, 25), (32, 16), (33, 17), (34, 8), (35, 4), (36, 9), (37, 15), (39, 2)]
c0000 mmmww rail 11
hist [('portconflict', 18), (11, 1), (15, 3), (16, 4), (17, 2), (19, 10), (20, 9), (21, 16), (22, 16), (23, 18), (24, 8), (25, 24), (26, 16), (27, 13), (28, 21), (29, 27), (30, 33), (31, 27), (32, 21), (33, 19), (34, 9), (35, 6), (36, 11), (37, 16), (39, 2)]
progress 400 379 1
hist [('portconflict', 20), (11, 1), (15, 4), (16, 4), (17, 2), (19, 10), (20, 10), (21, 17), (22, 17), (23, 23), (24, 9), (25, 26), (26, 19), (27, 14), (28, 24), (29, 33), (30, 41), (31, 31), (32, 28), (33, 20), (34, 10), (35, 7), (36, 12), (37, 16), (39, 2)]
hist [('portconflict', 24), (11, 1), (15, 4), (16, 4), (17, 2), (19, 10), (20, 11), (21, 18), (22, 18), (23, 26), (24, 10), (25, 28), (26, 20), (27, 16), (28, 27), (29, 38), (30, 45), (31, 36), (32, 32), (33, 24), (34, 13), (35, 9), (36, 16), (37, 16), (39, 2)]
hist [('portconflict', 26), (11, 1), (15, 4), (16, 4), (17, 2), (18, 1), (19, 10), (20, 11), (21, 20), (22, 21), (23, 33), (24, 10), (25, 28), (26, 21), (27, 19), (28, 30), (29, 44), (30, 48), (31, 43), (32, 33), (33, 31), (34, 14), (35, 12), (36, 16), (37, 16), (39, 2)]
progress 600 568 1
hist [('portconflict', 31), (11, 1), (15, 4), (16, 5), (17, 2), (18, 2), (19, 11), (20, 12), (21, 27), (22, 26), (23, 38), (24, 11), (25, 33), (26, 27), (27, 23), (28, 40), (29, 53), (30, 55), (31, 50), (32, 45), (33, 35), (34, 18), (35, 15), (36, 18), (37, 16), (39, 2)]
hist [('portconflict', 31), (11, 1), (15, 4), (16, 5), (17, 3), (18, 2), (19, 11), (20, 12), (21, 29), (22, 28), (23, 42), (24, 14), (25, 35), (26, 28), (27, 25), (28, 46), (29, 53), (30, 58), (31, 58), (32, 49), (33, 40), (34, 20), (35, 15), (36, 21), (37, 18), (39, 2)]
hist [('portconflict', 32), (11, 1), (15, 4), (16, 6), (17, 4), (18, 3), (19, 12), (20, 13), (21, 31), (22, 32), (23, 43), (24, 16), (25, 35), (26, 31), (27, 26), (28, 48), (29, 61), (30, 61), (31, 65), (32, 51), (33, 42), (34, 21), (35, 16), (36, 22), (37, 20), (39, 2), (40, 2)]
