ports totals {0: 64, 1: 60, 2: 9, 3: 4, 4: 3}
eligible mmmww 1 [31, 34, 7]
eligible mmmww 2 [35, 36, 5]
eligible mmwmw 1 [31, 34, 2]
eligible mmwmw 2 [35, 34, 2]
eligible mmwwm 1 [31, 34, 0]
eligible mmwwm 2 [31, 34, 2]
eligible mwmmw 1 [29, 7, 2]
eligible mwmmw 2 [33, 5, 2]
eligible mwmwm 1 [29, 7, 0]
eligible mwmwm 2 [29, 5, 2]
eligible mwwmm 1 [29, 2, 0]
eligible mwwmm 2 [29, 2, 2]
eligible wmmmw 1 [34, 7, 2]
eligible wmmmw 2 [36, 5, 2]
eligible wmmwm 1 [34, 7, 0]
eligible wmmwm 2 [36, 5, 2]
eligible wmwmm 1 [34, 2, 0]
eligible wmwmm 2 [34, 2, 2]
eligible wwmmm 1 [7, 2, 0]
eligible wwmmm 2 [5, 2, 2]
budget triples 15272
shard 14 15 1018
hist [('portconflict', 3), (20, 2), (21, 3), (22, 1), (23, 1), (24, 2), (25, 4), (26, 4), (27, 4), (28, 4), (29, 4), (30, 5), (31, 3), (32, 5), (33, 1), (34, 4)]
hist [('portconflict', 3), (19, 1), (20, 2), (21, 6), (22, 4), (23, 2), (24, 2), (25, 6), (26, 7), (27, 5), (28, 7), (29, 5), (30, 15), (31, 9), (32, 11), (33, 1), (34, 6), (36, 4), (37, 1), (38, 1), (42, 1), (43, 1)]
hist [('portconflict', 4), (17, 1), (19, 2), (20, 3), (21, 6), (22, 6), (23, 7), (24, 4), (25, 7), (26, 9), (27, 6), (28, 16), (29, 8), (30, 19), (31, 13), (32, 15), (33, 2), (34, 8), (35, 2), (36, 6), (37, 3), (38, 1), (42, 1), (43, 1)]
progress 200 192 0
hist [('portconflict', 7), (15, 1), (17, 1), (18, 1), (19, 4), (20, 5), (21, 6), (22, 10), (23, 8), (24, 9), (25, 7), (26, 11), (27, 7), (28, 18), (29, 12), (30, 23), (31, 16), (32, 16), (33, 5), (34, 9), (35, 8), (36, 6), (37, 4), (38, 2), (39, 1), (40, 1), (42, 1), (43, 1)]
hist [('portconflict', 9), (15, 1), (17, 1), (18, 1), (19, 5), (20, 7), (21, 7), (22, 12), (23, 10), (24, 11), (25, 12), (26, 15), (27, 9), (28, 20), (29, 16), (30, 29), (31, 18), (32, 22), (33, 7), (34, 10), (35, 9), (36, 8), (37, 5), (38, 2), (39, 1), (40, 1), (42, 1), (43, 1)]
hist [('portconflict', 12), (15, 1), (17, 2), (18, 1), (19, 7), (20, 10), (21, 7), (22, 15), (23, 12), (24, 16), (25, 13), (26, 16), (27, 11), (28, 27), (29, 18), (30, 35), (31, 20), (32, 24), (33, 7), (34, 12), (35, 10), (36, 9), (37, 6), (38, 4), (39, 1), (40, 1), (42, 2), (43, 1)]
hist [('portconflict', 14), (14, 1), (15, 1), (16, 1), (17, 5), (18, 1), (19, 7), (20, 11), (21, 9), (22, 18), (23, 15), (24, 16), (25, 16), (26, 19), (27, 11), (28, 29), (29, 22), (30, 40), (31, 25), (32, 27), (33, 8), (34, 14), (35, 13), (36, 9), (37, 8), (38, 5), (39, 1), (40, 1), (42, 2), (43, 1)]
progress 400 382 0
hist [('portconflict', 17), (14, 1), (15, 2), (16, 1), (17, 5), (18, 1), (19, 7), (20, 14), (21, 10), (22, 21), (23, 17), (24, 16), (25, 19), (26, 19), (27, 14), (28, 34), (29, 26), (30, 48), (31, 29), (32, 31), (33, 9), (34, 17), (35, 13), (36, 10), (37, 9), (38, 5), (39, 1), (40, 1), (42, 2), (43, 1)]
hist [('portconflict', 18), (14, 1), (15, 2), (16, 2), (17, 5), (18, 1), (19, 7), (20, 17), (21, 12), (22, 24), (23, 19), (24, 17), (25, 21), (26, 19), (27, 17), (28, 37), (29, 30), (30, 55), (31, 33), (32, 35), (33, 13), (34, 19), (35, 15), (36, 10), (37, 10), (38, 6), (39, 1), (40, 1), (42, 2), (43, 1)]
hist [('portconflict', 18), (14, 1), (15, 2), (16, 2), (17, 5), (18, 1), (19, 7), (20, 21), (21, 14), (22, 26), (23, 23), (24, 19), (25, 22), (26, 20), (27, 23), (28, 41), (29, 33), (30, 58), (31, 38), (32, 38), (33, 16), (34, 22), (35, 16), (36, 12), (37, 11), (38, 6), (39, 1), (40, 1), (42, 2), (43, 1)]
hist [('portconflict', 21), (14, 1), (15, 3), (16, 2), (17, 5), (18, 1), (19, 10), (20, 21), (21, 16), (22, 29), (23, 24), (24, 23), (25, 24), (26, 22), (27, 25), (28, 43), (29, 35), (30, 64), (31, 44), (32, 41), (33, 18), (34, 25), (35, 18), (36, 12), (37, 11), (38, 7), (39, 1), (40, 1), (42, 2), (43, 1)]
progress 600 575 0
hist [('portconflict', 24), (14, 1), (15, 3), (16, 2), (17, 5), (18, 1), (19, 11), (20, 23), (21, 17), (22, 31), (23, 26), (24, 27), (25, 26), (26, 23), (27, 26), (28, 46), (29, 41), (30, 70), (31, 50), (32, 43), (33, 19), (34, 28), (35, 19), (36, 14), (37, 12), (38, 7), (39, 1), (40, 1), (42, 2), (43, 1)]
