ports totals {0: 64, 1: 60, 2: 9, 3: 4, 4: 3}
eligible mmmww 1 [31, 34, 7]
eligible mmmww 2 [35, 36, 5]
eligible mmwmw 1 [31, 34, 2]
eligible mmwmw 2 [35, 34, 2]
eligible mmwwm 1 [31, 34, 0]
eligible mmwwm 2 [31, 34, 2]
eligible mwmmw 1 [29, 7, 2]
eligible mwmmw 2 [33, 5, 2]
eligible mwmwm 1 [29, 7, 0]
eligible mwmwm 2 [29, 5, 2]
eligible mwwmm 1 [29, 2, 0]
eligible mwwmm 2 [29, 2, 2]
eligible wmmmw 1 [34, 7, 2]
eligible wmmmw 2 [36, 5, 2]
eligible wmmwm 1 [34, 7, 0]
eligible wmmwm 2 [36, 5, 2]
eligible wmwmm 1 [34, 2, 0]
eligible wmwmm 2 [34, 2, 2]
eligible wwmmm 1 [7, 2, 0]
eligible wwmmm 2 [5, 2, 2]
budget triples 15272
shard 2 15 1018
hist [('portconflict', 1), (18, 1), (21, 4), (22, 5), (23, 4), (25, 4), (26, 4), (27, 5), (28, 4), (29, 3), (30, 5), (31, 3), (32, 2), (33, 1), (34, 3), (37, 1)]
hist [('portconflict', 3), (15, 1), (16, 1), (18, 2), (19, 1), (20, 1), (21, 7), (22, 8), (23, 6), (24, 1), (25, 7), (26, 6), (27, 7), (28, 8), (29, 7), (30, 9), (31, 10), (32, 3), (33, 5), (34, 4), (35, 1), (36, 1), (37, 1)]
hist [('portconflict', 7), (15, 1), (16, 1), (17, 1), (18, 2), (19, 2), (20, 2), (21, 11), (22, 9), (23, 10), (24, 2), (25, 11), (26, 7), (27, 9), (28, 9), (29, 8), (30, 17), (31, 16), (32, 5), (33, 5), (34, 7), (35, 2), (36, 4), (37, 2)]
progress 200 190 0
hist [('portconflict', 9), (15, 1), (16, 1), (17, 1), (18, 2), (19, 3), (20, 3), (21, 12), (22, 10), (23, 14), (24, 3), (25, 14), (26, 10), (27, 11), (28, 11), (29, 10), (30, 20), (31, 27), (32, 8), (33, 7), (34, 7), (35, 3), (36, 9), (37, 4)]
hist [('portconflict', 12), (15, 2), (16, 1), (17, 1), (18, 2), (19, 3), (20, 5), (21, 15), (22, 11), (23, 18), (24, 6), (25, 17), (26, 12), (27, 13), (28, 14), (29, 12), (30, 26), (31, 32), (32, 13), (33, 7), (34, 7), (35, 5), (36, 12), (37, 4)]
hist [('portconflict', 14), (15, 2), (16, 1), (17, 2), (18, 2), (19, 4), (20, 7), (21, 16), (22, 15), (23, 20), (24, 8), (25, 19), (26, 13), (27, 15), (28, 18), (29, 15), (30, 35), (31, 34), (32, 13), (33, 9), (34, 7), (35, 7), (36, 15), (37, 9)]
hist [('portconflict', 17), (15, 2), (16, 1), (17, 2), (18, 2), (19, 4), (20, 8), (21, 16), (22, 15), (23, 22), (24, 8), (25, 20), (26, 15), (27, 20), (28, 19), (29, 21), (30, 46), (31, 36), (32, 17), (33, 10), (34, 13), (35, 9), (36, 17), (37, 10)]
progress 400 380 0
hist [('portconflict', 19), (15, 2), (16, 1), (17, 3), (18, 2), (19, 4), (20, 12), (21, 16), (22, 16), (23, 24), (24, 14), (25, 21), (26, 18), (27, 22), (28, 25), (29, 23), (30, 51), (31, 43), (32, 18), (33, 13), (34, 14), (35, 10), (36, 19), (37, 10)]
hist [('portconflict', 22), (15, 2), (16, 1), (17, 5), (18, 2), (19, 4), (20, 15), (21, 18), (22, 17), (23, 25), (24, 16), (25, 22), (26, 22), (27, 26), (28, 27), (29, 27), (30, 54), (31, 47), (32, 24), (33, 16), (34, 15), (35, 12), (36, 21), (37, 10)]
hist [('portconflict', 23), (15, 2), (16, 2), (17, 6), (18, 3), (19, 4), (20, 15), (21, 18), (22, 21), (23, 30), (24, 18), (25, 24), (26, 23), (27, 28), (28, 30), (29, 32), (30, 57), (31, 51), (32, 29), (33, 19), (34, 17), (35, 14), (36, 22), (37, 12)]
hist [('portconflict', 26), (15, 2), (16, 3), (17, 6), (18, 3), (19, 4), (20, 16), (21, 18), (22, 23), (23, 32), (24, 20), (25, 26), (26, 25), (27, 30), (28, 33), (29, 39), (30, 63), (31, 57), (32, 32), (33, 22), (34, 19), (35, 15), (36, 24), (37, 12)]
progress 600 570 0
hist [('none', 1), ('portconflict', 31), (15, 2), (16, 5), (17, 8), (18, 3), (19, 4), (20, 19), (21, 19), (22, 26), (23, 36), (24, 22), (25, 34), (26, 32), (27, 33), (28, 41), (29, 50), (30, 73), (31, 63), (32, 37), (33, 26), (34, 23), (35, 18), (36, 29), (37, 15)]
hist [('none', 1), ('portconflict', 34), (15, 2), (16, 5), (17, 9), (18, 3), (19, 6), (20, 20), (21, 21), (22, 28), (23, 39), (24, 23), (25, 35), (26, 34), (27, 37), (28, 43), (29, 57), (30, 77), (31, 68), (32, 40), (33, 28), (34, 24), (35, 20), (36, 30), (37, 16)]
