ports totals {0: 64, 1: 60, 2: 9, 3: 4, 4: 3}
eligible mmmww 1 [31, 34, 7]
eligible mmmww 2 [35, 36, 5]
eligible mmwmw 1 [31, 34, 2]
eligible mmwmw 2 [35, 34, 2]
eligible mmwwm 1 [31, 34, 0]
eligible mmwwm 2 [31, 34, 2]
eligible mwmmw 1 [29, 7, 2]
eligible mwmmw 2 [33, 5, 2]
eligible mwmwm 1 [29, 7, 0]
eligible mwmwm 2 [29, 5, 2]
eligible mwwmm 1 [29, 2, 0]
eligible mwwmm 2 [29, 2, 2]
eligible wmmmw 1 [34, 7, 2]
eligible wmmmw 2 [36, 5, 2]
eligible wmmwm 1 [34, 7, 0]
eligible wmmwm 2 [36, 5, 2]
eligible wmwmm 1 [34, 2, 0]
eligible wmwmm 2 [34, 2, 2]
eligible wwmmm 1 [7, 2, 0]
eligible wwmmm 2 [5, 2, 2]
budget triples 15272
shard 3 15 1018
hist [(16, 1), (20, 1), (21, 1), (22, 2), (23, 3), (24, 4), (25, 3), (26, 2), (27, 3), (28, 2), (29, 2), (30, 7), (31, 3), (32, 2), (33, 2), (34, 2), (35, 3), (36, 4), (37, 2), (38, 1)]
hist [('portconflict', 2), (16, 1), (17, 1), (19, 1), (20, 2), (21, 1), (22, 5), (23, 6), (24, 7), (25, 7), (26, 3), (27, 10), (28, 6), (29, 5), (30, 11), (31, 8), (32, 4), (33, 3), (34, 3), (35, 3), (36, 5), (37, 2), (38, 3), (40, 1)]
hist [('portconflict', 3), (16, 1), (17, 1), (19, 1), (20, 3), (21, 3), (22, 7), (23, 7), (24, 10), (25, 10), (26, 6), (27, 13), (28, 11), (29, 8), (30, 20), (31, 14), (32, 7), (33, 4), (34, 4), (35, 4), (36, 5), (37, 4), (38, 3), (40, 1)]
progress 200 194 0
hist [('portconflict', 5), (16, 1), (17, 2), (18, 1), (19, 1), (20, 3), (21, 6), (22, 13), (23, 13), (24, 11), (25, 11), (26, 8), (27, 17), (28, 13), (29, 14), (30, 27), (31, 17), (32, 8), (33, 4), (34, 4), (35, 5), (36, 8), (37, 4), (38, 3), (40, 1)]
hist [('portconflict', 9), (16, 2), (17, 2), (18, 1), (19, 2), (20, 5), (21, 7), (22, 17), (23, 18), (24, 14), (25, 13), (26, 11), (27, 19), (28, 16), (29, 18), (30, 32), (31, 20), (32, 12), (33, 4), (34, 6), (35, 6), (36, 8), (37, 4), (38, 3), (40, 1)]
hist [('portconflict', 13), (16, 2), (17, 3), (18, 1), (19, 4), (20, 7), (21, 9), (22, 18), (23, 23), (24, 17), (25, 14), (26, 13), (27, 20), (28, 17), (29, 23), (30, 40), (31, 25), (32, 13), (33, 5), (34, 8), (35, 6), (36, 11), (37, 4), (38, 3), (40, 1)]
hist [('portconflict', 15), (16, 2), (17, 3), (18, 1), (19, 6), (20, 8), (21, 12), (22, 20), (23, 24), (24, 21), (25, 17), (26, 17), (27, 22), (28, 20), (29, 27), (30, 44), (31, 31), (32, 15), (33, 7), (34, 9), (35, 6), (36, 14), (37, 5), (38, 3), (40, 1)]
progress 400 380 0
hist [('portconflict', 22), (16, 2), (17, 3), (18, 1), (19, 9), (20, 11), (21, 21), (22, 24), (23, 30), (24, 23), (25, 19), (26, 24), (27, 27), (28, 26), (29, 39), (30, 48), (31, 43), (32, 21), (33, 13), (34, 11), (35, 7), (36, 16), (37, 6), (38, 3), (40, 1)]
hist [('portconflict', 24), (15, 1), (16, 2), (17, 3), (18, 2), (19, 9), (20, 15), (21, 22), (22, 25), (23, 33), (24, 25), (25, 21), (26, 28), (27, 29), (28, 30), (29, 43), (30, 58), (31, 43), (32, 21), (33, 16), (34, 14), (35, 8), (36, 17), (37, 7), (38, 3), (40, 1)]
hist [('portconflict', 27), (15, 1), (16, 2), (17, 3), (18, 3), (19, 9), (20, 19), (21, 25), (22, 26), (23, 37), (24, 29), (25, 21), (26, 28), (27, 30), (28, 31), (29, 47), (30, 63), (31, 49), (32, 26), (33, 20), (34, 14), (35, 10), (36, 19), (37, 7), (38, 3), (40, 1)]
progress 600 571 0
hist [('portconflict', 28), (15, 1), (16, 3), (17, 3), (18, 4), (19, 10), (20, 20), (21, 28), (22, 28), (23, 41), (24, 31), (25, 22), (26, 30), (27, 34), (28, 38), (29, 51), (30, 65), (31, 52), (32, 27), (33, 24), (34, 16), (35, 11), (36, 22), (37, 7), (38, 3), (40, 1)]
