ports totals {0: 64, 1: 60, 2: 9, 3: 4, 4: 3}
eligible mmmww 1 [31, 34, 7]
eligible mmmww 2 [35, 36, 5]
eligible mmwmw 1 [31, 34, 2]
eligible mmwmw 2 [35, 34, 2]
eligible mmwwm 1 [31, 34, 0]
eligible mmwwm 2 [31, 34, 2]
eligible mwmmw 1 [29, 7, 2]
eligible mwmmw 2 [33, 5, 2]
eligible mwmwm 1 [29, 7, 0]
eligible mwmwm 2 [29, 5, 2]
eligible mwwmm 1 [29, 2, 0]
eligible mwwmm 2 [29, 2, 2]
eligible wmmmw 1 [34, 7, 2]
eligible wmmmw 2 [36, 5, 2]
eligible wmmwm 1 [34, 7, 0]
eligible wmmwm 2 [36, 5, 2]
eligible wmwmm 1 [34, 2, 0]
eligible wmwmm 2 [34, 2, 2]
eligible wwmmm 1 [7, 2, 0]
eligible wwmmm 2 [5, 2, 2]
budget triples 15272
shard 4 15 1018
hist [('portconflict', 2), (20, 1), (21, 3), (22, 5), (23, 3), (24, 1), (25, 4), (26, 3), (27, 1), (28, 2), (29, 4), (30, 6), (31, 5), (32, 2), (33, 4), (34, 1), (37, 1), (38, 1), (39, 1)]
hist [('portconflict', 4), (17, 1), (20, 9), (21, 7), (22, 5), (23, 4), (24, 4), (25, 4), (26, 5), (27, 4), (28, 4), (29, 8), (30, 11), (31, 9), (32, 5), (33, 6), (34, 3), (35, 1), (36, 1), (37, 1), (38, 2), (39, 1), (40, 1)]
hist [('portconflict', 5), (17, 1), (18, 1), (19, 2), (20, 9), (21, 11), (22, 7), (23, 8), (24, 4), (25, 7), (26, 6), (27, 4), (28, 8), (29, 10), (30, 16), (31, 15), (32, 12), (33, 6), (34, 4), (35, 2), (36, 5), (37, 2), (38, 2), (39, 1), (40, 1), (42, 1)]
progress 200 190 0
hist [('portconflict', 12), (15, 1), (16, 1), (17, 1), (18, 3), (19, 2), (20, 10), (21, 18), (22, 9), (23, 11), (24, 6), (25, 10), (26, 11), (27, 11), (28, 14), (29, 21), (30, 27), (31, 24), (32, 16), (33, 10), (34, 8), (35, 3), (36, 11), (37, 5), (38, 2), (39, 1), (40, 1), (42, 1)]
hist [('portconflict', 15), (15, 1), (16, 1), (17, 1), (18, 3), (19, 2), (20, 11), (21, 21), (22, 12), (23, 12), (24, 6), (25, 11), (26, 16), (27, 16), (28, 19), (29, 24), (30, 33), (31, 25), (32, 21), (33, 10), (34, 11), (35, 4), (36, 12), (37, 7), (38, 3), (39, 1), (40, 1), (42, 1)]
hist [('portconflict', 18), (15, 1), (16, 1), (17, 2), (18, 3), (19, 2), (20, 11), (21, 26), (22, 13), (23, 13), (24, 8), (25, 11), (26, 18), (27, 18), (28, 23), (29, 29), (30, 42), (31, 28), (32, 24), (33, 13), (34, 12), (35, 7), (36, 13), (37, 8), (38, 3), (39, 1), (40, 1), (42, 1)]
progress 400 380 0
hist [('portconflict', 22), (15, 1), (16, 1), (17, 2), (18, 6), (19, 5), (20, 11), (21, 32), (22, 18), (23, 22), (24, 9), (25, 16), (26, 24), (27, 24), (28, 30), (29, 38), (30, 52), (31, 38), (32, 29), (33, 15), (34, 16), (35, 7), (36, 16), (37, 8), (38, 4), (39, 1), (40, 2), (42, 1)]
hist [('portconflict', 29), (15, 1), (16, 2), (17, 2), (18, 6), (19, 5), (20, 13), (21, 32), (22, 21), (23, 25), (24, 9), (25, 22), (26, 28), (27, 28), (28, 33), (29, 43), (30, 55), (31, 40), (32, 29), (33, 16), (34, 16), (35, 9), (36, 20), (37, 8), (38, 4), (39, 1), (40, 2), (42, 1)]
c0000 mmmww rail 12
hist [('portconflict', 30), (12, 1), (15, 1), (16, 2), (17, 2), (18, 6), (19, 7), (20, 16), (21, 34), (22, 25), (23, 29), (24, 14), (25, 23), (26, 29), (27, 29), (28, 34), (29, 50), (30, 59), (31, 45), (32, 30), (33, 18), (34, 17), (35, 10), (36, 22), (37, 9), (38, 4), (39, 1), (40, 2), (42, 1)]
progress 600 567 1
hist [('portconflict', 32), (12, 1), (15, 1), (16, 2), (17, 2), (18, 7), (19, 8), (20, 21), (21, 36), (22, 27), (23, 31), (24, 16), (25, 24), (26, 31), (27, 30), (28, 41), (29, 53), (30, 66), (31, 50), (32, 31), (33, 20), (34, 17), (35, 13), (36, 23), (37, 9), (38, 4), (39, 1), (40, 2), (42, 1)]
hist [('portconflict', 36), (12, 1), (15, 1), (16, 2), (17, 2), (18, 8), (19, 9), (20, 23), (21, 38), (22, 32), (23, 33), (24, 19), (25, 25), (26, 34), (27, 32), (28, 44), (29, 56), (30, 72), (31, 54), (32, 34), (33, 22), (34, 17), (35, 14), (36, 24), (37, 9), (38, 5), (39, 1), (40, 2), (42, 1)]
hist [('portconflict', 42), (12, 1), (15, 1), (16, 2), (17, 2), (18, 9), (19, 9), (20, 23), (21, 38), (22, 35), (23, 33), (24, 20), (25, 26), (26, 35), (27, 35), (28, 45), (29, 60), (30, 80), (31, 57), (32, 45), (33, 24), (34, 18), (35, 16), (36, 26), (37, 9), (38, 5), (39, 1), (40, 2), (42, 1)]
hist [('portconflict', 46), (12, 1), (15, 1), (16, 2), (17, 3), (18, 9), (19, 10), (20, 24), (21, 40), (22, 36), (23, 37), (24, 21), (25, 28), (26, 38), (27, 36), (28, 48), (29, 64), (30, 85), (31, 61), (32, 47), (33, 28), (34, 21), (35, 16), (36, 29), (37, 10), (38, 5), (39, 1), (40, 2), (42, 1)]
