ports totals {0: 64, 1: 60, 2: 9, 3: 4, 4: 3}
eligible mmmww 1 [31, 34, 7]
eligible mmmww 2 [35, 36, 5]
eligible mmwmw 1 [31, 34, 2]
eligible mmwmw 2 [35, 34, 2]
eligible mmwwm 1 [31, 34, 0]
eligible mmwwm 2 [31, 34, 2]
eligible mwmmw 1 [29, 7, 2]
eligible mwmmw 2 [33, 5, 2]
eligible mwmwm 1 [29, 7, 0]
eligible mwmwm 2 [29, 5, 2]
eligible mwwmm 1 [29, 2, 0]
eligible mwwmm 2 [29, 2, 2]
eligible wmmmw 1 [34, 7, 2]
eligible wmmmw 2 [36, 5, 2]
eligible wmmwm 1 [34, 7, 0]
eligible wmmwm 2 [36, 5, 2]
eligible wmwmm 1 [34, 2, 0]
eligible wmwmm 2 [34, 2, 2]
eligible wwmmm 1 [7, 2, 0]
eligible wwmmm 2 [5, 2, 2]
budget triples 15272
shard 8 15 1018
hist [('portconflict', 1), (16, 1), (17, 2), (19, 1), (20, 2), (21, 2), (22, 2), (23, 5), (24, 1), (25, 3), (26, 2), (27, 2), (28, 3), (29, 5), (30, 6), (31, 2), (32, 3), (33, 4), (34, 1), (35, 2)]
hist [('portconflict', 3), (16, 1), (17, 3), (18, 1), (19, 2), (20, 4), (21, 5), (22, 15), (23, 12), (24, 4), (25, 6), (26, 4), (27, 6), (28, 5), (29, 16), (30, 16), (31, 9), (32, 8), (33, 11), (34, 5), (35, 5), (36, 5), (37, 2), (38, 1), (42, 1)]
progress 200 196 0
hist [('portconflict', 3), (16, 1), (17, 3), (18, 1), (19, 2), (20, 6), (21, 13), (22, 15), (23, 12), (24, 5), (25, 9), (26, 8), (27, 8), (28, 9), (29, 20), (30, 21), (31, 14), (32, 13), (33, 13), (34, 6), (35, 8), (36, 5), (37, 3), (38, 1), (42, 1)]
hist [('portconflict', 3), (15, 1), (16, 1), (17, 4), (18, 2), (19, 2), (20, 7), (21, 14), (22, 16), (23, 13), (24, 5), (25, 14), (26, 11), (27, 9), (28, 15), (29, 24), (30, 27), (31, 21), (32, 18), (33, 14), (34, 7), (35, 10), (36, 7), (37, 3), (38, 1), (42, 1)]
hist [('portconflict', 4), (15, 1), (16, 1), (17, 4), (18, 3), (19, 2), (20, 8), (21, 15), (22, 20), (23, 17), (24, 8), (25, 15), (26, 15), (27, 11), (28, 18), (29, 27), (30, 29), (31, 32), (32, 20), (33, 15), (34, 8), (35, 11), (36, 11), (37, 3), (38, 1), (42, 1)]
c0000 mmmww rail 12
hist [('portconflict', 7), (12, 1), (15, 2), (16, 1), (17, 5), (18, 3), (19, 5), (20, 9), (21, 16), (22, 23), (23, 18), (24, 9), (25, 16), (26, 17), (27, 15), (28, 22), (29, 32), (30, 35), (31, 34), (32, 21), (33, 16), (34, 10), (35, 11), (36, 15), (37, 3), (38, 2), (40, 1), (42, 1)]
progress 400 391 1
hist [('portconflict', 8), (12, 1), (15, 2), (16, 2), (17, 7), (18, 3), (19, 7), (20, 10), (21, 19), (22, 26), (23, 20), (24, 12), (25, 16), (26, 19), (27, 18), (28, 27), (29, 37), (30, 37), (31, 35), (32, 26), (33, 18), (34, 11), (35, 11), (36, 19), (37, 5), (38, 2), (40, 1), (42, 1)]
hist [('portconflict', 10), (12, 1), (15, 2), (16, 3), (17, 7), (18, 4), (19, 7), (20, 11), (21, 19), (22, 31), (23, 23), (24, 13), (25, 18), (26, 21), (27, 19), (28, 29), (29, 43), (30, 45), (31, 37), (32, 31), (33, 19), (34, 12), (35, 13), (36, 22), (37, 6), (38, 2), (40, 1), (42, 1)]
hist [('portconflict', 10), (12, 1), (15, 2), (16, 3), (17, 7), (18, 4), (19, 7), (20, 13), (21, 20), (22, 31), (23, 23), (24, 15), (25, 20), (26, 28), (27, 22), (28, 33), (29, 45), (30, 54), (31, 45), (32, 34), (33, 20), (34, 13), (35, 16), (36, 23), (37, 7), (38, 2), (40, 1), (42, 1)]
hist [('portconflict', 11), (12, 1), (15, 3), (16, 3), (17, 7), (18, 4), (19, 7), (20, 14), (21, 22), (22, 35), (23, 25), (24, 18), (25, 22), (26, 33), (27, 25), (28, 35), (29, 51), (30, 58), (31, 47), (32, 38), (33, 20), (34, 16), (35, 17), (36, 26), (37, 8), (38, 2), (40, 1), (42, 1)]
progress 600 586 1
hist [('portconflict', 13), (12, 1), (15, 3), (16, 3), (17, 7), (18, 4), (19, 8), (20, 15), (21, 24), (22, 37), (23, 26), (24, 23), (25, 23), (26, 34), (27, 31), (28, 37), (29, 54), (30, 62), (31, 54), (32, 42), (33, 21), (34, 17), (35, 17), (36, 30), (37, 10), (38, 2), (40, 1), (42, 1)]
hist [('portconflict', 15), (12, 1), (15, 3), (16, 4), (17, 7), (18, 4), (19, 11), (20, 17), (21, 25), (22, 38), (23, 31), (24, 24), (25, 23), (26, 35), (27, 33), (28, 42), (29, 62), (30, 67), (31, 60), (32, 46), (33, 21), (34, 18), (35, 17), (36, 31), (37, 11), (38, 2), (40, 1), (42, 1)]
