ports totals {0: 64, 1: 60, 2: 9, 3: 4, 4: 3}
eligible mmmww 1 [31, 34, 7]
eligible mmmww 2 [35, 36, 5]
eligible mmwmw 1 [31, 34, 2]
eligible mmwmw 2 [35, 34, 2]
eligible mmwwm 1 [31, 34, 0]
eligible mmwwm 2 [31, 34, 2]
eligible mwmmw 1 [29, 7, 2]
eligible mwmmw 2 [33, 5, 2]
eligible mwmwm 1 [29, 7, 0]
eligible mwmwm 2 [29, 5, 2]
eligible mwwmm 1 [29, 2, 0]
eligible mwwmm 2 [29, 2, 2]
eligible wmmmw 1 [34, 7, 2]
eligible wmmmw 2 [36, 5, 2]
eligible wmmwm 1 [34, 7, 0]
eligible wmmwm 2 [36, 5, 2]
eligible wmwmm 1 [34, 2, 0]
eligible wmwmm 2 [34, 2, 2]
eligible wwmmm 1 [7, 2, 0]
eligible wwmmm 2 [5, 2, 2]
budget triples 15272
shard 9 15 1018
hist [('portconflict', 3), (17, 1), (19, 4), (20, 1), (21, 3), (22, 3), (23, 3), (24, 1), (25, 3), (26, 2), (27, 1), (28, 1), (29, 2), (30, 6), (31, 5), (32, 4), (34, 2), (35, 1), (36, 2), (37, 1), (38, 1)]
hist [('portconflict', 3), (16, 1), (17, 1), (19, 4), (20, 2), (21, 6), (22, 6), (23, 3), (24, 4), (25, 8), (26, 7), (27, 5), (28, 3), (29, 7), (30, 10), (31, 11), (32, 6), (33, 1), (34, 3), (35, 2), (36, 5), (37, 1), (38, 1)]
hist [('portconflict', 4), (16, 2), (17, 1), (19, 5), (20, 2), (21, 8), (22, 10), (23, 4), (24, 6), (25, 13), (26, 11), (27, 6), (28, 6), (29, 13), (30, 15), (31, 14), (32, 10), (33, 4), (34, 4), (35, 3), (36, 6), (37, 2), (38, 1)]
progress 200 194 0
hist [('portconflict', 5), (16, 4), (17, 3), (19, 5), (20, 4), (21, 9), (22, 12), (23, 7), (24, 8), (25, 15), (26, 15), (27, 6), (28, 11), (29, 16), (30, 20), (31, 17), (32, 17), (33, 5), (34, 7), (35, 3), (36, 6), (37, 4), (38, 1)]
hist [('portconflict', 6), (16, 5), (17, 3), (19, 5), (20, 6), (21, 12), (22, 14), (23, 11), (24, 10), (25, 17), (26, 17), (27, 9), (28, 12), (29, 18), (30, 24), (31, 24), (32, 22), (33, 8), (34, 9), (35, 3), (36, 9), (37, 5), (38, 1)]
hist [('portconflict', 11), (16, 5), (17, 3), (18, 1), (19, 5), (20, 8), (21, 12), (22, 17), (23, 15), (24, 11), (25, 20), (26, 17), (27, 9), (28, 18), (29, 22), (30, 28), (31, 29), (32, 27), (33, 8), (34, 11), (35, 3), (36, 12), (37, 7), (38, 1)]
hist [('portconflict', 13), (16, 5), (17, 4), (18, 1), (19, 5), (20, 9), (21, 14), (22, 17), (23, 15), (24, 13), (25, 23), (26, 20), (27, 14), (28, 19), (29, 27), (30, 32), (31, 32), (32, 30), (33, 10), (34, 13), (35, 6), (36, 15), (37, 11), (38, 2)]
progress 400 384 0
hist [('portconflict', 15), (15, 1), (16, 5), (17, 4), (18, 1), (19, 6), (20, 10), (21, 15), (22, 17), (23, 21), (24, 20), (25, 26), (26, 23), (27, 16), (28, 21), (29, 29), (30, 38), (31, 34), (32, 33), (33, 13), (34, 14), (35, 6), (36, 19), (37, 11), (38, 2)]
hist [('portconflict', 17), (15, 1), (16, 7), (17, 4), (18, 2), (19, 6), (20, 13), (21, 17), (22, 20), (23, 23), (24, 23), (25, 31), (26, 26), (27, 19), (28, 22), (29, 29), (30, 39), (31, 39), (32, 34), (33, 16), (34, 18), (35, 10), (36, 21), (37, 11), (38, 2)]
hist [('portconflict', 17), (14, 1), (15, 1), (16, 7), (17, 4), (18, 2), (19, 7), (20, 14), (21, 19), (22, 20), (23, 28), (24, 25), (25, 32), (26, 30), (27, 22), (28, 26), (29, 35), (30, 41), (31, 42), (32, 41), (33, 17), (34, 19), (35, 12), (36, 24), (37, 12), (38, 2)]
hist [('portconflict', 21), (14, 1), (15, 1), (16, 7), (17, 4), (18, 2), (19, 8), (20, 14), (21, 19), (22, 22), (23, 32), (24, 27), (25, 33), (26, 33), (27, 22), (28, 28), (29, 37), (30, 48), (31, 47), (32, 48), (33, 19), (34, 21), (35, 16), (36, 25), (37, 13), (38, 2)]
progress 600 577 0
hist [('portconflict', 22), (14, 1), (15, 1), (16, 8), (17, 4), (18, 2), (19, 9), (20, 15), (21, 20), (22, 26), (23, 37), (24, 29), (25, 37), (26, 35), (27, 23), (28, 33), (29, 41), (30, 52), (31, 52), (32, 51), (33, 20), (34, 21), (35, 18), (36, 27), (37, 14), (38, 2)]
hist [('portconflict', 22), (14, 1), (15, 1), (16, 8), (17, 5), (18, 2), (19, 10), (20, 15), (21, 21), (22, 27), (23, 40), (24, 31), (25, 39), (26, 38), (27, 28), (28, 35), (29, 45), (30, 57), (31, 56), (32, 55), (33, 20), (34, 24), (35, 19), (36, 33), (37, 15), (38, 3)]
c0000 mmmww rail 11
hist [('portconflict', 23), (11, 1), (14, 1), (15, 1), (16, 8), (17, 5), (18, 3), (19, 10), (20, 16), (21, 24), (22, 30), (23, 44), (24, 31), (25, 39), (26, 38), (27, 31), (28, 36), (29, 52), (30, 64), (31, 63), (32, 58), (33, 23), (34, 25), (35, 19), (36, 37), (37, 15), (38, 3)]
