## 7 --w mwwm --k4 nb1 --k5 nb1 --tl 120 --tag t2_nb1_mwwm
built 2.8 vars 7168
{'L': 7, 'w': 'mwwm', 'k4': 'nb1', 'k5': 'nb1', 'v': 'fix', 'f': 'fix', 'nw': 1, 'm4': None, 'm5': None, 'tl': 120.0, 'wk': 4, 'obj': None, 'wbox': 2, 'tag': 't2_nb1_mwwm', 'map': 'flipz', 'd': 'm1,0,8', 'ride': None, 'nopow5': False, 'wself': 0, 'wsword': 'wmwm'} INFEASIBLE 1.1
## 7 --w wmwm --k4 nb1 --k5 nb1 --tl 120 --tag t2_nb1_wmwm
built 4.1 vars 7168
{'L': 7, 'w': 'wmwm', 'k4': 'nb1', 'k5': 'nb1', 'v': 'fix', 'f': 'fix', 'nw': 1, 'm4': None, 'm5': None, 'tl': 120.0, 'wk': 4, 'obj': None, 'wbox': 2, 'tag': 't2_nb1_wmwm', 'map': 'flipz', 'd': 'm1,0,8', 'ride': None, 'nopow5': False, 'wself': 0, 'wsword': 'wmwm'} INFEASIBLE 5.9
## 7 --w mwmw --k4 nb1 --k5 nb1 --tl 120 --tag t2_nb1_mwmw
built 4.6 vars 7168
{'L': 7, 'w': 'mwmw', 'k4': 'nb1', 'k5': 'nb1', 'v': 'fix', 'f': 'fix', 'nw': 1, 'm4': None, 'm5': None, 'tl': 120.0, 'wk': 4, 'obj': None, 'wbox': 2, 'tag': 't2_nb1_mwmw', 'map': 'flipz', 'd': 'm1,0,8', 'ride': None, 'nopow5': False, 'wself': 0, 'wsword': 'wmwm'} INFEASIBLE 2.3
## 7 --w mmww --k4 nb1 --k5 nb1 --tl 120 --tag t2_nb1_mmww
built 2.8 vars 7168
{'L': 7, 'w': 'mmww', 'k4': 'nb1', 'k5': 'nb1', 'v': 'fix', 'f': 'fix', 'nw': 1, 'm4': None, 'm5': None, 'tl': 120.0, 'wk': 4, 'obj': None, 'wbox': 2, 'tag': 't2_nb1_mmww', 'map': 'flipz', 'd': 'm1,0,8', 'ride': None, 'nopow5': False, 'wself': 0, 'wsword': 'wmwm'} INFEASIBLE 2.9
## 7 --w wwmm --k4 nb1 --k5 nb1 --tl 120 --tag t2_nb1_wwmm
built 2.3 vars 7168
{'L': 7, 'w': 'wwmm', 'k4': 'nb1', 'k5': 'nb1', 'v': 'fix', 'f': 'fix', 'nw': 1, 'm4': None, 'm5': None, 'tl': 120.0, 'wk': 4, 'obj': None, 'wbox': 2, 'tag': 't2_nb1_wwmm', 'map': 'flipz', 'd': 'm1,0,8', 'ride': None, 'nopow5': False, 'wself': 0, 'wsword': 'wmwm'} INFEASIBLE 2.8
## 7 --w wmmw --k4 nb1 --k5 nb1 --tl 120 --tag t2_nb1_wmmw
built 2.5 vars 7168
{'L': 7, 'w': 'wmmw', 'k4': 'nb1', 'k5': 'nb1', 'v': 'fix', 'f': 'fix', 'nw': 1, 'm4': None, 'm5': None, 'tl': 120.0, 'wk': 4, 'obj': None, 'wbox': 2, 'tag': 't2_nb1_wmmw', 'map': 'flipz', 'd': 'm1,0,8', 'ride': None, 'nopow5': False, 'wself': 0, 'wsword': 'wmwm'} INFEASIBLE 1.0
## 7 --w mwwm --k4 nb1 --k5 nb1 --nw 2 --tl 180 --tag t2_nb1_nw2_mwwm
built 8.1 vars 11068
{'L': 7, 'w': 'mwwm', 'k4': 'nb1', 'k5': 'nb1', 'v': 'fix', 'f': 'fix', 'nw': 2, 'm4': None, 'm5': None, 'tl': 180.0, 'wk': 4, 'obj': None, 'wbox': 2, 'tag': 't2_nb1_nw2_mwwm', 'map': 'flipz', 'd': 'm1,0,8', 'ride': None, 'nopow5': False, 'wself': 0, 'wsword': 'wmwm'} INFEASIBLE 4.6
## 7 --w wmwm --k4 nb1 --k5 nb1 --nw 2 --tl 180 --tag t2_nb1_nw2_wmwm
built 15.6 vars 11068
{'L': 7, 'w': 'wmwm', 'k4': 'nb1', 'k5': 'nb1', 'v': 'fix', 'f': 'fix', 'nw': 2, 'm4': None, 'm5': None, 'tl': 180.0, 'wk': 4, 'obj': None, 'wbox': 2, 'tag': 't2_nb1_nw2_wmwm', 'map': 'flipz', 'd': 'm1,0,8', 'ride': None, 'nopow5': False, 'wself': 0, 'wsword': 'wmwm'} INFEASIBLE 24.2
## 7 --w mwmw --k4 nb1 --k5 nb1 --nw 2 --tl 180 --tag t2_nb1_nw2_mwmw
built 14.5 vars 11068
{'L': 7, 'w': 'mwmw', 'k4': 'nb1', 'k5': 'nb1', 'v': 'fix', 'f': 'fix', 'nw': 2, 'm4': None, 'm5': None, 'tl': 180.0, 'wk': 4, 'obj': None, 'wbox': 2, 'tag': 't2_nb1_nw2_mwmw', 'map': 'flipz', 'd': 'm1,0,8', 'ride': None, 'nopow5': False, 'wself': 0, 'wsword': 'wmwm'} INFEASIBLE 7.5
## 7 --w mmww --k4 nb1 --k5 nb1 --nw 2 --tl 180 --tag t2_nb1_nw2_mmww
built 10.0 vars 11068
{'L': 7, 'w': 'mmww', 'k4': 'nb1', 'k5': 'nb1', 'v': 'fix', 'f': 'fix', 'nw': 2, 'm4': None, 'm5': None, 'tl': 180.0, 'wk': 4, 'obj': None, 'wbox': 2, 'tag': 't2_nb1_nw2_mmww', 'map': 'flipz', 'd': 'm1,0,8', 'ride': None, 'nopow5': False, 'wself': 0, 'wsword': 'wmwm'} INFEASIBLE 18.9
## 7 --w wwmm --k4 nb1 --k5 nb1 --nw 2 --tl 180 --tag t2_nb1_nw2_wwmm
built 8.1 vars 11068
{'L': 7, 'w': 'wwmm', 'k4': 'nb1', 'k5': 'nb1', 'v': 'fix', 'f': 'fix', 'nw': 2, 'm4': None, 'm5': None, 'tl': 180.0, 'wk': 4, 'obj': None, 'wbox': 2, 'tag': 't2_nb1_nw2_wwmm', 'map': 'flipz', 'd': 'm1,0,8', 'ride': None, 'nopow5': False, 'wself': 0, 'wsword': 'wmwm'} INFEASIBLE 19.0
## 7 --w wmmw --k4 nb1 --k5 nb1 --nw 2 --tl 180 --tag t2_nb1_nw2_wmmw
built 12.2 vars 11068
{'L': 7, 'w': 'wmmw', 'k4': 'nb1', 'k5': 'nb1', 'v': 'fix', 'f': 'fix', 'nw': 2, 'm4': None, 'm5': None, 'tl': 180.0, 'wk': 4, 'obj': None, 'wbox': 2, 'tag': 't2_nb1_nw2_wmmw', 'map': 'flipz', 'd': 'm1,0,8', 'ride': None, 'nopow5': False, 'wself': 0, 'wsword': 'wmwm'} INFEASIBLE 7.3
## 7 --w mwwm --k4 nb1 --k5 nb1 --ride 1:V:K5p --tl 120 --tag t2_ride_K5p_mwwm
built 3.3 vars 7168
{'L': 7, 'w': 'mwwm', 'k4': 'nb1', 'k5': 'nb1', 'v': 'fix', 'f': 'fix', 'nw': 1, 'm4': None, 'm5': None, 'tl': 120.0, 'wk': 4, 'obj': None, 'wbox': 2, 'tag': 't2_ride_K5p_mwwm', 'map': 'flipz', 'd': 'm1,0,8', 'ride': '1:V:K5p', 'nopow5': False, 'wself': 0, 'wsword': 'wmwm'} INFEASIBLE 0.3
## 7 --w wmwm --k4 nb1 --k5 nb1 --ride 1:V:K5p --tl 120 --tag t2_ride_K5p_wmwm
built 5.0 vars 7168
{'L': 7, 'w': 'wmwm', 'k4': 'nb1', 'k5': 'nb1', 'v': 'fix', 'f': 'fix', 'nw': 1, 'm4': None, 'm5': None, 'tl': 120.0, 'wk': 4, 'obj': None, 'wbox': 2, 'tag': 't2_ride_K5p_wmwm', 'map': 'flipz', 'd': 'm1,0,8', 'ride': '1:V:K5p', 'nopow5': False, 'wself': 0, 'wsword': 'wmwm'} INFEASIBLE 0.6
## 7 --w mwmw --k4 nb1 --k5 nb1 --ride 1:V:K5p --tl 120 --tag t2_ride_K5p_mwmw
built 6.3 vars 7168
{'L': 7, 'w': 'mwmw', 'k4': 'nb1', 'k5': 'nb1', 'v': 'fix', 'f': 'fix', 'nw': 1, 'm4': None, 'm5': None, 'tl': 120.0, 'wk': 4, 'obj': None, 'wbox': 2, 'tag': 't2_ride_K5p_mwmw', 'map': 'flipz', 'd': 'm1,0,8', 'ride': '1:V:K5p', 'nopow5': False, 'wself': 0, 'wsword': 'wmwm'} INFEASIBLE 0.7
## 7 --w mmww --k4 nb1 --k5 nb1 --ride 1:V:K5p --tl 120 --tag t2_ride_K5p_mmww
built 4.1 vars 7168
{'L': 7, 'w': 'mmww', 'k4': 'nb1', 'k5': 'nb1', 'v': 'fix', 'f': 'fix', 'nw': 1, 'm4': None, 'm5': None, 'tl': 120.0, 'wk': 4, 'obj': None, 'wbox': 2, 'tag': 't2_ride_K5p_mmww', 'map': 'flipz', 'd': 'm1,0,8', 'ride': '1:V:K5p', 'nopow5': False, 'wself': 0, 'wsword': 'wmwm'} INFEASIBLE 0.4
## 7 --w wwmm --k4 nb1 --k5 nb1 --ride 1:V:K5p --tl 120 --tag t2_ride_K5p_wwmm
built 4.2 vars 7168
{'L': 7, 'w': 'wwmm', 'k4': 'nb1', 'k5': 'nb1', 'v': 'fix', 'f': 'fix', 'nw': 1, 'm4': None, 'm5': None, 'tl': 120.0, 'wk': 4, 'obj': None, 'wbox': 2, 'tag': 't2_ride_K5p_wwmm', 'map': 'flipz', 'd': 'm1,0,8', 'ride': '1:V:K5p', 'nopow5': False, 'wself': 0, 'wsword': 'wmwm'} INFEASIBLE 0.4
## 7 --w wmmw --k4 nb1 --k5 nb1 --ride 1:V:K5p --tl 120 --tag t2_ride_K5p_wmmw
built 4.7 vars 7168
{'L': 7, 'w': 'wmmw', 'k4': 'nb1', 'k5': 'nb1', 'v': 'fix', 'f': 'fix', 'nw': 1, 'm4': None, 'm5': None, 'tl': 120.0, 'wk': 4, 'obj': None, 'wbox': 2, 'tag': 't2_ride_K5p_wmmw', 'map': 'flipz', 'd': 'm1,0,8', 'ride': '1:V:K5p', 'nopow5': False, 'wself': 0, 'wsword': 'wmwm'} INFEASIBLE 0.4
## 7 --w mwwm --k4 nb1 --k5 nb1 --ride 1:V:K5 --tl 120 --tag t2_ride_K5_mwwm
Traceback (most recent call last):
KeyError: (1, 7, 6)
## 7 --w wmwm --k4 nb1 --k5 nb1 --ride 1:V:K5 --tl 120 --tag t2_ride_K5_wmwm
Traceback (most recent call last):
KeyError: (1, 7, 6)
## 7 --w mwmw --k4 nb1 --k5 nb1 --ride 1:V:K5 --tl 120 --tag t2_ride_K5_mwmw
Traceback (most recent call last):
KeyError: (1, 7, 6)
## 7 --w mmww --k4 nb1 --k5 nb1 --ride 1:V:K5 --tl 120 --tag t2_ride_K5_mmww
Traceback (most recent call last):
KeyError: (1, 7, 6)
## 7 --w wwmm --k4 nb1 --k5 nb1 --ride 1:V:K5 --tl 120 --tag t2_ride_K5_wwmm
Traceback (most recent call last):
KeyError: (1, 7, 6)
## 7 --w wmmw --k4 nb1 --k5 nb1 --ride 1:V:K5 --tl 120 --tag t2_ride_K5_wmmw
Traceback (most recent call last):
KeyError: (1, 7, 6)
## 7 --w mwwm --k4 nb1 --k5 nb1 --ride 1:V:K4p --tl 120 --tag t2_ride_K4p_mwwm
Traceback (most recent call last):
KeyError: (1, 7, 14)
## 7 --w wmwm --k4 nb1 --k5 nb1 --ride 1:V:K4p --tl 120 --tag t2_ride_K4p_wmwm
Traceback (most recent call last):
KeyError: (1, 7, 14)
## 7 --w mwmw --k4 nb1 --k5 nb1 --ride 1:V:K4p --tl 120 --tag t2_ride_K4p_mwmw
Traceback (most recent call last):
KeyError: (1, 7, 14)
## 7 --w mmww --k4 nb1 --k5 nb1 --ride 1:V:K4p --tl 120 --tag t2_ride_K4p_mmww
Traceback (most recent call last):
KeyError: (1, 7, 14)
## 7 --w wwmm --k4 nb1 --k5 nb1 --ride 1:V:K4p --tl 120 --tag t2_ride_K4p_wwmm
Traceback (most recent call last):
KeyError: (1, 7, 14)
## 7 --w wmmw --k4 nb1 --k5 nb1 --ride 1:V:K4p --tl 120 --tag t2_ride_K4p_wmmw
Traceback (most recent call last):
KeyError: (1, 7, 14)
## 7 --w mwwm --k4 nb2 --k5 nb2 --tl 240 --tag t2_nb2_mwwm
built 8.5 vars 10656
{'L': 7, 'w': 'mwwm', 'k4': 'nb2', 'k5': 'nb2', 'v': 'fix', 'f': 'fix', 'nw': 1, 'm4': None, 'm5': None, 'tl': 240.0, 'wk': 4, 'obj': None, 'wbox': 2, 'tag': 't2_nb2_mwwm', 'map': 'flipz', 'd': 'm1,0,8', 'ride': None, 'nopow5': False, 'wself': 0, 'wsword': 'wmwm'} INFEASIBLE 4.2
## 7 --w wmwm --k4 nb2 --k5 nb2 --tl 240 --tag t2_nb2_wmwm
built 11.1 vars 10656
{'L': 7, 'w': 'wmwm', 'k4': 'nb2', 'k5': 'nb2', 'v': 'fix', 'f': 'fix', 'nw': 1, 'm4': None, 'm5': None, 'tl': 240.0, 'wk': 4, 'obj': None, 'wbox': 2, 'tag': 't2_nb2_wmwm', 'map': 'flipz', 'd': 'm1,0,8', 'ride': None, 'nopow5': False, 'wself': 0, 'wsword': 'wmwm'} INFEASIBLE 18.5
## 7 --w mwmw --k4 nb2 --k5 nb2 --tl 240 --tag t2_nb2_mwmw
built 9.7 vars 10656
{'L': 7, 'w': 'mwmw', 'k4': 'nb2', 'k5': 'nb2', 'v': 'fix', 'f': 'fix', 'nw': 1, 'm4': None, 'm5': None, 'tl': 240.0, 'wk': 4, 'obj': None, 'wbox': 2, 'tag': 't2_nb2_mwmw', 'map': 'flipz', 'd': 'm1,0,8', 'ride': None, 'nopow5': False, 'wself': 0, 'wsword': 'wmwm'} INFEASIBLE 5.4
## 7 --w mmww --k4 nb2 --k5 nb2 --tl 240 --tag t2_nb2_mmww
built 10.5 vars 10656
{'L': 7, 'w': 'mmww', 'k4': 'nb2', 'k5': 'nb2', 'v': 'fix', 'f': 'fix', 'nw': 1, 'm4': None, 'm5': None, 'tl': 240.0, 'wk': 4, 'obj': None, 'wbox': 2, 'tag': 't2_nb2_mmww', 'map': 'flipz', 'd': 'm1,0,8', 'ride': None, 'nopow5': False, 'wself': 0, 'wsword': 'wmwm'} INFEASIBLE 24.3
## 7 --w wwmm --k4 nb2 --k5 nb2 --tl 240 --tag t2_nb2_wwmm
built 10.3 vars 10656
{'L': 7, 'w': 'wwmm', 'k4': 'nb2', 'k5': 'nb2', 'v': 'fix', 'f': 'fix', 'nw': 1, 'm4': None, 'm5': None, 'tl': 240.0, 'wk': 4, 'obj': None, 'wbox': 2, 'tag': 't2_nb2_wwmm', 'map': 'flipz', 'd': 'm1,0,8', 'ride': None, 'nopow5': False, 'wself': 0, 'wsword': 'wmwm'} INFEASIBLE 24.9
## 7 --w wmmw --k4 nb2 --k5 nb2 --tl 240 --tag t2_nb2_wmmw
built 10.2 vars 10656
{'L': 7, 'w': 'wmmw', 'k4': 'nb2', 'k5': 'nb2', 'v': 'fix', 'f': 'fix', 'nw': 1, 'm4': None, 'm5': None, 'tl': 240.0, 'wk': 4, 'obj': None, 'wbox': 2, 'tag': 't2_nb2_wmmw', 'map': 'flipz', 'd': 'm1,0,8', 'ride': None, 'nopow5': False, 'wself': 0, 'wsword': 'wmwm'} INFEASIBLE 5.0
BATCH DONE
