## 7 --w mwwm --k4 nb1 --k5 nb1 --ride 1:V:K4 --tl 120 --tag t2c_ride_K4_mwwm
built 5.0 vars 7168
{'L': 7, 'w': 'mwwm', 'k4': 'nb1', 'k5': 'nb1', 'v': 'fix', 'f': 'fix', 'nw': 1, 'm4': None, 'm5': None, 'tl': 120.0, 'wk': 4, 'obj': None, 'wbox': 2, 'tag': 't2c_ride_K4_mwwm', 'map': 'flipz', 'd': 'm1,0,8', 'ride': '1:V:K4', 'nopow5': False, 'wself': 0, 'wsword': 'wmwm'} INFEASIBLE 3.0
## 7 --w wmwm --k4 nb1 --k5 nb1 --ride 1:V:K4 --tl 120 --tag t2c_ride_K4_wmwm
built 7.7 vars 7168
{'L': 7, 'w': 'wmwm', 'k4': 'nb1', 'k5': 'nb1', 'v': 'fix', 'f': 'fix', 'nw': 1, 'm4': None, 'm5': None, 'tl': 120.0, 'wk': 4, 'obj': None, 'wbox': 2, 'tag': 't2c_ride_K4_wmwm', 'map': 'flipz', 'd': 'm1,0,8', 'ride': '1:V:K4', 'nopow5': False, 'wself': 0, 'wsword': 'wmwm'} INFEASIBLE 11.0
## 7 --w mwmw --k4 nb1 --k5 nb1 --ride 1:V:K4 --tl 120 --tag t2c_ride_K4_mwmw
built 9.5 vars 7168
{'L': 7, 'w': 'mwmw', 'k4': 'nb1', 'k5': 'nb1', 'v': 'fix', 'f': 'fix', 'nw': 1, 'm4': None, 'm5': None, 'tl': 120.0, 'wk': 4, 'obj': None, 'wbox': 2, 'tag': 't2c_ride_K4_mwmw', 'map': 'flipz', 'd': 'm1,0,8', 'ride': '1:V:K4', 'nopow5': False, 'wself': 0, 'wsword': 'wmwm'} INFEASIBLE 4.6
## 7 --w mmww --k4 nb1 --k5 nb1 --ride 1:V:K4 --tl 120 --tag t2c_ride_K4_mmww
built 4.1 vars 7168
{'L': 7, 'w': 'mmww', 'k4': 'nb1', 'k5': 'nb1', 'v': 'fix', 'f': 'fix', 'nw': 1, 'm4': None, 'm5': None, 'tl': 120.0, 'wk': 4, 'obj': None, 'wbox': 2, 'tag': 't2c_ride_K4_mmww', 'map': 'flipz', 'd': 'm1,0,8', 'ride': '1:V:K4', 'nopow5': False, 'wself': 0, 'wsword': 'wmwm'} INFEASIBLE 8.3
## 7 --w wwmm --k4 nb1 --k5 nb1 --ride 1:V:K4 --tl 120 --tag t2c_ride_K4_wwmm
built 4.5 vars 7168
{'L': 7, 'w': 'wwmm', 'k4': 'nb1', 'k5': 'nb1', 'v': 'fix', 'f': 'fix', 'nw': 1, 'm4': None, 'm5': None, 'tl': 120.0, 'wk': 4, 'obj': None, 'wbox': 2, 'tag': 't2c_ride_K4_wwmm', 'map': 'flipz', 'd': 'm1,0,8', 'ride': '1:V:K4', 'nopow5': False, 'wself': 0, 'wsword': 'wmwm'} INFEASIBLE 7.4
## 7 --w wmmw --k4 nb1 --k5 nb1 --ride 1:V:K4 --tl 120 --tag t2c_ride_K4_wmmw
built 5.0 vars 7168
{'L': 7, 'w': 'wmmw', 'k4': 'nb1', 'k5': 'nb1', 'v': 'fix', 'f': 'fix', 'nw': 1, 'm4': None, 'm5': None, 'tl': 120.0, 'wk': 4, 'obj': None, 'wbox': 2, 'tag': 't2c_ride_K4_wmmw', 'map': 'flipz', 'd': 'm1,0,8', 'ride': '1:V:K4', 'nopow5': False, 'wself': 0, 'wsword': 'wmwm'} INFEASIBLE 3.1
## 7 --w mwwm --k4 nb1 --k5 nb1 --ride 1:V:K1p --tl 120 --tag t2c_ride_K1p_mwwm
built 5.2 vars 7168
{'L': 7, 'w': 'mwwm', 'k4': 'nb1', 'k5': 'nb1', 'v': 'fix', 'f': 'fix', 'nw': 1, 'm4': None, 'm5': None, 'tl': 120.0, 'wk': 4, 'obj': None, 'wbox': 2, 'tag': 't2c_ride_K1p_mwwm', 'map': 'flipz', 'd': 'm1,0,8', 'ride': '1:V:K1p', 'nopow5': False, 'wself': 0, 'wsword': 'wmwm'} INFEASIBLE 0.5
## 7 --w wmwm --k4 nb1 --k5 nb1 --ride 1:V:K1p --tl 120 --tag t2c_ride_K1p_wmwm
built 6.8 vars 7168
{'L': 7, 'w': 'wmwm', 'k4': 'nb1', 'k5': 'nb1', 'v': 'fix', 'f': 'fix', 'nw': 1, 'm4': None, 'm5': None, 'tl': 120.0, 'wk': 4, 'obj': None, 'wbox': 2, 'tag': 't2c_ride_K1p_wmwm', 'map': 'flipz', 'd': 'm1,0,8', 'ride': '1:V:K1p', 'nopow5': False, 'wself': 0, 'wsword': 'wmwm'} INFEASIBLE 0.7
## 7 --w mwmw --k4 nb1 --k5 nb1 --ride 1:V:K1p --tl 120 --tag t2c_ride_K1p_mwmw
built 6.5 vars 7168
{'L': 7, 'w': 'mwmw', 'k4': 'nb1', 'k5': 'nb1', 'v': 'fix', 'f': 'fix', 'nw': 1, 'm4': None, 'm5': None, 'tl': 120.0, 'wk': 4, 'obj': None, 'wbox': 2, 'tag': 't2c_ride_K1p_mwmw', 'map': 'flipz', 'd': 'm1,0,8', 'ride': '1:V:K1p', 'nopow5': False, 'wself': 0, 'wsword': 'wmwm'} INFEASIBLE 0.7
## 7 --w mmww --k4 nb1 --k5 nb1 --ride 1:V:K1p --tl 120 --tag t2c_ride_K1p_mmww
built 4.1 vars 7168
{'L': 7, 'w': 'mmww', 'k4': 'nb1', 'k5': 'nb1', 'v': 'fix', 'f': 'fix', 'nw': 1, 'm4': None, 'm5': None, 'tl': 120.0, 'wk': 4, 'obj': None, 'wbox': 2, 'tag': 't2c_ride_K1p_mmww', 'map': 'flipz', 'd': 'm1,0,8', 'ride': '1:V:K1p', 'nopow5': False, 'wself': 0, 'wsword': 'wmwm'} INFEASIBLE 0.4
## 7 --w wwmm --k4 nb1 --k5 nb1 --ride 1:V:K1p --tl 120 --tag t2c_ride_K1p_wwmm
built 3.8 vars 7168
{'L': 7, 'w': 'wwmm', 'k4': 'nb1', 'k5': 'nb1', 'v': 'fix', 'f': 'fix', 'nw': 1, 'm4': None, 'm5': None, 'tl': 120.0, 'wk': 4, 'obj': None, 'wbox': 2, 'tag': 't2c_ride_K1p_wwmm', 'map': 'flipz', 'd': 'm1,0,8', 'ride': '1:V:K1p', 'nopow5': False, 'wself': 0, 'wsword': 'wmwm'} INFEASIBLE 0.4
## 7 --w wmmw --k4 nb1 --k5 nb1 --ride 1:V:K1p --tl 120 --tag t2c_ride_K1p_wmmw
built 3.9 vars 7168
{'L': 7, 'w': 'wmmw', 'k4': 'nb1', 'k5': 'nb1', 'v': 'fix', 'f': 'fix', 'nw': 1, 'm4': None, 'm5': None, 'tl': 120.0, 'wk': 4, 'obj': None, 'wbox': 2, 'tag': 't2c_ride_K1p_wmmw', 'map': 'flipz', 'd': 'm1,0,8', 'ride': '1:V:K1p', 'nopow5': False, 'wself': 0, 'wsword': 'wmwm'} INFEASIBLE 0.5
BATCH DONE
