== mwwm
built 0.7
W word (0, 3) L 8 INFEASIBLE 0.1
== wmwm
built 1.6
W word (1, 3) L 8 INFEASIBLE 0.1
== mwmw
built 2.1
W word (0, 2) L 8 INFEASIBLE 0.5
== mmww
built 0.8
W word (0, 1) L 8 OPTIMAL 0.3
max load 8; loads>=6: [(6, "K1'@0"), (6, "K1'@1"), (6, 'K1@2'), (6, 'K1@3'), (7, '(0, 1)@1'), (7, '(9, 10)@3'), (7, 'F@0'), (7, 'F@2'), (7, "K4'@2"), (7, 'K4@0'), (7, "K5'@1"), (7, 'K5@3'), (8, "K4'@3"), (8, 'K4@1'), (8, "K5'@0"), (8, 'K5@2')]
riders [(0, 'W', "K5'"), (0, "V'", "K5'"), (1, 'V', 'K4'), (1, 'W', "K5'"), (2, 'V', 'K5'), (2, "W'", 'K5'), (3, "V'", "K4'"), (3, "W'", 'K5')]
K4 word=(0, 1) honey n=7: (7, 3, 2)('D', 4) (8, 0, 2)S (8, 1, 1)('D', 5) (8, 1, 2)g (8, 1, 3)P (8, 2, 2)g (8, 3, 2)g
K5 word=(2, 3) slime n=6: (11, 1, 2)('D', 1) (11, 1, 3)g (11, 2, 3)g (11, 3, 2)S (11, 3, 3)g (12, 3, 3)P
V word=(1, 2) slime n=1: (9, 3, 3)P
W word=(0, 1) slime n=1: (9, 2, 5)('O', 2)
W' word=(2, 3) slime n=1: (10, 2, 3)('O', 2)
F word=(0, 2) slime n=7: (12, 3, 2)('D', 3) (12, 3, 6)('D', 1) (13, 3, 2)g (13, 3, 3)g (13, 3, 4)g (13, 3, 5)g (13, 3, 6)g
== wwmm
built 0.6
W word (2, 3) L 8 OPTIMAL 0.3
max load 8; loads>=6: [(6, "K1'@0"), (6, "K1'@1"), (6, 'K1@2'), (6, 'K1@3'), (7, '(0, 1)@1'), (7, '(9, 10)@3'), (7, 'F@0'), (7, 'F@2'), (7, "K4'@2"), (7, 'K4@0'), (7, "K5'@1"), (7, 'K5@3'), (8, "K4'@3"), (8, 'K4@1'), (8, "K5'@0"), (8, 'K5@2')]
riders [(0, "V'", "K5'"), (0, "W'", "K5'"), (1, 'V', 'K4'), (1, "W'", "K5'"), (2, 'V', 'K5'), (2, 'W', 'K5'), (3, 'W', 'K5'), (3, "V'", "K4'")]
K4 word=(0, 1) slime n=7: (7, 3, 2)('D', 4) (8, 0, 2)S (8, 1, 1)('D', 5) (8, 1, 2)g (8, 1, 3)P (8, 2, 2)g (8, 3, 2)g
K5 word=(2, 3) honey n=6: (11, 1, 2)('D', 1) (11, 1, 3)g (11, 2, 3)g (11, 3, 2)S (11, 3, 3)g (12, 3, 3)P
V word=(1, 2) honey n=1: (9, 3, 3)P
W word=(2, 3) honey n=1: (10, 2, 3)('O', 2)
W' word=(0, 1) slime n=1: (9, 2, 5)('O', 2)
F word=(0, 2) slime n=7: (12, 3, 2)('D', 3) (12, 3, 6)('D', 1) (13, 3, 2)g (13, 3, 3)g (13, 3, 4)g (13, 3, 5)g (13, 3, 6)g
== wmmw
built 0.6
W word (1, 2) L 8 INFEASIBLE 0.0
