c1s38 [9, 7, 4, 9, 7, 4, 10, 7, 4, 9, 7, 4, 10, 7, 4]
c1s146 [11, 7, 4, 11, 7, 4, 10, 7, 4, 11, 7, 4, 10, 7, 4]
c1s213 [9, 7, 4, 9, 7, 4, 10, 7, 4, 11, 7, 4, 10, 7, 4]
c1s282 [9, 7, 4, 11, 7, 4, 10, 7, 4, 11, 7, 4, 11, 7, 4]
c1s344 [9, 7, 4, 9, 7, 4, 10, 7, 4, 11, 7, 4, 10, 7, 4]
c1s1018 [9, 7, 4, 9, 7, 4, 11, 7, 4, 11, 7, 4, 10, 7, 4]
c1s1150 [9, 7, 4, 9, 7, 4, 11, 7, 4, 11, 7, 4, 10, 7, 4]
c1s1205 [9, 7, 4, 11, 7, 4, 9, 7, 4, 11, 7, 4, 10, 7, 4]
c1s1510 [9, 7, 4, 11, 7, 4, 10, 7, 4, 11, 7, 4, 10, 7, 4]
c1s1551 [9, 7, 4, 9, 7, 4, 10, 7, 4, 11, 7, 4, 10, 7, 4]
ATTEMPTS 6000 REJECT Counter({'mandatory_collision': 1757, 'duplicate_hardware': 1698, 'mandatory_adhesion': 1323, 'distance_cap': 1005, 'route_unreachable': 207}) ELAPSED 89.82799999997951
c1s1018	3	173	170
c1s1150	2	54	172
c1s1205	3	116	170
c1s146	2	61	175
c1s1510	3	118	171
c1s1551	1	41	172
c1s213	0	35	172
c1s282	4	114	173
c1s344	3	69	170
c1s38	2	54	169

