0 [22, 24, 22, 26, 21]
7 [19, 22, 20, 20, 23]
8 [19, 18, 22, 22, 23]
11 [20, 24, 23, 28, 22]
14 [17, 20, 22, 27, 23]
20 [21, 20, 21, 22, 21]
21 [20, 23, 26, 21, 25]
23 [18, 27, 23, 19, 23]
25 [24, 25, 21, 21, 23]
29 [22, 28, 22, 20, 21]
31 [21, 20, 20, 21, 23]
32 [20, 24, 22, 20, 23]
33 [19, 20, 20, 22, 20]
38 [25, 19, 27, 26, 21]
39 [27, 25, 25, 20, 23]
43 [18, 22, 23, 28, 21]
44 [19, 19, 23, 27, 26]
46 [22, 25, 22, 22, 25]
48 [19, 22, 19, 23, 21]
s0	8	39	135
s11	48	240	140
s14	48	240	132
s20	8	48	125
s21	12	60	135
s23	48	240	133
s25	4	26	134
s29	48	240	136
s31	48	240	128
s32	5	27	130
s33	48	240	124
s38	34	166	138
s39	48	240	143
s43	48	240	135
s44	3	27	135
s46	8	52	138
s48	48	240	127
s7	48	240	127
s8	48	240	127

