c0f1_2s4 [20, 21, 22]
c0f1_2s9 [22, 20, 19]
c0f0_0s4 [22, 20, 22]
c0f0_0s35 [21, 21, 22]
c0f1_1s4 [21, 22, 22]
c1f1_2s35 [22, 21, 22]
c1f0_0s35 [19, 20, 21]
c1f0_0s40 [21, 19, 22]
c1f0_0s44 [21, 17, 22]
c1f1_1s35 [18, 21, 21]
c1f1_1s38 [21, 20, 21]
c1f1_1s40 [22, 21, 22]
c1f1_1s44 [20, 19, 21]
c2f0_0s44 [22, 18, 21]
c3f1_2s8 [22, 22, 19]
c3f1_2s30 [22, 18, 22]
c3f0_0s35 [21, 21, 22]
c3f1_1s35 [22, 22, 22]
c3f1_1s40 [22, 18, 22]
REJECT Counter({'route_unreachable': 305, 'mandatory_samekind_adhesion': 112, 'mandatory_overlap': 87, 'mandatory_hardware': 77})
c0f0_0s35	23	67	80
c0f0_0s4	12	35	80
c0f1_1s4	7	18	80
c0f1_2s4	17	53	78
c0f1_2s9	5	18	76
c1f0_0s35	54	160	76
c1f0_0s40	54	160	78
c1f0_0s44	16	49	75
c1f1_1s35	7	17	75
c1f1_1s38	20	59	79
c1f1_1s40	54	160	81
c1f1_1s44	24	71	75
c1f1_2s35	11	33	81
c2f0_0s44	16	56	76
c3f0_0s35	9	21	80
c3f1_1s35	11	33	81
c3f1_1s40	14	154	78
c3f1_2s30	6	20	77
c3f1_2s8	6	16	78

